build/ARM/base/statistics.hh:277: warn: One of the stats is a legacy stat. Legacy stat is a stat that does not belong to any statistics::Group. Legacy stat is deprecated.
Global frequency set at 1000000000000 ticks per second
build/ARM/mem/mem_interface.cc:793: warn: DRAM device capacity (16384 Mbytes) does not match the address range assigned (4096 Mbytes)
build/ARM/sim/kernel_workload.cc:46: info: kernel located at: /gem5-SALAM/benchmarks/lenet/design_b/sw/main.elf
build/ARM/arch/arm/system.cc:95: warn: Highest ARM exception-level set to AArch64 but the workload is for AArch32. Assuming you wanted these to match.
build/ARM/base/vnc/vncserver.cc:163: warn: Sockets disabled, not accepting vnc client connections
build/ARM/dev/serial/terminal.cc:170: warn: Sockets disabled, not accepting terminal connections
build/ARM/base/remote_gdb.cc:377: warn: Sockets disabled, not accepting gdb connections
build/ARM/mem/coherent_xbar.cc:140: warn: CoherentXBar system.lenet5_clstr.coherency_bus has no snooping ports attached!
build/ARM/dev/arm/energy_ctrl.cc:252: warn: Existing EnergyCtrl, but no enabled DVFSHandler found.
gem5 Simulator System.  http://gem5.org
gem5 is copyrighted software; use the --copyright option for details.

gem5 version 21.1.0.1
gem5 compiled May  4 2026 18:12:38
gem5 started May  4 2026 18:13:29
gem5 executing on 3b7fb6fd27b8, pid 2580895
command line: /gem5-SALAM/build/ARM/gem5.opt --listener-mode=off --outdir=/gem5-SALAM/BM_ARM_OUT/run_all/lenet_b/iommu_e8_m1000ns /gem5-SALAM/configs/SALAM/fs_lenet_b.py --mem-size=4GB --mem-type=DDR4_2400_8x8 --machine-type=VExpress_GEM5_V1 --dtb-file=none --bare-metal --cpu-type=DerivO3CPU --caches --l2cache --kernel=/gem5-SALAM/benchmarks/lenet/design_b/sw/main.elf --disk-image=/gem5-SALAM/benchmarks/common/fake.iso --accpath=/gem5-SALAM/benchmarks/lenet/design_b --accbench=lenet_b --enable-iommu --iotlb-entries 8 --iotlb-hit-latency 2000 --iotlb-miss-latency 1000000

[HWAccConfig] IOMMU ENABLED: entries=8, hit_lat=2000, miss_lat=1000000
[HWAccConfig] IOMMU ENABLED: entries=8, hit_lat=2000, miss_lat=1000000
[HWAccConfig] IOMMU ENABLED: entries=8, hit_lat=2000, miss_lat=1000000
[HWAccConfig] IOMMU ENABLED: entries=8, hit_lat=2000, miss_lat=1000000
[HWAccConfig] IOMMU ENABLED: entries=8, hit_lat=2000, miss_lat=1000000
[HWAccConfig] IOMMU ENABLED: entries=8, hit_lat=2000, miss_lat=1000000
[HWAccConfig] IOMMU ENABLED: entries=8, hit_lat=2000, miss_lat=1000000
[HWAccConfig] IOMMU ENABLED: entries=8, hit_lat=2000, miss_lat=1000000
[HWAccConfig] IOMMU ENABLED: entries=8, hit_lat=2000, miss_lat=1000000
[HWAccConfig] IOMMU ENABLED: entries=8, hit_lat=2000, miss_lat=1000000
[HWAccConfig] IOMMU ENABLED: entries=8, hit_lat=2000, miss_lat=1000000
[HWAccConfig] IOMMU ENABLED: entries=8, hit_lat=2000, miss_lat=1000000
**** REAL SIMULATION ****
warn: iobus.slave is deprecated. `slave` is now called `cpu_side_ports`
warn: bridge.master is deprecated. `master` is now called `mem_side_port`
warn: membus.master is deprecated. `master` is now called `mem_side_ports`
warn: bridge.slave is deprecated. `slave` is now called `cpu_side_port`
warn: membus.slave is deprecated. `slave` is now called `cpu_side_ports`
warn: tol2bus.master is deprecated. `master` is now called `mem_side_ports`
warn: membus.slave is deprecated. `slave` is now called `cpu_side_ports`
warn: tol2bus.slave is deprecated. `slave` is now called `cpu_side_ports`
warn: tol2bus.slave is deprecated. `slave` is now called `cpu_side_ports`
warn: tol2bus.slave is deprecated. `slave` is now called `cpu_side_ports`
warn: tol2bus.slave is deprecated. `slave` is now called `cpu_side_ports`
warn: membus.slave is deprecated. `slave` is now called `cpu_side_ports`
warn: coherency_bus.master is deprecated. `master` is now called `mem_side_ports`
warn: No dot file generated. Please install pydot to generate the dot file and pdf.
build/ARM/sim/simulate.cc:107: info: Entering event queue @ 0.  Starting simulation...
********************************************************************************
system.lenet5_clstr.data_mover_0.llvm_interface
Total Area: 921.141
Total Power Static: 46.5935

Total Power Dynamic: 530.888
   ========= Performance Analysis =============
   Setup Time:                      0h 0m 0s 0ms 544us
   Simulation Time (Total):         0h 6m 10s 357ms
   Simulation Time (Active):        0h 0m 0s 415ms
        Queue Processing Time:      0h 0m 0s 306ms
             Scheduling Time:       0h 0m 0s 92ms
             Computation Time:      0h 0m 0s 15ms
   System Clock:                    0.1GHz
   Runtime:                         1205921 cycles
   Runtime:                         12059.2 us
   Stalls:                          0 cycles
   Executed Nodes:                  1205920 cycles

   ========= Kernel Validation Stats ==========
   Kernel validation enabled:       NO
   Configured latency per check:    0 us

   --- Access Breakdown ---
   Total memory accesses (validated): 0
   Cache hits (0 latency):          0
   Validation requests (full lat):  0
     of which DMA-ctrl writes:      0
   Coalesced waits (partial lat):   0
   Validations denied:              0

   --- Latency Breakdown ---
   Validation request latency:      0 us
   Coalesced wait latency:          0 us
   TOTAL SECURITY OVERHEAD:         0 us
   Avg latency per validation:      0 us
   Avg latency per coalesced wait:  0 us
   Avg overhead per blocked access: 0 us

   --- Cache Statistics ---
   Processes with cached pages:     0
   Unique pages validated (total):  0
   Cache hit rate:                  0%

   ========= IOMMU Stats =====================
   IOMMU enabled:                   YES
   IOMMU SimObject:                 system.lenet5_clstr.iommu

   --- Access Breakdown ---
   Total IOMMU checks:              494227
   IOTLB hits:                      487274
   IOTLB misses (page walks):       6953
   IOTLB hit rate:                  98.5932%

   --- Latency Breakdown ---
   TOTAL IOMMU OVERHEAD:            7927.55 us
   Avg latency per access:          0.0160403 us

********************************************************************************
system.lenet5_clstr.conv0.llvm_interface
Total Area: 6604.76
Total Power Static: 7702.37

Total Power Dynamic: 186527
   ========= Performance Analysis =============
   Setup Time:                      0h 0m 0s 1ms 35us
   Simulation Time (Total):         0h 6m 10s 375ms
   Simulation Time (Active):        0h 0m 6s 243ms
        Queue Processing Time:      0h 0m 6s 101ms
             Scheduling Time:       0h 0m 3s 526ms
             Computation Time:      0h 0m 0s 658ms
   System Clock:                    0.1GHz
   Runtime:                         1206022 cycles
   Runtime:                         12060.2 us
   Stalls:                          0 cycles
   Executed Nodes:                  1206021 cycles

   ========= Kernel Validation Stats ==========
   Kernel validation enabled:       NO
   Configured latency per check:    0 us

   --- Access Breakdown ---
   Total memory accesses (validated): 0
   Cache hits (0 latency):          0
   Validation requests (full lat):  0
     of which DMA-ctrl writes:      0
   Coalesced waits (partial lat):   0
   Validations denied:              0

   --- Latency Breakdown ---
   Validation request latency:      0 us
   Coalesced wait latency:          0 us
   TOTAL SECURITY OVERHEAD:         0 us
   Avg latency per validation:      0 us
   Avg latency per coalesced wait:  0 us
   Avg overhead per blocked access: 0 us

   --- Cache Statistics ---
   Processes with cached pages:     0
   Unique pages validated (total):  0
   Cache hit rate:                  0%

   ========= IOMMU Stats =====================
   IOMMU enabled:                   YES
   IOMMU SimObject:                 system.lenet5_clstr.iommu

   --- Access Breakdown ---
   Total IOMMU checks:              494227
   IOTLB hits:                      487274
   IOTLB misses (page walks):       6953
   IOTLB hit rate:                  98.5932%

   --- Latency Breakdown ---
   TOTAL IOMMU OVERHEAD:            7927.55 us
   Avg latency per access:          0.0160403 us

********************************************************************************
system.lenet5_clstr.pool0.llvm_interface
Total Area: 6693.54
Total Power Static: 119.603

Total Power Dynamic: 2263.76
   ========= Performance Analysis =============
   Setup Time:                      0h 0m 0s 0ms 812us
   Simulation Time (Total):         0h 6m 10s 332ms
   Simulation Time (Active):        0h 0m 0s 457ms
        Queue Processing Time:      0h 0m 0s 336ms
             Scheduling Time:       0h 0m 0s 115ms
             Computation Time:      0h 0m 0s 19ms
   System Clock:                    0.1GHz
   Runtime:                         1205811 cycles
   Runtime:                         12058.1 us
   Stalls:                          0 cycles
   Executed Nodes:                  1205810 cycles

   ========= Kernel Validation Stats ==========
   Kernel validation enabled:       NO
   Configured latency per check:    0 us

   --- Access Breakdown ---
   Total memory accesses (validated): 0
   Cache hits (0 latency):          0
   Validation requests (full lat):  0
     of which DMA-ctrl writes:      0
   Coalesced waits (partial lat):   0
   Validations denied:              0

   --- Latency Breakdown ---
   Validation request latency:      0 us
   Coalesced wait latency:          0 us
   TOTAL SECURITY OVERHEAD:         0 us
   Avg latency per validation:      0 us
   Avg latency per coalesced wait:  0 us
   Avg overhead per blocked access: 0 us

   --- Cache Statistics ---
   Processes with cached pages:     0
   Unique pages validated (total):  0
   Cache hit rate:                  0%

   ========= IOMMU Stats =====================
   IOMMU enabled:                   YES
   IOMMU SimObject:                 system.lenet5_clstr.iommu

   --- Access Breakdown ---
   Total IOMMU checks:              494227
   IOTLB hits:                      487274
   IOTLB misses (page walks):       6953
   IOTLB hit rate:                  98.5932%

   --- Latency Breakdown ---
   TOTAL IOMMU OVERHEAD:            7927.55 us
   Avg latency per access:          0.0160403 us

********************************************************************************
system.lenet5_clstr.data_mover_1.llvm_interface
Total Area: 921.141
Total Power Static: 11.6632

Total Power Dynamic: 132.822
   ========= Performance Analysis =============
   Setup Time:                      0h 0m 0s 0ms 452us
   Simulation Time (Total):         0h 6m 10s 331ms
   Simulation Time (Active):        0h 0m 0s 297ms
        Queue Processing Time:      0h 0m 0s 176ms
             Scheduling Time:       0h 0m 0s 19ms
             Computation Time:      0h 0m 0s 3ms
   System Clock:                    0.1GHz
   Runtime:                         1205804 cycles
   Runtime:                         12058 us
   Stalls:                          0 cycles
   Executed Nodes:                  1205803 cycles

   ========= Kernel Validation Stats ==========
   Kernel validation enabled:       NO
   Configured latency per check:    0 us

   --- Access Breakdown ---
   Total memory accesses (validated): 0
   Cache hits (0 latency):          0
   Validation requests (full lat):  0
     of which DMA-ctrl writes:      0
   Coalesced waits (partial lat):   0
   Validations denied:              0

   --- Latency Breakdown ---
   Validation request latency:      0 us
   Coalesced wait latency:          0 us
   TOTAL SECURITY OVERHEAD:         0 us
   Avg latency per validation:      0 us
   Avg latency per coalesced wait:  0 us
   Avg overhead per blocked access: 0 us

   --- Cache Statistics ---
   Processes with cached pages:     0
   Unique pages validated (total):  0
   Cache hit rate:                  0%

   ========= IOMMU Stats =====================
   IOMMU enabled:                   YES
   IOMMU SimObject:                 system.lenet5_clstr.iommu

   --- Access Breakdown ---
   Total IOMMU checks:              494229
   IOTLB hits:                      487276
   IOTLB misses (page walks):       6953
   IOTLB hit rate:                  98.5932%

   --- Latency Breakdown ---
   TOTAL IOMMU OVERHEAD:            7927.55 us
   Avg latency per access:          0.0160402 us

********************************************************************************
system.lenet5_clstr.data_mover_2.llvm_interface
Total Area: 921.141
Total Power Static: 15.4509

Total Power Dynamic: 178.201
   ========= Performance Analysis =============
   Setup Time:                      0h 0m 0s 0ms 727us
   Simulation Time (Total):         0h 7m 28s 105ms
   Simulation Time (Active):        0h 0m 0s 346ms
        Queue Processing Time:      0h 0m 0s 188ms
             Scheduling Time:       0h 0m 0s 20ms
             Computation Time:      0h 0m 0s 3ms
   System Clock:                    0.1GHz
   Runtime:                         1870557 cycles
   Runtime:                         18705.6 us
   Stalls:                          0 cycles
   Executed Nodes:                  1870556 cycles

   ========= Kernel Validation Stats ==========
   Kernel validation enabled:       NO
   Configured latency per check:    0 us

   --- Access Breakdown ---
   Total memory accesses (validated): 0
   Cache hits (0 latency):          0
   Validation requests (full lat):  0
     of which DMA-ctrl writes:      0
   Coalesced waits (partial lat):   0
   Validations denied:              0

   --- Latency Breakdown ---
   Validation request latency:      0 us
   Coalesced wait latency:          0 us
   TOTAL SECURITY OVERHEAD:         0 us
   Avg latency per validation:      0 us
   Avg latency per coalesced wait:  0 us
   Avg overhead per blocked access: 0 us

   --- Cache Statistics ---
   Processes with cached pages:     0
   Unique pages validated (total):  0
   Cache hit rate:                  0%

   ========= IOMMU Stats =====================
   IOMMU enabled:                   YES
   IOMMU SimObject:                 system.lenet5_clstr.iommu

   --- Access Breakdown ---
   Total IOMMU checks:              826319
   IOTLB hits:                      817890
   IOTLB misses (page walks):       8429
   IOTLB hit rate:                  98.9799%

   --- Latency Breakdown ---
   TOTAL IOMMU OVERHEAD:            10064.8 us
   Avg latency per access:          0.0121803 us

********************************************************************************
system.lenet5_clstr.conv1.llvm_interface
Total Area: 6784.2
Total Power Static: 15677.5

Total Power Dynamic: 376721
   ========= Performance Analysis =============
   Setup Time:                      0h 0m 0s 10ms 213us
   Simulation Time (Total):         0h 7m 28s 158ms
   Simulation Time (Active):        0h 0m 5s 891ms
        Queue Processing Time:      0h 0m 5s 718ms
             Scheduling Time:       0h 0m 3s 338ms
             Computation Time:      0h 0m 0s 675ms
   System Clock:                    0.1GHz
   Runtime:                         1870658 cycles
   Runtime:                         18706.6 us
   Stalls:                          0 cycles
   Executed Nodes:                  1870657 cycles

   ========= Kernel Validation Stats ==========
   Kernel validation enabled:       NO
   Configured latency per check:    0 us

   --- Access Breakdown ---
   Total memory accesses (validated): 0
   Cache hits (0 latency):          0
   Validation requests (full lat):  0
     of which DMA-ctrl writes:      0
   Coalesced waits (partial lat):   0
   Validations denied:              0

   --- Latency Breakdown ---
   Validation request latency:      0 us
   Coalesced wait latency:          0 us
   TOTAL SECURITY OVERHEAD:         0 us
   Avg latency per validation:      0 us
   Avg latency per coalesced wait:  0 us
   Avg overhead per blocked access: 0 us

   --- Cache Statistics ---
   Processes with cached pages:     0
   Unique pages validated (total):  0
   Cache hit rate:                  0%

   ========= IOMMU Stats =====================
   IOMMU enabled:                   YES
   IOMMU SimObject:                 system.lenet5_clstr.iommu

   --- Access Breakdown ---
   Total IOMMU checks:              826319
   IOTLB hits:                      817890
   IOTLB misses (page walks):       8429
   IOTLB hit rate:                  98.9799%

   --- Latency Breakdown ---
   TOTAL IOMMU OVERHEAD:            10064.8 us
   Avg latency per access:          0.0121803 us

********************************************************************************
system.lenet5_clstr.pool1.llvm_interface
Total Area: 6693.54
Total Power Static: 40.6797

Total Power Dynamic: 769.272
   ========= Performance Analysis =============
   Setup Time:                      0h 0m 0s 0ms 964us
   Simulation Time (Total):         0h 7m 27s 967ms
   Simulation Time (Active):        0h 0m 0s 362ms
        Queue Processing Time:      0h 0m 0s 219ms
             Scheduling Time:       0h 0m 0s 24ms
             Computation Time:      0h 0m 0s 4ms
   System Clock:                    0.1GHz
   Runtime:                         1870448 cycles
   Runtime:                         18704.5 us
   Stalls:                          0 cycles
   Executed Nodes:                  1870447 cycles

   ========= Kernel Validation Stats ==========
   Kernel validation enabled:       NO
   Configured latency per check:    0 us

   --- Access Breakdown ---
   Total memory accesses (validated): 0
   Cache hits (0 latency):          0
   Validation requests (full lat):  0
     of which DMA-ctrl writes:      0
   Coalesced waits (partial lat):   0
   Validations denied:              0

   --- Latency Breakdown ---
   Validation request latency:      0 us
   Coalesced wait latency:          0 us
   TOTAL SECURITY OVERHEAD:         0 us
   Avg latency per validation:      0 us
   Avg latency per coalesced wait:  0 us
   Avg overhead per blocked access: 0 us

   --- Cache Statistics ---
   Processes with cached pages:     0
   Unique pages validated (total):  0
   Cache hit rate:                  0%

   ========= IOMMU Stats =====================
   IOMMU enabled:                   YES
   IOMMU SimObject:                 system.lenet5_clstr.iommu

   --- Access Breakdown ---
   Total IOMMU checks:              826321
   IOTLB hits:                      817891
   IOTLB misses (page walks):       8430
   IOTLB hit rate:                  98.9798%

   --- Latency Breakdown ---
   TOTAL IOMMU OVERHEAD:            10065.8 us
   Avg latency per access:          0.0121814 us

********************************************************************************
system.lenet5_clstr.data_mover_3.llvm_interface
Total Area: 921.141
Total Power Static: 3.86689

Total Power Dynamic: 44.586
   ========= Performance Analysis =============
   Setup Time:                      0h 0m 0s 0ms 725us
   Simulation Time (Total):         0h 7m 27s 953ms
   Simulation Time (Active):        0h 0m 0s 319ms
        Queue Processing Time:      0h 0m 0s 171ms
             Scheduling Time:       0h 0m 0s 4ms
             Computation Time:      0h 0m 0s 0ms
   System Clock:                    0.1GHz
   Runtime:                         1870541 cycles
   Runtime:                         18705.4 us
   Stalls:                          0 cycles
   Executed Nodes:                  1870540 cycles

   ========= Kernel Validation Stats ==========
   Kernel validation enabled:       NO
   Configured latency per check:    0 us

   --- Access Breakdown ---
   Total memory accesses (validated): 0
   Cache hits (0 latency):          0
   Validation requests (full lat):  0
     of which DMA-ctrl writes:      0
   Coalesced waits (partial lat):   0
   Validations denied:              0

   --- Latency Breakdown ---
   Validation request latency:      0 us
   Coalesced wait latency:          0 us
   TOTAL SECURITY OVERHEAD:         0 us
   Avg latency per validation:      0 us
   Avg latency per coalesced wait:  0 us
   Avg overhead per blocked access: 0 us

   --- Cache Statistics ---
   Processes with cached pages:     0
   Unique pages validated (total):  0
   Cache hit rate:                  0%

   ========= IOMMU Stats =====================
   IOMMU enabled:                   YES
   IOMMU SimObject:                 system.lenet5_clstr.iommu

   --- Access Breakdown ---
   Total IOMMU checks:              826322
   IOTLB hits:                      817892
   IOTLB misses (page walks):       8430
   IOTLB hit rate:                  98.9798%

   --- Latency Breakdown ---
   TOTAL IOMMU OVERHEAD:            10065.8 us
   Avg latency per access:          0.0121814 us

********************************************************************************
system.lenet5_clstr.conv2.llvm_interface
Total Area: 6066.43
Total Power Static: 2891.65

Total Power Dynamic: 75108.6
   ========= Performance Analysis =============
   Setup Time:                      0h 0m 0s 6ms 993us
   Simulation Time (Total):         0h 7m 52s 474ms
   Simulation Time (Active):        0h 0m 1s 116ms
        Queue Processing Time:      0h 0m 0s 930ms
             Scheduling Time:       0h 0m 0s 449ms
             Computation Time:      0h 0m 0s 92ms
   System Clock:                    0.1GHz
   Runtime:                         2602919 cycles
   Runtime:                         26029.2 us
   Stalls:                          0 cycles
   Executed Nodes:                  2602918 cycles

   ========= Kernel Validation Stats ==========
   Kernel validation enabled:       NO
   Configured latency per check:    0 us

   --- Access Breakdown ---
   Total memory accesses (validated): 0
   Cache hits (0 latency):          0
   Validation requests (full lat):  0
     of which DMA-ctrl writes:      0
   Coalesced waits (partial lat):   0
   Validations denied:              0

   --- Latency Breakdown ---
   Validation request latency:      0 us
   Coalesced wait latency:          0 us
   TOTAL SECURITY OVERHEAD:         0 us
   Avg latency per validation:      0 us
   Avg latency per coalesced wait:  0 us
   Avg overhead per blocked access: 0 us

   --- Cache Statistics ---
   Processes with cached pages:     0
   Unique pages validated (total):  0
   Cache hit rate:                  0%

   ========= IOMMU Stats =====================
   IOMMU enabled:                   YES
   IOMMU SimObject:                 system.lenet5_clstr.iommu

   --- Access Breakdown ---
   Total IOMMU checks:              935401
   IOTLB hits:                      921148
   IOTLB misses (page walks):       14253
   IOTLB hit rate:                  98.4763%

   --- Latency Breakdown ---
   TOTAL IOMMU OVERHEAD:            16095.3 us
   Avg latency per access:          0.0172068 us

********************************************************************************
system.lenet5_clstr.data_mover_4.llvm_interface
Total Area: 562.255
Total Power Static: 1.13697

Total Power Dynamic: 13.2473
   ========= Performance Analysis =============
   Setup Time:                      0h 0m 0s 0ms 565us
   Simulation Time (Total):         0h 7m 52s 321ms
   Simulation Time (Active):        0h 0m 0s 396ms
        Queue Processing Time:      0h 0m 0s 179ms
             Scheduling Time:       0h 0m 0s 0ms
             Computation Time:      0h 0m 0s 0ms
   System Clock:                    0.1GHz
   Runtime:                         2602820 cycles
   Runtime:                         26028.2 us
   Stalls:                          0 cycles
   Executed Nodes:                  2602819 cycles

   ========= Kernel Validation Stats ==========
   Kernel validation enabled:       NO
   Configured latency per check:    0 us

   --- Access Breakdown ---
   Total memory accesses (validated): 0
   Cache hits (0 latency):          0
   Validation requests (full lat):  0
     of which DMA-ctrl writes:      0
   Coalesced waits (partial lat):   0
   Validations denied:              0

   --- Latency Breakdown ---
   Validation request latency:      0 us
   Coalesced wait latency:          0 us
   TOTAL SECURITY OVERHEAD:         0 us
   Avg latency per validation:      0 us
   Avg latency per coalesced wait:  0 us
   Avg overhead per blocked access: 0 us

   --- Cache Statistics ---
   Processes with cached pages:     0
   Unique pages validated (total):  0
   Cache hit rate:                  0%

   ========= IOMMU Stats =====================
   IOMMU enabled:                   YES
   IOMMU SimObject:                 system.lenet5_clstr.iommu

   --- Access Breakdown ---
   Total IOMMU checks:              935403
   IOTLB hits:                      921150
   IOTLB misses (page walks):       14253
   IOTLB hit rate:                  98.4763%

   --- Latency Breakdown ---
   TOTAL IOMMU OVERHEAD:            16095.3 us
   Avg latency per access:          0.0172068 us

********************************************************************************
system.lenet5_clstr.fc0.llvm_interface
Total Area: 5707.55
Total Power Static: 605.723

Total Power Dynamic: 15765.7
   ========= Performance Analysis =============
   Setup Time:                      0h 0m 0s 0ms 728us
   Simulation Time (Total):         0h 7m 54s 178ms
   Simulation Time (Active):        0h 0m 0s 520ms
        Queue Processing Time:      0h 0m 0s 311ms
             Scheduling Time:       0h 0m 0s 68ms
             Computation Time:      0h 0m 0s 16ms
   System Clock:                    0.1GHz
   Runtime:                         2715942 cycles
   Runtime:                         27159.4 us
   Stalls:                          0 cycles
   Executed Nodes:                  2715941 cycles

   ========= Kernel Validation Stats ==========
   Kernel validation enabled:       NO
   Configured latency per check:    0 us

   --- Access Breakdown ---
   Total memory accesses (validated): 0
   Cache hits (0 latency):          0
   Validation requests (full lat):  0
     of which DMA-ctrl writes:      0
   Coalesced waits (partial lat):   0
   Validations denied:              0

   --- Latency Breakdown ---
   Validation request latency:      0 us
   Coalesced wait latency:          0 us
   TOTAL SECURITY OVERHEAD:         0 us
   Avg latency per validation:      0 us
   Avg latency per coalesced wait:  0 us
   Avg overhead per blocked access: 0 us

   --- Cache Statistics ---
   Processes with cached pages:     0
   Unique pages validated (total):  0
   Cache hit rate:                  0%

   ========= IOMMU Stats =====================
   IOMMU enabled:                   YES
   IOMMU SimObject:                 system.lenet5_clstr.iommu

   --- Access Breakdown ---
   Total IOMMU checks:              957898
   IOTLB hits:                      942814
   IOTLB misses (page walks):       15084
   IOTLB hit rate:                  98.4253%

   --- Latency Breakdown ---
   TOTAL IOMMU OVERHEAD:            16969.6 us
   Avg latency per access:          0.0177155 us

********************************************************************************
system.lenet5_clstr.top.llvm_interface
Total Area: 251.85
Total Power Static: 57.6608

Total Power Dynamic: 283.355
   ========= Performance Analysis =============
   Setup Time:                      0h 0m 0s 1ms 598us
   Simulation Time (Total):         0h 7m 55s 486ms
   Simulation Time (Active):        0h 0m 1s 281ms
        Queue Processing Time:      0h 0m 1s 22ms
             Scheduling Time:       0h 0m 0s 397ms
             Computation Time:      0h 0m 0s 53ms
   System Clock:                    0.1GHz
   Runtime:                         2720885 cycles
   Runtime:                         27208.9 us
   Stalls:                          0 cycles
   Executed Nodes:                  2720884 cycles

   ========= Kernel Validation Stats ==========
   Kernel validation enabled:       NO
   Configured latency per check:    0 us

   --- Access Breakdown ---
   Total memory accesses (validated): 0
   Cache hits (0 latency):          0
   Validation requests (full lat):  0
     of which DMA-ctrl writes:      0
   Coalesced waits (partial lat):   0
   Validations denied:              0

   --- Latency Breakdown ---
   Validation request latency:      0 us
   Coalesced wait latency:          0 us
   TOTAL SECURITY OVERHEAD:         0 us
   Avg latency per validation:      0 us
   Avg latency per coalesced wait:  0 us
   Avg overhead per blocked access: 0 us

   --- Cache Statistics ---
   Processes with cached pages:     0
   Unique pages validated (total):  0
   Cache hit rate:                  0%

   ========= IOMMU Stats =====================
   IOMMU enabled:                   YES
   IOMMU SimObject:                 system.lenet5_clstr.iommu

   --- Access Breakdown ---
   Total IOMMU checks:              957950
   IOTLB hits:                      942864
   IOTLB misses (page walks):       15086
   IOTLB hit rate:                  98.4252%

   --- Latency Breakdown ---
   TOTAL IOMMU OVERHEAD:            16971.7 us
   Avg latency per access:          0.0177167 us

Exiting @ tick 27285881000 because m5_exit instruction encountered
