build/ARM/base/statistics.hh:277: warn: One of the stats is a legacy stat. Legacy stat is a stat that does not belong to any statistics::Group. Legacy stat is deprecated.
Global frequency set at 1000000000000 ticks per second
build/ARM/mem/mem_interface.cc:793: warn: DRAM device capacity (16384 Mbytes) does not match the address range assigned (4096 Mbytes)
build/ARM/sim/kernel_workload.cc:46: info: kernel located at: /gem5-SALAM/benchmarks/lenet/design_c/sw/main.elf
build/ARM/arch/arm/system.cc:95: warn: Highest ARM exception-level set to AArch64 but the workload is for AArch32. Assuming you wanted these to match.
build/ARM/base/vnc/vncserver.cc:163: warn: Sockets disabled, not accepting vnc client connections
build/ARM/dev/serial/terminal.cc:170: warn: Sockets disabled, not accepting terminal connections
build/ARM/base/remote_gdb.cc:377: warn: Sockets disabled, not accepting gdb connections
build/ARM/mem/coherent_xbar.cc:140: warn: CoherentXBar system.lenet5_clstr.coherency_bus has no snooping ports attached!
build/ARM/dev/arm/energy_ctrl.cc:252: warn: Existing EnergyCtrl, but no enabled DVFSHandler found.
gem5 Simulator System.  http://gem5.org
gem5 is copyrighted software; use the --copyright option for details.

gem5 version 21.1.0.1
gem5 compiled May  2 2026 19:55:51
gem5 started May  3 2026 00:10:55
gem5 executing on 3b7fb6fd27b8, pid 1113877
command line: /gem5-SALAM/build/ARM/gem5.opt --listener-mode=off --outdir=/gem5-SALAM/BM_ARM_OUT/run_all/lenet_c/iommu_e64_m1000ns /gem5-SALAM/configs/SALAM/fs_lenet_c.py --mem-size=4GB --mem-type=DDR4_2400_8x8 --machine-type=VExpress_GEM5_V1 --dtb-file=none --bare-metal --cpu-type=DerivO3CPU --caches --l2cache --kernel=/gem5-SALAM/benchmarks/lenet/design_c/sw/main.elf --disk-image=/gem5-SALAM/benchmarks/common/fake.iso --accpath=/gem5-SALAM/benchmarks/lenet/design_c --accbench=lenet_c --enable-iommu --iotlb-entries 64 --iotlb-hit-latency 2000 --iotlb-miss-latency 1000000

[HWAccConfig] IOMMU ENABLED: entries=64, hit_lat=2000, miss_lat=1000000
[HWAccConfig] IOMMU ENABLED: entries=64, hit_lat=2000, miss_lat=1000000
[HWAccConfig] IOMMU ENABLED: entries=64, hit_lat=2000, miss_lat=1000000
[HWAccConfig] IOMMU ENABLED: entries=64, hit_lat=2000, miss_lat=1000000
[HWAccConfig] IOMMU ENABLED: entries=64, hit_lat=2000, miss_lat=1000000
[HWAccConfig] IOMMU ENABLED: entries=64, hit_lat=2000, miss_lat=1000000
[HWAccConfig] IOMMU ENABLED: entries=64, hit_lat=2000, miss_lat=1000000
[HWAccConfig] IOMMU ENABLED: entries=64, hit_lat=2000, miss_lat=1000000
[HWAccConfig] IOMMU ENABLED: entries=64, hit_lat=2000, miss_lat=1000000
[HWAccConfig] IOMMU ENABLED: entries=64, hit_lat=2000, miss_lat=1000000
[HWAccConfig] IOMMU ENABLED: entries=64, hit_lat=2000, miss_lat=1000000
[HWAccConfig] IOMMU ENABLED: entries=64, hit_lat=2000, miss_lat=1000000
[HWAccConfig] IOMMU ENABLED: entries=64, hit_lat=2000, miss_lat=1000000
**** REAL SIMULATION ****
warn: iobus.slave is deprecated. `slave` is now called `cpu_side_ports`
warn: bridge.master is deprecated. `master` is now called `mem_side_port`
warn: membus.master is deprecated. `master` is now called `mem_side_ports`
warn: bridge.slave is deprecated. `slave` is now called `cpu_side_port`
warn: membus.slave is deprecated. `slave` is now called `cpu_side_ports`
warn: tol2bus.master is deprecated. `master` is now called `mem_side_ports`
warn: membus.slave is deprecated. `slave` is now called `cpu_side_ports`
warn: tol2bus.slave is deprecated. `slave` is now called `cpu_side_ports`
warn: tol2bus.slave is deprecated. `slave` is now called `cpu_side_ports`
warn: tol2bus.slave is deprecated. `slave` is now called `cpu_side_ports`
warn: tol2bus.slave is deprecated. `slave` is now called `cpu_side_ports`
warn: membus.slave is deprecated. `slave` is now called `cpu_side_ports`
warn: coherency_bus.master is deprecated. `master` is now called `mem_side_ports`
warn: No dot file generated. Please install pydot to generate the dot file and pdf.
build/ARM/sim/simulate.cc:107: info: Entering event queue @ 0.  Starting simulation...
********************************************************************************
system.lenet5_clstr.data_mover_0.llvm_interface
Total Area: 2560.05
Total Power Static: 1249

Total Power Dynamic: 13797
   ========= Performance Analysis =============
   Setup Time:                      0h 0m 0s 1ms 312us
   Simulation Time (Total):         0h 2m 52s 209ms
   Simulation Time (Active):        0h 0m 3s 790ms
        Queue Processing Time:      0h 0m 3s 606ms
             Scheduling Time:       0h 0m 2s 53ms
             Computation Time:      0h 0m 0s 491ms
   System Clock:                    0.1GHz
   Runtime:                         1044988 cycles
   Runtime:                         10449.9 us
   Stalls:                          0 cycles
   Executed Nodes:                  1044987 cycles

   ========= Kernel Validation Stats ==========
   Kernel validation enabled:       NO
   Configured latency per check:    0 us

   --- Access Breakdown ---
   Total memory accesses (validated): 0
   Cache hits (0 latency):          0
   Validation requests (full lat):  0
   Coalesced waits (partial lat):   0
   Validations denied:              0

   --- Latency Breakdown ---
   Validation request latency:      0 us
   Coalesced wait latency:          0 us
   TOTAL SECURITY OVERHEAD:         0 us
   Avg latency per validation:      0 us
   Avg latency per coalesced wait:  0 us
   Avg overhead per blocked access: 0 us

   --- Cache Statistics ---
   Processes with cached pages:     0
   Unique pages validated (total):  0
   Cache hit rate:                  0%

   ========= IOMMU Stats =====================
   IOMMU enabled:                   YES
   IOMMU SimObject:                 system.lenet5_clstr.iommu

   --- Access Breakdown ---
   Total IOMMU checks:              1561115
   IOTLB hits:                      1561108
   IOTLB misses (page walks):       7
   IOTLB hit rate:                  99.9996%

   --- Latency Breakdown ---
   TOTAL IOMMU OVERHEAD:            3129.22 us
   Avg latency per access:          0.00200448 us

********************************************************************************
system.lenet5_clstr.conv0.llvm_interface
Total Area: 6054.47
Total Power Static: 7131.27

Total Power Dynamic: 184286
   ========= Performance Analysis =============
   Setup Time:                      0h 0m 0s 0ms 855us
   Simulation Time (Total):         0h 2m 52s 202ms
   Simulation Time (Active):        0h 0m 5s 158ms
        Queue Processing Time:      0h 0m 5s 43ms
             Scheduling Time:       0h 0m 3s 42ms
             Computation Time:      0h 0m 0s 659ms
   System Clock:                    0.1GHz
   Runtime:                         1044980 cycles
   Runtime:                         10449.8 us
   Stalls:                          0 cycles
   Executed Nodes:                  1044979 cycles

   ========= Kernel Validation Stats ==========
   Kernel validation enabled:       NO
   Configured latency per check:    0 us

   --- Access Breakdown ---
   Total memory accesses (validated): 0
   Cache hits (0 latency):          0
   Validation requests (full lat):  0
   Coalesced waits (partial lat):   0
   Validations denied:              0

   --- Latency Breakdown ---
   Validation request latency:      0 us
   Coalesced wait latency:          0 us
   TOTAL SECURITY OVERHEAD:         0 us
   Avg latency per validation:      0 us
   Avg latency per coalesced wait:  0 us
   Avg overhead per blocked access: 0 us

   --- Cache Statistics ---
   Processes with cached pages:     0
   Unique pages validated (total):  0
   Cache hit rate:                  0%

   ========= IOMMU Stats =====================
   IOMMU enabled:                   YES
   IOMMU SimObject:                 system.lenet5_clstr.iommu

   --- Access Breakdown ---
   Total IOMMU checks:              1561117
   IOTLB hits:                      1561110
   IOTLB misses (page walks):       7
   IOTLB hit rate:                  99.9996%

   --- Latency Breakdown ---
   TOTAL IOMMU OVERHEAD:            3129.22 us
   Avg latency per access:          0.00200448 us

********************************************************************************
system.lenet5_clstr.pool_mover_0.llvm_interface
Total Area: 780.105
Total Power Static: 38.3364

Total Power Dynamic: 304.907
   ========= Performance Analysis =============
   Setup Time:                      0h 0m 0s 0ms 539us
   Simulation Time (Total):         0h 2m 52s 201ms
   Simulation Time (Active):        0h 0m 0s 326ms
        Queue Processing Time:      0h 0m 0s 209ms
             Scheduling Time:       0h 0m 0s 72ms
             Computation Time:      0h 0m 0s 12ms
   System Clock:                    0.1GHz
   Runtime:                         1044970 cycles
   Runtime:                         10449.7 us
   Stalls:                          0 cycles
   Executed Nodes:                  1044969 cycles

   ========= Kernel Validation Stats ==========
   Kernel validation enabled:       NO
   Configured latency per check:    0 us

   --- Access Breakdown ---
   Total memory accesses (validated): 0
   Cache hits (0 latency):          0
   Validation requests (full lat):  0
   Coalesced waits (partial lat):   0
   Validations denied:              0

   --- Latency Breakdown ---
   Validation request latency:      0 us
   Coalesced wait latency:          0 us
   TOTAL SECURITY OVERHEAD:         0 us
   Avg latency per validation:      0 us
   Avg latency per coalesced wait:  0 us
   Avg overhead per blocked access: 0 us

   --- Cache Statistics ---
   Processes with cached pages:     0
   Unique pages validated (total):  0
   Cache hit rate:                  0%

   ========= IOMMU Stats =====================
   IOMMU enabled:                   YES
   IOMMU SimObject:                 system.lenet5_clstr.iommu

   --- Access Breakdown ---
   Total IOMMU checks:              1561118
   IOTLB hits:                      1561111
   IOTLB misses (page walks):       7
   IOTLB hit rate:                  99.9996%

   --- Latency Breakdown ---
   TOTAL IOMMU OVERHEAD:            3129.22 us
   Avg latency per access:          0.00200447 us

********************************************************************************
system.lenet5_clstr.pool0.llvm_interface
Total Area: 6221.95
Total Power Static: 104.183

Total Power Dynamic: 2173.03
   ========= Performance Analysis =============
   Setup Time:                      0h 0m 0s 0ms 860us
   Simulation Time (Total):         0h 2m 57s 496ms
   Simulation Time (Active):        0h 0m 0s 453ms
        Queue Processing Time:      0h 0m 0s 304ms
             Scheduling Time:       0h 0m 0s 119ms
             Computation Time:      0h 0m 0s 26ms
   System Clock:                    0.1GHz
   Runtime:                         1117607 cycles
   Runtime:                         11176.1 us
   Stalls:                          0 cycles
   Executed Nodes:                  1117606 cycles

   ========= Kernel Validation Stats ==========
   Kernel validation enabled:       NO
   Configured latency per check:    0 us

   --- Access Breakdown ---
   Total memory accesses (validated): 0
   Cache hits (0 latency):          0
   Validation requests (full lat):  0
   Coalesced waits (partial lat):   0
   Validations denied:              0

   --- Latency Breakdown ---
   Validation request latency:      0 us
   Coalesced wait latency:          0 us
   TOTAL SECURITY OVERHEAD:         0 us
   Avg latency per validation:      0 us
   Avg latency per coalesced wait:  0 us
   Avg overhead per blocked access: 0 us

   --- Cache Statistics ---
   Processes with cached pages:     0
   Unique pages validated (total):  0
   Cache hit rate:                  0%

   ========= IOMMU Stats =====================
   IOMMU enabled:                   YES
   IOMMU SimObject:                 system.lenet5_clstr.iommu

   --- Access Breakdown ---
   Total IOMMU checks:              1646053
   IOTLB hits:                      1646046
   IOTLB misses (page walks):       7
   IOTLB hit rate:                  99.9996%

   --- Latency Breakdown ---
   TOTAL IOMMU OVERHEAD:            3299.09 us
   Avg latency per access:          0.00200424 us

********************************************************************************
system.lenet5_clstr.data_mover_1.llvm_interface
Total Area: 3098.38
Total Power Static: 2424.96

Total Power Dynamic: 27394.9
   ========= Performance Analysis =============
   Setup Time:                      0h 0m 0s 7ms 692us
   Simulation Time (Total):         0h 3m 4s 941ms
   Simulation Time (Active):        0h 0m 5s 56ms
        Queue Processing Time:      0h 0m 4s 909ms
             Scheduling Time:       0h 0m 2s 952ms
             Computation Time:      0h 0m 0s 608ms
   System Clock:                    0.1GHz
   Runtime:                         1221940 cycles
   Runtime:                         12219.4 us
   Stalls:                          0 cycles
   Executed Nodes:                  1221939 cycles

   ========= Kernel Validation Stats ==========
   Kernel validation enabled:       NO
   Configured latency per check:    0 us

   --- Access Breakdown ---
   Total memory accesses (validated): 0
   Cache hits (0 latency):          0
   Validation requests (full lat):  0
   Coalesced waits (partial lat):   0
   Validations denied:              0

   --- Latency Breakdown ---
   Validation request latency:      0 us
   Coalesced wait latency:          0 us
   TOTAL SECURITY OVERHEAD:         0 us
   Avg latency per validation:      0 us
   Avg latency per coalesced wait:  0 us
   Avg overhead per blocked access: 0 us

   --- Cache Statistics ---
   Processes with cached pages:     0
   Unique pages validated (total):  0
   Cache hit rate:                  0%

   ========= IOMMU Stats =====================
   IOMMU enabled:                   YES
   IOMMU SimObject:                 system.lenet5_clstr.iommu

   --- Access Breakdown ---
   Total IOMMU checks:              1769173
   IOTLB hits:                      1769166
   IOTLB misses (page walks):       7
   IOTLB hit rate:                  99.9996%

   --- Latency Breakdown ---
   TOTAL IOMMU OVERHEAD:            3545.33 us
   Avg latency per access:          0.00200395 us

********************************************************************************
system.lenet5_clstr.conv1.llvm_interface
Total Area: 6233.91
Total Power Static: 14530.9

Total Power Dynamic: 375959
   ========= Performance Analysis =============
   Setup Time:                      0h 0m 0s 1ms 11us
   Simulation Time (Total):         0h 3m 4s 939ms
   Simulation Time (Active):        0h 0m 7s 4ms
        Queue Processing Time:      0h 0m 6s 856ms
             Scheduling Time:       0h 0m 4s 115ms
             Computation Time:      0h 0m 0s 892ms
   System Clock:                    0.1GHz
   Runtime:                         1221932 cycles
   Runtime:                         12219.3 us
   Stalls:                          0 cycles
   Executed Nodes:                  1221931 cycles

   ========= Kernel Validation Stats ==========
   Kernel validation enabled:       NO
   Configured latency per check:    0 us

   --- Access Breakdown ---
   Total memory accesses (validated): 0
   Cache hits (0 latency):          0
   Validation requests (full lat):  0
   Coalesced waits (partial lat):   0
   Validations denied:              0

   --- Latency Breakdown ---
   Validation request latency:      0 us
   Coalesced wait latency:          0 us
   TOTAL SECURITY OVERHEAD:         0 us
   Avg latency per validation:      0 us
   Avg latency per coalesced wait:  0 us
   Avg overhead per blocked access: 0 us

   --- Cache Statistics ---
   Processes with cached pages:     0
   Unique pages validated (total):  0
   Cache hit rate:                  0%

   ========= IOMMU Stats =====================
   IOMMU enabled:                   YES
   IOMMU SimObject:                 system.lenet5_clstr.iommu

   --- Access Breakdown ---
   Total IOMMU checks:              1769174
   IOTLB hits:                      1769167
   IOTLB misses (page walks):       7
   IOTLB hit rate:                  99.9996%

   --- Latency Breakdown ---
   TOTAL IOMMU OVERHEAD:            3545.33 us
   Avg latency per access:          0.00200395 us

********************************************************************************
system.lenet5_clstr.pool_mover_1.llvm_interface
Total Area: 780.105
Total Power Static: 12.6423

Total Power Dynamic: 101.338
   ========= Performance Analysis =============
   Setup Time:                      0h 0m 0s 0ms 700us
   Simulation Time (Total):         0h 3m 4s 914ms
   Simulation Time (Active):        0h 0m 0s 239ms
        Queue Processing Time:      0h 0m 0s 127ms
             Scheduling Time:       0h 0m 0s 16ms
             Computation Time:      0h 0m 0s 2ms
   System Clock:                    0.1GHz
   Runtime:                         1221832 cycles
   Runtime:                         12218.3 us
   Stalls:                          0 cycles
   Executed Nodes:                  1221831 cycles

   ========= Kernel Validation Stats ==========
   Kernel validation enabled:       NO
   Configured latency per check:    0 us

   --- Access Breakdown ---
   Total memory accesses (validated): 0
   Cache hits (0 latency):          0
   Validation requests (full lat):  0
   Coalesced waits (partial lat):   0
   Validations denied:              0

   --- Latency Breakdown ---
   Validation request latency:      0 us
   Coalesced wait latency:          0 us
   TOTAL SECURITY OVERHEAD:         0 us
   Avg latency per validation:      0 us
   Avg latency per coalesced wait:  0 us
   Avg overhead per blocked access: 0 us

   --- Cache Statistics ---
   Processes with cached pages:     0
   Unique pages validated (total):  0
   Cache hit rate:                  0%

   ========= IOMMU Stats =====================
   IOMMU enabled:                   YES
   IOMMU SimObject:                 system.lenet5_clstr.iommu

   --- Access Breakdown ---
   Total IOMMU checks:              1769175
   IOTLB hits:                      1769168
   IOTLB misses (page walks):       7
   IOTLB hit rate:                  99.9996%

   --- Latency Breakdown ---
   TOTAL IOMMU OVERHEAD:            3545.34 us
   Avg latency per access:          0.00200395 us

********************************************************************************
system.lenet5_clstr.pool1.llvm_interface
Total Area: 6221.95
Total Power Static: 35.4349

Total Power Dynamic: 738.536
   ========= Performance Analysis =============
   Setup Time:                      0h 0m 0s 0ms 877us
   Simulation Time (Total):         0h 3m 4s 887ms
   Simulation Time (Active):        0h 0m 0s 250ms
        Queue Processing Time:      0h 0m 0s 135ms
             Scheduling Time:       0h 0m 0s 24ms
             Computation Time:      0h 0m 0s 5ms
   System Clock:                    0.1GHz
   Runtime:                         1221723 cycles
   Runtime:                         12217.2 us
   Stalls:                          0 cycles
   Executed Nodes:                  1221722 cycles

   ========= Kernel Validation Stats ==========
   Kernel validation enabled:       NO
   Configured latency per check:    0 us

   --- Access Breakdown ---
   Total memory accesses (validated): 0
   Cache hits (0 latency):          0
   Validation requests (full lat):  0
   Coalesced waits (partial lat):   0
   Validations denied:              0

   --- Latency Breakdown ---
   Validation request latency:      0 us
   Coalesced wait latency:          0 us
   TOTAL SECURITY OVERHEAD:         0 us
   Avg latency per validation:      0 us
   Avg latency per coalesced wait:  0 us
   Avg overhead per blocked access: 0 us

   --- Cache Statistics ---
   Processes with cached pages:     0
   Unique pages validated (total):  0
   Cache hit rate:                  0%

   ========= IOMMU Stats =====================
   IOMMU enabled:                   YES
   IOMMU SimObject:                 system.lenet5_clstr.iommu

   --- Access Breakdown ---
   Total IOMMU checks:              1769177
   IOTLB hits:                      1769170
   IOTLB misses (page walks):       7
   IOTLB hit rate:                  99.9996%

   --- Latency Breakdown ---
   TOTAL IOMMU OVERHEAD:            3545.34 us
   Avg latency per access:          0.00200395 us

********************************************************************************
system.lenet5_clstr.data_mover_2.llvm_interface
Total Area: 1830.32
Total Power Static: 467.516

Total Power Dynamic: 5377.4
   ========= Performance Analysis =============
   Setup Time:                      0h 0m 0s 6ms 999us
   Simulation Time (Total):         0h 3m 15s 259ms
   Simulation Time (Active):        0h 0m 0s 758ms
        Queue Processing Time:      0h 0m 0s 594ms
             Scheduling Time:       0h 0m 0s 297ms
             Computation Time:      0h 0m 0s 64ms
   System Clock:                    0.1GHz
   Runtime:                         1425658 cycles
   Runtime:                         14256.6 us
   Stalls:                          0 cycles
   Executed Nodes:                  1425657 cycles

   ========= Kernel Validation Stats ==========
   Kernel validation enabled:       NO
   Configured latency per check:    0 us

   --- Access Breakdown ---
   Total memory accesses (validated): 0
   Cache hits (0 latency):          0
   Validation requests (full lat):  0
   Coalesced waits (partial lat):   0
   Validations denied:              0

   --- Latency Breakdown ---
   Validation request latency:      0 us
   Coalesced wait latency:          0 us
   TOTAL SECURITY OVERHEAD:         0 us
   Avg latency per validation:      0 us
   Avg latency per coalesced wait:  0 us
   Avg overhead per blocked access: 0 us

   --- Cache Statistics ---
   Processes with cached pages:     0
   Unique pages validated (total):  0
   Cache hit rate:                  0%

   ========= IOMMU Stats =====================
   IOMMU enabled:                   YES
   IOMMU SimObject:                 system.lenet5_clstr.iommu

   --- Access Breakdown ---
   Total IOMMU checks:              2011393
   IOTLB hits:                      2011340
   IOTLB misses (page walks):       53
   IOTLB hit rate:                  99.9974%

   --- Latency Breakdown ---
   TOTAL IOMMU OVERHEAD:            4075.68 us
   Avg latency per access:          0.0020263 us

********************************************************************************
system.lenet5_clstr.conv2.llvm_interface
Total Area: 5875.03
Total Power Static: 2891.36

Total Power Dynamic: 75102.9
   ========= Performance Analysis =============
   Setup Time:                      0h 0m 0s 0ms 870us
   Simulation Time (Total):         0h 3m 15s 239ms
   Simulation Time (Active):        0h 0m 1s 19ms
        Queue Processing Time:      0h 0m 0s 853ms
             Scheduling Time:       0h 0m 0s 457ms
             Computation Time:      0h 0m 0s 92ms
   System Clock:                    0.1GHz
   Runtime:                         1425550 cycles
   Runtime:                         14255.5 us
   Stalls:                          0 cycles
   Executed Nodes:                  1425549 cycles

   ========= Kernel Validation Stats ==========
   Kernel validation enabled:       NO
   Configured latency per check:    0 us

   --- Access Breakdown ---
   Total memory accesses (validated): 0
   Cache hits (0 latency):          0
   Validation requests (full lat):  0
   Coalesced waits (partial lat):   0
   Validations denied:              0

   --- Latency Breakdown ---
   Validation request latency:      0 us
   Coalesced wait latency:          0 us
   TOTAL SECURITY OVERHEAD:         0 us
   Avg latency per validation:      0 us
   Avg latency per coalesced wait:  0 us
   Avg overhead per blocked access: 0 us

   --- Cache Statistics ---
   Processes with cached pages:     0
   Unique pages validated (total):  0
   Cache hit rate:                  0%

   ========= IOMMU Stats =====================
   IOMMU enabled:                   YES
   IOMMU SimObject:                 system.lenet5_clstr.iommu

   --- Access Breakdown ---
   Total IOMMU checks:              2011397
   IOTLB hits:                      2011344
   IOTLB misses (page walks):       53
   IOTLB hit rate:                  99.9974%

   --- Latency Breakdown ---
   TOTAL IOMMU OVERHEAD:            4075.69 us
   Avg latency per access:          0.0020263 us

********************************************************************************
system.lenet5_clstr.data_mover_3.llvm_interface
Total Area: 1112.55
Total Power Static: 96.7562

Total Power Dynamic: 1121.45
   ========= Performance Analysis =============
   Setup Time:                      0h 0m 0s 0ms 755us
   Simulation Time (Total):         0h 3m 16s 362ms
   Simulation Time (Active):        0h 0m 0s 329ms
        Queue Processing Time:      0h 0m 0s 193ms
             Scheduling Time:       0h 0m 0s 45ms
             Computation Time:      0h 0m 0s 11ms
   System Clock:                    0.1GHz
   Runtime:                         1466875 cycles
   Runtime:                         14668.8 us
   Stalls:                          0 cycles
   Executed Nodes:                  1466874 cycles

   ========= Kernel Validation Stats ==========
   Kernel validation enabled:       NO
   Configured latency per check:    0 us

   --- Access Breakdown ---
   Total memory accesses (validated): 0
   Cache hits (0 latency):          0
   Validation requests (full lat):  0
   Coalesced waits (partial lat):   0
   Validations denied:              0

   --- Latency Breakdown ---
   Validation request latency:      0 us
   Coalesced wait latency:          0 us
   TOTAL SECURITY OVERHEAD:         0 us
   Avg latency per validation:      0 us
   Avg latency per coalesced wait:  0 us
   Avg overhead per blocked access: 0 us

   --- Cache Statistics ---
   Processes with cached pages:     0
   Unique pages validated (total):  0
   Cache hit rate:                  0%

   ========= IOMMU Stats =====================
   IOMMU enabled:                   YES
   IOMMU SimObject:                 system.lenet5_clstr.iommu

   --- Access Breakdown ---
   Total IOMMU checks:              2061888
   IOTLB hits:                      2061825
   IOTLB misses (page walks):       63
   IOTLB hit rate:                  99.9969%

   --- Latency Breakdown ---
   TOTAL IOMMU OVERHEAD:            4186.65 us
   Avg latency per access:          0.00203049 us

********************************************************************************
system.lenet5_clstr.fc0.llvm_interface
Total Area: 5516.14
Total Power Static: 605.722

Total Power Dynamic: 15761.6
   ========= Performance Analysis =============
   Setup Time:                      0h 0m 0s 0ms 698us
   Simulation Time (Total):         0h 3m 16s 319ms
   Simulation Time (Active):        0h 0m 0s 395ms
        Queue Processing Time:      0h 0m 0s 257ms
             Scheduling Time:       0h 0m 0s 73ms
             Computation Time:      0h 0m 0s 16ms
   System Clock:                    0.1GHz
   Runtime:                         1466766 cycles
   Runtime:                         14667.7 us
   Stalls:                          0 cycles
   Executed Nodes:                  1466765 cycles

   ========= Kernel Validation Stats ==========
   Kernel validation enabled:       NO
   Configured latency per check:    0 us

   --- Access Breakdown ---
   Total memory accesses (validated): 0
   Cache hits (0 latency):          0
   Validation requests (full lat):  0
   Coalesced waits (partial lat):   0
   Validations denied:              0

   --- Latency Breakdown ---
   Validation request latency:      0 us
   Coalesced wait latency:          0 us
   TOTAL SECURITY OVERHEAD:         0 us
   Avg latency per validation:      0 us
   Avg latency per coalesced wait:  0 us
   Avg overhead per blocked access: 0 us

   --- Cache Statistics ---
   Processes with cached pages:     0
   Unique pages validated (total):  0
   Cache hit rate:                  0%

   ========= IOMMU Stats =====================
   IOMMU enabled:                   YES
   IOMMU SimObject:                 system.lenet5_clstr.iommu

   --- Access Breakdown ---
   Total IOMMU checks:              2061890
   IOTLB hits:                      2061827
   IOTLB misses (page walks):       63
   IOTLB hit rate:                  99.9969%

   --- Latency Breakdown ---
   TOTAL IOMMU OVERHEAD:            4186.65 us
   Avg latency per access:          0.00203049 us

********************************************************************************
system.lenet5_clstr.top.llvm_interface
Total Area: 201.48
Total Power Static: 224.115

Total Power Dynamic: 1101.34
   ========= Performance Analysis =============
   Setup Time:                      0h 0m 0s 1ms 579us
   Simulation Time (Total):         0h 3m 18s 301ms
   Simulation Time (Active):        0h 0m 3s 25ms
        Queue Processing Time:      0h 0m 2s 858ms
             Scheduling Time:       0h 0m 1s 356ms
             Computation Time:      0h 0m 0s 152ms
   System Clock:                    0.1GHz
   Runtime:                         1487587 cycles
   Runtime:                         14875.9 us
   Stalls:                          0 cycles
   Executed Nodes:                  1487586 cycles

   ========= Kernel Validation Stats ==========
   Kernel validation enabled:       NO
   Configured latency per check:    0 us

   --- Access Breakdown ---
   Total memory accesses (validated): 0
   Cache hits (0 latency):          0
   Validation requests (full lat):  0
   Coalesced waits (partial lat):   0
   Validations denied:              0

   --- Latency Breakdown ---
   Validation request latency:      0 us
   Coalesced wait latency:          0 us
   TOTAL SECURITY OVERHEAD:         0 us
   Avg latency per validation:      0 us
   Avg latency per coalesced wait:  0 us
   Avg overhead per blocked access: 0 us

   --- Cache Statistics ---
   Processes with cached pages:     0
   Unique pages validated (total):  0
   Cache hit rate:                  0%

   ========= IOMMU Stats =====================
   IOMMU enabled:                   YES
   IOMMU SimObject:                 system.lenet5_clstr.iommu

   --- Access Breakdown ---
   Total IOMMU checks:              2061891
   IOTLB hits:                      2061828
   IOTLB misses (page walks):       63
   IOTLB hit rate:                  99.9969%

   --- Latency Breakdown ---
   TOTAL IOMMU OVERHEAD:            4186.66 us
   Avg latency per access:          0.00203049 us

Exiting @ tick 14925038000 because m5_exit instruction encountered
