build/ARM/base/statistics.hh:277: warn: One of the stats is a legacy stat. Legacy stat is a stat that does not belong to any statistics::Group. Legacy stat is deprecated.
Global frequency set at 1000000000000 ticks per second
build/ARM/mem/mem_interface.cc:793: warn: DRAM device capacity (16384 Mbytes) does not match the address range assigned (4096 Mbytes)
build/ARM/sim/kernel_workload.cc:46: info: kernel located at: /gem5-SALAM/benchmarks/lenet/design_c/sw/main.elf
build/ARM/arch/arm/system.cc:95: warn: Highest ARM exception-level set to AArch64 but the workload is for AArch32. Assuming you wanted these to match.
build/ARM/base/vnc/vncserver.cc:163: warn: Sockets disabled, not accepting vnc client connections
build/ARM/dev/serial/terminal.cc:170: warn: Sockets disabled, not accepting terminal connections
build/ARM/base/remote_gdb.cc:377: warn: Sockets disabled, not accepting gdb connections
build/ARM/mem/coherent_xbar.cc:140: warn: CoherentXBar system.lenet5_clstr.coherency_bus has no snooping ports attached!
build/ARM/dev/arm/energy_ctrl.cc:252: warn: Existing EnergyCtrl, but no enabled DVFSHandler found.
gem5 Simulator System.  http://gem5.org
gem5 is copyrighted software; use the --copyright option for details.

gem5 version 21.1.0.1
gem5 compiled May  4 2026 18:12:38
gem5 started May  4 2026 18:13:29
gem5 executing on 3b7fb6fd27b8, pid 2580886
command line: /gem5-SALAM/build/ARM/gem5.opt --listener-mode=off --outdir=/gem5-SALAM/BM_ARM_OUT/run_all/lenet_c/plain /gem5-SALAM/configs/SALAM/fs_lenet_c.py --mem-size=4GB --mem-type=DDR4_2400_8x8 --machine-type=VExpress_GEM5_V1 --dtb-file=none --bare-metal --cpu-type=DerivO3CPU --caches --l2cache --kernel=/gem5-SALAM/benchmarks/lenet/design_c/sw/main.elf --disk-image=/gem5-SALAM/benchmarks/common/fake.iso --accpath=/gem5-SALAM/benchmarks/lenet/design_c --accbench=lenet_c

**** REAL SIMULATION ****
warn: iobus.slave is deprecated. `slave` is now called `cpu_side_ports`
warn: bridge.master is deprecated. `master` is now called `mem_side_port`
warn: membus.master is deprecated. `master` is now called `mem_side_ports`
warn: bridge.slave is deprecated. `slave` is now called `cpu_side_port`
warn: membus.slave is deprecated. `slave` is now called `cpu_side_ports`
warn: tol2bus.master is deprecated. `master` is now called `mem_side_ports`
warn: membus.slave is deprecated. `slave` is now called `cpu_side_ports`
warn: tol2bus.slave is deprecated. `slave` is now called `cpu_side_ports`
warn: tol2bus.slave is deprecated. `slave` is now called `cpu_side_ports`
warn: tol2bus.slave is deprecated. `slave` is now called `cpu_side_ports`
warn: tol2bus.slave is deprecated. `slave` is now called `cpu_side_ports`
warn: membus.slave is deprecated. `slave` is now called `cpu_side_ports`
warn: coherency_bus.master is deprecated. `master` is now called `mem_side_ports`
warn: No dot file generated. Please install pydot to generate the dot file and pdf.
build/ARM/sim/simulate.cc:107: info: Entering event queue @ 0.  Starting simulation...
********************************************************************************
system.lenet5_clstr.data_mover_0.llvm_interface
Total Area: 2560.05
Total Power Static: 1249

Total Power Dynamic: 13797
   ========= Performance Analysis =============
   Setup Time:                      0h 0m 0s 7ms 262us
   Simulation Time (Total):         0h 2m 42s 521ms
   Simulation Time (Active):        0h 0m 3s 263ms
        Queue Processing Time:      0h 0m 3s 101ms
             Scheduling Time:       0h 0m 1s 839ms
             Computation Time:      0h 0m 0s 400ms
   System Clock:                    0.1GHz
   Runtime:                         1049107 cycles
   Runtime:                         10491.1 us
   Stalls:                          0 cycles
   Executed Nodes:                  1049106 cycles

   ========= Kernel Validation Stats ==========
   Kernel validation enabled:       NO
   Configured latency per check:    0 us

   --- Access Breakdown ---
   Total memory accesses (validated): 0
   Cache hits (0 latency):          0
   Validation requests (full lat):  0
     of which DMA-ctrl writes:      0
   Coalesced waits (partial lat):   0
   Validations denied:              0

   --- Latency Breakdown ---
   Validation request latency:      0 us
   Coalesced wait latency:          0 us
   TOTAL SECURITY OVERHEAD:         0 us
   Avg latency per validation:      0 us
   Avg latency per coalesced wait:  0 us
   Avg overhead per blocked access: 0 us

   --- Cache Statistics ---
   Processes with cached pages:     0
   Unique pages validated (total):  0
   Cache hit rate:                  0%

********************************************************************************
system.lenet5_clstr.conv0.llvm_interface
Total Area: 6054.47
Total Power Static: 7131.27

Total Power Dynamic: 184286
   ========= Performance Analysis =============
   Setup Time:                      0h 0m 0s 0ms 737us
   Simulation Time (Total):         0h 2m 42s 521ms
   Simulation Time (Active):        0h 0m 4s 534ms
        Queue Processing Time:      0h 0m 4s 363ms
             Scheduling Time:       0h 0m 2s 701ms
             Computation Time:      0h 0m 0s 522ms
   System Clock:                    0.1GHz
   Runtime:                         1049098 cycles
   Runtime:                         10491 us
   Stalls:                          0 cycles
   Executed Nodes:                  1049097 cycles

   ========= Kernel Validation Stats ==========
   Kernel validation enabled:       NO
   Configured latency per check:    0 us

   --- Access Breakdown ---
   Total memory accesses (validated): 0
   Cache hits (0 latency):          0
   Validation requests (full lat):  0
     of which DMA-ctrl writes:      0
   Coalesced waits (partial lat):   0
   Validations denied:              0

   --- Latency Breakdown ---
   Validation request latency:      0 us
   Coalesced wait latency:          0 us
   TOTAL SECURITY OVERHEAD:         0 us
   Avg latency per validation:      0 us
   Avg latency per coalesced wait:  0 us
   Avg overhead per blocked access: 0 us

   --- Cache Statistics ---
   Processes with cached pages:     0
   Unique pages validated (total):  0
   Cache hit rate:                  0%

********************************************************************************
system.lenet5_clstr.pool_mover_0.llvm_interface
Total Area: 780.105
Total Power Static: 38.3364

Total Power Dynamic: 304.907
   ========= Performance Analysis =============
   Setup Time:                      0h 0m 0s 6ms 597us
   Simulation Time (Total):         0h 2m 42s 514ms
   Simulation Time (Active):        0h 0m 0s 302ms
        Queue Processing Time:      0h 0m 0s 194ms
             Scheduling Time:       0h 0m 0s 63ms
             Computation Time:      0h 0m 0s 9ms
   System Clock:                    0.1GHz
   Runtime:                         1049088 cycles
   Runtime:                         10490.9 us
   Stalls:                          0 cycles
   Executed Nodes:                  1049087 cycles

   ========= Kernel Validation Stats ==========
   Kernel validation enabled:       NO
   Configured latency per check:    0 us

   --- Access Breakdown ---
   Total memory accesses (validated): 0
   Cache hits (0 latency):          0
   Validation requests (full lat):  0
     of which DMA-ctrl writes:      0
   Coalesced waits (partial lat):   0
   Validations denied:              0

   --- Latency Breakdown ---
   Validation request latency:      0 us
   Coalesced wait latency:          0 us
   TOTAL SECURITY OVERHEAD:         0 us
   Avg latency per validation:      0 us
   Avg latency per coalesced wait:  0 us
   Avg overhead per blocked access: 0 us

   --- Cache Statistics ---
   Processes with cached pages:     0
   Unique pages validated (total):  0
   Cache hit rate:                  0%

********************************************************************************
system.lenet5_clstr.pool0.llvm_interface
Total Area: 6221.95
Total Power Static: 104.183

Total Power Dynamic: 2173.03
   ========= Performance Analysis =============
   Setup Time:                      0h 0m 0s 0ms 717us
   Simulation Time (Total):         0h 2m 51s 553ms
   Simulation Time (Active):        0h 0m 0s 437ms
        Queue Processing Time:      0h 0m 0s 282ms
             Scheduling Time:       0h 0m 0s 102ms
             Computation Time:      0h 0m 0s 21ms
   System Clock:                    0.1GHz
   Runtime:                         1122209 cycles
   Runtime:                         11222.1 us
   Stalls:                          0 cycles
   Executed Nodes:                  1122208 cycles

   ========= Kernel Validation Stats ==========
   Kernel validation enabled:       NO
   Configured latency per check:    0 us

   --- Access Breakdown ---
   Total memory accesses (validated): 0
   Cache hits (0 latency):          0
   Validation requests (full lat):  0
     of which DMA-ctrl writes:      0
   Coalesced waits (partial lat):   0
   Validations denied:              0

   --- Latency Breakdown ---
   Validation request latency:      0 us
   Coalesced wait latency:          0 us
   TOTAL SECURITY OVERHEAD:         0 us
   Avg latency per validation:      0 us
   Avg latency per coalesced wait:  0 us
   Avg overhead per blocked access: 0 us

   --- Cache Statistics ---
   Processes with cached pages:     0
   Unique pages validated (total):  0
   Cache hit rate:                  0%

********************************************************************************
system.lenet5_clstr.data_mover_1.llvm_interface
Total Area: 3098.38
Total Power Static: 2424.96

Total Power Dynamic: 27394.9
   ========= Performance Analysis =============
   Setup Time:                      0h 0m 0s 7ms 390us
   Simulation Time (Total):         0h 3m 4s 259ms
   Simulation Time (Active):        0h 0m 5s 532ms
        Queue Processing Time:      0h 0m 5s 372ms
             Scheduling Time:       0h 0m 3s 211ms
             Computation Time:      0h 0m 0s 674ms
   System Clock:                    0.1GHz
   Runtime:                         1226543 cycles
   Runtime:                         12265.4 us
   Stalls:                          0 cycles
   Executed Nodes:                  1226542 cycles

   ========= Kernel Validation Stats ==========
   Kernel validation enabled:       NO
   Configured latency per check:    0 us

   --- Access Breakdown ---
   Total memory accesses (validated): 0
   Cache hits (0 latency):          0
   Validation requests (full lat):  0
     of which DMA-ctrl writes:      0
   Coalesced waits (partial lat):   0
   Validations denied:              0

   --- Latency Breakdown ---
   Validation request latency:      0 us
   Coalesced wait latency:          0 us
   TOTAL SECURITY OVERHEAD:         0 us
   Avg latency per validation:      0 us
   Avg latency per coalesced wait:  0 us
   Avg overhead per blocked access: 0 us

   --- Cache Statistics ---
   Processes with cached pages:     0
   Unique pages validated (total):  0
   Cache hit rate:                  0%

********************************************************************************
system.lenet5_clstr.conv1.llvm_interface
Total Area: 6233.91
Total Power Static: 14530.9

Total Power Dynamic: 375959
   ========= Performance Analysis =============
   Setup Time:                      0h 0m 0s 0ms 937us
   Simulation Time (Total):         0h 3m 4s 258ms
   Simulation Time (Active):        0h 0m 7s 803ms
        Queue Processing Time:      0h 0m 7s 652ms
             Scheduling Time:       0h 0m 4s 653ms
             Computation Time:      0h 0m 0s 953ms
   System Clock:                    0.1GHz
   Runtime:                         1226534 cycles
   Runtime:                         12265.3 us
   Stalls:                          0 cycles
   Executed Nodes:                  1226533 cycles

   ========= Kernel Validation Stats ==========
   Kernel validation enabled:       NO
   Configured latency per check:    0 us

   --- Access Breakdown ---
   Total memory accesses (validated): 0
   Cache hits (0 latency):          0
   Validation requests (full lat):  0
     of which DMA-ctrl writes:      0
   Coalesced waits (partial lat):   0
   Validations denied:              0

   --- Latency Breakdown ---
   Validation request latency:      0 us
   Coalesced wait latency:          0 us
   TOTAL SECURITY OVERHEAD:         0 us
   Avg latency per validation:      0 us
   Avg latency per coalesced wait:  0 us
   Avg overhead per blocked access: 0 us

   --- Cache Statistics ---
   Processes with cached pages:     0
   Unique pages validated (total):  0
   Cache hit rate:                  0%

********************************************************************************
system.lenet5_clstr.pool_mover_1.llvm_interface
Total Area: 780.105
Total Power Static: 12.6423

Total Power Dynamic: 101.338
   ========= Performance Analysis =============
   Setup Time:                      0h 0m 0s 0ms 596us
   Simulation Time (Total):         0h 3m 4s 251ms
   Simulation Time (Active):        0h 0m 0s 281ms
        Queue Processing Time:      0h 0m 0s 136ms
             Scheduling Time:       0h 0m 0s 19ms
             Computation Time:      0h 0m 0s 3ms
   System Clock:                    0.1GHz
   Runtime:                         1226524 cycles
   Runtime:                         12265.2 us
   Stalls:                          0 cycles
   Executed Nodes:                  1226523 cycles

   ========= Kernel Validation Stats ==========
   Kernel validation enabled:       NO
   Configured latency per check:    0 us

   --- Access Breakdown ---
   Total memory accesses (validated): 0
   Cache hits (0 latency):          0
   Validation requests (full lat):  0
     of which DMA-ctrl writes:      0
   Coalesced waits (partial lat):   0
   Validations denied:              0

   --- Latency Breakdown ---
   Validation request latency:      0 us
   Coalesced wait latency:          0 us
   TOTAL SECURITY OVERHEAD:         0 us
   Avg latency per validation:      0 us
   Avg latency per coalesced wait:  0 us
   Avg overhead per blocked access: 0 us

   --- Cache Statistics ---
   Processes with cached pages:     0
   Unique pages validated (total):  0
   Cache hit rate:                  0%

********************************************************************************
system.lenet5_clstr.pool1.llvm_interface
Total Area: 6221.95
Total Power Static: 35.4349

Total Power Dynamic: 738.536
   ========= Performance Analysis =============
   Setup Time:                      0h 0m 0s 0ms 689us
   Simulation Time (Total):         0h 3m 4s 249ms
   Simulation Time (Active):        0h 0m 0s 274ms
        Queue Processing Time:      0h 0m 0s 156ms
             Scheduling Time:       0h 0m 0s 34ms
             Computation Time:      0h 0m 0s 6ms
   System Clock:                    0.1GHz
   Runtime:                         1226515 cycles
   Runtime:                         12265.1 us
   Stalls:                          0 cycles
   Executed Nodes:                  1226514 cycles

   ========= Kernel Validation Stats ==========
   Kernel validation enabled:       NO
   Configured latency per check:    0 us

   --- Access Breakdown ---
   Total memory accesses (validated): 0
   Cache hits (0 latency):          0
   Validation requests (full lat):  0
     of which DMA-ctrl writes:      0
   Coalesced waits (partial lat):   0
   Validations denied:              0

   --- Latency Breakdown ---
   Validation request latency:      0 us
   Coalesced wait latency:          0 us
   TOTAL SECURITY OVERHEAD:         0 us
   Avg latency per validation:      0 us
   Avg latency per coalesced wait:  0 us
   Avg overhead per blocked access: 0 us

   --- Cache Statistics ---
   Processes with cached pages:     0
   Unique pages validated (total):  0
   Cache hit rate:                  0%

********************************************************************************
system.lenet5_clstr.data_mover_2.llvm_interface
Total Area: 1830.32
Total Power Static: 467.516

Total Power Dynamic: 5377.4
   ========= Performance Analysis =============
   Setup Time:                      0h 0m 0s 0ms 953us
   Simulation Time (Total):         0h 3m 21s 647ms
   Simulation Time (Active):        0h 0m 1s 178ms
        Queue Processing Time:      0h 0m 1s 37ms
             Scheduling Time:       0h 0m 0s 557ms
             Computation Time:      0h 0m 0s 124ms
   System Clock:                    0.1GHz
   Runtime:                         1425950 cycles
   Runtime:                         14259.5 us
   Stalls:                          0 cycles
   Executed Nodes:                  1425949 cycles

   ========= Kernel Validation Stats ==========
   Kernel validation enabled:       NO
   Configured latency per check:    0 us

   --- Access Breakdown ---
   Total memory accesses (validated): 0
   Cache hits (0 latency):          0
   Validation requests (full lat):  0
     of which DMA-ctrl writes:      0
   Coalesced waits (partial lat):   0
   Validations denied:              0

   --- Latency Breakdown ---
   Validation request latency:      0 us
   Coalesced wait latency:          0 us
   TOTAL SECURITY OVERHEAD:         0 us
   Avg latency per validation:      0 us
   Avg latency per coalesced wait:  0 us
   Avg overhead per blocked access: 0 us

   --- Cache Statistics ---
   Processes with cached pages:     0
   Unique pages validated (total):  0
   Cache hit rate:                  0%

********************************************************************************
system.lenet5_clstr.conv2.llvm_interface
Total Area: 5875.03
Total Power Static: 2891.36

Total Power Dynamic: 75102.9
   ========= Performance Analysis =============
   Setup Time:                      0h 0m 0s 6ms 740us
   Simulation Time (Total):         0h 3m 21s 640ms
   Simulation Time (Active):        0h 0m 1s 588ms
        Queue Processing Time:      0h 0m 1s 443ms
             Scheduling Time:       0h 0m 0s 834ms
             Computation Time:      0h 0m 0s 175ms
   System Clock:                    0.1GHz
   Runtime:                         1425942 cycles
   Runtime:                         14259.4 us
   Stalls:                          0 cycles
   Executed Nodes:                  1425941 cycles

   ========= Kernel Validation Stats ==========
   Kernel validation enabled:       NO
   Configured latency per check:    0 us

   --- Access Breakdown ---
   Total memory accesses (validated): 0
   Cache hits (0 latency):          0
   Validation requests (full lat):  0
     of which DMA-ctrl writes:      0
   Coalesced waits (partial lat):   0
   Validations denied:              0

   --- Latency Breakdown ---
   Validation request latency:      0 us
   Coalesced wait latency:          0 us
   TOTAL SECURITY OVERHEAD:         0 us
   Avg latency per validation:      0 us
   Avg latency per coalesced wait:  0 us
   Avg overhead per blocked access: 0 us

   --- Cache Statistics ---
   Processes with cached pages:     0
   Unique pages validated (total):  0
   Cache hit rate:                  0%

********************************************************************************
system.lenet5_clstr.data_mover_3.llvm_interface
Total Area: 1112.55
Total Power Static: 96.7562

Total Power Dynamic: 1121.45
   ========= Performance Analysis =============
   Setup Time:                      0h 0m 0s 0ms 622us
   Simulation Time (Total):         0h 3m 23s 602ms
   Simulation Time (Active):        0h 0m 0s 401ms
        Queue Processing Time:      0h 0m 0s 256ms
             Scheduling Time:       0h 0m 0s 85ms
             Computation Time:      0h 0m 0s 21ms
   System Clock:                    0.1GHz
   Runtime:                         1466420 cycles
   Runtime:                         14664.2 us
   Stalls:                          0 cycles
   Executed Nodes:                  1466419 cycles

   ========= Kernel Validation Stats ==========
   Kernel validation enabled:       NO
   Configured latency per check:    0 us

   --- Access Breakdown ---
   Total memory accesses (validated): 0
   Cache hits (0 latency):          0
   Validation requests (full lat):  0
     of which DMA-ctrl writes:      0
   Coalesced waits (partial lat):   0
   Validations denied:              0

   --- Latency Breakdown ---
   Validation request latency:      0 us
   Coalesced wait latency:          0 us
   TOTAL SECURITY OVERHEAD:         0 us
   Avg latency per validation:      0 us
   Avg latency per coalesced wait:  0 us
   Avg overhead per blocked access: 0 us

   --- Cache Statistics ---
   Processes with cached pages:     0
   Unique pages validated (total):  0
   Cache hit rate:                  0%

********************************************************************************
system.lenet5_clstr.fc0.llvm_interface
Total Area: 5516.14
Total Power Static: 605.722

Total Power Dynamic: 15761.6
   ========= Performance Analysis =============
   Setup Time:                      0h 0m 0s 0ms 620us
   Simulation Time (Total):         0h 3m 23s 595ms
   Simulation Time (Active):        0h 0m 0s 497ms
        Queue Processing Time:      0h 0m 0s 348ms
             Scheduling Time:       0h 0m 0s 138ms
             Computation Time:      0h 0m 0s 30ms
   System Clock:                    0.1GHz
   Runtime:                         1466412 cycles
   Runtime:                         14664.1 us
   Stalls:                          0 cycles
   Executed Nodes:                  1466411 cycles

   ========= Kernel Validation Stats ==========
   Kernel validation enabled:       NO
   Configured latency per check:    0 us

   --- Access Breakdown ---
   Total memory accesses (validated): 0
   Cache hits (0 latency):          0
   Validation requests (full lat):  0
     of which DMA-ctrl writes:      0
   Coalesced waits (partial lat):   0
   Validations denied:              0

   --- Latency Breakdown ---
   Validation request latency:      0 us
   Coalesced wait latency:          0 us
   TOTAL SECURITY OVERHEAD:         0 us
   Avg latency per validation:      0 us
   Avg latency per coalesced wait:  0 us
   Avg overhead per blocked access: 0 us

   --- Cache Statistics ---
   Processes with cached pages:     0
   Unique pages validated (total):  0
   Cache hit rate:                  0%

********************************************************************************
system.lenet5_clstr.top.llvm_interface
Total Area: 201.48
Total Power Static: 224.93

Total Power Dynamic: 1105.35
   ========= Performance Analysis =============
   Setup Time:                      0h 0m 0s 4ms 630us
   Simulation Time (Total):         0h 3m 24s 759ms
   Simulation Time (Active):        0h 0m 3s 221ms
        Queue Processing Time:      0h 0m 3s 24ms
             Scheduling Time:       0h 0m 1s 449ms
             Computation Time:      0h 0m 0s 187ms
   System Clock:                    0.1GHz
   Runtime:                         1486757 cycles
   Runtime:                         14867.6 us
   Stalls:                          0 cycles
   Executed Nodes:                  1486756 cycles

   ========= Kernel Validation Stats ==========
   Kernel validation enabled:       NO
   Configured latency per check:    0 us

   --- Access Breakdown ---
   Total memory accesses (validated): 0
   Cache hits (0 latency):          0
   Validation requests (full lat):  0
     of which DMA-ctrl writes:      0
   Coalesced waits (partial lat):   0
   Validations denied:              0

   --- Latency Breakdown ---
   Validation request latency:      0 us
   Coalesced wait latency:          0 us
   TOTAL SECURITY OVERHEAD:         0 us
   Avg latency per validation:      0 us
   Avg latency per coalesced wait:  0 us
   Avg overhead per blocked access: 0 us

   --- Cache Statistics ---
   Processes with cached pages:     0
   Unique pages validated (total):  0
   Cache hit rate:                  0%

Exiting @ tick 14917276000 because m5_exit instruction encountered
