build/ARM/base/statistics.hh:277: warn: One of the stats is a legacy stat. Legacy stat is a stat that does not belong to any statistics::Group. Legacy stat is deprecated.
Global frequency set at 1000000000000 ticks per second
build/ARM/mem/mem_interface.cc:793: warn: DRAM device capacity (16384 Mbytes) does not match the address range assigned (4096 Mbytes)
build/ARM/sim/kernel_workload.cc:46: info: kernel located at: /gem5-SALAM/benchmarks/lenet/design_c/sw/main.elf
build/ARM/arch/arm/system.cc:95: warn: Highest ARM exception-level set to AArch64 but the workload is for AArch32. Assuming you wanted these to match.
build/ARM/base/vnc/vncserver.cc:163: warn: Sockets disabled, not accepting vnc client connections
build/ARM/dev/serial/terminal.cc:170: warn: Sockets disabled, not accepting terminal connections
build/ARM/base/remote_gdb.cc:377: warn: Sockets disabled, not accepting gdb connections
build/ARM/mem/coherent_xbar.cc:140: warn: CoherentXBar system.lenet5_clstr.coherency_bus has no snooping ports attached!
build/ARM/dev/arm/energy_ctrl.cc:252: warn: Existing EnergyCtrl, but no enabled DVFSHandler found.
gem5 Simulator System.  http://gem5.org
gem5 is copyrighted software; use the --copyright option for details.

gem5 version 21.1.0.1
gem5 compiled May  2 2026 19:55:51
gem5 started May  3 2026 00:10:53
gem5 executing on 3b7fb6fd27b8, pid 1113817
command line: /gem5-SALAM/build/ARM/gem5.opt --listener-mode=off --outdir=/gem5-SALAM/BM_ARM_OUT/run_all/lenet_c/aia-kd /gem5-SALAM/configs/SALAM/fs_lenet_c.py --mem-size=4GB --mem-type=DDR4_2400_8x8 --machine-type=VExpress_GEM5_V1 --dtb-file=none --bare-metal --cpu-type=DerivO3CPU --caches --l2cache --kernel=/gem5-SALAM/benchmarks/lenet/design_c/sw/main.elf --disk-image=/gem5-SALAM/benchmarks/common/fake.iso --accpath=/gem5-SALAM/benchmarks/lenet/design_c --accbench=lenet_c --enable-kernel-validation --kernel-validation-latency 8367000

[HWAccConfig] Kernel validation ENABLED: latency=8367000, int=172, pid=17
[HWAccConfig] Kernel validation ENABLED: latency=8367000, int=172, pid=17
[HWAccConfig] Kernel validation ENABLED: latency=8367000, int=172, pid=17
[HWAccConfig] Kernel validation ENABLED: latency=8367000, int=172, pid=17
[HWAccConfig] Kernel validation ENABLED: latency=8367000, int=172, pid=17
[HWAccConfig] Kernel validation ENABLED: latency=8367000, int=172, pid=17
[HWAccConfig] Kernel validation ENABLED: latency=8367000, int=172, pid=17
[HWAccConfig] Kernel validation ENABLED: latency=8367000, int=172, pid=17
[HWAccConfig] Kernel validation ENABLED: latency=8367000, int=172, pid=17
[HWAccConfig] Kernel validation ENABLED: latency=8367000, int=172, pid=17
[HWAccConfig] Kernel validation ENABLED: latency=8367000, int=172, pid=17
[HWAccConfig] Kernel validation ENABLED: latency=8367000, int=172, pid=17
[HWAccConfig] Kernel validation ENABLED: latency=8367000, int=172, pid=17
**** REAL SIMULATION ****
warn: iobus.slave is deprecated. `slave` is now called `cpu_side_ports`
warn: bridge.master is deprecated. `master` is now called `mem_side_port`
warn: membus.master is deprecated. `master` is now called `mem_side_ports`
warn: bridge.slave is deprecated. `slave` is now called `cpu_side_port`
warn: membus.slave is deprecated. `slave` is now called `cpu_side_ports`
warn: tol2bus.master is deprecated. `master` is now called `mem_side_ports`
warn: membus.slave is deprecated. `slave` is now called `cpu_side_ports`
warn: tol2bus.slave is deprecated. `slave` is now called `cpu_side_ports`
warn: tol2bus.slave is deprecated. `slave` is now called `cpu_side_ports`
warn: tol2bus.slave is deprecated. `slave` is now called `cpu_side_ports`
warn: tol2bus.slave is deprecated. `slave` is now called `cpu_side_ports`
warn: membus.slave is deprecated. `slave` is now called `cpu_side_ports`
warn: coherency_bus.master is deprecated. `master` is now called `mem_side_ports`
warn: No dot file generated. Please install pydot to generate the dot file and pdf.
build/ARM/sim/simulate.cc:107: info: Entering event queue @ 0.  Starting simulation...
********************************************************************************
system.lenet5_clstr.data_mover_0.llvm_interface
Total Area: 2560.05
Total Power Static: 1249

Total Power Dynamic: 13797
   ========= Performance Analysis =============
   Setup Time:                      0h 0m 0s 4ms 361us
   Simulation Time (Total):         0h 2m 58s 556ms
   Simulation Time (Active):        0h 0m 3s 910ms
        Queue Processing Time:      0h 0m 3s 673ms
             Scheduling Time:       0h 0m 2s 67ms
             Computation Time:      0h 0m 0s 447ms
   System Clock:                    0.1GHz
   Runtime:                         1049105 cycles
   Runtime:                         10491.1 us
   Stalls:                          0 cycles
   Executed Nodes:                  1049104 cycles

   ========= Kernel Validation Stats ==========
   Kernel validation enabled:       YES
   Configured latency per check:    8.367 us

   --- Access Breakdown ---
   Total memory accesses (validated): 237248
   Cache hits (0 latency):          237248
   Validation requests (full lat):  0
   Coalesced waits (partial lat):   0
   Validations denied:              0

   --- Latency Breakdown ---
   Validation request latency:      0 us
   Coalesced wait latency:          0 us
   TOTAL SECURITY OVERHEAD:         0 us
   Avg latency per validation:      0 us
   Avg latency per coalesced wait:  0 us
   Avg overhead per blocked access: 0 us

   --- Cache Statistics ---
   Processes with cached pages:     1
   Unique pages validated (total):  9
   Cache hit rate:                  100%

********************************************************************************
system.lenet5_clstr.conv0.llvm_interface
Total Area: 6054.47
Total Power Static: 7131.27

Total Power Dynamic: 184286
   ========= Performance Analysis =============
   Setup Time:                      0h 0m 0s 0ms 777us
   Simulation Time (Total):         0h 2m 58s 555ms
   Simulation Time (Active):        0h 0m 5s 190ms
        Queue Processing Time:      0h 0m 5s 26ms
             Scheduling Time:       0h 0m 3s 141ms
             Computation Time:      0h 0m 0s 584ms
   System Clock:                    0.1GHz
   Runtime:                         1049096 cycles
   Runtime:                         10491 us
   Stalls:                          0 cycles
   Executed Nodes:                  1049095 cycles

   ========= Kernel Validation Stats ==========
   Kernel validation enabled:       YES
   Configured latency per check:    8.367 us

   --- Access Breakdown ---
   Total memory accesses (validated): 239904
   Cache hits (0 latency):          239904
   Validation requests (full lat):  0
   Coalesced waits (partial lat):   0
   Validations denied:              0

   --- Latency Breakdown ---
   Validation request latency:      0 us
   Coalesced wait latency:          0 us
   TOTAL SECURITY OVERHEAD:         0 us
   Avg latency per validation:      0 us
   Avg latency per coalesced wait:  0 us
   Avg overhead per blocked access: 0 us

   --- Cache Statistics ---
   Processes with cached pages:     1
   Unique pages validated (total):  9
   Cache hit rate:                  100%

********************************************************************************
system.lenet5_clstr.pool_mover_0.llvm_interface
Total Area: 780.105
Total Power Static: 38.3364

Total Power Dynamic: 304.907
   ========= Performance Analysis =============
   Setup Time:                      0h 0m 0s 0ms 506us
   Simulation Time (Total):         0h 2m 58s 554ms
   Simulation Time (Active):        0h 0m 0s 391ms
        Queue Processing Time:      0h 0m 0s 262ms
             Scheduling Time:       0h 0m 0s 96ms
             Computation Time:      0h 0m 0s 19ms
   System Clock:                    0.1GHz
   Runtime:                         1049086 cycles
   Runtime:                         10490.9 us
   Stalls:                          0 cycles
   Executed Nodes:                  1049085 cycles

   ========= Kernel Validation Stats ==========
   Kernel validation enabled:       YES
   Configured latency per check:    8.367 us

   --- Access Breakdown ---
   Total memory accesses (validated): 9408
   Cache hits (0 latency):          9408
   Validation requests (full lat):  0
   Coalesced waits (partial lat):   0
   Validations denied:              0

   --- Latency Breakdown ---
   Validation request latency:      0 us
   Coalesced wait latency:          0 us
   TOTAL SECURITY OVERHEAD:         0 us
   Avg latency per validation:      0 us
   Avg latency per coalesced wait:  0 us
   Avg overhead per blocked access: 0 us

   --- Cache Statistics ---
   Processes with cached pages:     1
   Unique pages validated (total):  9
   Cache hit rate:                  100%

********************************************************************************
system.lenet5_clstr.pool0.llvm_interface
Total Area: 6221.95
Total Power Static: 104.183

Total Power Dynamic: 2173.03
   ========= Performance Analysis =============
   Setup Time:                      0h 0m 0s 0ms 828us
   Simulation Time (Total):         0h 3m 7s 575ms
   Simulation Time (Active):        0h 0m 0s 463ms
        Queue Processing Time:      0h 0m 0s 304ms
             Scheduling Time:       0h 0m 0s 116ms
             Computation Time:      0h 0m 0s 20ms
   System Clock:                    0.1GHz
   Runtime:                         1122209 cycles
   Runtime:                         11222.1 us
   Stalls:                          0 cycles
   Executed Nodes:                  1122208 cycles

   ========= Kernel Validation Stats ==========
   Kernel validation enabled:       YES
   Configured latency per check:    8.367 us

   --- Access Breakdown ---
   Total memory accesses (validated): 5880
   Cache hits (0 latency):          5880
   Validation requests (full lat):  0
   Coalesced waits (partial lat):   0
   Validations denied:              0

   --- Latency Breakdown ---
   Validation request latency:      0 us
   Coalesced wait latency:          0 us
   TOTAL SECURITY OVERHEAD:         0 us
   Avg latency per validation:      0 us
   Avg latency per coalesced wait:  0 us
   Avg overhead per blocked access: 0 us

   --- Cache Statistics ---
   Processes with cached pages:     1
   Unique pages validated (total):  9
   Cache hit rate:                  100%

********************************************************************************
system.lenet5_clstr.data_mover_1.llvm_interface
Total Area: 3098.38
Total Power Static: 2424.96

Total Power Dynamic: 27394.9
   ========= Performance Analysis =============
   Setup Time:                      0h 0m 0s 4ms 609us
   Simulation Time (Total):         0h 3m 20s 411ms
   Simulation Time (Active):        0h 0m 5s 754ms
        Queue Processing Time:      0h 0m 5s 554ms
             Scheduling Time:       0h 0m 3s 291ms
             Computation Time:      0h 0m 0s 718ms
   System Clock:                    0.1GHz
   Runtime:                         1226542 cycles
   Runtime:                         12265.4 us
   Stalls:                          0 cycles
   Executed Nodes:                  1226541 cycles

   ========= Kernel Validation Stats ==========
   Kernel validation enabled:       YES
   Configured latency per check:    8.367 us

   --- Access Breakdown ---
   Total memory accesses (validated): 482352
   Cache hits (0 latency):          482351
   Validation requests (full lat):  1
   Coalesced waits (partial lat):   0
   Validations denied:              0

   --- Latency Breakdown ---
   Validation request latency:      8.367 us
   Coalesced wait latency:          0 us
   TOTAL SECURITY OVERHEAD:         8.367 us
   Avg latency per validation:      8.367 us
   Avg latency per coalesced wait:  0 us
   Avg overhead per blocked access: 8.367 us

   --- Cache Statistics ---
   Processes with cached pages:     1
   Unique pages validated (total):  9
   Cache hit rate:                  99.9998%

********************************************************************************
system.lenet5_clstr.conv1.llvm_interface
Total Area: 6233.91
Total Power Static: 14530.9

Total Power Dynamic: 375959
   ========= Performance Analysis =============
   Setup Time:                      0h 0m 0s 1ms 27us
   Simulation Time (Total):         0h 3m 20s 331ms
   Simulation Time (Active):        0h 0m 8s 355ms
        Queue Processing Time:      0h 0m 8s 187ms
             Scheduling Time:       0h 0m 5s 47ms
             Computation Time:      0h 0m 0s 982ms
   System Clock:                    0.1GHz
   Runtime:                         1225752 cycles
   Runtime:                         12257.5 us
   Stalls:                          0 cycles
   Executed Nodes:                  1225751 cycles

   ========= Kernel Validation Stats ==========
   Kernel validation enabled:       YES
   Configured latency per check:    8.367 us

   --- Access Breakdown ---
   Total memory accesses (validated): 481600
   Cache hits (0 latency):          481599
   Validation requests (full lat):  1
   Coalesced waits (partial lat):   0
   Validations denied:              0

   --- Latency Breakdown ---
   Validation request latency:      8.367 us
   Coalesced wait latency:          0 us
   TOTAL SECURITY OVERHEAD:         8.367 us
   Avg latency per validation:      8.367 us
   Avg latency per coalesced wait:  0 us
   Avg overhead per blocked access: 8.367 us

   --- Cache Statistics ---
   Processes with cached pages:     1
   Unique pages validated (total):  9
   Cache hit rate:                  99.9998%

********************************************************************************
system.lenet5_clstr.pool_mover_1.llvm_interface
Total Area: 780.105
Total Power Static: 12.6423

Total Power Dynamic: 101.338
   ========= Performance Analysis =============
   Setup Time:                      0h 0m 0s 0ms 586us
   Simulation Time (Total):         0h 3m 20s 327ms
   Simulation Time (Active):        0h 0m 0s 268ms
        Queue Processing Time:      0h 0m 0s 145ms
             Scheduling Time:       0h 0m 0s 21ms
             Computation Time:      0h 0m 0s 3ms
   System Clock:                    0.1GHz
   Runtime:                         1225742 cycles
   Runtime:                         12257.4 us
   Stalls:                          0 cycles
   Executed Nodes:                  1225741 cycles

   ========= Kernel Validation Stats ==========
   Kernel validation enabled:       YES
   Configured latency per check:    8.367 us

   --- Access Breakdown ---
   Total memory accesses (validated): 3200
   Cache hits (0 latency):          3200
   Validation requests (full lat):  0
   Coalesced waits (partial lat):   0
   Validations denied:              0

   --- Latency Breakdown ---
   Validation request latency:      0 us
   Coalesced wait latency:          0 us
   TOTAL SECURITY OVERHEAD:         0 us
   Avg latency per validation:      0 us
   Avg latency per coalesced wait:  0 us
   Avg overhead per blocked access: 0 us

   --- Cache Statistics ---
   Processes with cached pages:     1
   Unique pages validated (total):  9
   Cache hit rate:                  100%

********************************************************************************
system.lenet5_clstr.pool1.llvm_interface
Total Area: 6221.95
Total Power Static: 35.4349

Total Power Dynamic: 738.536
   ========= Performance Analysis =============
   Setup Time:                      0h 0m 0s 3ms 806us
   Simulation Time (Total):         0h 3m 20s 323ms
   Simulation Time (Active):        0h 0m 0s 304ms
        Queue Processing Time:      0h 0m 0s 173ms
             Scheduling Time:       0h 0m 0s 29ms
             Computation Time:      0h 0m 0s 6ms
   System Clock:                    0.1GHz
   Runtime:                         1225733 cycles
   Runtime:                         12257.3 us
   Stalls:                          0 cycles
   Executed Nodes:                  1225732 cycles

   ========= Kernel Validation Stats ==========
   Kernel validation enabled:       YES
   Configured latency per check:    8.367 us

   --- Access Breakdown ---
   Total memory accesses (validated): 2000
   Cache hits (0 latency):          2000
   Validation requests (full lat):  0
   Coalesced waits (partial lat):   0
   Validations denied:              0

   --- Latency Breakdown ---
   Validation request latency:      0 us
   Coalesced wait latency:          0 us
   TOTAL SECURITY OVERHEAD:         0 us
   Avg latency per validation:      0 us
   Avg latency per coalesced wait:  0 us
   Avg overhead per blocked access: 0 us

   --- Cache Statistics ---
   Processes with cached pages:     1
   Unique pages validated (total):  9
   Cache hit rate:                  100%

********************************************************************************
system.lenet5_clstr.data_mover_2.llvm_interface
Total Area: 1830.32
Total Power Static: 467.516

Total Power Dynamic: 5377.4
   ========= Performance Analysis =============
   Setup Time:                      0h 0m 0s 0ms 985us
   Simulation Time (Total):         0h 3m 48s 359ms
   Simulation Time (Active):        0h 0m 0s 837ms
        Queue Processing Time:      0h 0m 0s 685ms
             Scheduling Time:       0h 0m 0s 324ms
             Computation Time:      0h 0m 0s 67ms
   System Clock:                    0.1GHz
   Runtime:                         1450679 cycles
   Runtime:                         14506.8 us
   Stalls:                          0 cycles
   Executed Nodes:                  1450678 cycles

   ========= Kernel Validation Stats ==========
   Kernel validation enabled:       YES
   Configured latency per check:    8.367 us

   --- Access Breakdown ---
   Total memory accesses (validated): 96800
   Cache hits (0 latency):          96800
   Validation requests (full lat):  0
   Coalesced waits (partial lat):   0
   Validations denied:              0

   --- Latency Breakdown ---
   Validation request latency:      0 us
   Coalesced wait latency:          0 us
   TOTAL SECURITY OVERHEAD:         0 us
   Avg latency per validation:      0 us
   Avg latency per coalesced wait:  0 us
   Avg overhead per blocked access: 0 us

   --- Cache Statistics ---
   Processes with cached pages:     1
   Unique pages validated (total):  55
   Cache hit rate:                  100%

********************************************************************************
system.lenet5_clstr.conv2.llvm_interface
Total Area: 5875.03
Total Power Static: 2891.36

Total Power Dynamic: 75102.9
   ========= Performance Analysis =============
   Setup Time:                      0h 0m 0s 0ms 823us
   Simulation Time (Total):         0h 3m 48s 354ms
   Simulation Time (Active):        0h 0m 15s 906ms
        Queue Processing Time:      0h 0m 15s 733ms
             Scheduling Time:       0h 0m 1s 884ms
             Computation Time:      0h 0m 0s 93ms
   System Clock:                    0.1GHz
   Runtime:                         1450670 cycles
   Runtime:                         14506.7 us
   Stalls:                          0 cycles
   Executed Nodes:                  1450669 cycles

   ========= Kernel Validation Stats ==========
   Kernel validation enabled:       YES
   Configured latency per check:    8.367 us

   --- Access Breakdown ---
   Total memory accesses (validated): 96120
   Cache hits (0 latency):          96074
   Validation requests (full lat):  46
   Coalesced waits (partial lat):   0
   Validations denied:              0

   --- Latency Breakdown ---
   Validation request latency:      384.882 us
   Coalesced wait latency:          0 us
   TOTAL SECURITY OVERHEAD:         384.882 us
   Avg latency per validation:      8.367 us
   Avg latency per coalesced wait:  0 us
   Avg overhead per blocked access: 8.367 us

   --- Cache Statistics ---
   Processes with cached pages:     1
   Unique pages validated (total):  55
   Cache hit rate:                  99.9521%

********************************************************************************
system.lenet5_clstr.data_mover_3.llvm_interface
Total Area: 1112.55
Total Power Static: 96.7562

Total Power Dynamic: 1121.45
   ========= Performance Analysis =============
   Setup Time:                      0h 0m 0s 3ms 673us
   Simulation Time (Total):         0h 3m 50s 79ms
   Simulation Time (Active):        0h 0m 0s 375ms
        Queue Processing Time:      0h 0m 0s 217ms
             Scheduling Time:       0h 0m 0s 46ms
             Computation Time:      0h 0m 0s 11ms
   System Clock:                    0.1GHz
   Runtime:                         1491148 cycles
   Runtime:                         14911.5 us
   Stalls:                          0 cycles
   Executed Nodes:                  1491147 cycles

   ========= Kernel Validation Stats ==========
   Kernel validation enabled:       YES
   Configured latency per check:    8.367 us

   --- Access Breakdown ---
   Total memory accesses (validated): 20400
   Cache hits (0 latency):          20400
   Validation requests (full lat):  0
   Coalesced waits (partial lat):   0
   Validations denied:              0

   --- Latency Breakdown ---
   Validation request latency:      0 us
   Coalesced wait latency:          0 us
   TOTAL SECURITY OVERHEAD:         0 us
   Avg latency per validation:      0 us
   Avg latency per coalesced wait:  0 us
   Avg overhead per blocked access: 0 us

   --- Cache Statistics ---
   Processes with cached pages:     1
   Unique pages validated (total):  63
   Cache hit rate:                  100%

********************************************************************************
system.lenet5_clstr.fc0.llvm_interface
Total Area: 5516.14
Total Power Static: 605.722

Total Power Dynamic: 15761.6
   ========= Performance Analysis =============
   Setup Time:                      0h 0m 0s 0ms 602us
   Simulation Time (Total):         0h 3m 50s 77ms
   Simulation Time (Active):        0h 0m 1s 191ms
        Queue Processing Time:      0h 0m 0s 997ms
             Scheduling Time:       0h 0m 0s 382ms
             Computation Time:      0h 0m 0s 17ms
   System Clock:                    0.1GHz
   Runtime:                         1491140 cycles
   Runtime:                         14911.4 us
   Stalls:                          0 cycles
   Executed Nodes:                  1491139 cycles

   ========= Kernel Validation Stats ==========
   Kernel validation enabled:       YES
   Configured latency per check:    8.367 us

   --- Access Breakdown ---
   Total memory accesses (validated): 20244
   Cache hits (0 latency):          20234
   Validation requests (full lat):  10
   Coalesced waits (partial lat):   0
   Validations denied:              0

   --- Latency Breakdown ---
   Validation request latency:      83.67 us
   Coalesced wait latency:          0 us
   TOTAL SECURITY OVERHEAD:         83.67 us
   Avg latency per validation:      8.367 us
   Avg latency per coalesced wait:  0 us
   Avg overhead per blocked access: 8.367 us

   --- Cache Statistics ---
   Processes with cached pages:     1
   Unique pages validated (total):  63
   Cache hit rate:                  99.9506%

********************************************************************************
system.lenet5_clstr.top.llvm_interface
Total Area: 201.48
Total Power Static: 228.828

Total Power Dynamic: 1124.5
   ========= Performance Analysis =============
   Setup Time:                      0h 0m 0s 7ms 644us
   Simulation Time (Total):         0h 3m 51s 745ms
   Simulation Time (Active):        0h 0m 3s 386ms
        Queue Processing Time:      0h 0m 3s 173ms
             Scheduling Time:       0h 0m 1s 446ms
             Computation Time:      0h 0m 0s 187ms
   System Clock:                    0.1GHz
   Runtime:                         1513106 cycles
   Runtime:                         15131.1 us
   Stalls:                          0 cycles
   Executed Nodes:                  1513105 cycles

   ========= Kernel Validation Stats ==========
   Kernel validation enabled:       YES
   Configured latency per check:    8.367 us

   --- Access Breakdown ---
   Total memory accesses (validated): 374447
   Cache hits (0 latency):          374426
   Validation requests (full lat):  5
   Coalesced waits (partial lat):   16
   Validations denied:              0

   --- Latency Breakdown ---
   Validation request latency:      41.835 us
   Coalesced wait latency:          133.872 us
   TOTAL SECURITY OVERHEAD:         175.707 us
   Avg latency per validation:      8.367 us
   Avg latency per coalesced wait:  8.367 us
   Avg overhead per blocked access: 8.367 us

   --- Cache Statistics ---
   Processes with cached pages:     1
   Unique pages validated (total):  63
   Cache hit rate:                  99.9944%

Exiting @ tick 15180463000 because m5_exit instruction encountered
