
# /usr/bin/python3 /gem5-SALAM/tools/SALAM-Configurator/systembuilder.py --sys-name gemm --bench-path benchmarks/sys_validation/gemm --config-name config.yml

# make -C /gem5-SALAM/benchmarks/sys_validation/gemm clean
make: Entering directory '/gem5-SALAM/benchmarks/sys_validation/gemm'
make[1]: Entering directory '/gem5-SALAM/benchmarks/sys_validation/gemm/hw'
rm -f *.ll
make[1]: Leaving directory '/gem5-SALAM/benchmarks/sys_validation/gemm/hw'
make[1]: Entering directory '/gem5-SALAM/benchmarks/sys_validation/gemm/sw'
rm -f *.o *.elf
make[1]: Leaving directory '/gem5-SALAM/benchmarks/sys_validation/gemm/sw'
make: Leaving directory '/gem5-SALAM/benchmarks/sys_validation/gemm'

# make -C /gem5-SALAM/benchmarks/sys_validation/gemm
make: Entering directory '/gem5-SALAM/benchmarks/sys_validation/gemm'
make[1]: Entering directory '/gem5-SALAM/benchmarks/sys_validation/gemm/hw'
clang -O1 -S -fno-slp-vectorize -fno-vectorize -fno-unroll-loops -fno-inline -fno-builtin -emit-llvm gemm.c top.c -target armv7-pc-none-eabi
make[1]: Leaving directory '/gem5-SALAM/benchmarks/sys_validation/gemm/hw'
make[1]: Entering directory '/gem5-SALAM/benchmarks/sys_validation/gemm/sw'
/usr/bin/arm-none-eabi-cpp boot.s  | /usr/bin/arm-none-eabi-as -EL -o boot.o
/usr/bin/arm-none-eabi-g++ -g -O3 -lunistd -I . -fno-exceptions   -c -o main.o main.cpp
/usr/bin/arm-none-eabi-gcc    -c -o isr.o isr.c
/usr/bin/arm-none-eabi-gcc -nostartfiles -Xlinker -Tboot.ld -o main.elf boot.o ../../../common/syscalls.o main.o isr.o -nostartfiles
make[1]: Leaving directory '/gem5-SALAM/benchmarks/sys_validation/gemm/sw'
make: Leaving directory '/gem5-SALAM/benchmarks/sys_validation/gemm'
