
# /usr/bin/python3 /gem5-SALAM/tools/SALAM-Configurator/systembuilder.py --sys-name lenet_c --bench-path benchmarks/lenet/design_c --config-name config.yml

# make -C /gem5-SALAM/benchmarks/lenet/design_c clean
make: Entering directory '/gem5-SALAM/benchmarks/lenet/design_c'
make[1]: Entering directory '/gem5-SALAM/benchmarks/lenet/design_c/hw'
make[2]: Entering directory '/gem5-SALAM/benchmarks/lenet/design_c/hw/source'
rm -f ../ir/*.ll
make[2]: Leaving directory '/gem5-SALAM/benchmarks/lenet/design_c/hw/source'
make[1]: Leaving directory '/gem5-SALAM/benchmarks/lenet/design_c/hw'
make[1]: Entering directory '/gem5-SALAM/benchmarks/lenet/design_c/sw'
rm -f *.o *.elf
make[1]: Leaving directory '/gem5-SALAM/benchmarks/lenet/design_c/sw'
make: Leaving directory '/gem5-SALAM/benchmarks/lenet/design_c'

# make -C /gem5-SALAM/benchmarks/lenet/design_c
make: Entering directory '/gem5-SALAM/benchmarks/lenet/design_c'
make[1]: Entering directory '/gem5-SALAM/benchmarks/lenet/design_c/hw'
make[2]: Entering directory '/gem5-SALAM/benchmarks/lenet/design_c/hw/source'
clang -O1 -S -target armv7-pc-none-eabi -emit-llvm -o top.ll top.c
clang -O1 -S -target armv7-pc-none-eabi -emit-llvm -o conv0.ll conv0.c
clang -O1 -S -target armv7-pc-none-eabi -emit-llvm -o pool0.ll pool0.c
clang -O1 -S -target armv7-pc-none-eabi -emit-llvm -o data_mover_0.ll data_mover_0.c
clang -O1 -S -target armv7-pc-none-eabi -emit-llvm -o data_mover_1.ll data_mover_1.c
clang -O1 -S -target armv7-pc-none-eabi -emit-llvm -o conv1.ll conv1.c
clang -O1 -S -target armv7-pc-none-eabi -emit-llvm -o pool1.ll pool1.c
clang -O1 -S -target armv7-pc-none-eabi -emit-llvm -o data_mover_2.ll data_mover_2.c
clang -O1 -S -target armv7-pc-none-eabi -emit-llvm -o conv2.ll conv2.c
clang -O1 -S -target armv7-pc-none-eabi -emit-llvm -o pool_mover_0.ll pool_mover_0.c
clang -O1 -S -target armv7-pc-none-eabi -emit-llvm -o pool_mover_1.ll pool_mover_1.c
clang -O1 -S -target armv7-pc-none-eabi -emit-llvm -o fc0.ll fc0.c
clang -O1 -S -target armv7-pc-none-eabi -emit-llvm -o data_mover_3.ll data_mover_3.c
mkdir -p ../ir
mv top.ll conv0.ll pool0.ll data_mover_0.ll data_mover_1.ll conv1.ll pool1.ll data_mover_2.ll conv2.ll pool_mover_0.ll pool_mover_1.ll fc0.ll data_mover_3.ll ../ir/
make[2]: Leaving directory '/gem5-SALAM/benchmarks/lenet/design_c/hw/source'
make[1]: Leaving directory '/gem5-SALAM/benchmarks/lenet/design_c/hw'
make[1]: Entering directory '/gem5-SALAM/benchmarks/lenet/design_c/sw'
/usr/bin/arm-none-eabi-cpp boot.s  | /usr/bin/arm-none-eabi-as -EL -o boot.o
/usr/bin/arm-none-eabi-g++ -g -O3 -lunistd -I . -fno-exceptions   -c -o main.o main.cpp
/usr/bin/arm-none-eabi-gcc    -c -o isr.o isr.c
/usr/bin/arm-none-eabi-gcc -nostartfiles -Xlinker -Tboot.ld -o main.elf boot.o ../../../common/syscalls.o main.o isr.o -nostartfiles
make[1]: Leaving directory '/gem5-SALAM/benchmarks/lenet/design_c/sw'
make: Leaving directory '/gem5-SALAM/benchmarks/lenet/design_c'
