
# /usr/bin/python3 /gem5-SALAM/tools/SALAM-Configurator/systembuilder.py --sys-name md_knn --bench-path benchmarks/sys_validation/md_knn --config-name config.yml

# make -C /gem5-SALAM/benchmarks/sys_validation/md_knn clean
make: Entering directory '/gem5-SALAM/benchmarks/sys_validation/md_knn'
make[1]: Entering directory '/gem5-SALAM/benchmarks/sys_validation/md_knn/hw'
rm -f *.ll
make[1]: Leaving directory '/gem5-SALAM/benchmarks/sys_validation/md_knn/hw'
make[1]: Entering directory '/gem5-SALAM/benchmarks/sys_validation/md_knn/sw'
rm -f *.o *.elf
make[1]: Leaving directory '/gem5-SALAM/benchmarks/sys_validation/md_knn/sw'
make: Leaving directory '/gem5-SALAM/benchmarks/sys_validation/md_knn'

# make -C /gem5-SALAM/benchmarks/sys_validation/md_knn
make: Entering directory '/gem5-SALAM/benchmarks/sys_validation/md_knn'
make[1]: Entering directory '/gem5-SALAM/benchmarks/sys_validation/md_knn/hw'
clang -O1 -S -target armv7-pc-none-eabi -fno-slp-vectorize -fno-vectorize -fno-unroll-loops -fno-inline -fno-builtin -emit-llvm md_knn.c top.c
make[1]: Leaving directory '/gem5-SALAM/benchmarks/sys_validation/md_knn/hw'
make[1]: Entering directory '/gem5-SALAM/benchmarks/sys_validation/md_knn/sw'
/usr/bin/arm-none-eabi-cpp boot.s  | /usr/bin/arm-none-eabi-as -EL -o boot.o
/usr/bin/arm-none-eabi-gcc    -c -o data.o data.c
/usr/bin/arm-none-eabi-g++ -g -O3 -lunistd -I . -fno-exceptions   -c -o main.o main.cpp
/usr/bin/arm-none-eabi-gcc    -c -o isr.o isr.c
/usr/bin/arm-none-eabi-gcc -nostartfiles -Xlinker -Tboot.ld -o main.elf boot.o ../../../common/syscalls.o data.o main.o isr.o -nostartfiles
make[1]: Leaving directory '/gem5-SALAM/benchmarks/sys_validation/md_knn/sw'
make: Leaving directory '/gem5-SALAM/benchmarks/sys_validation/md_knn'
