
# /usr/bin/python3 /gem5-SALAM/tools/SALAM-Configurator/systembuilder.py --sys-name mobilenetv2_35 --bench-path benchmarks/mobilenetv2 --config-name 35_config.yml

# make -C /gem5-SALAM/benchmarks/mobilenetv2 clean
make: Entering directory '/gem5-SALAM/benchmarks/mobilenetv2'
make[1]: Entering directory '/gem5-SALAM/benchmarks/mobilenetv2/hw'
make[2]: Entering directory '/gem5-SALAM/benchmarks/mobilenetv2/hw/source'
make[3]: Entering directory '/gem5-SALAM/benchmarks/mobilenetv2/hw/source/head'
rm -f ../../ir/head/*.ll
make[3]: Leaving directory '/gem5-SALAM/benchmarks/mobilenetv2/hw/source/head'
make[3]: Entering directory '/gem5-SALAM/benchmarks/mobilenetv2/hw/source/body'
rm -f ../../ir/body/*.ll
make[3]: Leaving directory '/gem5-SALAM/benchmarks/mobilenetv2/hw/source/body'
make[3]: Entering directory '/gem5-SALAM/benchmarks/mobilenetv2/hw/source/tail'
rm -f ../../ir/tail/*.ll
make[3]: Leaving directory '/gem5-SALAM/benchmarks/mobilenetv2/hw/source/tail'
make[3]: Entering directory '/gem5-SALAM/benchmarks/mobilenetv2/hw/source/classifier'
rm -f ../../ir/classifier/*.ll
make[3]: Leaving directory '/gem5-SALAM/benchmarks/mobilenetv2/hw/source/classifier'
make[2]: Leaving directory '/gem5-SALAM/benchmarks/mobilenetv2/hw/source'
make[1]: Leaving directory '/gem5-SALAM/benchmarks/mobilenetv2/hw'
make[1]: Entering directory '/gem5-SALAM/benchmarks/mobilenetv2/sw'
rm -f *.o *.elf
make[1]: Leaving directory '/gem5-SALAM/benchmarks/mobilenetv2/sw'
make: Leaving directory '/gem5-SALAM/benchmarks/mobilenetv2'

# make -C /gem5-SALAM/benchmarks/mobilenetv2
make: Entering directory '/gem5-SALAM/benchmarks/mobilenetv2'
make[1]: Entering directory '/gem5-SALAM/benchmarks/mobilenetv2/hw'
make[2]: Entering directory '/gem5-SALAM/benchmarks/mobilenetv2/hw/source'
make[3]: Entering directory '/gem5-SALAM/benchmarks/mobilenetv2/hw/source/head'
clang -O1 -S -target armv7-pc-none-eabi -emit-llvm -o top.ll top.c
clang -O1 -S -target armv7-pc-none-eabi -emit-llvm -o NormalConv.ll NormalConv.c
clang -O1 -S -target armv7-pc-none-eabi -emit-llvm -o DWConv.ll DWConv.c
clang -O1 -S -target armv7-pc-none-eabi -emit-llvm -o PWConv.ll PWConv.c
mkdir -p ../../ir/head
mv top.ll NormalConv.ll DWConv.ll PWConv.ll ../../ir/head/
make[3]: Leaving directory '/gem5-SALAM/benchmarks/mobilenetv2/hw/source/head'
make[3]: Entering directory '/gem5-SALAM/benchmarks/mobilenetv2/hw/source/body'
clang -O1 -S -target armv7-pc-none-eabi -emit-llvm -o top.ll top.c
clang -O1 -S -target armv7-pc-none-eabi -emit-llvm -o Residual.ll Residual.c
clang -O1 -S -target armv7-pc-none-eabi -emit-llvm -o PWConv0.ll PWConv0.c
clang -O1 -S -target armv7-pc-none-eabi -emit-llvm -o DWConv.ll DWConv.c
clang -O1 -S -target armv7-pc-none-eabi -emit-llvm -o PWConv1.ll PWConv1.c
mkdir -p ../../ir/body
mv top.ll Residual.ll PWConv0.ll DWConv.ll PWConv1.ll ../../ir/body/
make[3]: Leaving directory '/gem5-SALAM/benchmarks/mobilenetv2/hw/source/body'
make[3]: Entering directory '/gem5-SALAM/benchmarks/mobilenetv2/hw/source/tail'
clang -O1 -S -target armv7-pc-none-eabi -emit-llvm -o top.ll top.c
clang -O1 -S -target armv7-pc-none-eabi -emit-llvm -o PWConv.ll PWConv.c
clang -O1 -S -target armv7-pc-none-eabi -emit-llvm -o Reshape.ll Reshape.c
clang -O1 -S -target armv7-pc-none-eabi -emit-llvm -o AvgPool.ll AvgPool.c
mkdir -p ../../ir/tail
mv top.ll PWConv.ll Reshape.ll AvgPool.ll ../../ir/tail/
make[3]: Leaving directory '/gem5-SALAM/benchmarks/mobilenetv2/hw/source/tail'
make[3]: Entering directory '/gem5-SALAM/benchmarks/mobilenetv2/hw/source/classifier'
clang -O1 -S -target armv7-pc-none-eabi -emit-llvm -o top.ll top.c
clang -O1 -S -target armv7-pc-none-eabi -emit-llvm -o Linear.ll Linear.c
mkdir -p ../../ir/classifier
mv top.ll Linear.ll ../../ir/classifier/
make[3]: Leaving directory '/gem5-SALAM/benchmarks/mobilenetv2/hw/source/classifier'
make[2]: Leaving directory '/gem5-SALAM/benchmarks/mobilenetv2/hw/source'
make[1]: Leaving directory '/gem5-SALAM/benchmarks/mobilenetv2/hw'
make[1]: Entering directory '/gem5-SALAM/benchmarks/mobilenetv2/sw'
rm -f *.o *.elf
/usr/bin/arm-none-eabi-cpp boot.s -g -O3 -lunistd -I . | /usr/bin/arm-none-eabi-as -EL -o boot.o
/usr/bin/arm-none-eabi-g++ -g -O3 -lunistd -I . -fno-exceptions   -c -o main.o main.cpp
/usr/bin/arm-none-eabi-gcc -g -O3 -lunistd -I .   -c -o isr.o isr.c
/usr/bin/arm-none-eabi-gcc -nostartfiles -Xlinker -Tboot.ld -o main.elf boot.o ../../common/syscalls.o main.o isr.o -nostartfiles
make[1]: Leaving directory '/gem5-SALAM/benchmarks/mobilenetv2/sw'
make: Leaving directory '/gem5-SALAM/benchmarks/mobilenetv2'
