build/ARM/base/statistics.hh:277: warn: One of the stats is a legacy stat. Legacy stat is a stat that does not belong to any statistics::Group. Legacy stat is deprecated.
Global frequency set at 1000000000000 ticks per second
build/ARM/mem/mem_interface.cc:793: warn: DRAM device capacity (16384 Mbytes) does not match the address range assigned (4096 Mbytes)
build/ARM/sim/kernel_workload.cc:46: info: kernel located at: /gem5-SALAM/benchmarks/sys_validation/md_knn/sw/main.elf
build/ARM/arch/arm/system.cc:95: warn: Highest ARM exception-level set to AArch64 but the workload is for AArch32. Assuming you wanted these to match.
build/ARM/base/vnc/vncserver.cc:163: warn: Sockets disabled, not accepting vnc client connections
build/ARM/dev/serial/terminal.cc:170: warn: Sockets disabled, not accepting terminal connections
build/ARM/base/remote_gdb.cc:377: warn: Sockets disabled, not accepting gdb connections
build/ARM/mem/coherent_xbar.cc:140: warn: CoherentXBar system.mdknn_clstr.coherency_bus has no snooping ports attached!
build/ARM/dev/arm/energy_ctrl.cc:252: warn: Existing EnergyCtrl, but no enabled DVFSHandler found.
gem5 Simulator System.  http://gem5.org
gem5 is copyrighted software; use the --copyright option for details.

gem5 version 21.1.0.1
gem5 compiled May  4 2026 18:12:38
gem5 started May  4 2026 18:13:27
gem5 executing on 3b7fb6fd27b8, pid 2580803
command line: /gem5-SALAM/build/ARM/gem5.opt --listener-mode=off --outdir=/gem5-SALAM/BM_ARM_OUT/run_all/md_knn/iommu_e64_m1000ns /gem5-SALAM/configs/SALAM/fs_md_knn.py --mem-size=4GB --mem-type=DDR4_2400_8x8 --machine-type=VExpress_GEM5_V1 --dtb-file=none --bare-metal --cpu-type=DerivO3CPU --caches --l2cache --kernel=/gem5-SALAM/benchmarks/sys_validation/md_knn/sw/main.elf --disk-image=/gem5-SALAM/benchmarks/common/fake.iso --accpath=/gem5-SALAM/benchmarks/sys_validation/md_knn --accbench=md_knn --enable-iommu --iotlb-entries 64 --iotlb-hit-latency 2000 --iotlb-miss-latency 1000000

[HWAccConfig] IOMMU ENABLED: entries=64, hit_lat=2000, miss_lat=1000000
[HWAccConfig] IOMMU ENABLED: entries=64, hit_lat=2000, miss_lat=1000000
**** REAL SIMULATION ****
warn: iobus.slave is deprecated. `slave` is now called `cpu_side_ports`
warn: bridge.master is deprecated. `master` is now called `mem_side_port`
warn: membus.master is deprecated. `master` is now called `mem_side_ports`
warn: bridge.slave is deprecated. `slave` is now called `cpu_side_port`
warn: membus.slave is deprecated. `slave` is now called `cpu_side_ports`
warn: tol2bus.master is deprecated. `master` is now called `mem_side_ports`
warn: membus.slave is deprecated. `slave` is now called `cpu_side_ports`
warn: tol2bus.slave is deprecated. `slave` is now called `cpu_side_ports`
warn: tol2bus.slave is deprecated. `slave` is now called `cpu_side_ports`
warn: tol2bus.slave is deprecated. `slave` is now called `cpu_side_ports`
warn: tol2bus.slave is deprecated. `slave` is now called `cpu_side_ports`
warn: membus.slave is deprecated. `slave` is now called `cpu_side_ports`
warn: coherency_bus.master is deprecated. `master` is now called `mem_side_ports`
warn: No dot file generated. Please install pydot to generate the dot file and pdf.
build/ARM/sim/simulate.cc:107: info: Entering event queue @ 0.  Starting simulation...
********************************************************************************
system.mdknn_clstr.md_knn.llvm_interface
Total Area: 2502.76
Total Power Static: 74.7734

Total Power Dynamic: 982.59
   ========= Performance Analysis =============
   Setup Time:                      0h 0m 0s 1ms 181us
   Simulation Time (Total):         0h 0m 36s 871ms
   Simulation Time (Active):        0h 0m 30s 201ms
        Queue Processing Time:      0h 0m 30s 151ms
             Scheduling Time:       0h 0m 18s 196ms
             Computation Time:      0h 0m 0s 207ms
   System Clock:                    0.1GHz
   Runtime:                         66249 cycles
   Runtime:                         662.49 us
   Stalls:                          0 cycles
   Executed Nodes:                  66248 cycles

   ========= Kernel Validation Stats ==========
   Kernel validation enabled:       NO
   Configured latency per check:    0 us

   --- Access Breakdown ---
   Total memory accesses (validated): 0
   Cache hits (0 latency):          0
   Validation requests (full lat):  0
     of which DMA-ctrl writes:      0
   Coalesced waits (partial lat):   0
   Validations denied:              0

   --- Latency Breakdown ---
   Validation request latency:      0 us
   Coalesced wait latency:          0 us
   TOTAL SECURITY OVERHEAD:         0 us
   Avg latency per validation:      0 us
   Avg latency per coalesced wait:  0 us
   Avg overhead per blocked access: 0 us

   --- Cache Statistics ---
   Processes with cached pages:     0
   Unique pages validated (total):  0
   Cache hit rate:                  0%

   ========= IOMMU Stats =====================
   IOMMU enabled:                   YES
   IOMMU SimObject:                 system.mdknn_clstr.iommu

   --- Access Breakdown ---
   Total IOMMU checks:              23150
   IOTLB hits:                      23136
   IOTLB misses (page walks):       14
   IOTLB hit rate:                  99.9395%

   --- Latency Breakdown ---
   TOTAL IOMMU OVERHEAD:            60.272 us
   Avg latency per access:          0.00260354 us

********************************************************************************
system.mdknn_clstr.top.llvm_interface
Total Area: 402.96
Total Power Static: 2.99531

Total Power Dynamic: 14.7195
   ========= Performance Analysis =============
   Setup Time:                      0h 0m 0s 2ms 227us
   Simulation Time (Total):         0h 0m 37s 15ms
   Simulation Time (Active):        0h 0m 0s 243ms
        Queue Processing Time:      0h 0m 0s 217ms
             Scheduling Time:       0h 0m 0s 88ms
             Computation Time:      0h 0m 0s 11ms
   System Clock:                    0.1GHz
   Runtime:                         70426 cycles
   Runtime:                         704.26 us
   Stalls:                          0 cycles
   Executed Nodes:                  70425 cycles

   ========= Kernel Validation Stats ==========
   Kernel validation enabled:       NO
   Configured latency per check:    0 us

   --- Access Breakdown ---
   Total memory accesses (validated): 0
   Cache hits (0 latency):          0
   Validation requests (full lat):  0
     of which DMA-ctrl writes:      0
   Coalesced waits (partial lat):   0
   Validations denied:              0

   --- Latency Breakdown ---
   Validation request latency:      0 us
   Coalesced wait latency:          0 us
   TOTAL SECURITY OVERHEAD:         0 us
   Avg latency per validation:      0 us
   Avg latency per coalesced wait:  0 us
   Avg overhead per blocked access: 0 us

   --- Cache Statistics ---
   Processes with cached pages:     0
   Unique pages validated (total):  0
   Cache hit rate:                  0%

   ========= IOMMU Stats =====================
   IOMMU enabled:                   YES
   IOMMU SimObject:                 system.mdknn_clstr.iommu

   --- Access Breakdown ---
   Total IOMMU checks:              23305
   IOTLB hits:                      23290
   IOTLB misses (page walks):       15
   IOTLB hit rate:                  99.9356%

   --- Latency Breakdown ---
   TOTAL IOMMU OVERHEAD:            61.58 us
   Avg latency per access:          0.00264235 us

Exiting @ tick 4472578000 because m5_exit instruction encountered
