build/ARM/base/statistics.hh:277: warn: One of the stats is a legacy stat. Legacy stat is a stat that does not belong to any statistics::Group. Legacy stat is deprecated.
Global frequency set at 1000000000000 ticks per second
build/ARM/mem/mem_interface.cc:793: warn: DRAM device capacity (16384 Mbytes) does not match the address range assigned (4096 Mbytes)
build/ARM/sim/kernel_workload.cc:46: info: kernel located at: /gem5-SALAM/benchmarks/sys_validation/nw/sw/main.elf
build/ARM/arch/arm/system.cc:95: warn: Highest ARM exception-level set to AArch64 but the workload is for AArch32. Assuming you wanted these to match.
build/ARM/base/vnc/vncserver.cc:163: warn: Sockets disabled, not accepting vnc client connections
build/ARM/dev/serial/terminal.cc:170: warn: Sockets disabled, not accepting terminal connections
build/ARM/base/remote_gdb.cc:377: warn: Sockets disabled, not accepting gdb connections
build/ARM/mem/coherent_xbar.cc:140: warn: CoherentXBar system.nw_clstr.coherency_bus has no snooping ports attached!
build/ARM/dev/arm/energy_ctrl.cc:252: warn: Existing EnergyCtrl, but no enabled DVFSHandler found.
gem5 Simulator System.  http://gem5.org
gem5 is copyrighted software; use the --copyright option for details.

gem5 version 21.1.0.1
gem5 compiled May  4 2026 18:12:38
gem5 started May  4 2026 18:13:27
gem5 executing on 3b7fb6fd27b8, pid 2580800
command line: /gem5-SALAM/build/ARM/gem5.opt --listener-mode=off --outdir=/gem5-SALAM/BM_ARM_OUT/run_all/nw/iommu_e2048_m250ns /gem5-SALAM/configs/SALAM/fs_nw.py --mem-size=4GB --mem-type=DDR4_2400_8x8 --machine-type=VExpress_GEM5_V1 --dtb-file=none --bare-metal --cpu-type=DerivO3CPU --caches --l2cache --kernel=/gem5-SALAM/benchmarks/sys_validation/nw/sw/main.elf --disk-image=/gem5-SALAM/benchmarks/common/fake.iso --accpath=/gem5-SALAM/benchmarks/sys_validation/nw --accbench=nw --enable-iommu --iotlb-entries 2048 --iotlb-hit-latency 2000 --iotlb-miss-latency 250000

[HWAccConfig] IOMMU ENABLED: entries=2048, hit_lat=2000, miss_lat=250000
[HWAccConfig] IOMMU ENABLED: entries=2048, hit_lat=2000, miss_lat=250000
**** REAL SIMULATION ****
warn: iobus.slave is deprecated. `slave` is now called `cpu_side_ports`
warn: bridge.master is deprecated. `master` is now called `mem_side_port`
warn: membus.master is deprecated. `master` is now called `mem_side_ports`
warn: bridge.slave is deprecated. `slave` is now called `cpu_side_port`
warn: membus.slave is deprecated. `slave` is now called `cpu_side_ports`
warn: tol2bus.master is deprecated. `master` is now called `mem_side_ports`
warn: membus.slave is deprecated. `slave` is now called `cpu_side_ports`
warn: tol2bus.slave is deprecated. `slave` is now called `cpu_side_ports`
warn: tol2bus.slave is deprecated. `slave` is now called `cpu_side_ports`
warn: tol2bus.slave is deprecated. `slave` is now called `cpu_side_ports`
warn: tol2bus.slave is deprecated. `slave` is now called `cpu_side_ports`
warn: membus.slave is deprecated. `slave` is now called `cpu_side_ports`
warn: coherency_bus.master is deprecated. `master` is now called `mem_side_ports`
warn: No dot file generated. Please install pydot to generate the dot file and pdf.
build/ARM/sim/simulate.cc:107: info: Entering event queue @ 0.  Starting simulation...
********************************************************************************
system.nw_clstr.nw.llvm_interface
Total Area: 26577.1
Total Power Static: 4058.24

Total Power Dynamic: 7686.08
   ========= Performance Analysis =============
   Setup Time:                      0h 0m 0s 8ms 816us
   Simulation Time (Total):         0h 0m 9s 2ms
   Simulation Time (Active):        0h 0m 3s 108ms
        Queue Processing Time:      0h 0m 3s 87ms
             Scheduling Time:       0h 0m 1s 918ms
             Computation Time:      0h 0m 0s 490ms
   System Clock:                    0.1GHz
   Runtime:                         67802 cycles
   Runtime:                         678.02 us
   Stalls:                          0 cycles
   Executed Nodes:                  67801 cycles

   ========= Kernel Validation Stats ==========
   Kernel validation enabled:       NO
   Configured latency per check:    0 us

   --- Access Breakdown ---
   Total memory accesses (validated): 0
   Cache hits (0 latency):          0
   Validation requests (full lat):  0
     of which DMA-ctrl writes:      0
   Coalesced waits (partial lat):   0
   Validations denied:              0

   --- Latency Breakdown ---
   Validation request latency:      0 us
   Coalesced wait latency:          0 us
   TOTAL SECURITY OVERHEAD:         0 us
   Avg latency per validation:      0 us
   Avg latency per coalesced wait:  0 us
   Avg overhead per blocked access: 0 us

   --- Cache Statistics ---
   Processes with cached pages:     0
   Unique pages validated (total):  0
   Cache hit rate:                  0%

   ========= IOMMU Stats =====================
   IOMMU enabled:                   YES
   IOMMU SimObject:                 system.nw_clstr.iommu

   --- Access Breakdown ---
   Total IOMMU checks:              120745
   IOTLB hits:                      120723
   IOTLB misses (page walks):       22
   IOTLB hit rate:                  99.9818%

   --- Latency Breakdown ---
   TOTAL IOMMU OVERHEAD:            246.946 us
   Avg latency per access:          0.00204519 us

********************************************************************************
system.nw_clstr.top.llvm_interface
Total Area: 251.85
Total Power Static: 2.9507

Total Power Dynamic: 14.5002
   ========= Performance Analysis =============
   Setup Time:                      0h 0m 0s 7ms 357us
   Simulation Time (Total):         0h 0m 9s 28ms
   Simulation Time (Active):        0h 0m 0s 81ms
        Queue Processing Time:      0h 0m 0s 74ms
             Scheduling Time:       0h 0m 0s 36ms
             Computation Time:      0h 0m 0s 8ms
   System Clock:                    0.1GHz
   Runtime:                         68184 cycles
   Runtime:                         681.84 us
   Stalls:                          0 cycles
   Executed Nodes:                  68183 cycles

   ========= Kernel Validation Stats ==========
   Kernel validation enabled:       NO
   Configured latency per check:    0 us

   --- Access Breakdown ---
   Total memory accesses (validated): 0
   Cache hits (0 latency):          0
   Validation requests (full lat):  0
     of which DMA-ctrl writes:      0
   Coalesced waits (partial lat):   0
   Validations denied:              0

   --- Latency Breakdown ---
   Validation request latency:      0 us
   Coalesced wait latency:          0 us
   TOTAL SECURITY OVERHEAD:         0 us
   Avg latency per validation:      0 us
   Avg latency per coalesced wait:  0 us
   Avg overhead per blocked access: 0 us

   --- Cache Statistics ---
   Processes with cached pages:     0
   Unique pages validated (total):  0
   Cache hit rate:                  0%

   ========= IOMMU Stats =====================
   IOMMU enabled:                   YES
   IOMMU SimObject:                 system.nw_clstr.iommu

   --- Access Breakdown ---
   Total IOMMU checks:              120768
   IOTLB hits:                      120746
   IOTLB misses (page walks):       22
   IOTLB hit rate:                  99.9818%

   --- Latency Breakdown ---
   TOTAL IOMMU OVERHEAD:            246.992 us
   Avg latency per access:          0.00204518 us

Exiting @ tick 1077039500 because m5_exit instruction encountered
