build/ARM/base/statistics.hh:277: warn: One of the stats is a legacy stat. Legacy stat is a stat that does not belong to any statistics::Group. Legacy stat is deprecated.
Global frequency set at 1000000000000 ticks per second
build/ARM/mem/mem_interface.cc:793: warn: DRAM device capacity (16384 Mbytes) does not match the address range assigned (4096 Mbytes)
build/ARM/sim/kernel_workload.cc:46: info: kernel located at: /gem5-SALAM/benchmarks/lenet/design_b/sw/main.elf
build/ARM/arch/arm/system.cc:95: warn: Highest ARM exception-level set to AArch64 but the workload is for AArch32. Assuming you wanted these to match.
build/ARM/base/vnc/vncserver.cc:163: warn: Sockets disabled, not accepting vnc client connections
build/ARM/dev/serial/terminal.cc:170: warn: Sockets disabled, not accepting terminal connections
build/ARM/base/remote_gdb.cc:377: warn: Sockets disabled, not accepting gdb connections
build/ARM/mem/coherent_xbar.cc:140: warn: CoherentXBar system.lenet5_clstr.coherency_bus has no snooping ports attached!
build/ARM/dev/arm/energy_ctrl.cc:252: warn: Existing EnergyCtrl, but no enabled DVFSHandler found.
gem5 Simulator System.  http://gem5.org
gem5 is copyrighted software; use the --copyright option for details.

gem5 version 21.1.0.1
gem5 compiled May  2 2026 19:55:51
gem5 started May  3 2026 00:10:54
gem5 executing on 3b7fb6fd27b8, pid 1113860
command line: /gem5-SALAM/build/ARM/gem5.opt --listener-mode=off --outdir=/gem5-SALAM/BM_ARM_OUT/run_all/lenet_b/iommu_e32_m500ns /gem5-SALAM/configs/SALAM/fs_lenet_b.py --mem-size=4GB --mem-type=DDR4_2400_8x8 --machine-type=VExpress_GEM5_V1 --dtb-file=none --bare-metal --cpu-type=DerivO3CPU --caches --l2cache --kernel=/gem5-SALAM/benchmarks/lenet/design_b/sw/main.elf --disk-image=/gem5-SALAM/benchmarks/common/fake.iso --accpath=/gem5-SALAM/benchmarks/lenet/design_b --accbench=lenet_b --enable-iommu --iotlb-entries 32 --iotlb-hit-latency 2000 --iotlb-miss-latency 500000

[HWAccConfig] IOMMU ENABLED: entries=32, hit_lat=2000, miss_lat=500000
[HWAccConfig] IOMMU ENABLED: entries=32, hit_lat=2000, miss_lat=500000
[HWAccConfig] IOMMU ENABLED: entries=32, hit_lat=2000, miss_lat=500000
[HWAccConfig] IOMMU ENABLED: entries=32, hit_lat=2000, miss_lat=500000
[HWAccConfig] IOMMU ENABLED: entries=32, hit_lat=2000, miss_lat=500000
[HWAccConfig] IOMMU ENABLED: entries=32, hit_lat=2000, miss_lat=500000
[HWAccConfig] IOMMU ENABLED: entries=32, hit_lat=2000, miss_lat=500000
[HWAccConfig] IOMMU ENABLED: entries=32, hit_lat=2000, miss_lat=500000
[HWAccConfig] IOMMU ENABLED: entries=32, hit_lat=2000, miss_lat=500000
[HWAccConfig] IOMMU ENABLED: entries=32, hit_lat=2000, miss_lat=500000
[HWAccConfig] IOMMU ENABLED: entries=32, hit_lat=2000, miss_lat=500000
[HWAccConfig] IOMMU ENABLED: entries=32, hit_lat=2000, miss_lat=500000
**** REAL SIMULATION ****
warn: iobus.slave is deprecated. `slave` is now called `cpu_side_ports`
warn: bridge.master is deprecated. `master` is now called `mem_side_port`
warn: membus.master is deprecated. `master` is now called `mem_side_ports`
warn: bridge.slave is deprecated. `slave` is now called `cpu_side_port`
warn: membus.slave is deprecated. `slave` is now called `cpu_side_ports`
warn: tol2bus.master is deprecated. `master` is now called `mem_side_ports`
warn: membus.slave is deprecated. `slave` is now called `cpu_side_ports`
warn: tol2bus.slave is deprecated. `slave` is now called `cpu_side_ports`
warn: tol2bus.slave is deprecated. `slave` is now called `cpu_side_ports`
warn: tol2bus.slave is deprecated. `slave` is now called `cpu_side_ports`
warn: tol2bus.slave is deprecated. `slave` is now called `cpu_side_ports`
warn: membus.slave is deprecated. `slave` is now called `cpu_side_ports`
warn: coherency_bus.master is deprecated. `master` is now called `mem_side_ports`
warn: No dot file generated. Please install pydot to generate the dot file and pdf.
build/ARM/sim/simulate.cc:107: info: Entering event queue @ 0.  Starting simulation...
********************************************************************************
system.lenet5_clstr.conv0.llvm_interface
Total Area: 6604.76
Total Power Static: 7702.37

Total Power Dynamic: 186527
   ========= Performance Analysis =============
   Setup Time:                      0h 0m 0s 0ms 865us
   Simulation Time (Total):         0h 4m 8s 822ms
   Simulation Time (Active):        0h 0m 7s 43ms
        Queue Processing Time:      0h 0m 6s 941ms
             Scheduling Time:       0h 0m 4s 29ms
             Computation Time:      0h 0m 0s 745ms
   System Clock:                    0.1GHz
   Runtime:                         534682 cycles
   Runtime:                         5346.82 us
   Stalls:                          0 cycles
   Executed Nodes:                  534681 cycles

   ========= Kernel Validation Stats ==========
   Kernel validation enabled:       NO
   Configured latency per check:    0 us

   --- Access Breakdown ---
   Total memory accesses (validated): 0
   Cache hits (0 latency):          0
   Validation requests (full lat):  0
   Coalesced waits (partial lat):   0
   Validations denied:              0

   --- Latency Breakdown ---
   Validation request latency:      0 us
   Coalesced wait latency:          0 us
   TOTAL SECURITY OVERHEAD:         0 us
   Avg latency per validation:      0 us
   Avg latency per coalesced wait:  0 us
   Avg overhead per blocked access: 0 us

   --- Cache Statistics ---
   Processes with cached pages:     0
   Unique pages validated (total):  0
   Cache hit rate:                  0%

   ========= IOMMU Stats =====================
   IOMMU enabled:                   YES
   IOMMU SimObject:                 system.lenet5_clstr.iommu

   --- Access Breakdown ---
   Total IOMMU checks:              497238
   IOTLB hits:                      497199
   IOTLB misses (page walks):       39
   IOTLB hit rate:                  99.9922%

   --- Latency Breakdown ---
   TOTAL IOMMU OVERHEAD:            1013.9 us
   Avg latency per access:          0.00203906 us

********************************************************************************
system.lenet5_clstr.data_mover_0.llvm_interface
Total Area: 921.141
Total Power Static: 46.5935

Total Power Dynamic: 530.888
   ========= Performance Analysis =============
   Setup Time:                      0h 0m 0s 0ms 666us
   Simulation Time (Total):         0h 4m 8s 813ms
   Simulation Time (Active):        0h 0m 0s 325ms
        Queue Processing Time:      0h 0m 0s 251ms
             Scheduling Time:       0h 0m 0s 99ms
             Computation Time:      0h 0m 0s 16ms
   System Clock:                    0.1GHz
   Runtime:                         534632 cycles
   Runtime:                         5346.32 us
   Stalls:                          0 cycles
   Executed Nodes:                  534631 cycles

   ========= Kernel Validation Stats ==========
   Kernel validation enabled:       NO
   Configured latency per check:    0 us

   --- Access Breakdown ---
   Total memory accesses (validated): 0
   Cache hits (0 latency):          0
   Validation requests (full lat):  0
   Coalesced waits (partial lat):   0
   Validations denied:              0

   --- Latency Breakdown ---
   Validation request latency:      0 us
   Coalesced wait latency:          0 us
   TOTAL SECURITY OVERHEAD:         0 us
   Avg latency per validation:      0 us
   Avg latency per coalesced wait:  0 us
   Avg overhead per blocked access: 0 us

   --- Cache Statistics ---
   Processes with cached pages:     0
   Unique pages validated (total):  0
   Cache hit rate:                  0%

   ========= IOMMU Stats =====================
   IOMMU enabled:                   YES
   IOMMU SimObject:                 system.lenet5_clstr.iommu

   --- Access Breakdown ---
   Total IOMMU checks:              497239
   IOTLB hits:                      497200
   IOTLB misses (page walks):       39
   IOTLB hit rate:                  99.9922%

   --- Latency Breakdown ---
   TOTAL IOMMU OVERHEAD:            1013.9 us
   Avg latency per access:          0.00203906 us

********************************************************************************
system.lenet5_clstr.pool0.llvm_interface
Total Area: 6693.54
Total Power Static: 119.603

Total Power Dynamic: 2263.76
   ========= Performance Analysis =============
   Setup Time:                      0h 0m 0s 0ms 813us
   Simulation Time (Total):         0h 4m 8s 797ms
   Simulation Time (Active):        0h 0m 0s 370ms
        Queue Processing Time:      0h 0m 0s 292ms
             Scheduling Time:       0h 0m 0s 115ms
             Computation Time:      0h 0m 0s 23ms
   System Clock:                    0.1GHz
   Runtime:                         534573 cycles
   Runtime:                         5345.73 us
   Stalls:                          0 cycles
   Executed Nodes:                  534572 cycles

   ========= Kernel Validation Stats ==========
   Kernel validation enabled:       NO
   Configured latency per check:    0 us

   --- Access Breakdown ---
   Total memory accesses (validated): 0
   Cache hits (0 latency):          0
   Validation requests (full lat):  0
   Coalesced waits (partial lat):   0
   Validations denied:              0

   --- Latency Breakdown ---
   Validation request latency:      0 us
   Coalesced wait latency:          0 us
   TOTAL SECURITY OVERHEAD:         0 us
   Avg latency per validation:      0 us
   Avg latency per coalesced wait:  0 us
   Avg overhead per blocked access: 0 us

   --- Cache Statistics ---
   Processes with cached pages:     0
   Unique pages validated (total):  0
   Cache hit rate:                  0%

   ========= IOMMU Stats =====================
   IOMMU enabled:                   YES
   IOMMU SimObject:                 system.lenet5_clstr.iommu

   --- Access Breakdown ---
   Total IOMMU checks:              497242
   IOTLB hits:                      497203
   IOTLB misses (page walks):       39
   IOTLB hit rate:                  99.9922%

   --- Latency Breakdown ---
   TOTAL IOMMU OVERHEAD:            1013.91 us
   Avg latency per access:          0.00203906 us

********************************************************************************
system.lenet5_clstr.data_mover_1.llvm_interface
Total Area: 921.141
Total Power Static: 11.6632

Total Power Dynamic: 132.822
   ========= Performance Analysis =============
   Setup Time:                      0h 0m 0s 0ms 555us
   Simulation Time (Total):         0h 4m 8s 796ms
   Simulation Time (Active):        0h 0m 0s 167ms
        Queue Processing Time:      0h 0m 0s 104ms
             Scheduling Time:       0h 0m 0s 28ms
             Computation Time:      0h 0m 0s 3ms
   System Clock:                    0.1GHz
   Runtime:                         534568 cycles
   Runtime:                         5345.68 us
   Stalls:                          0 cycles
   Executed Nodes:                  534567 cycles

   ========= Kernel Validation Stats ==========
   Kernel validation enabled:       NO
   Configured latency per check:    0 us

   --- Access Breakdown ---
   Total memory accesses (validated): 0
   Cache hits (0 latency):          0
   Validation requests (full lat):  0
   Coalesced waits (partial lat):   0
   Validations denied:              0

   --- Latency Breakdown ---
   Validation request latency:      0 us
   Coalesced wait latency:          0 us
   TOTAL SECURITY OVERHEAD:         0 us
   Avg latency per validation:      0 us
   Avg latency per coalesced wait:  0 us
   Avg overhead per blocked access: 0 us

   --- Cache Statistics ---
   Processes with cached pages:     0
   Unique pages validated (total):  0
   Cache hit rate:                  0%

   ========= IOMMU Stats =====================
   IOMMU enabled:                   YES
   IOMMU SimObject:                 system.lenet5_clstr.iommu

   --- Access Breakdown ---
   Total IOMMU checks:              497247
   IOTLB hits:                      497208
   IOTLB misses (page walks):       39
   IOTLB hit rate:                  99.9922%

   --- Latency Breakdown ---
   TOTAL IOMMU OVERHEAD:            1013.92 us
   Avg latency per access:          0.00203906 us

********************************************************************************
system.lenet5_clstr.data_mover_2.llvm_interface
Total Area: 921.141
Total Power Static: 15.4509

Total Power Dynamic: 178.201
   ========= Performance Analysis =============
   Setup Time:                      0h 0m 0s 0ms 706us
   Simulation Time (Total):         0h 5m 23s 986ms
   Simulation Time (Active):        0h 0m 0s 240ms
        Queue Processing Time:      0h 0m 0s 127ms
             Scheduling Time:       0h 0m 0s 21ms
             Computation Time:      0h 0m 0s 3ms
   System Clock:                    0.1GHz
   Runtime:                         1041775 cycles
   Runtime:                         10417.8 us
   Stalls:                          0 cycles
   Executed Nodes:                  1041774 cycles

   ========= Kernel Validation Stats ==========
   Kernel validation enabled:       NO
   Configured latency per check:    0 us

   --- Access Breakdown ---
   Total memory accesses (validated): 0
   Cache hits (0 latency):          0
   Validation requests (full lat):  0
   Coalesced waits (partial lat):   0
   Validations denied:              0

   --- Latency Breakdown ---
   Validation request latency:      0 us
   Coalesced wait latency:          0 us
   TOTAL SECURITY OVERHEAD:         0 us
   Avg latency per validation:      0 us
   Avg latency per coalesced wait:  0 us
   Avg overhead per blocked access: 0 us

   --- Cache Statistics ---
   Processes with cached pages:     0
   Unique pages validated (total):  0
   Cache hit rate:                  0%

   ========= IOMMU Stats =====================
   IOMMU enabled:                   YES
   IOMMU SimObject:                 system.lenet5_clstr.iommu

   --- Access Breakdown ---
   Total IOMMU checks:              820382
   IOTLB hits:                      820314
   IOTLB misses (page walks):       68
   IOTLB hit rate:                  99.9917%

   --- Latency Breakdown ---
   TOTAL IOMMU OVERHEAD:            1674.63 us
   Avg latency per access:          0.00204128 us

********************************************************************************
system.lenet5_clstr.conv1.llvm_interface
Total Area: 6784.2
Total Power Static: 15677.5

Total Power Dynamic: 376721
   ========= Performance Analysis =============
   Setup Time:                      0h 0m 0s 4ms 122us
   Simulation Time (Total):         0h 5m 24s 0ms
   Simulation Time (Active):        0h 0m 6s 970ms
        Queue Processing Time:      0h 0m 6s 860ms
             Scheduling Time:       0h 0m 4s 145ms
             Computation Time:      0h 0m 0s 758ms
   System Clock:                    0.1GHz
   Runtime:                         1041826 cycles
   Runtime:                         10418.3 us
   Stalls:                          0 cycles
   Executed Nodes:                  1041825 cycles

   ========= Kernel Validation Stats ==========
   Kernel validation enabled:       NO
   Configured latency per check:    0 us

   --- Access Breakdown ---
   Total memory accesses (validated): 0
   Cache hits (0 latency):          0
   Validation requests (full lat):  0
   Coalesced waits (partial lat):   0
   Validations denied:              0

   --- Latency Breakdown ---
   Validation request latency:      0 us
   Coalesced wait latency:          0 us
   TOTAL SECURITY OVERHEAD:         0 us
   Avg latency per validation:      0 us
   Avg latency per coalesced wait:  0 us
   Avg overhead per blocked access: 0 us

   --- Cache Statistics ---
   Processes with cached pages:     0
   Unique pages validated (total):  0
   Cache hit rate:                  0%

   ========= IOMMU Stats =====================
   IOMMU enabled:                   YES
   IOMMU SimObject:                 system.lenet5_clstr.iommu

   --- Access Breakdown ---
   Total IOMMU checks:              820382
   IOTLB hits:                      820314
   IOTLB misses (page walks):       68
   IOTLB hit rate:                  99.9917%

   --- Latency Breakdown ---
   TOTAL IOMMU OVERHEAD:            1674.63 us
   Avg latency per access:          0.00204128 us

********************************************************************************
system.lenet5_clstr.pool1.llvm_interface
Total Area: 6693.54
Total Power Static: 40.6797

Total Power Dynamic: 769.272
   ========= Performance Analysis =============
   Setup Time:                      0h 0m 0s 0ms 874us
   Simulation Time (Total):         0h 5m 23s 925ms
   Simulation Time (Active):        0h 0m 0s 277ms
        Queue Processing Time:      0h 0m 0s 167ms
             Scheduling Time:       0h 0m 0s 23ms
             Computation Time:      0h 0m 0s 4ms
   System Clock:                    0.1GHz
   Runtime:                         1041715 cycles
   Runtime:                         10417.1 us
   Stalls:                          0 cycles
   Executed Nodes:                  1041714 cycles

   ========= Kernel Validation Stats ==========
   Kernel validation enabled:       NO
   Configured latency per check:    0 us

   --- Access Breakdown ---
   Total memory accesses (validated): 0
   Cache hits (0 latency):          0
   Validation requests (full lat):  0
   Coalesced waits (partial lat):   0
   Validations denied:              0

   --- Latency Breakdown ---
   Validation request latency:      0 us
   Coalesced wait latency:          0 us
   TOTAL SECURITY OVERHEAD:         0 us
   Avg latency per validation:      0 us
   Avg latency per coalesced wait:  0 us
   Avg overhead per blocked access: 0 us

   --- Cache Statistics ---
   Processes with cached pages:     0
   Unique pages validated (total):  0
   Cache hit rate:                  0%

   ========= IOMMU Stats =====================
   IOMMU enabled:                   YES
   IOMMU SimObject:                 system.lenet5_clstr.iommu

   --- Access Breakdown ---
   Total IOMMU checks:              820382
   IOTLB hits:                      820314
   IOTLB misses (page walks):       68
   IOTLB hit rate:                  99.9917%

   --- Latency Breakdown ---
   TOTAL IOMMU OVERHEAD:            1674.63 us
   Avg latency per access:          0.00204128 us

********************************************************************************
system.lenet5_clstr.data_mover_3.llvm_interface
Total Area: 921.141
Total Power Static: 3.86689

Total Power Dynamic: 44.586
   ========= Performance Analysis =============
   Setup Time:                      0h 0m 0s 0ms 577us
   Simulation Time (Total):         0h 5m 23s 917ms
   Simulation Time (Active):        0h 0m 0s 192ms
        Queue Processing Time:      0h 0m 0s 92ms
             Scheduling Time:       0h 0m 0s 4ms
             Computation Time:      0h 0m 0s 0ms
   System Clock:                    0.1GHz
   Runtime:                         1041710 cycles
   Runtime:                         10417.1 us
   Stalls:                          0 cycles
   Executed Nodes:                  1041709 cycles

   ========= Kernel Validation Stats ==========
   Kernel validation enabled:       NO
   Configured latency per check:    0 us

   --- Access Breakdown ---
   Total memory accesses (validated): 0
   Cache hits (0 latency):          0
   Validation requests (full lat):  0
   Coalesced waits (partial lat):   0
   Validations denied:              0

   --- Latency Breakdown ---
   Validation request latency:      0 us
   Coalesced wait latency:          0 us
   TOTAL SECURITY OVERHEAD:         0 us
   Avg latency per validation:      0 us
   Avg latency per coalesced wait:  0 us
   Avg overhead per blocked access: 0 us

   --- Cache Statistics ---
   Processes with cached pages:     0
   Unique pages validated (total):  0
   Cache hit rate:                  0%

   ========= IOMMU Stats =====================
   IOMMU enabled:                   YES
   IOMMU SimObject:                 system.lenet5_clstr.iommu

   --- Access Breakdown ---
   Total IOMMU checks:              820384
   IOTLB hits:                      820316
   IOTLB misses (page walks):       68
   IOTLB hit rate:                  99.9917%

   --- Latency Breakdown ---
   TOTAL IOMMU OVERHEAD:            1674.63 us
   Avg latency per access:          0.00204128 us

********************************************************************************
system.lenet5_clstr.conv2.llvm_interface
Total Area: 6066.43
Total Power Static: 2891.65

Total Power Dynamic: 75108.6
   ========= Performance Analysis =============
   Setup Time:                      0h 0m 0s 6ms 946us
   Simulation Time (Total):         0h 5m 41s 257ms
   Simulation Time (Active):        0h 0m 0s 944ms
        Queue Processing Time:      0h 0m 0s 834ms
             Scheduling Time:       0h 0m 0s 453ms
             Computation Time:      0h 0m 0s 89ms
   System Clock:                    0.1GHz
   Runtime:                         1470939 cycles
   Runtime:                         14709.4 us
   Stalls:                          0 cycles
   Executed Nodes:                  1470938 cycles

   ========= Kernel Validation Stats ==========
   Kernel validation enabled:       NO
   Configured latency per check:    0 us

   --- Access Breakdown ---
   Total memory accesses (validated): 0
   Cache hits (0 latency):          0
   Validation requests (full lat):  0
   Coalesced waits (partial lat):   0
   Validations denied:              0

   --- Latency Breakdown ---
   Validation request latency:      0 us
   Coalesced wait latency:          0 us
   TOTAL SECURITY OVERHEAD:         0 us
   Avg latency per validation:      0 us
   Avg latency per coalesced wait:  0 us
   Avg overhead per blocked access: 0 us

   --- Cache Statistics ---
   Processes with cached pages:     0
   Unique pages validated (total):  0
   Cache hit rate:                  0%

   ========= IOMMU Stats =====================
   IOMMU enabled:                   YES
   IOMMU SimObject:                 system.lenet5_clstr.iommu

   --- Access Breakdown ---
   Total IOMMU checks:              929322
   IOTLB hits:                      923668
   IOTLB misses (page walks):       5654
   IOTLB hit rate:                  99.3916%

   --- Latency Breakdown ---
   TOTAL IOMMU OVERHEAD:            4674.34 us
   Avg latency per access:          0.00502983 us

********************************************************************************
system.lenet5_clstr.data_mover_4.llvm_interface
Total Area: 562.255
Total Power Static: 1.13697

Total Power Dynamic: 13.2473
   ========= Performance Analysis =============
   Setup Time:                      0h 0m 0s 0ms 506us
   Simulation Time (Total):         0h 5m 41s 199ms
   Simulation Time (Active):        0h 0m 0s 264ms
        Queue Processing Time:      0h 0m 0s 140ms
             Scheduling Time:       0h 0m 0s 0ms
             Computation Time:      0h 0m 0s 0ms
   System Clock:                    0.1GHz
   Runtime:                         1470890 cycles
   Runtime:                         14708.9 us
   Stalls:                          0 cycles
   Executed Nodes:                  1470889 cycles

   ========= Kernel Validation Stats ==========
   Kernel validation enabled:       NO
   Configured latency per check:    0 us

   --- Access Breakdown ---
   Total memory accesses (validated): 0
   Cache hits (0 latency):          0
   Validation requests (full lat):  0
   Coalesced waits (partial lat):   0
   Validations denied:              0

   --- Latency Breakdown ---
   Validation request latency:      0 us
   Coalesced wait latency:          0 us
   TOTAL SECURITY OVERHEAD:         0 us
   Avg latency per validation:      0 us
   Avg latency per coalesced wait:  0 us
   Avg overhead per blocked access: 0 us

   --- Cache Statistics ---
   Processes with cached pages:     0
   Unique pages validated (total):  0
   Cache hit rate:                  0%

   ========= IOMMU Stats =====================
   IOMMU enabled:                   YES
   IOMMU SimObject:                 system.lenet5_clstr.iommu

   --- Access Breakdown ---
   Total IOMMU checks:              929324
   IOTLB hits:                      923670
   IOTLB misses (page walks):       5654
   IOTLB hit rate:                  99.3916%

   --- Latency Breakdown ---
   TOTAL IOMMU OVERHEAD:            4674.34 us
   Avg latency per access:          0.00502983 us

********************************************************************************
system.lenet5_clstr.fc0.llvm_interface
Total Area: 5707.55
Total Power Static: 605.723

Total Power Dynamic: 15765.7
   ========= Performance Analysis =============
   Setup Time:                      0h 0m 0s 0ms 752us
   Simulation Time (Total):         0h 5m 41s 825ms
   Simulation Time (Active):        0h 0m 0s 372ms
        Queue Processing Time:      0h 0m 0s 225ms
             Scheduling Time:       0h 0m 0s 65ms
             Computation Time:      0h 0m 0s 14ms
   System Clock:                    0.1GHz
   Runtime:                         1501462 cycles
   Runtime:                         15014.6 us
   Stalls:                          0 cycles
   Executed Nodes:                  1501461 cycles

   ========= Kernel Validation Stats ==========
   Kernel validation enabled:       NO
   Configured latency per check:    0 us

   --- Access Breakdown ---
   Total memory accesses (validated): 0
   Cache hits (0 latency):          0
   Validation requests (full lat):  0
   Coalesced waits (partial lat):   0
   Validations denied:              0

   --- Latency Breakdown ---
   Validation request latency:      0 us
   Coalesced wait latency:          0 us
   TOTAL SECURITY OVERHEAD:         0 us
   Avg latency per validation:      0 us
   Avg latency per coalesced wait:  0 us
   Avg overhead per blocked access: 0 us

   --- Cache Statistics ---
   Processes with cached pages:     0
   Unique pages validated (total):  0
   Cache hit rate:                  0%

   ========= IOMMU Stats =====================
   IOMMU enabled:                   YES
   IOMMU SimObject:                 system.lenet5_clstr.iommu

   --- Access Breakdown ---
   Total IOMMU checks:              951485
   IOTLB hits:                      945821
   IOTLB misses (page walks):       5664
   IOTLB hit rate:                  99.4047%

   --- Latency Breakdown ---
   TOTAL IOMMU OVERHEAD:            4723.64 us
   Avg latency per access:          0.00496449 us

********************************************************************************
system.lenet5_clstr.top.llvm_interface
Total Area: 251.85
Total Power Static: 54.8336

Total Power Dynamic: 269.462
   ========= Performance Analysis =============
   Setup Time:                      0h 0m 0s 1ms 638us
   Simulation Time (Total):         0h 5m 42s 466ms
   Simulation Time (Active):        0h 0m 1s 200ms
        Queue Processing Time:      0h 0m 1s 40ms
             Scheduling Time:       0h 0m 0s 445ms
             Computation Time:      0h 0m 0s 52ms
   System Clock:                    0.1GHz
   Runtime:                         1505297 cycles
   Runtime:                         15053 us
   Stalls:                          0 cycles
   Executed Nodes:                  1505296 cycles

   ========= Kernel Validation Stats ==========
   Kernel validation enabled:       NO
   Configured latency per check:    0 us

   --- Access Breakdown ---
   Total memory accesses (validated): 0
   Cache hits (0 latency):          0
   Validation requests (full lat):  0
   Coalesced waits (partial lat):   0
   Validations denied:              0

   --- Latency Breakdown ---
   Validation request latency:      0 us
   Coalesced wait latency:          0 us
   TOTAL SECURITY OVERHEAD:         0 us
   Avg latency per validation:      0 us
   Avg latency per coalesced wait:  0 us
   Avg overhead per blocked access: 0 us

   --- Cache Statistics ---
   Processes with cached pages:     0
   Unique pages validated (total):  0
   Cache hit rate:                  0%

   ========= IOMMU Stats =====================
   IOMMU enabled:                   YES
   IOMMU SimObject:                 system.lenet5_clstr.iommu

   --- Access Breakdown ---
   Total IOMMU checks:              951495
   IOTLB hits:                      945830
   IOTLB misses (page walks):       5665
   IOTLB hit rate:                  99.4046%

   --- Latency Breakdown ---
   TOTAL IOMMU OVERHEAD:            4724.16 us
   Avg latency per access:          0.00496499 us

Exiting @ tick 15130098000 because m5_exit instruction encountered
