build/ARM/base/statistics.hh:277: warn: One of the stats is a legacy stat. Legacy stat is a stat that does not belong to any statistics::Group. Legacy stat is deprecated.
Global frequency set at 1000000000000 ticks per second
build/ARM/mem/mem_interface.cc:793: warn: DRAM device capacity (16384 Mbytes) does not match the address range assigned (4096 Mbytes)
build/ARM/sim/kernel_workload.cc:46: info: kernel located at: /gem5-SALAM/benchmarks/lenet/design_b/sw/main.elf
build/ARM/arch/arm/system.cc:95: warn: Highest ARM exception-level set to AArch64 but the workload is for AArch32. Assuming you wanted these to match.
build/ARM/base/vnc/vncserver.cc:163: warn: Sockets disabled, not accepting vnc client connections
build/ARM/dev/serial/terminal.cc:170: warn: Sockets disabled, not accepting terminal connections
build/ARM/base/remote_gdb.cc:377: warn: Sockets disabled, not accepting gdb connections
build/ARM/mem/coherent_xbar.cc:140: warn: CoherentXBar system.lenet5_clstr.coherency_bus has no snooping ports attached!
build/ARM/dev/arm/energy_ctrl.cc:252: warn: Existing EnergyCtrl, but no enabled DVFSHandler found.
gem5 Simulator System.  http://gem5.org
gem5 is copyrighted software; use the --copyright option for details.

gem5 version 21.1.0.1
gem5 compiled May  2 2026 19:55:51
gem5 started May  3 2026 00:10:53
gem5 executing on 3b7fb6fd27b8, pid 1113799
command line: /gem5-SALAM/build/ARM/gem5.opt --listener-mode=off --outdir=/gem5-SALAM/BM_ARM_OUT/run_all/lenet_b/aia-kd /gem5-SALAM/configs/SALAM/fs_lenet_b.py --mem-size=4GB --mem-type=DDR4_2400_8x8 --machine-type=VExpress_GEM5_V1 --dtb-file=none --bare-metal --cpu-type=DerivO3CPU --caches --l2cache --kernel=/gem5-SALAM/benchmarks/lenet/design_b/sw/main.elf --disk-image=/gem5-SALAM/benchmarks/common/fake.iso --accpath=/gem5-SALAM/benchmarks/lenet/design_b --accbench=lenet_b --enable-kernel-validation --kernel-validation-latency 8367000

[HWAccConfig] Kernel validation ENABLED: latency=8367000, int=172, pid=17
[HWAccConfig] Kernel validation ENABLED: latency=8367000, int=172, pid=17
[HWAccConfig] Kernel validation ENABLED: latency=8367000, int=172, pid=17
[HWAccConfig] Kernel validation ENABLED: latency=8367000, int=172, pid=17
[HWAccConfig] Kernel validation ENABLED: latency=8367000, int=172, pid=17
[HWAccConfig] Kernel validation ENABLED: latency=8367000, int=172, pid=17
[HWAccConfig] Kernel validation ENABLED: latency=8367000, int=172, pid=17
[HWAccConfig] Kernel validation ENABLED: latency=8367000, int=172, pid=17
[HWAccConfig] Kernel validation ENABLED: latency=8367000, int=172, pid=17
[HWAccConfig] Kernel validation ENABLED: latency=8367000, int=172, pid=17
[HWAccConfig] Kernel validation ENABLED: latency=8367000, int=172, pid=17
[HWAccConfig] Kernel validation ENABLED: latency=8367000, int=172, pid=17
**** REAL SIMULATION ****
warn: iobus.slave is deprecated. `slave` is now called `cpu_side_ports`
warn: bridge.master is deprecated. `master` is now called `mem_side_port`
warn: membus.master is deprecated. `master` is now called `mem_side_ports`
warn: bridge.slave is deprecated. `slave` is now called `cpu_side_port`
warn: membus.slave is deprecated. `slave` is now called `cpu_side_ports`
warn: tol2bus.master is deprecated. `master` is now called `mem_side_ports`
warn: membus.slave is deprecated. `slave` is now called `cpu_side_ports`
warn: tol2bus.slave is deprecated. `slave` is now called `cpu_side_ports`
warn: tol2bus.slave is deprecated. `slave` is now called `cpu_side_ports`
warn: tol2bus.slave is deprecated. `slave` is now called `cpu_side_ports`
warn: tol2bus.slave is deprecated. `slave` is now called `cpu_side_ports`
warn: membus.slave is deprecated. `slave` is now called `cpu_side_ports`
warn: coherency_bus.master is deprecated. `master` is now called `mem_side_ports`
warn: No dot file generated. Please install pydot to generate the dot file and pdf.
build/ARM/sim/simulate.cc:107: info: Entering event queue @ 0.  Starting simulation...
********************************************************************************
system.lenet5_clstr.conv0.llvm_interface
Total Area: 6604.76
Total Power Static: 7702.37

Total Power Dynamic: 186527
   ========= Performance Analysis =============
   Setup Time:                      0h 0m 0s 1ms 15us
   Simulation Time (Total):         0h 4m 23s 660ms
   Simulation Time (Active):        0h 0m 8s 887ms
        Queue Processing Time:      0h 0m 8s 799ms
             Scheduling Time:       0h 0m 5s 439ms
             Computation Time:      0h 0m 0s 835ms
   System Clock:                    0.1GHz
   Runtime:                         532574 cycles
   Runtime:                         5325.74 us
   Stalls:                          0 cycles
   Executed Nodes:                  532573 cycles

   ========= Kernel Validation Stats ==========
   Kernel validation enabled:       YES
   Configured latency per check:    8.367 us

   --- Access Breakdown ---
   Total memory accesses (validated): 239904
   Cache hits (0 latency):          239900
   Validation requests (full lat):  1
   Coalesced waits (partial lat):   3
   Validations denied:              0

   --- Latency Breakdown ---
   Validation request latency:      8.367 us
   Coalesced wait latency:          21.842 us
   TOTAL SECURITY OVERHEAD:         30.209 us
   Avg latency per validation:      8.367 us
   Avg latency per coalesced wait:  7.28067 us
   Avg overhead per blocked access: 7.55225 us

   --- Cache Statistics ---
   Processes with cached pages:     1
   Unique pages validated (total):  39
   Cache hit rate:                  99.9983%

********************************************************************************
system.lenet5_clstr.data_mover_0.llvm_interface
Total Area: 921.141
Total Power Static: 46.5935

Total Power Dynamic: 530.888
   ========= Performance Analysis =============
   Setup Time:                      0h 0m 0s 0ms 722us
   Simulation Time (Total):         0h 4m 23s 529ms
   Simulation Time (Active):        0h 0m 0s 580ms
        Queue Processing Time:      0h 0m 0s 518ms
             Scheduling Time:       0h 0m 0s 139ms
             Computation Time:      0h 0m 0s 25ms
   System Clock:                    0.1GHz
   Runtime:                         531739 cycles
   Runtime:                         5317.39 us
   Stalls:                          0 cycles
   Executed Nodes:                  531738 cycles

   ========= Kernel Validation Stats ==========
   Kernel validation enabled:       YES
   Configured latency per check:    8.367 us

   --- Access Breakdown ---
   Total memory accesses (validated): 9408
   Cache hits (0 latency):          9403
   Validation requests (full lat):  3
   Coalesced waits (partial lat):   2
   Validations denied:              0

   --- Latency Breakdown ---
   Validation request latency:      25.101 us
   Coalesced wait latency:          14.704 us
   TOTAL SECURITY OVERHEAD:         39.805 us
   Avg latency per validation:      8.367 us
   Avg latency per coalesced wait:  7.352 us
   Avg overhead per blocked access: 7.961 us

   --- Cache Statistics ---
   Processes with cached pages:     1
   Unique pages validated (total):  39
   Cache hit rate:                  99.9469%

********************************************************************************
system.lenet5_clstr.pool0.llvm_interface
Total Area: 6693.54
Total Power Static: 119.603

Total Power Dynamic: 2263.76
   ========= Performance Analysis =============
   Setup Time:                      0h 0m 0s 0ms 853us
   Simulation Time (Total):         0h 4m 23s 521ms
   Simulation Time (Active):        0h 0m 0s 719ms
        Queue Processing Time:      0h 0m 0s 659ms
             Scheduling Time:       0h 0m 0s 193ms
             Computation Time:      0h 0m 0s 25ms
   System Clock:                    0.1GHz
   Runtime:                         531729 cycles
   Runtime:                         5317.29 us
   Stalls:                          0 cycles
   Executed Nodes:                  531728 cycles

   ========= Kernel Validation Stats ==========
   Kernel validation enabled:       YES
   Configured latency per check:    8.367 us

   --- Access Breakdown ---
   Total memory accesses (validated): 5880
   Cache hits (0 latency):          5876
   Validation requests (full lat):  4
   Coalesced waits (partial lat):   0
   Validations denied:              0

   --- Latency Breakdown ---
   Validation request latency:      33.468 us
   Coalesced wait latency:          0 us
   TOTAL SECURITY OVERHEAD:         33.468 us
   Avg latency per validation:      8.367 us
   Avg latency per coalesced wait:  0 us
   Avg overhead per blocked access: 8.367 us

   --- Cache Statistics ---
   Processes with cached pages:     1
   Unique pages validated (total):  39
   Cache hit rate:                  99.932%

********************************************************************************
system.lenet5_clstr.data_mover_1.llvm_interface
Total Area: 921.141
Total Power Static: 11.6632

Total Power Dynamic: 132.822
   ========= Performance Analysis =============
   Setup Time:                      0h 0m 0s 0ms 544us
   Simulation Time (Total):         0h 4m 23s 516ms
   Simulation Time (Active):        0h 0m 0s 291ms
        Queue Processing Time:      0h 0m 0s 236ms
             Scheduling Time:       0h 0m 0s 48ms
             Computation Time:      0h 0m 0s 3ms
   System Clock:                    0.1GHz
   Runtime:                         531723 cycles
   Runtime:                         5317.23 us
   Stalls:                          0 cycles
   Executed Nodes:                  531722 cycles

   ========= Kernel Validation Stats ==========
   Kernel validation enabled:       YES
   Configured latency per check:    8.367 us

   --- Access Breakdown ---
   Total memory accesses (validated): 2352
   Cache hits (0 latency):          2351
   Validation requests (full lat):  1
   Coalesced waits (partial lat):   0
   Validations denied:              0

   --- Latency Breakdown ---
   Validation request latency:      8.367 us
   Coalesced wait latency:          0 us
   TOTAL SECURITY OVERHEAD:         8.367 us
   Avg latency per validation:      8.367 us
   Avg latency per coalesced wait:  0 us
   Avg overhead per blocked access: 8.367 us

   --- Cache Statistics ---
   Processes with cached pages:     1
   Unique pages validated (total):  39
   Cache hit rate:                  99.9575%

********************************************************************************
system.lenet5_clstr.data_mover_2.llvm_interface
Total Area: 921.141
Total Power Static: 15.4509

Total Power Dynamic: 178.201
   ========= Performance Analysis =============
   Setup Time:                      0h 0m 0s 0ms 634us
   Simulation Time (Total):         0h 5m 57s 878ms
   Simulation Time (Active):        0h 0m 0s 368ms
        Queue Processing Time:      0h 0m 0s 277ms
             Scheduling Time:       0h 0m 0s 41ms
             Computation Time:      0h 0m 0s 10ms
   System Clock:                    0.1GHz
   Runtime:                         1037203 cycles
   Runtime:                         10372 us
   Stalls:                          0 cycles
   Executed Nodes:                  1037202 cycles

   ========= Kernel Validation Stats ==========
   Kernel validation enabled:       YES
   Configured latency per check:    8.367 us

   --- Access Breakdown ---
   Total memory accesses (validated): 3200
   Cache hits (0 latency):          3198
   Validation requests (full lat):  1
   Coalesced waits (partial lat):   1
   Validations denied:              0

   --- Latency Breakdown ---
   Validation request latency:      8.367 us
   Coalesced wait latency:          3.087 us
   TOTAL SECURITY OVERHEAD:         11.454 us
   Avg latency per validation:      8.367 us
   Avg latency per coalesced wait:  3.087 us
   Avg overhead per blocked access: 5.727 us

   --- Cache Statistics ---
   Processes with cached pages:     1
   Unique pages validated (total):  67
   Cache hit rate:                  99.9375%

********************************************************************************
system.lenet5_clstr.conv1.llvm_interface
Total Area: 6784.2
Total Power Static: 15677.5

Total Power Dynamic: 376721
   ========= Performance Analysis =============
   Setup Time:                      0h 0m 0s 3ms 894us
   Simulation Time (Total):         0h 5m 57s 886ms
   Simulation Time (Active):        0h 0m 8s 935ms
        Queue Processing Time:      0h 0m 8s 820ms
             Scheduling Time:       0h 0m 5s 420ms
             Computation Time:      0h 0m 0s 966ms
   System Clock:                    0.1GHz
   Runtime:                         1037214 cycles
   Runtime:                         10372.1 us
   Stalls:                          0 cycles
   Executed Nodes:                  1037213 cycles

   ========= Kernel Validation Stats ==========
   Kernel validation enabled:       YES
   Configured latency per check:    8.367 us

   --- Access Breakdown ---
   Total memory accesses (validated): 481600
   Cache hits (0 latency):          481597
   Validation requests (full lat):  3
   Coalesced waits (partial lat):   0
   Validations denied:              0

   --- Latency Breakdown ---
   Validation request latency:      25.101 us
   Coalesced wait latency:          0 us
   TOTAL SECURITY OVERHEAD:         25.101 us
   Avg latency per validation:      8.367 us
   Avg latency per coalesced wait:  0 us
   Avg overhead per blocked access: 8.367 us

   --- Cache Statistics ---
   Processes with cached pages:     1
   Unique pages validated (total):  67
   Cache hit rate:                  99.9994%

********************************************************************************
system.lenet5_clstr.pool1.llvm_interface
Total Area: 6693.54
Total Power Static: 40.6797

Total Power Dynamic: 769.272
   ========= Performance Analysis =============
   Setup Time:                      0h 0m 0s 0ms 830us
   Simulation Time (Total):         0h 5m 57s 867ms
   Simulation Time (Active):        0h 0m 0s 307ms
        Queue Processing Time:      0h 0m 0s 205ms
             Scheduling Time:       0h 0m 0s 32ms
             Computation Time:      0h 0m 0s 5ms
   System Clock:                    0.1GHz
   Runtime:                         1037193 cycles
   Runtime:                         10371.9 us
   Stalls:                          0 cycles
   Executed Nodes:                  1037192 cycles

   ========= Kernel Validation Stats ==========
   Kernel validation enabled:       YES
   Configured latency per check:    8.367 us

   --- Access Breakdown ---
   Total memory accesses (validated): 2000
   Cache hits (0 latency):          1999
   Validation requests (full lat):  1
   Coalesced waits (partial lat):   0
   Validations denied:              0

   --- Latency Breakdown ---
   Validation request latency:      8.367 us
   Coalesced wait latency:          0 us
   TOTAL SECURITY OVERHEAD:         8.367 us
   Avg latency per validation:      8.367 us
   Avg latency per coalesced wait:  0 us
   Avg overhead per blocked access: 8.367 us

   --- Cache Statistics ---
   Processes with cached pages:     1
   Unique pages validated (total):  67
   Cache hit rate:                  99.95%

********************************************************************************
system.lenet5_clstr.data_mover_3.llvm_interface
Total Area: 921.141
Total Power Static: 3.86689

Total Power Dynamic: 44.586
   ========= Performance Analysis =============
   Setup Time:                      0h 0m 0s 3ms 687us
   Simulation Time (Total):         0h 5m 57s 856ms
   Simulation Time (Active):        0h 0m 0s 216ms
        Queue Processing Time:      0h 0m 0s 118ms
             Scheduling Time:       0h 0m 0s 6ms
             Computation Time:      0h 0m 0s 1ms
   System Clock:                    0.1GHz
   Runtime:                         1037188 cycles
   Runtime:                         10371.9 us
   Stalls:                          0 cycles
   Executed Nodes:                  1037187 cycles

   ========= Kernel Validation Stats ==========
   Kernel validation enabled:       YES
   Configured latency per check:    8.367 us

   --- Access Breakdown ---
   Total memory accesses (validated): 800
   Cache hits (0 latency):          800
   Validation requests (full lat):  0
   Coalesced waits (partial lat):   0
   Validations denied:              0

   --- Latency Breakdown ---
   Validation request latency:      0 us
   Coalesced wait latency:          0 us
   TOTAL SECURITY OVERHEAD:         0 us
   Avg latency per validation:      0 us
   Avg latency per coalesced wait:  0 us
   Avg overhead per blocked access: 0 us

   --- Cache Statistics ---
   Processes with cached pages:     1
   Unique pages validated (total):  67
   Cache hit rate:                  100%

********************************************************************************
system.lenet5_clstr.conv2.llvm_interface
Total Area: 6066.43
Total Power Static: 2891.65

Total Power Dynamic: 75108.6
   ========= Performance Analysis =============
   Setup Time:                      0h 0m 0s 0ms 855us
   Simulation Time (Total):         0h 6m 5s 712ms
   Simulation Time (Active):        0h 0m 0s 944ms
        Queue Processing Time:      0h 0m 0s 837ms
             Scheduling Time:       0h 0m 0s 447ms
             Computation Time:      0h 0m 0s 88ms
   System Clock:                    0.1GHz
   Runtime:                         1187479 cycles
   Runtime:                         11874.8 us
   Stalls:                          0 cycles
   Executed Nodes:                  1187478 cycles

   ========= Kernel Validation Stats ==========
   Kernel validation enabled:       YES
   Configured latency per check:    8.367 us

   --- Access Breakdown ---
   Total memory accesses (validated): 96120
   Cache hits (0 latency):          96073
   Validation requests (full lat):  47
   Coalesced waits (partial lat):   0
   Validations denied:              0

   --- Latency Breakdown ---
   Validation request latency:      393.249 us
   Coalesced wait latency:          0 us
   TOTAL SECURITY OVERHEAD:         393.249 us
   Avg latency per validation:      8.367 us
   Avg latency per coalesced wait:  0 us
   Avg overhead per blocked access: 8.367 us

   --- Cache Statistics ---
   Processes with cached pages:     1
   Unique pages validated (total):  77
   Cache hit rate:                  99.9511%

********************************************************************************
system.lenet5_clstr.data_mover_4.llvm_interface
Total Area: 562.255
Total Power Static: 1.13697

Total Power Dynamic: 13.2473
   ========= Performance Analysis =============
   Setup Time:                      0h 0m 0s 0ms 429us
   Simulation Time (Total):         0h 6m 5s 700ms
   Simulation Time (Active):        0h 0m 0s 243ms
        Queue Processing Time:      0h 0m 0s 127ms
             Scheduling Time:       0h 0m 0s 0ms
             Computation Time:      0h 0m 0s 0ms
   System Clock:                    0.1GHz
   Runtime:                         1187470 cycles
   Runtime:                         11874.7 us
   Stalls:                          0 cycles
   Executed Nodes:                  1187469 cycles

   ========= Kernel Validation Stats ==========
   Kernel validation enabled:       YES
   Configured latency per check:    8.367 us

   --- Access Breakdown ---
   Total memory accesses (validated): 240
   Cache hits (0 latency):          240
   Validation requests (full lat):  0
   Coalesced waits (partial lat):   0
   Validations denied:              0

   --- Latency Breakdown ---
   Validation request latency:      0 us
   Coalesced wait latency:          0 us
   TOTAL SECURITY OVERHEAD:         0 us
   Avg latency per validation:      0 us
   Avg latency per coalesced wait:  0 us
   Avg overhead per blocked access: 0 us

   --- Cache Statistics ---
   Processes with cached pages:     1
   Unique pages validated (total):  77
   Cache hit rate:                  100%

********************************************************************************
system.lenet5_clstr.fc0.llvm_interface
Total Area: 5707.55
Total Power Static: 605.723

Total Power Dynamic: 15765.7
   ========= Performance Analysis =============
   Setup Time:                      0h 0m 0s 3ms 680us
   Simulation Time (Total):         0h 6m 6s 364ms
   Simulation Time (Active):        0h 0m 0s 347ms
        Queue Processing Time:      0h 0m 0s 235ms
             Scheduling Time:       0h 0m 0s 66ms
             Computation Time:      0h 0m 0s 14ms
   System Clock:                    0.1GHz
   Runtime:                         1217593 cycles
   Runtime:                         12175.9 us
   Stalls:                          0 cycles
   Executed Nodes:                  1217592 cycles

   ========= Kernel Validation Stats ==========
   Kernel validation enabled:       YES
   Configured latency per check:    8.367 us

   --- Access Breakdown ---
   Total memory accesses (validated): 20244
   Cache hits (0 latency):          20234
   Validation requests (full lat):  10
   Coalesced waits (partial lat):   0
   Validations denied:              0

   --- Latency Breakdown ---
   Validation request latency:      83.67 us
   Coalesced wait latency:          0 us
   TOTAL SECURITY OVERHEAD:         83.67 us
   Avg latency per validation:      8.367 us
   Avg latency per coalesced wait:  0 us
   Avg overhead per blocked access: 8.367 us

   --- Cache Statistics ---
   Processes with cached pages:     1
   Unique pages validated (total):  77
   Cache hit rate:                  99.9506%

********************************************************************************
system.lenet5_clstr.top.llvm_interface
Total Area: 251.85
Total Power Static: 53.2873

Total Power Dynamic: 261.863
   ========= Performance Analysis =============
   Setup Time:                      0h 0m 0s 1ms 694us
   Simulation Time (Total):         0h 6m 7s 24ms
   Simulation Time (Active):        0h 0m 1s 438ms
        Queue Processing Time:      0h 0m 1s 300ms
             Scheduling Time:       0h 0m 0s 522ms
             Computation Time:      0h 0m 0s 72ms
   System Clock:                    0.1GHz
   Runtime:                         1222622 cycles
   Runtime:                         12226.2 us
   Stalls:                          0 cycles
   Executed Nodes:                  1222621 cycles

   ========= Kernel Validation Stats ==========
   Kernel validation enabled:       YES
   Configured latency per check:    8.367 us

   --- Access Breakdown ---
   Total memory accesses (validated): 87217
   Cache hits (0 latency):          87201
   Validation requests (full lat):  6
   Coalesced waits (partial lat):   10
   Validations denied:              0

   --- Latency Breakdown ---
   Validation request latency:      50.202 us
   Coalesced wait latency:          83.67 us
   TOTAL SECURITY OVERHEAD:         133.872 us
   Avg latency per validation:      8.367 us
   Avg latency per coalesced wait:  8.367 us
   Avg overhead per blocked access: 8.367 us

   --- Cache Statistics ---
   Processes with cached pages:     1
   Unique pages validated (total):  77
   Cache hit rate:                  99.9817%

Exiting @ tick 12303023000 because m5_exit instruction encountered
