build/ARM/base/statistics.hh:277: warn: One of the stats is a legacy stat. Legacy stat is a stat that does not belong to any statistics::Group. Legacy stat is deprecated.
Global frequency set at 1000000000000 ticks per second
build/ARM/mem/mem_interface.cc:793: warn: DRAM device capacity (16384 Mbytes) does not match the address range assigned (4096 Mbytes)
build/ARM/sim/kernel_workload.cc:46: info: kernel located at: /gem5-SALAM/benchmarks/lenet/design_c/sw/main.elf
build/ARM/arch/arm/system.cc:95: warn: Highest ARM exception-level set to AArch64 but the workload is for AArch32. Assuming you wanted these to match.
build/ARM/base/vnc/vncserver.cc:163: warn: Sockets disabled, not accepting vnc client connections
build/ARM/dev/serial/terminal.cc:170: warn: Sockets disabled, not accepting terminal connections
build/ARM/base/remote_gdb.cc:377: warn: Sockets disabled, not accepting gdb connections
build/ARM/mem/coherent_xbar.cc:140: warn: CoherentXBar system.lenet5_clstr.coherency_bus has no snooping ports attached!
build/ARM/dev/arm/energy_ctrl.cc:252: warn: Existing EnergyCtrl, but no enabled DVFSHandler found.
gem5 Simulator System.  http://gem5.org
gem5 is copyrighted software; use the --copyright option for details.

gem5 version 21.1.0.1
gem5 compiled May  4 2026 18:12:38
gem5 started May  4 2026 18:13:29
gem5 executing on 3b7fb6fd27b8, pid 2580898
command line: /gem5-SALAM/build/ARM/gem5.opt --listener-mode=off --outdir=/gem5-SALAM/BM_ARM_OUT/run_all/lenet_c/iommu_e8_m100ns /gem5-SALAM/configs/SALAM/fs_lenet_c.py --mem-size=4GB --mem-type=DDR4_2400_8x8 --machine-type=VExpress_GEM5_V1 --dtb-file=none --bare-metal --cpu-type=DerivO3CPU --caches --l2cache --kernel=/gem5-SALAM/benchmarks/lenet/design_c/sw/main.elf --disk-image=/gem5-SALAM/benchmarks/common/fake.iso --accpath=/gem5-SALAM/benchmarks/lenet/design_c --accbench=lenet_c --enable-iommu --iotlb-entries 8 --iotlb-hit-latency 2000 --iotlb-miss-latency 100000

[HWAccConfig] IOMMU ENABLED: entries=8, hit_lat=2000, miss_lat=100000
[HWAccConfig] IOMMU ENABLED: entries=8, hit_lat=2000, miss_lat=100000
[HWAccConfig] IOMMU ENABLED: entries=8, hit_lat=2000, miss_lat=100000
[HWAccConfig] IOMMU ENABLED: entries=8, hit_lat=2000, miss_lat=100000
[HWAccConfig] IOMMU ENABLED: entries=8, hit_lat=2000, miss_lat=100000
[HWAccConfig] IOMMU ENABLED: entries=8, hit_lat=2000, miss_lat=100000
[HWAccConfig] IOMMU ENABLED: entries=8, hit_lat=2000, miss_lat=100000
[HWAccConfig] IOMMU ENABLED: entries=8, hit_lat=2000, miss_lat=100000
[HWAccConfig] IOMMU ENABLED: entries=8, hit_lat=2000, miss_lat=100000
[HWAccConfig] IOMMU ENABLED: entries=8, hit_lat=2000, miss_lat=100000
[HWAccConfig] IOMMU ENABLED: entries=8, hit_lat=2000, miss_lat=100000
[HWAccConfig] IOMMU ENABLED: entries=8, hit_lat=2000, miss_lat=100000
[HWAccConfig] IOMMU ENABLED: entries=8, hit_lat=2000, miss_lat=100000
**** REAL SIMULATION ****
warn: iobus.slave is deprecated. `slave` is now called `cpu_side_ports`
warn: bridge.master is deprecated. `master` is now called `mem_side_port`
warn: membus.master is deprecated. `master` is now called `mem_side_ports`
warn: bridge.slave is deprecated. `slave` is now called `cpu_side_port`
warn: membus.slave is deprecated. `slave` is now called `cpu_side_ports`
warn: tol2bus.master is deprecated. `master` is now called `mem_side_ports`
warn: membus.slave is deprecated. `slave` is now called `cpu_side_ports`
warn: tol2bus.slave is deprecated. `slave` is now called `cpu_side_ports`
warn: tol2bus.slave is deprecated. `slave` is now called `cpu_side_ports`
warn: tol2bus.slave is deprecated. `slave` is now called `cpu_side_ports`
warn: tol2bus.slave is deprecated. `slave` is now called `cpu_side_ports`
warn: membus.slave is deprecated. `slave` is now called `cpu_side_ports`
warn: coherency_bus.master is deprecated. `master` is now called `mem_side_ports`
warn: No dot file generated. Please install pydot to generate the dot file and pdf.
build/ARM/sim/simulate.cc:107: info: Entering event queue @ 0.  Starting simulation...
********************************************************************************
system.lenet5_clstr.data_mover_0.llvm_interface
Total Area: 2560.05
Total Power Static: 1249

Total Power Dynamic: 13797
   ========= Performance Analysis =============
   Setup Time:                      0h 0m 0s 6ms 364us
   Simulation Time (Total):         0h 2m 50s 827ms
   Simulation Time (Active):        0h 0m 3s 980ms
        Queue Processing Time:      0h 0m 3s 785ms
             Scheduling Time:       0h 0m 2s 216ms
             Computation Time:      0h 0m 0s 471ms
   System Clock:                    0.1GHz
   Runtime:                         1044098 cycles
   Runtime:                         10441 us
   Stalls:                          0 cycles
   Executed Nodes:                  1044097 cycles

   ========= Kernel Validation Stats ==========
   Kernel validation enabled:       NO
   Configured latency per check:    0 us

   --- Access Breakdown ---
   Total memory accesses (validated): 0
   Cache hits (0 latency):          0
   Validation requests (full lat):  0
     of which DMA-ctrl writes:      0
   Coalesced waits (partial lat):   0
   Validations denied:              0

   --- Latency Breakdown ---
   Validation request latency:      0 us
   Coalesced wait latency:          0 us
   TOTAL SECURITY OVERHEAD:         0 us
   Avg latency per validation:      0 us
   Avg latency per coalesced wait:  0 us
   Avg overhead per blocked access: 0 us

   --- Cache Statistics ---
   Processes with cached pages:     0
   Unique pages validated (total):  0
   Cache hit rate:                  0%

   ========= IOMMU Stats =====================
   IOMMU enabled:                   YES
   IOMMU SimObject:                 system.lenet5_clstr.iommu

   --- Access Breakdown ---
   Total IOMMU checks:              1564212
   IOTLB hits:                      1564156
   IOTLB misses (page walks):       56
   IOTLB hit rate:                  99.9964%

   --- Latency Breakdown ---
   TOTAL IOMMU OVERHEAD:            3133.91 us
   Avg latency per access:          0.00200351 us

********************************************************************************
system.lenet5_clstr.conv0.llvm_interface
Total Area: 6054.47
Total Power Static: 7131.27

Total Power Dynamic: 184286
   ========= Performance Analysis =============
   Setup Time:                      0h 0m 0s 0ms 731us
   Simulation Time (Total):         0h 2m 50s 826ms
   Simulation Time (Active):        0h 0m 5s 348ms
        Queue Processing Time:      0h 0m 5s 223ms
             Scheduling Time:       0h 0m 3s 282ms
             Computation Time:      0h 0m 0s 574ms
   System Clock:                    0.1GHz
   Runtime:                         1044090 cycles
   Runtime:                         10440.9 us
   Stalls:                          0 cycles
   Executed Nodes:                  1044089 cycles

   ========= Kernel Validation Stats ==========
   Kernel validation enabled:       NO
   Configured latency per check:    0 us

   --- Access Breakdown ---
   Total memory accesses (validated): 0
   Cache hits (0 latency):          0
   Validation requests (full lat):  0
     of which DMA-ctrl writes:      0
   Coalesced waits (partial lat):   0
   Validations denied:              0

   --- Latency Breakdown ---
   Validation request latency:      0 us
   Coalesced wait latency:          0 us
   TOTAL SECURITY OVERHEAD:         0 us
   Avg latency per validation:      0 us
   Avg latency per coalesced wait:  0 us
   Avg overhead per blocked access: 0 us

   --- Cache Statistics ---
   Processes with cached pages:     0
   Unique pages validated (total):  0
   Cache hit rate:                  0%

   ========= IOMMU Stats =====================
   IOMMU enabled:                   YES
   IOMMU SimObject:                 system.lenet5_clstr.iommu

   --- Access Breakdown ---
   Total IOMMU checks:              1564215
   IOTLB hits:                      1564159
   IOTLB misses (page walks):       56
   IOTLB hit rate:                  99.9964%

   --- Latency Breakdown ---
   TOTAL IOMMU OVERHEAD:            3133.92 us
   Avg latency per access:          0.00200351 us

********************************************************************************
system.lenet5_clstr.pool_mover_0.llvm_interface
Total Area: 780.105
Total Power Static: 38.3364

Total Power Dynamic: 304.907
   ========= Performance Analysis =============
   Setup Time:                      0h 0m 0s 0ms 659us
   Simulation Time (Total):         0h 2m 50s 817ms
   Simulation Time (Active):        0h 0m 0s 377ms
        Queue Processing Time:      0h 0m 0s 263ms
             Scheduling Time:       0h 0m 0s 94ms
             Computation Time:      0h 0m 0s 13ms
   System Clock:                    0.1GHz
   Runtime:                         1044080 cycles
   Runtime:                         10440.8 us
   Stalls:                          0 cycles
   Executed Nodes:                  1044079 cycles

   ========= Kernel Validation Stats ==========
   Kernel validation enabled:       NO
   Configured latency per check:    0 us

   --- Access Breakdown ---
   Total memory accesses (validated): 0
   Cache hits (0 latency):          0
   Validation requests (full lat):  0
     of which DMA-ctrl writes:      0
   Coalesced waits (partial lat):   0
   Validations denied:              0

   --- Latency Breakdown ---
   Validation request latency:      0 us
   Coalesced wait latency:          0 us
   TOTAL SECURITY OVERHEAD:         0 us
   Avg latency per validation:      0 us
   Avg latency per coalesced wait:  0 us
   Avg overhead per blocked access: 0 us

   --- Cache Statistics ---
   Processes with cached pages:     0
   Unique pages validated (total):  0
   Cache hit rate:                  0%

   ========= IOMMU Stats =====================
   IOMMU enabled:                   YES
   IOMMU SimObject:                 system.lenet5_clstr.iommu

   --- Access Breakdown ---
   Total IOMMU checks:              1564217
   IOTLB hits:                      1564161
   IOTLB misses (page walks):       56
   IOTLB hit rate:                  99.9964%

   --- Latency Breakdown ---
   TOTAL IOMMU OVERHEAD:            3133.92 us
   Avg latency per access:          0.00200351 us

********************************************************************************
system.lenet5_clstr.pool0.llvm_interface
Total Area: 6221.95
Total Power Static: 104.183

Total Power Dynamic: 2173.03
   ========= Performance Analysis =============
   Setup Time:                      0h 0m 0s 0ms 734us
   Simulation Time (Total):         0h 2m 56s 108ms
   Simulation Time (Active):        0h 0m 0s 456ms
        Queue Processing Time:      0h 0m 0s 306ms
             Scheduling Time:       0h 0m 0s 95ms
             Computation Time:      0h 0m 0s 28ms
   System Clock:                    0.1GHz
   Runtime:                         1116787 cycles
   Runtime:                         11167.9 us
   Stalls:                          0 cycles
   Executed Nodes:                  1116786 cycles

   ========= Kernel Validation Stats ==========
   Kernel validation enabled:       NO
   Configured latency per check:    0 us

   --- Access Breakdown ---
   Total memory accesses (validated): 0
   Cache hits (0 latency):          0
   Validation requests (full lat):  0
     of which DMA-ctrl writes:      0
   Coalesced waits (partial lat):   0
   Validations denied:              0

   --- Latency Breakdown ---
   Validation request latency:      0 us
   Coalesced wait latency:          0 us
   TOTAL SECURITY OVERHEAD:         0 us
   Avg latency per validation:      0 us
   Avg latency per coalesced wait:  0 us
   Avg overhead per blocked access: 0 us

   --- Cache Statistics ---
   Processes with cached pages:     0
   Unique pages validated (total):  0
   Cache hit rate:                  0%

   ========= IOMMU Stats =====================
   IOMMU enabled:                   YES
   IOMMU SimObject:                 system.lenet5_clstr.iommu

   --- Access Breakdown ---
   Total IOMMU checks:              1649230
   IOTLB hits:                      1649174
   IOTLB misses (page walks):       56
   IOTLB hit rate:                  99.9966%

   --- Latency Breakdown ---
   TOTAL IOMMU OVERHEAD:            3303.95 us
   Avg latency per access:          0.00200333 us

********************************************************************************
system.lenet5_clstr.data_mover_1.llvm_interface
Total Area: 3098.38
Total Power Static: 2424.96

Total Power Dynamic: 27394.9
   ========= Performance Analysis =============
   Setup Time:                      0h 0m 0s 1ms 596us
   Simulation Time (Total):         0h 3m 3s 637ms
   Simulation Time (Active):        0h 0m 5s 81ms
        Queue Processing Time:      0h 0m 4s 924ms
             Scheduling Time:       0h 0m 2s 884ms
             Computation Time:      0h 0m 0s 598ms
   System Clock:                    0.1GHz
   Runtime:                         1221120 cycles
   Runtime:                         12211.2 us
   Stalls:                          0 cycles
   Executed Nodes:                  1221119 cycles

   ========= Kernel Validation Stats ==========
   Kernel validation enabled:       NO
   Configured latency per check:    0 us

   --- Access Breakdown ---
   Total memory accesses (validated): 0
   Cache hits (0 latency):          0
   Validation requests (full lat):  0
     of which DMA-ctrl writes:      0
   Coalesced waits (partial lat):   0
   Validations denied:              0

   --- Latency Breakdown ---
   Validation request latency:      0 us
   Coalesced wait latency:          0 us
   TOTAL SECURITY OVERHEAD:         0 us
   Avg latency per validation:      0 us
   Avg latency per coalesced wait:  0 us
   Avg overhead per blocked access: 0 us

   --- Cache Statistics ---
   Processes with cached pages:     0
   Unique pages validated (total):  0
   Cache hit rate:                  0%

   ========= IOMMU Stats =====================
   IOMMU enabled:                   YES
   IOMMU SimObject:                 system.lenet5_clstr.iommu

   --- Access Breakdown ---
   Total IOMMU checks:              1772350
   IOTLB hits:                      1772294
   IOTLB misses (page walks):       56
   IOTLB hit rate:                  99.9968%

   --- Latency Breakdown ---
   TOTAL IOMMU OVERHEAD:            3550.19 us
   Avg latency per access:          0.0020031 us

********************************************************************************
system.lenet5_clstr.conv1.llvm_interface
Total Area: 6233.91
Total Power Static: 14530.9

Total Power Dynamic: 375959
   ========= Performance Analysis =============
   Setup Time:                      0h 0m 0s 0ms 963us
   Simulation Time (Total):         0h 3m 3s 633ms
   Simulation Time (Active):        0h 0m 7s 151ms
        Queue Processing Time:      0h 0m 7s 5ms
             Scheduling Time:       0h 0m 4s 405ms
             Computation Time:      0h 0m 0s 833ms
   System Clock:                    0.1GHz
   Runtime:                         1221112 cycles
   Runtime:                         12211.1 us
   Stalls:                          0 cycles
   Executed Nodes:                  1221111 cycles

   ========= Kernel Validation Stats ==========
   Kernel validation enabled:       NO
   Configured latency per check:    0 us

   --- Access Breakdown ---
   Total memory accesses (validated): 0
   Cache hits (0 latency):          0
   Validation requests (full lat):  0
     of which DMA-ctrl writes:      0
   Coalesced waits (partial lat):   0
   Validations denied:              0

   --- Latency Breakdown ---
   Validation request latency:      0 us
   Coalesced wait latency:          0 us
   TOTAL SECURITY OVERHEAD:         0 us
   Avg latency per validation:      0 us
   Avg latency per coalesced wait:  0 us
   Avg overhead per blocked access: 0 us

   --- Cache Statistics ---
   Processes with cached pages:     0
   Unique pages validated (total):  0
   Cache hit rate:                  0%

   ========= IOMMU Stats =====================
   IOMMU enabled:                   YES
   IOMMU SimObject:                 system.lenet5_clstr.iommu

   --- Access Breakdown ---
   Total IOMMU checks:              1772352
   IOTLB hits:                      1772296
   IOTLB misses (page walks):       56
   IOTLB hit rate:                  99.9968%

   --- Latency Breakdown ---
   TOTAL IOMMU OVERHEAD:            3550.19 us
   Avg latency per access:          0.0020031 us

********************************************************************************
system.lenet5_clstr.pool_mover_1.llvm_interface
Total Area: 780.105
Total Power Static: 12.6423

Total Power Dynamic: 101.338
   ========= Performance Analysis =============
   Setup Time:                      0h 0m 0s 0ms 520us
   Simulation Time (Total):         0h 3m 3s 632ms
   Simulation Time (Active):        0h 0m 0s 273ms
        Queue Processing Time:      0h 0m 0s 154ms
             Scheduling Time:       0h 0m 0s 25ms
             Computation Time:      0h 0m 0s 2ms
   System Clock:                    0.1GHz
   Runtime:                         1221102 cycles
   Runtime:                         12211 us
   Stalls:                          0 cycles
   Executed Nodes:                  1221101 cycles

   ========= Kernel Validation Stats ==========
   Kernel validation enabled:       NO
   Configured latency per check:    0 us

   --- Access Breakdown ---
   Total memory accesses (validated): 0
   Cache hits (0 latency):          0
   Validation requests (full lat):  0
     of which DMA-ctrl writes:      0
   Coalesced waits (partial lat):   0
   Validations denied:              0

   --- Latency Breakdown ---
   Validation request latency:      0 us
   Coalesced wait latency:          0 us
   TOTAL SECURITY OVERHEAD:         0 us
   Avg latency per validation:      0 us
   Avg latency per coalesced wait:  0 us
   Avg overhead per blocked access: 0 us

   --- Cache Statistics ---
   Processes with cached pages:     0
   Unique pages validated (total):  0
   Cache hit rate:                  0%

   ========= IOMMU Stats =====================
   IOMMU enabled:                   YES
   IOMMU SimObject:                 system.lenet5_clstr.iommu

   --- Access Breakdown ---
   Total IOMMU checks:              1772353
   IOTLB hits:                      1772297
   IOTLB misses (page walks):       56
   IOTLB hit rate:                  99.9968%

   --- Latency Breakdown ---
   TOTAL IOMMU OVERHEAD:            3550.19 us
   Avg latency per access:          0.0020031 us

********************************************************************************
system.lenet5_clstr.pool1.llvm_interface
Total Area: 6221.95
Total Power Static: 35.4349

Total Power Dynamic: 738.536
   ========= Performance Analysis =============
   Setup Time:                      0h 0m 0s 0ms 850us
   Simulation Time (Total):         0h 3m 3s 626ms
   Simulation Time (Active):        0h 0m 0s 295ms
        Queue Processing Time:      0h 0m 0s 160ms
             Scheduling Time:       0h 0m 0s 26ms
             Computation Time:      0h 0m 0s 5ms
   System Clock:                    0.1GHz
   Runtime:                         1221075 cycles
   Runtime:                         12210.8 us
   Stalls:                          0 cycles
   Executed Nodes:                  1221074 cycles

   ========= Kernel Validation Stats ==========
   Kernel validation enabled:       NO
   Configured latency per check:    0 us

   --- Access Breakdown ---
   Total memory accesses (validated): 0
   Cache hits (0 latency):          0
   Validation requests (full lat):  0
     of which DMA-ctrl writes:      0
   Coalesced waits (partial lat):   0
   Validations denied:              0

   --- Latency Breakdown ---
   Validation request latency:      0 us
   Coalesced wait latency:          0 us
   TOTAL SECURITY OVERHEAD:         0 us
   Avg latency per validation:      0 us
   Avg latency per coalesced wait:  0 us
   Avg overhead per blocked access: 0 us

   --- Cache Statistics ---
   Processes with cached pages:     0
   Unique pages validated (total):  0
   Cache hit rate:                  0%

   ========= IOMMU Stats =====================
   IOMMU enabled:                   YES
   IOMMU SimObject:                 system.lenet5_clstr.iommu

   --- Access Breakdown ---
   Total IOMMU checks:              1772353
   IOTLB hits:                      1772297
   IOTLB misses (page walks):       56
   IOTLB hit rate:                  99.9968%

   --- Latency Breakdown ---
   TOTAL IOMMU OVERHEAD:            3550.19 us
   Avg latency per access:          0.0020031 us

********************************************************************************
system.lenet5_clstr.data_mover_2.llvm_interface
Total Area: 1830.32
Total Power Static: 467.516

Total Power Dynamic: 5377.4
   ========= Performance Analysis =============
   Setup Time:                      0h 0m 0s 0ms 931us
   Simulation Time (Total):         0h 3m 14s 878ms
   Simulation Time (Active):        0h 0m 0s 757ms
        Queue Processing Time:      0h 0m 0s 610ms
             Scheduling Time:       0h 0m 0s 308ms
             Computation Time:      0h 0m 0s 66ms
   System Clock:                    0.1GHz
   Runtime:                         1463934 cycles
   Runtime:                         14639.3 us
   Stalls:                          0 cycles
   Executed Nodes:                  1463933 cycles

   ========= Kernel Validation Stats ==========
   Kernel validation enabled:       NO
   Configured latency per check:    0 us

   --- Access Breakdown ---
   Total memory accesses (validated): 0
   Cache hits (0 latency):          0
   Validation requests (full lat):  0
     of which DMA-ctrl writes:      0
   Coalesced waits (partial lat):   0
   Validations denied:              0

   --- Latency Breakdown ---
   Validation request latency:      0 us
   Coalesced wait latency:          0 us
   TOTAL SECURITY OVERHEAD:         0 us
   Avg latency per validation:      0 us
   Avg latency per coalesced wait:  0 us
   Avg overhead per blocked access: 0 us

   --- Cache Statistics ---
   Processes with cached pages:     0
   Unique pages validated (total):  0
   Cache hit rate:                  0%

   ========= IOMMU Stats =====================
   IOMMU enabled:                   YES
   IOMMU SimObject:                 system.lenet5_clstr.iommu

   --- Access Breakdown ---
   Total IOMMU checks:              2014483
   IOTLB hits:                      2008907
   IOTLB misses (page walks):       5576
   IOTLB hit rate:                  99.7232%

   --- Latency Breakdown ---
   TOTAL IOMMU OVERHEAD:            4575.41 us
   Avg latency per access:          0.00227126 us

********************************************************************************
system.lenet5_clstr.conv2.llvm_interface
Total Area: 5875.03
Total Power Static: 2891.36

Total Power Dynamic: 75102.9
   ========= Performance Analysis =============
   Setup Time:                      0h 0m 0s 0ms 842us
   Simulation Time (Total):         0h 3m 14s 869ms
   Simulation Time (Active):        0h 0m 1s 36ms
        Queue Processing Time:      0h 0m 0s 873ms
             Scheduling Time:       0h 0m 0s 490ms
             Computation Time:      0h 0m 0s 97ms
   System Clock:                    0.1GHz
   Runtime:                         1463916 cycles
   Runtime:                         14639.2 us
   Stalls:                          0 cycles
   Executed Nodes:                  1463915 cycles

   ========= Kernel Validation Stats ==========
   Kernel validation enabled:       NO
   Configured latency per check:    0 us

   --- Access Breakdown ---
   Total memory accesses (validated): 0
   Cache hits (0 latency):          0
   Validation requests (full lat):  0
     of which DMA-ctrl writes:      0
   Coalesced waits (partial lat):   0
   Validations denied:              0

   --- Latency Breakdown ---
   Validation request latency:      0 us
   Coalesced wait latency:          0 us
   TOTAL SECURITY OVERHEAD:         0 us
   Avg latency per validation:      0 us
   Avg latency per coalesced wait:  0 us
   Avg overhead per blocked access: 0 us

   --- Cache Statistics ---
   Processes with cached pages:     0
   Unique pages validated (total):  0
   Cache hit rate:                  0%

   ========= IOMMU Stats =====================
   IOMMU enabled:                   YES
   IOMMU SimObject:                 system.lenet5_clstr.iommu

   --- Access Breakdown ---
   Total IOMMU checks:              2014487
   IOTLB hits:                      2008911
   IOTLB misses (page walks):       5576
   IOTLB hit rate:                  99.7232%

   --- Latency Breakdown ---
   TOTAL IOMMU OVERHEAD:            4575.42 us
   Avg latency per access:          0.00227126 us

********************************************************************************
system.lenet5_clstr.data_mover_3.llvm_interface
Total Area: 1112.55
Total Power Static: 96.7562

Total Power Dynamic: 1121.45
   ========= Performance Analysis =============
   Setup Time:                      0h 0m 0s 0ms 639us
   Simulation Time (Total):         0h 3m 15s 898ms
   Simulation Time (Active):        0h 0m 0s 355ms
        Queue Processing Time:      0h 0m 0s 186ms
             Scheduling Time:       0h 0m 0s 46ms
             Computation Time:      0h 0m 0s 11ms
   System Clock:                    0.1GHz
   Runtime:                         1501585 cycles
   Runtime:                         15015.9 us
   Stalls:                          0 cycles
   Executed Nodes:                  1501584 cycles

   ========= Kernel Validation Stats ==========
   Kernel validation enabled:       NO
   Configured latency per check:    0 us

   --- Access Breakdown ---
   Total memory accesses (validated): 0
   Cache hits (0 latency):          0
   Validation requests (full lat):  0
     of which DMA-ctrl writes:      0
   Coalesced waits (partial lat):   0
   Validations denied:              0

   --- Latency Breakdown ---
   Validation request latency:      0 us
   Coalesced wait latency:          0 us
   TOTAL SECURITY OVERHEAD:         0 us
   Avg latency per validation:      0 us
   Avg latency per coalesced wait:  0 us
   Avg overhead per blocked access: 0 us

   --- Cache Statistics ---
   Processes with cached pages:     0
   Unique pages validated (total):  0
   Cache hit rate:                  0%

   ========= IOMMU Stats =====================
   IOMMU enabled:                   YES
   IOMMU SimObject:                 system.lenet5_clstr.iommu

   --- Access Breakdown ---
   Total IOMMU checks:              2062568
   IOTLB hits:                      2056238
   IOTLB misses (page walks):       6330
   IOTLB hit rate:                  99.6931%

   --- Latency Breakdown ---
   TOTAL IOMMU OVERHEAD:            4745.48 us
   Avg latency per access:          0.00230076 us

********************************************************************************
system.lenet5_clstr.fc0.llvm_interface
Total Area: 5516.14
Total Power Static: 605.722

Total Power Dynamic: 15761.6
   ========= Performance Analysis =============
   Setup Time:                      0h 0m 0s 0ms 703us
   Simulation Time (Total):         0h 3m 15s 901ms
   Simulation Time (Active):        0h 0m 0s 406ms
        Queue Processing Time:      0h 0m 0s 239ms
             Scheduling Time:       0h 0m 0s 78ms
             Computation Time:      0h 0m 0s 16ms
   System Clock:                    0.1GHz
   Runtime:                         1501989 cycles
   Runtime:                         15019.9 us
   Stalls:                          0 cycles
   Executed Nodes:                  1501988 cycles

   ========= Kernel Validation Stats ==========
   Kernel validation enabled:       NO
   Configured latency per check:    0 us

   --- Access Breakdown ---
   Total memory accesses (validated): 0
   Cache hits (0 latency):          0
   Validation requests (full lat):  0
     of which DMA-ctrl writes:      0
   Coalesced waits (partial lat):   0
   Validations denied:              0

   --- Latency Breakdown ---
   Validation request latency:      0 us
   Coalesced wait latency:          0 us
   TOTAL SECURITY OVERHEAD:         0 us
   Avg latency per validation:      0 us
   Avg latency per coalesced wait:  0 us
   Avg overhead per blocked access: 0 us

   --- Cache Statistics ---
   Processes with cached pages:     0
   Unique pages validated (total):  0
   Cache hit rate:                  0%

   ========= IOMMU Stats =====================
   IOMMU enabled:                   YES
   IOMMU SimObject:                 system.lenet5_clstr.iommu

   --- Access Breakdown ---
   Total IOMMU checks:              2062889
   IOTLB hits:                      2056551
   IOTLB misses (page walks):       6338
   IOTLB hit rate:                  99.6928%

   --- Latency Breakdown ---
   TOTAL IOMMU OVERHEAD:            4746.9 us
   Avg latency per access:          0.00230109 us

********************************************************************************
system.lenet5_clstr.top.llvm_interface
Total Area: 201.48
Total Power Static: 222.753

Total Power Dynamic: 1094.64
   ========= Performance Analysis =============
   Setup Time:                      0h 0m 0s 1ms 300us
   Simulation Time (Total):         0h 3m 17s 491ms
   Simulation Time (Active):        0h 0m 2s 968ms
        Queue Processing Time:      0h 0m 2s 807ms
             Scheduling Time:       0h 0m 1s 298ms
             Computation Time:      0h 0m 0s 164ms
   System Clock:                    0.1GHz
   Runtime:                         1522896 cycles
   Runtime:                         15229 us
   Stalls:                          0 cycles
   Executed Nodes:                  1522895 cycles

   ========= Kernel Validation Stats ==========
   Kernel validation enabled:       NO
   Configured latency per check:    0 us

   --- Access Breakdown ---
   Total memory accesses (validated): 0
   Cache hits (0 latency):          0
   Validation requests (full lat):  0
     of which DMA-ctrl writes:      0
   Coalesced waits (partial lat):   0
   Validations denied:              0

   --- Latency Breakdown ---
   Validation request latency:      0 us
   Coalesced wait latency:          0 us
   TOTAL SECURITY OVERHEAD:         0 us
   Avg latency per validation:      0 us
   Avg latency per coalesced wait:  0 us
   Avg overhead per blocked access: 0 us

   --- Cache Statistics ---
   Processes with cached pages:     0
   Unique pages validated (total):  0
   Cache hit rate:                  0%

   ========= IOMMU Stats =====================
   IOMMU enabled:                   YES
   IOMMU SimObject:                 system.lenet5_clstr.iommu

   --- Access Breakdown ---
   Total IOMMU checks:              2062892
   IOTLB hits:                      2056553
   IOTLB misses (page walks):       6339
   IOTLB hit rate:                  99.6927%

   --- Latency Breakdown ---
   TOTAL IOMMU OVERHEAD:            4747.01 us
   Avg latency per access:          0.00230114 us

Exiting @ tick 15279143000 because m5_exit instruction encountered
