build/ARM/base/statistics.hh:277: warn: One of the stats is a legacy stat. Legacy stat is a stat that does not belong to any statistics::Group. Legacy stat is deprecated.
Global frequency set at 1000000000000 ticks per second
build/ARM/mem/mem_interface.cc:793: warn: DRAM device capacity (16384 Mbytes) does not match the address range assigned (4096 Mbytes)
build/ARM/sim/kernel_workload.cc:46: info: kernel located at: /gem5-SALAM/benchmarks/lenet/design_b/sw/main.elf
build/ARM/arch/arm/system.cc:95: warn: Highest ARM exception-level set to AArch64 but the workload is for AArch32. Assuming you wanted these to match.
build/ARM/base/vnc/vncserver.cc:163: warn: Sockets disabled, not accepting vnc client connections
build/ARM/dev/serial/terminal.cc:170: warn: Sockets disabled, not accepting terminal connections
build/ARM/base/remote_gdb.cc:377: warn: Sockets disabled, not accepting gdb connections
build/ARM/mem/coherent_xbar.cc:140: warn: CoherentXBar system.lenet5_clstr.coherency_bus has no snooping ports attached!
build/ARM/dev/arm/energy_ctrl.cc:252: warn: Existing EnergyCtrl, but no enabled DVFSHandler found.
gem5 Simulator System.  http://gem5.org
gem5 is copyrighted software; use the --copyright option for details.

gem5 version 21.1.0.1
gem5 compiled May  2 2026 19:55:51
gem5 started May  3 2026 00:10:55
gem5 executing on 3b7fb6fd27b8, pid 1113875
command line: /gem5-SALAM/build/ARM/gem5.opt --listener-mode=off --outdir=/gem5-SALAM/BM_ARM_OUT/run_all/lenet_b/iommu_e64_m500ns /gem5-SALAM/configs/SALAM/fs_lenet_b.py --mem-size=4GB --mem-type=DDR4_2400_8x8 --machine-type=VExpress_GEM5_V1 --dtb-file=none --bare-metal --cpu-type=DerivO3CPU --caches --l2cache --kernel=/gem5-SALAM/benchmarks/lenet/design_b/sw/main.elf --disk-image=/gem5-SALAM/benchmarks/common/fake.iso --accpath=/gem5-SALAM/benchmarks/lenet/design_b --accbench=lenet_b --enable-iommu --iotlb-entries 64 --iotlb-hit-latency 2000 --iotlb-miss-latency 500000

[HWAccConfig] IOMMU ENABLED: entries=64, hit_lat=2000, miss_lat=500000
[HWAccConfig] IOMMU ENABLED: entries=64, hit_lat=2000, miss_lat=500000
[HWAccConfig] IOMMU ENABLED: entries=64, hit_lat=2000, miss_lat=500000
[HWAccConfig] IOMMU ENABLED: entries=64, hit_lat=2000, miss_lat=500000
[HWAccConfig] IOMMU ENABLED: entries=64, hit_lat=2000, miss_lat=500000
[HWAccConfig] IOMMU ENABLED: entries=64, hit_lat=2000, miss_lat=500000
[HWAccConfig] IOMMU ENABLED: entries=64, hit_lat=2000, miss_lat=500000
[HWAccConfig] IOMMU ENABLED: entries=64, hit_lat=2000, miss_lat=500000
[HWAccConfig] IOMMU ENABLED: entries=64, hit_lat=2000, miss_lat=500000
[HWAccConfig] IOMMU ENABLED: entries=64, hit_lat=2000, miss_lat=500000
[HWAccConfig] IOMMU ENABLED: entries=64, hit_lat=2000, miss_lat=500000
[HWAccConfig] IOMMU ENABLED: entries=64, hit_lat=2000, miss_lat=500000
**** REAL SIMULATION ****
warn: iobus.slave is deprecated. `slave` is now called `cpu_side_ports`
warn: bridge.master is deprecated. `master` is now called `mem_side_port`
warn: membus.master is deprecated. `master` is now called `mem_side_ports`
warn: bridge.slave is deprecated. `slave` is now called `cpu_side_port`
warn: membus.slave is deprecated. `slave` is now called `cpu_side_ports`
warn: tol2bus.master is deprecated. `master` is now called `mem_side_ports`
warn: membus.slave is deprecated. `slave` is now called `cpu_side_ports`
warn: tol2bus.slave is deprecated. `slave` is now called `cpu_side_ports`
warn: tol2bus.slave is deprecated. `slave` is now called `cpu_side_ports`
warn: tol2bus.slave is deprecated. `slave` is now called `cpu_side_ports`
warn: tol2bus.slave is deprecated. `slave` is now called `cpu_side_ports`
warn: membus.slave is deprecated. `slave` is now called `cpu_side_ports`
warn: coherency_bus.master is deprecated. `master` is now called `mem_side_ports`
warn: No dot file generated. Please install pydot to generate the dot file and pdf.
build/ARM/sim/simulate.cc:107: info: Entering event queue @ 0.  Starting simulation...
********************************************************************************
system.lenet5_clstr.conv0.llvm_interface
Total Area: 6604.76
Total Power Static: 7702.37

Total Power Dynamic: 186527
   ========= Performance Analysis =============
   Setup Time:                      0h 0m 0s 0ms 971us
   Simulation Time (Total):         0h 3m 35s 483ms
   Simulation Time (Active):        0h 0m 6s 171ms
        Queue Processing Time:      0h 0m 6s 75ms
             Scheduling Time:       0h 0m 3s 479ms
             Computation Time:      0h 0m 0s 676ms
   System Clock:                    0.1GHz
   Runtime:                         534682 cycles
   Runtime:                         5346.82 us
   Stalls:                          0 cycles
   Executed Nodes:                  534681 cycles

   ========= Kernel Validation Stats ==========
   Kernel validation enabled:       NO
   Configured latency per check:    0 us

   --- Access Breakdown ---
   Total memory accesses (validated): 0
   Cache hits (0 latency):          0
   Validation requests (full lat):  0
   Coalesced waits (partial lat):   0
   Validations denied:              0

   --- Latency Breakdown ---
   Validation request latency:      0 us
   Coalesced wait latency:          0 us
   TOTAL SECURITY OVERHEAD:         0 us
   Avg latency per validation:      0 us
   Avg latency per coalesced wait:  0 us
   Avg overhead per blocked access: 0 us

   --- Cache Statistics ---
   Processes with cached pages:     0
   Unique pages validated (total):  0
   Cache hit rate:                  0%

   ========= IOMMU Stats =====================
   IOMMU enabled:                   YES
   IOMMU SimObject:                 system.lenet5_clstr.iommu

   --- Access Breakdown ---
   Total IOMMU checks:              497238
   IOTLB hits:                      497199
   IOTLB misses (page walks):       39
   IOTLB hit rate:                  99.9922%

   --- Latency Breakdown ---
   TOTAL IOMMU OVERHEAD:            1013.9 us
   Avg latency per access:          0.00203906 us

********************************************************************************
system.lenet5_clstr.data_mover_0.llvm_interface
Total Area: 921.141
Total Power Static: 46.5935

Total Power Dynamic: 530.888
   ========= Performance Analysis =============
   Setup Time:                      0h 0m 0s 0ms 632us
   Simulation Time (Total):         0h 3m 35s 474ms
   Simulation Time (Active):        0h 0m 0s 278ms
        Queue Processing Time:      0h 0m 0s 222ms
             Scheduling Time:       0h 0m 0s 95ms
             Computation Time:      0h 0m 0s 14ms
   System Clock:                    0.1GHz
   Runtime:                         534632 cycles
   Runtime:                         5346.32 us
   Stalls:                          0 cycles
   Executed Nodes:                  534631 cycles

   ========= Kernel Validation Stats ==========
   Kernel validation enabled:       NO
   Configured latency per check:    0 us

   --- Access Breakdown ---
   Total memory accesses (validated): 0
   Cache hits (0 latency):          0
   Validation requests (full lat):  0
   Coalesced waits (partial lat):   0
   Validations denied:              0

   --- Latency Breakdown ---
   Validation request latency:      0 us
   Coalesced wait latency:          0 us
   TOTAL SECURITY OVERHEAD:         0 us
   Avg latency per validation:      0 us
   Avg latency per coalesced wait:  0 us
   Avg overhead per blocked access: 0 us

   --- Cache Statistics ---
   Processes with cached pages:     0
   Unique pages validated (total):  0
   Cache hit rate:                  0%

   ========= IOMMU Stats =====================
   IOMMU enabled:                   YES
   IOMMU SimObject:                 system.lenet5_clstr.iommu

   --- Access Breakdown ---
   Total IOMMU checks:              497239
   IOTLB hits:                      497200
   IOTLB misses (page walks):       39
   IOTLB hit rate:                  99.9922%

   --- Latency Breakdown ---
   TOTAL IOMMU OVERHEAD:            1013.9 us
   Avg latency per access:          0.00203906 us

********************************************************************************
system.lenet5_clstr.pool0.llvm_interface
Total Area: 6693.54
Total Power Static: 119.603

Total Power Dynamic: 2263.76
   ========= Performance Analysis =============
   Setup Time:                      0h 0m 0s 0ms 955us
   Simulation Time (Total):         0h 3m 35s 458ms
   Simulation Time (Active):        0h 0m 0s 308ms
        Queue Processing Time:      0h 0m 0s 249ms
             Scheduling Time:       0h 0m 0s 112ms
             Computation Time:      0h 0m 0s 18ms
   System Clock:                    0.1GHz
   Runtime:                         534573 cycles
   Runtime:                         5345.73 us
   Stalls:                          0 cycles
   Executed Nodes:                  534572 cycles

   ========= Kernel Validation Stats ==========
   Kernel validation enabled:       NO
   Configured latency per check:    0 us

   --- Access Breakdown ---
   Total memory accesses (validated): 0
   Cache hits (0 latency):          0
   Validation requests (full lat):  0
   Coalesced waits (partial lat):   0
   Validations denied:              0

   --- Latency Breakdown ---
   Validation request latency:      0 us
   Coalesced wait latency:          0 us
   TOTAL SECURITY OVERHEAD:         0 us
   Avg latency per validation:      0 us
   Avg latency per coalesced wait:  0 us
   Avg overhead per blocked access: 0 us

   --- Cache Statistics ---
   Processes with cached pages:     0
   Unique pages validated (total):  0
   Cache hit rate:                  0%

   ========= IOMMU Stats =====================
   IOMMU enabled:                   YES
   IOMMU SimObject:                 system.lenet5_clstr.iommu

   --- Access Breakdown ---
   Total IOMMU checks:              497242
   IOTLB hits:                      497203
   IOTLB misses (page walks):       39
   IOTLB hit rate:                  99.9922%

   --- Latency Breakdown ---
   TOTAL IOMMU OVERHEAD:            1013.91 us
   Avg latency per access:          0.00203906 us

********************************************************************************
system.lenet5_clstr.data_mover_1.llvm_interface
Total Area: 921.141
Total Power Static: 11.6632

Total Power Dynamic: 132.822
   ========= Performance Analysis =============
   Setup Time:                      0h 0m 0s 0ms 494us
   Simulation Time (Total):         0h 3m 35s 457ms
   Simulation Time (Active):        0h 0m 0s 163ms
        Queue Processing Time:      0h 0m 0s 93ms
             Scheduling Time:       0h 0m 0s 17ms
             Computation Time:      0h 0m 0s 3ms
   System Clock:                    0.1GHz
   Runtime:                         534568 cycles
   Runtime:                         5345.68 us
   Stalls:                          0 cycles
   Executed Nodes:                  534567 cycles

   ========= Kernel Validation Stats ==========
   Kernel validation enabled:       NO
   Configured latency per check:    0 us

   --- Access Breakdown ---
   Total memory accesses (validated): 0
   Cache hits (0 latency):          0
   Validation requests (full lat):  0
   Coalesced waits (partial lat):   0
   Validations denied:              0

   --- Latency Breakdown ---
   Validation request latency:      0 us
   Coalesced wait latency:          0 us
   TOTAL SECURITY OVERHEAD:         0 us
   Avg latency per validation:      0 us
   Avg latency per coalesced wait:  0 us
   Avg overhead per blocked access: 0 us

   --- Cache Statistics ---
   Processes with cached pages:     0
   Unique pages validated (total):  0
   Cache hit rate:                  0%

   ========= IOMMU Stats =====================
   IOMMU enabled:                   YES
   IOMMU SimObject:                 system.lenet5_clstr.iommu

   --- Access Breakdown ---
   Total IOMMU checks:              497247
   IOTLB hits:                      497208
   IOTLB misses (page walks):       39
   IOTLB hit rate:                  99.9922%

   --- Latency Breakdown ---
   TOTAL IOMMU OVERHEAD:            1013.92 us
   Avg latency per access:          0.00203906 us

********************************************************************************
system.lenet5_clstr.data_mover_2.llvm_interface
Total Area: 921.141
Total Power Static: 15.4509

Total Power Dynamic: 178.201
   ========= Performance Analysis =============
   Setup Time:                      0h 0m 0s 0ms 672us
   Simulation Time (Total):         0h 4m 46s 365ms
   Simulation Time (Active):        0h 0m 0s 218ms
        Queue Processing Time:      0h 0m 0s 125ms
             Scheduling Time:       0h 0m 0s 18ms
             Computation Time:      0h 0m 0s 3ms
   System Clock:                    0.1GHz
   Runtime:                         1041729 cycles
   Runtime:                         10417.3 us
   Stalls:                          0 cycles
   Executed Nodes:                  1041728 cycles

   ========= Kernel Validation Stats ==========
   Kernel validation enabled:       NO
   Configured latency per check:    0 us

   --- Access Breakdown ---
   Total memory accesses (validated): 0
   Cache hits (0 latency):          0
   Validation requests (full lat):  0
   Coalesced waits (partial lat):   0
   Validations denied:              0

   --- Latency Breakdown ---
   Validation request latency:      0 us
   Coalesced wait latency:          0 us
   TOTAL SECURITY OVERHEAD:         0 us
   Avg latency per validation:      0 us
   Avg latency per coalesced wait:  0 us
   Avg overhead per blocked access: 0 us

   --- Cache Statistics ---
   Processes with cached pages:     0
   Unique pages validated (total):  0
   Cache hit rate:                  0%

   ========= IOMMU Stats =====================
   IOMMU enabled:                   YES
   IOMMU SimObject:                 system.lenet5_clstr.iommu

   --- Access Breakdown ---
   Total IOMMU checks:              820382
   IOTLB hits:                      820315
   IOTLB misses (page walks):       67
   IOTLB hit rate:                  99.9918%

   --- Latency Breakdown ---
   TOTAL IOMMU OVERHEAD:            1674.13 us
   Avg latency per access:          0.00204067 us

********************************************************************************
system.lenet5_clstr.conv1.llvm_interface
Total Area: 6784.2
Total Power Static: 15677.5

Total Power Dynamic: 376721
   ========= Performance Analysis =============
   Setup Time:                      0h 0m 0s 7ms 135us
   Simulation Time (Total):         0h 4m 46s 391ms
   Simulation Time (Active):        0h 0m 5s 775ms
        Queue Processing Time:      0h 0m 5s 665ms
             Scheduling Time:       0h 0m 3s 390ms
             Computation Time:      0h 0m 0s 645ms
   System Clock:                    0.1GHz
   Runtime:                         1041780 cycles
   Runtime:                         10417.8 us
   Stalls:                          0 cycles
   Executed Nodes:                  1041779 cycles

   ========= Kernel Validation Stats ==========
   Kernel validation enabled:       NO
   Configured latency per check:    0 us

   --- Access Breakdown ---
   Total memory accesses (validated): 0
   Cache hits (0 latency):          0
   Validation requests (full lat):  0
   Coalesced waits (partial lat):   0
   Validations denied:              0

   --- Latency Breakdown ---
   Validation request latency:      0 us
   Coalesced wait latency:          0 us
   TOTAL SECURITY OVERHEAD:         0 us
   Avg latency per validation:      0 us
   Avg latency per coalesced wait:  0 us
   Avg overhead per blocked access: 0 us

   --- Cache Statistics ---
   Processes with cached pages:     0
   Unique pages validated (total):  0
   Cache hit rate:                  0%

   ========= IOMMU Stats =====================
   IOMMU enabled:                   YES
   IOMMU SimObject:                 system.lenet5_clstr.iommu

   --- Access Breakdown ---
   Total IOMMU checks:              820382
   IOTLB hits:                      820315
   IOTLB misses (page walks):       67
   IOTLB hit rate:                  99.9918%

   --- Latency Breakdown ---
   TOTAL IOMMU OVERHEAD:            1674.13 us
   Avg latency per access:          0.00204067 us

********************************************************************************
system.lenet5_clstr.pool1.llvm_interface
Total Area: 6693.54
Total Power Static: 40.6797

Total Power Dynamic: 769.272
   ========= Performance Analysis =============
   Setup Time:                      0h 0m 0s 10ms 27us
   Simulation Time (Total):         0h 4m 46s 290ms
   Simulation Time (Active):        0h 0m 0s 250ms
        Queue Processing Time:      0h 0m 0s 145ms
             Scheduling Time:       0h 0m 0s 22ms
             Computation Time:      0h 0m 0s 4ms
   System Clock:                    0.1GHz
   Runtime:                         1041669 cycles
   Runtime:                         10416.7 us
   Stalls:                          0 cycles
   Executed Nodes:                  1041668 cycles

   ========= Kernel Validation Stats ==========
   Kernel validation enabled:       NO
   Configured latency per check:    0 us

   --- Access Breakdown ---
   Total memory accesses (validated): 0
   Cache hits (0 latency):          0
   Validation requests (full lat):  0
   Coalesced waits (partial lat):   0
   Validations denied:              0

   --- Latency Breakdown ---
   Validation request latency:      0 us
   Coalesced wait latency:          0 us
   TOTAL SECURITY OVERHEAD:         0 us
   Avg latency per validation:      0 us
   Avg latency per coalesced wait:  0 us
   Avg overhead per blocked access: 0 us

   --- Cache Statistics ---
   Processes with cached pages:     0
   Unique pages validated (total):  0
   Cache hit rate:                  0%

   ========= IOMMU Stats =====================
   IOMMU enabled:                   YES
   IOMMU SimObject:                 system.lenet5_clstr.iommu

   --- Access Breakdown ---
   Total IOMMU checks:              820382
   IOTLB hits:                      820315
   IOTLB misses (page walks):       67
   IOTLB hit rate:                  99.9918%

   --- Latency Breakdown ---
   TOTAL IOMMU OVERHEAD:            1674.13 us
   Avg latency per access:          0.00204067 us

********************************************************************************
system.lenet5_clstr.data_mover_3.llvm_interface
Total Area: 921.141
Total Power Static: 3.86689

Total Power Dynamic: 44.586
   ========= Performance Analysis =============
   Setup Time:                      0h 0m 0s 0ms 655us
   Simulation Time (Total):         0h 4m 46s 277ms
   Simulation Time (Active):        0h 0m 0s 180ms
        Queue Processing Time:      0h 0m 0s 97ms
             Scheduling Time:       0h 0m 0s 4ms
             Computation Time:      0h 0m 0s 0ms
   System Clock:                    0.1GHz
   Runtime:                         1041664 cycles
   Runtime:                         10416.6 us
   Stalls:                          0 cycles
   Executed Nodes:                  1041663 cycles

   ========= Kernel Validation Stats ==========
   Kernel validation enabled:       NO
   Configured latency per check:    0 us

   --- Access Breakdown ---
   Total memory accesses (validated): 0
   Cache hits (0 latency):          0
   Validation requests (full lat):  0
   Coalesced waits (partial lat):   0
   Validations denied:              0

   --- Latency Breakdown ---
   Validation request latency:      0 us
   Coalesced wait latency:          0 us
   TOTAL SECURITY OVERHEAD:         0 us
   Avg latency per validation:      0 us
   Avg latency per coalesced wait:  0 us
   Avg overhead per blocked access: 0 us

   --- Cache Statistics ---
   Processes with cached pages:     0
   Unique pages validated (total):  0
   Cache hit rate:                  0%

   ========= IOMMU Stats =====================
   IOMMU enabled:                   YES
   IOMMU SimObject:                 system.lenet5_clstr.iommu

   --- Access Breakdown ---
   Total IOMMU checks:              820384
   IOTLB hits:                      820317
   IOTLB misses (page walks):       67
   IOTLB hit rate:                  99.9918%

   --- Latency Breakdown ---
   TOTAL IOMMU OVERHEAD:            1674.13 us
   Avg latency per access:          0.00204067 us

********************************************************************************
system.lenet5_clstr.conv2.llvm_interface
Total Area: 6066.43
Total Power Static: 2891.65

Total Power Dynamic: 75108.6
   ========= Performance Analysis =============
   Setup Time:                      0h 0m 0s 0ms 851us
   Simulation Time (Total):         0h 4m 54s 741ms
   Simulation Time (Active):        0h 0m 0s 934ms
        Queue Processing Time:      0h 0m 0s 827ms
             Scheduling Time:       0h 0m 0s 456ms
             Computation Time:      0h 0m 0s 88ms
   System Clock:                    0.1GHz
   Runtime:                         1192383 cycles
   Runtime:                         11923.8 us
   Stalls:                          0 cycles
   Executed Nodes:                  1192382 cycles

   ========= Kernel Validation Stats ==========
   Kernel validation enabled:       NO
   Configured latency per check:    0 us

   --- Access Breakdown ---
   Total memory accesses (validated): 0
   Cache hits (0 latency):          0
   Validation requests (full lat):  0
   Coalesced waits (partial lat):   0
   Validations denied:              0

   --- Latency Breakdown ---
   Validation request latency:      0 us
   Coalesced wait latency:          0 us
   TOTAL SECURITY OVERHEAD:         0 us
   Avg latency per validation:      0 us
   Avg latency per coalesced wait:  0 us
   Avg overhead per blocked access: 0 us

   --- Cache Statistics ---
   Processes with cached pages:     0
   Unique pages validated (total):  0
   Cache hit rate:                  0%

   ========= IOMMU Stats =====================
   IOMMU enabled:                   YES
   IOMMU SimObject:                 system.lenet5_clstr.iommu

   --- Access Breakdown ---
   Total IOMMU checks:              926921
   IOTLB hits:                      926844
   IOTLB misses (page walks):       77
   IOTLB hit rate:                  99.9917%

   --- Latency Breakdown ---
   TOTAL IOMMU OVERHEAD:            1892.19 us
   Avg latency per access:          0.00204137 us

********************************************************************************
system.lenet5_clstr.data_mover_4.llvm_interface
Total Area: 562.255
Total Power Static: 1.13697

Total Power Dynamic: 13.2473
   ========= Performance Analysis =============
   Setup Time:                      0h 0m 0s 0ms 569us
   Simulation Time (Total):         0h 4m 54s 661ms
   Simulation Time (Active):        0h 0m 0s 219ms
        Queue Processing Time:      0h 0m 0s 116ms
             Scheduling Time:       0h 0m 0s 0ms
             Computation Time:      0h 0m 0s 0ms
   System Clock:                    0.1GHz
   Runtime:                         1192334 cycles
   Runtime:                         11923.3 us
   Stalls:                          0 cycles
   Executed Nodes:                  1192333 cycles

   ========= Kernel Validation Stats ==========
   Kernel validation enabled:       NO
   Configured latency per check:    0 us

   --- Access Breakdown ---
   Total memory accesses (validated): 0
   Cache hits (0 latency):          0
   Validation requests (full lat):  0
   Coalesced waits (partial lat):   0
   Validations denied:              0

   --- Latency Breakdown ---
   Validation request latency:      0 us
   Coalesced wait latency:          0 us
   TOTAL SECURITY OVERHEAD:         0 us
   Avg latency per validation:      0 us
   Avg latency per coalesced wait:  0 us
   Avg overhead per blocked access: 0 us

   --- Cache Statistics ---
   Processes with cached pages:     0
   Unique pages validated (total):  0
   Cache hit rate:                  0%

   ========= IOMMU Stats =====================
   IOMMU enabled:                   YES
   IOMMU SimObject:                 system.lenet5_clstr.iommu

   --- Access Breakdown ---
   Total IOMMU checks:              926924
   IOTLB hits:                      926847
   IOTLB misses (page walks):       77
   IOTLB hit rate:                  99.9917%

   --- Latency Breakdown ---
   TOTAL IOMMU OVERHEAD:            1892.19 us
   Avg latency per access:          0.00204137 us

********************************************************************************
system.lenet5_clstr.fc0.llvm_interface
Total Area: 5707.55
Total Power Static: 605.723

Total Power Dynamic: 15765.7
   ========= Performance Analysis =============
   Setup Time:                      0h 0m 0s 6ms 791us
   Simulation Time (Total):         0h 4m 55s 295ms
   Simulation Time (Active):        0h 0m 0s 312ms
        Queue Processing Time:      0h 0m 0s 202ms
             Scheduling Time:       0h 0m 0s 67ms
             Computation Time:      0h 0m 0s 14ms
   System Clock:                    0.1GHz
   Runtime:                         1222407 cycles
   Runtime:                         12224.1 us
   Stalls:                          0 cycles
   Executed Nodes:                  1222406 cycles

   ========= Kernel Validation Stats ==========
   Kernel validation enabled:       NO
   Configured latency per check:    0 us

   --- Access Breakdown ---
   Total memory accesses (validated): 0
   Cache hits (0 latency):          0
   Validation requests (full lat):  0
   Coalesced waits (partial lat):   0
   Validations denied:              0

   --- Latency Breakdown ---
   Validation request latency:      0 us
   Coalesced wait latency:          0 us
   TOTAL SECURITY OVERHEAD:         0 us
   Avg latency per validation:      0 us
   Avg latency per coalesced wait:  0 us
   Avg overhead per blocked access: 0 us

   --- Cache Statistics ---
   Processes with cached pages:     0
   Unique pages validated (total):  0
   Cache hit rate:                  0%

   ========= IOMMU Stats =====================
   IOMMU enabled:                   YES
   IOMMU SimObject:                 system.lenet5_clstr.iommu

   --- Access Breakdown ---
   Total IOMMU checks:              949080
   IOTLB hits:                      949003
   IOTLB misses (page walks):       77
   IOTLB hit rate:                  99.9919%

   --- Latency Breakdown ---
   TOTAL IOMMU OVERHEAD:            1936.51 us
   Avg latency per access:          0.0020404 us

********************************************************************************
system.lenet5_clstr.top.llvm_interface
Total Area: 251.85
Total Power Static: 53.3637

Total Power Dynamic: 262.239
   ========= Performance Analysis =============
   Setup Time:                      0h 0m 0s 1ms 630us
   Simulation Time (Total):         0h 4m 56s 227ms
   Simulation Time (Active):        0h 0m 1s 103ms
        Queue Processing Time:      0h 0m 0s 980ms
             Scheduling Time:       0h 0m 0s 425ms
             Computation Time:      0h 0m 0s 46ms
   System Clock:                    0.1GHz
   Runtime:                         1226239 cycles
   Runtime:                         12262.4 us
   Stalls:                          0 cycles
   Executed Nodes:                  1226238 cycles

   ========= Kernel Validation Stats ==========
   Kernel validation enabled:       NO
   Configured latency per check:    0 us

   --- Access Breakdown ---
   Total memory accesses (validated): 0
   Cache hits (0 latency):          0
   Validation requests (full lat):  0
   Coalesced waits (partial lat):   0
   Validations denied:              0

   --- Latency Breakdown ---
   Validation request latency:      0 us
   Coalesced wait latency:          0 us
   TOTAL SECURITY OVERHEAD:         0 us
   Avg latency per validation:      0 us
   Avg latency per coalesced wait:  0 us
   Avg overhead per blocked access: 0 us

   --- Cache Statistics ---
   Processes with cached pages:     0
   Unique pages validated (total):  0
   Cache hit rate:                  0%

   ========= IOMMU Stats =====================
   IOMMU enabled:                   YES
   IOMMU SimObject:                 system.lenet5_clstr.iommu

   --- Access Breakdown ---
   Total IOMMU checks:              949090
   IOTLB hits:                      949012
   IOTLB misses (page walks):       78
   IOTLB hit rate:                  99.9918%

   --- Latency Breakdown ---
   TOTAL IOMMU OVERHEAD:            1937.02 us
   Avg latency per access:          0.00204093 us

Exiting @ tick 12339503000 because m5_exit instruction encountered
