build/ARM/base/statistics.hh:277: warn: One of the stats is a legacy stat. Legacy stat is a stat that does not belong to any statistics::Group. Legacy stat is deprecated.
Global frequency set at 1000000000000 ticks per second
build/ARM/mem/mem_interface.cc:793: warn: DRAM device capacity (16384 Mbytes) does not match the address range assigned (4096 Mbytes)
build/ARM/sim/kernel_workload.cc:46: info: kernel located at: /gem5-SALAM/benchmarks/sys_validation/mergesort/sw/main.elf
build/ARM/arch/arm/system.cc:95: warn: Highest ARM exception-level set to AArch64 but the workload is for AArch32. Assuming you wanted these to match.
build/ARM/base/vnc/vncserver.cc:163: warn: Sockets disabled, not accepting vnc client connections
build/ARM/dev/serial/terminal.cc:170: warn: Sockets disabled, not accepting terminal connections
build/ARM/base/remote_gdb.cc:377: warn: Sockets disabled, not accepting gdb connections
build/ARM/mem/coherent_xbar.cc:140: warn: CoherentXBar system.merge_clstr.coherency_bus has no snooping ports attached!
build/ARM/dev/arm/energy_ctrl.cc:252: warn: Existing EnergyCtrl, but no enabled DVFSHandler found.
gem5 Simulator System.  http://gem5.org
gem5 is copyrighted software; use the --copyright option for details.

gem5 version 21.1.0.1
gem5 compiled May  6 2026 03:05:39
gem5 started May  6 2026 03:06:24
gem5 executing on 3b7fb6fd27b8, pid 3650219
command line: /gem5-SALAM/build/ARM/gem5.opt --listener-mode=off --outdir=/gem5-SALAM/BM_ARM_OUT/run_all/mergesort/iommu_e8_m500ns /gem5-SALAM/configs/SALAM/fs_mergesort.py --mem-size=4GB --mem-type=DDR4_2400_8x8 --machine-type=VExpress_GEM5_V1 --dtb-file=none --bare-metal --cpu-type=DerivO3CPU --caches --l2cache --kernel=/gem5-SALAM/benchmarks/sys_validation/mergesort/sw/main.elf --disk-image=/gem5-SALAM/benchmarks/common/fake.iso --accpath=/gem5-SALAM/benchmarks/sys_validation/mergesort --accbench=mergesort --enable-iommu --iotlb-entries 8 --iotlb-hit-latency 2000 --iotlb-miss-latency 500000

[HWAccConfig] IOMMU ENABLED: entries=8, hit_lat=2000, miss_lat=500000
[HWAccConfig] IOMMU ENABLED: entries=8, hit_lat=2000, miss_lat=500000
**** REAL SIMULATION ****
warn: iobus.slave is deprecated. `slave` is now called `cpu_side_ports`
warn: bridge.master is deprecated. `master` is now called `mem_side_port`
warn: membus.master is deprecated. `master` is now called `mem_side_ports`
warn: bridge.slave is deprecated. `slave` is now called `cpu_side_port`
warn: membus.slave is deprecated. `slave` is now called `cpu_side_ports`
warn: tol2bus.master is deprecated. `master` is now called `mem_side_ports`
warn: membus.slave is deprecated. `slave` is now called `cpu_side_ports`
warn: tol2bus.slave is deprecated. `slave` is now called `cpu_side_ports`
warn: tol2bus.slave is deprecated. `slave` is now called `cpu_side_ports`
warn: tol2bus.slave is deprecated. `slave` is now called `cpu_side_ports`
warn: tol2bus.slave is deprecated. `slave` is now called `cpu_side_ports`
warn: membus.slave is deprecated. `slave` is now called `cpu_side_ports`
warn: coherency_bus.master is deprecated. `master` is now called `mem_side_ports`
warn: No dot file generated. Please install pydot to generate the dot file and pdf.
build/ARM/sim/simulate.cc:107: info: Entering event queue @ 0.  Starting simulation...
********************************************************************************
system.merge_clstr.mergesort.llvm_interface
Total Area: 3773.34
Total Power Static: 516.447

Total Power Dynamic: 6743.72
   ========= Performance Analysis =============
   Setup Time:                      0h 0m 0s 4ms 365us
   Simulation Time (Total):         0h 0m 14s 152ms
   Simulation Time (Active):        0h 0m 6s 340ms
        Queue Processing Time:      0h 0m 6s 288ms
             Scheduling Time:       0h 0m 2s 143ms
             Computation Time:      0h 0m 0s 374ms
   System Clock:                    0.1GHz
   Runtime:                         106673 cycles
   Runtime:                         1066.73 us
   Stalls:                          0 cycles
   Executed Nodes:                  106672 cycles

   ========= Kernel Validation Stats ==========
   Kernel validation enabled:       NO
   Configured latency per check:    0 us

   --- Access Breakdown ---
   Total memory accesses (validated): 0
   Cache hits (0 latency):          0
   Validation requests (full lat):  0
     of which DMA-ctrl writes:      0
   Coalesced waits (partial lat):   0
   Validations denied:              0

   --- Latency Breakdown ---
   Validation request latency:      0 us
   Coalesced wait latency:          0 us
   TOTAL SECURITY OVERHEAD:         0 us
   Avg latency per validation:      0 us
   Avg latency per coalesced wait:  0 us
   Avg overhead per blocked access: 0 us

   --- Cache Statistics ---
   Processes with cached pages:     0
   Unique pages validated (total):  0
   Cache hit rate:                  0%

   ========= IOMMU Stats =====================
   IOMMU enabled:                   YES
   IOMMU SimObject:                 system.merge_clstr.iommu

   --- Access Breakdown ---
   Total IOMMU checks:              120448
   IOTLB hits:                      120441
   IOTLB misses (page walks):       7
   IOTLB hit rate:                  99.9942%

   --- Latency Breakdown ---
   TOTAL IOMMU OVERHEAD:            244.382 us
   Avg latency per access:          0.00202894 us

********************************************************************************
system.merge_clstr.top.llvm_interface
Total Area: 151.11
Total Power Static: 4.72429

Total Power Dynamic: 23.216
   ========= Performance Analysis =============
   Setup Time:                      0h 0m 0s 1ms 27us
   Simulation Time (Total):         0h 0m 14s 239ms
   Simulation Time (Active):        0h 0m 0s 238ms
        Queue Processing Time:      0h 0m 0s 214ms
             Scheduling Time:       0h 0m 0s 101ms
             Computation Time:      0h 0m 0s 17ms
   System Clock:                    0.1GHz
   Runtime:                         108733 cycles
   Runtime:                         1087.33 us
   Stalls:                          0 cycles
   Executed Nodes:                  108732 cycles

   ========= Kernel Validation Stats ==========
   Kernel validation enabled:       NO
   Configured latency per check:    0 us

   --- Access Breakdown ---
   Total memory accesses (validated): 0
   Cache hits (0 latency):          0
   Validation requests (full lat):  0
     of which DMA-ctrl writes:      0
   Coalesced waits (partial lat):   0
   Validations denied:              0

   --- Latency Breakdown ---
   Validation request latency:      0 us
   Coalesced wait latency:          0 us
   TOTAL SECURITY OVERHEAD:         0 us
   Avg latency per validation:      0 us
   Avg latency per coalesced wait:  0 us
   Avg overhead per blocked access: 0 us

   --- Cache Statistics ---
   Processes with cached pages:     0
   Unique pages validated (total):  0
   Cache hit rate:                  0%

   ========= IOMMU Stats =====================
   IOMMU enabled:                   YES
   IOMMU SimObject:                 system.merge_clstr.iommu

   --- Access Breakdown ---
   Total IOMMU checks:              120635
   IOTLB hits:                      120626
   IOTLB misses (page walks):       9
   IOTLB hit rate:                  99.9925%

   --- Latency Breakdown ---
   TOTAL IOMMU OVERHEAD:            245.752 us
   Avg latency per access:          0.00203715 us

Exiting @ tick 3446824000 because m5_exit instruction encountered
