build/ARM/base/statistics.hh:277: warn: One of the stats is a legacy stat. Legacy stat is a stat that does not belong to any statistics::Group. Legacy stat is deprecated.
Global frequency set at 1000000000000 ticks per second
build/ARM/mem/mem_interface.cc:793: warn: DRAM device capacity (16384 Mbytes) does not match the address range assigned (4096 Mbytes)
build/ARM/sim/kernel_workload.cc:46: info: kernel located at: /gem5-SALAM/benchmarks/sys_validation/md_knn/sw/main.elf
build/ARM/arch/arm/system.cc:95: warn: Highest ARM exception-level set to AArch64 but the workload is for AArch32. Assuming you wanted these to match.
build/ARM/base/vnc/vncserver.cc:163: warn: Sockets disabled, not accepting vnc client connections
build/ARM/dev/serial/terminal.cc:170: warn: Sockets disabled, not accepting terminal connections
build/ARM/base/remote_gdb.cc:377: warn: Sockets disabled, not accepting gdb connections
build/ARM/mem/coherent_xbar.cc:140: warn: CoherentXBar system.mdknn_clstr.coherency_bus has no snooping ports attached!
build/ARM/dev/arm/energy_ctrl.cc:252: warn: Existing EnergyCtrl, but no enabled DVFSHandler found.
gem5 Simulator System.  http://gem5.org
gem5 is copyrighted software; use the --copyright option for details.

gem5 version 21.1.0.1
gem5 compiled May  6 2026 03:05:39
gem5 started May  6 2026 03:06:25
gem5 executing on 3b7fb6fd27b8, pid 3650755
command line: /gem5-SALAM/build/ARM/gem5.opt --listener-mode=off --outdir=/gem5-SALAM/BM_ARM_OUT/run_all/md_knn/aia-kd /gem5-SALAM/configs/SALAM/fs_md_knn.py --mem-size=4GB --mem-type=DDR4_2400_8x8 --machine-type=VExpress_GEM5_V1 --dtb-file=none --bare-metal --cpu-type=DerivO3CPU --caches --l2cache --kernel=/gem5-SALAM/benchmarks/sys_validation/md_knn/sw/main.elf --disk-image=/gem5-SALAM/benchmarks/common/fake.iso --accpath=/gem5-SALAM/benchmarks/sys_validation/md_knn --accbench=md_knn --enable-kernel-validation --kernel-validation-latency 8367000

[HWAccConfig] Kernel validation ENABLED: latency=8367000, int=172, pid=17
[HWAccConfig] Kernel validation ENABLED: latency=8367000, int=172, pid=17
**** REAL SIMULATION ****
warn: iobus.slave is deprecated. `slave` is now called `cpu_side_ports`
warn: bridge.master is deprecated. `master` is now called `mem_side_port`
warn: membus.master is deprecated. `master` is now called `mem_side_ports`
warn: bridge.slave is deprecated. `slave` is now called `cpu_side_port`
warn: membus.slave is deprecated. `slave` is now called `cpu_side_ports`
warn: tol2bus.master is deprecated. `master` is now called `mem_side_ports`
warn: membus.slave is deprecated. `slave` is now called `cpu_side_ports`
warn: tol2bus.slave is deprecated. `slave` is now called `cpu_side_ports`
warn: tol2bus.slave is deprecated. `slave` is now called `cpu_side_ports`
warn: tol2bus.slave is deprecated. `slave` is now called `cpu_side_ports`
warn: tol2bus.slave is deprecated. `slave` is now called `cpu_side_ports`
warn: membus.slave is deprecated. `slave` is now called `cpu_side_ports`
warn: coherency_bus.master is deprecated. `master` is now called `mem_side_ports`
warn: No dot file generated. Please install pydot to generate the dot file and pdf.
build/ARM/sim/simulate.cc:107: info: Entering event queue @ 0.  Starting simulation...
********************************************************************************
system.mdknn_clstr.md_knn.llvm_interface
Total Area: 2502.76
Total Power Static: 74.7734

Total Power Dynamic: 982.59
   ========= Performance Analysis =============
   Setup Time:                      0h 0m 0s 4ms 341us
   Simulation Time (Total):         0h 0m 41s 313ms
   Simulation Time (Active):        0h 0m 33s 748ms
        Queue Processing Time:      0h 0m 33s 708ms
             Scheduling Time:       0h 0m 22s 278ms
             Computation Time:      0h 0m 0s 224ms
   System Clock:                    0.1GHz
   Runtime:                         72227 cycles
   Runtime:                         722.27 us
   Stalls:                          0 cycles
   Executed Nodes:                  72226 cycles

   ========= Kernel Validation Stats ==========
   Kernel validation enabled:       YES
   Configured latency per check:    8.367 us

   --- Access Breakdown ---
   Total memory accesses (validated): 17920
   Cache hits (0 latency):          17912
   Validation requests (full lat):  7
     of which DMA-ctrl writes:      0
   Coalesced waits (partial lat):   1
   Validations denied:              0

   --- Latency Breakdown ---
   Validation request latency:      83.428 us
   Coalesced wait latency:          24.98 us
   TOTAL SECURITY OVERHEAD:         108.408 us
   Avg latency per validation:      11.9183 us
   Avg latency per coalesced wait:  24.98 us
   Avg overhead per blocked access: 13.551 us

   --- Cache Statistics ---
   Processes with cached pages:     1
   Unique pages validated (total):  8
   Cache hit rate:                  99.9554%

********************************************************************************
system.mdknn_clstr.top.llvm_interface
Total Area: 402.96
Total Power Static: 3.24528

Total Power Dynamic: 15.9479
   ========= Performance Analysis =============
   Setup Time:                      0h 0m 0s 2ms 310us
   Simulation Time (Total):         0h 0m 42s 761ms
   Simulation Time (Active):        0h 0m 0s 228ms
        Queue Processing Time:      0h 0m 0s 205ms
             Scheduling Time:       0h 0m 0s 85ms
             Computation Time:      0h 0m 0s 11ms
   System Clock:                    0.1GHz
   Runtime:                         93144 cycles
   Runtime:                         931.44 us
   Stalls:                          0 cycles
   Executed Nodes:                  93143 cycles

   ========= Kernel Validation Stats ==========
   Kernel validation enabled:       YES
   Configured latency per check:    8.367 us

   --- Access Breakdown ---
   Total memory accesses (validated): 5115
   Cache hits (0 latency):          5100
   Validation requests (full lat):  15
     of which DMA-ctrl writes:      14
   Coalesced waits (partial lat):   0
   Validations denied:              0

   --- Latency Breakdown ---
   Validation request latency:      184.074 us
   Coalesced wait latency:          0 us
   TOTAL SECURITY OVERHEAD:         184.074 us
   Avg latency per validation:      12.2716 us
   Avg latency per coalesced wait:  0 us
   Avg overhead per blocked access: 12.2716 us

   --- Cache Statistics ---
   Processes with cached pages:     1
   Unique pages validated (total):  8
   Cache hit rate:                  99.7067%

Exiting @ tick 4698218000 because m5_exit instruction encountered
