build/ARM/base/statistics.hh:277: warn: One of the stats is a legacy stat. Legacy stat is a stat that does not belong to any statistics::Group. Legacy stat is deprecated.
Global frequency set at 1000000000000 ticks per second
build/ARM/mem/mem_interface.cc:793: warn: DRAM device capacity (16384 Mbytes) does not match the address range assigned (4096 Mbytes)
build/ARM/sim/kernel_workload.cc:46: info: kernel located at: /gem5-SALAM/benchmarks/lenet/design_c/sw/main.elf
build/ARM/arch/arm/system.cc:95: warn: Highest ARM exception-level set to AArch64 but the workload is for AArch32. Assuming you wanted these to match.
build/ARM/base/vnc/vncserver.cc:163: warn: Sockets disabled, not accepting vnc client connections
build/ARM/dev/serial/terminal.cc:170: warn: Sockets disabled, not accepting terminal connections
build/ARM/base/remote_gdb.cc:377: warn: Sockets disabled, not accepting gdb connections
build/ARM/mem/coherent_xbar.cc:140: warn: CoherentXBar system.lenet5_clstr.coherency_bus has no snooping ports attached!
build/ARM/dev/arm/energy_ctrl.cc:252: warn: Existing EnergyCtrl, but no enabled DVFSHandler found.
gem5 Simulator System.  http://gem5.org
gem5 is copyrighted software; use the --copyright option for details.

gem5 version 21.1.0.1
gem5 compiled May  6 2026 03:05:39
gem5 started May  6 2026 03:06:29
gem5 executing on 3b7fb6fd27b8, pid 3651014
command line: /gem5-SALAM/build/ARM/gem5.opt --listener-mode=off --outdir=/gem5-SALAM/BM_ARM_OUT/run_all/lenet_c/iommu_e16_m500ns /gem5-SALAM/configs/SALAM/fs_lenet_c.py --mem-size=4GB --mem-type=DDR4_2400_8x8 --machine-type=VExpress_GEM5_V1 --dtb-file=none --bare-metal --cpu-type=DerivO3CPU --caches --l2cache --kernel=/gem5-SALAM/benchmarks/lenet/design_c/sw/main.elf --disk-image=/gem5-SALAM/benchmarks/common/fake.iso --accpath=/gem5-SALAM/benchmarks/lenet/design_c --accbench=lenet_c --enable-iommu --iotlb-entries 16 --iotlb-hit-latency 2000 --iotlb-miss-latency 500000

[HWAccConfig] IOMMU ENABLED: entries=16, hit_lat=2000, miss_lat=500000
[HWAccConfig] IOMMU ENABLED: entries=16, hit_lat=2000, miss_lat=500000
[HWAccConfig] IOMMU ENABLED: entries=16, hit_lat=2000, miss_lat=500000
[HWAccConfig] IOMMU ENABLED: entries=16, hit_lat=2000, miss_lat=500000
[HWAccConfig] IOMMU ENABLED: entries=16, hit_lat=2000, miss_lat=500000
[HWAccConfig] IOMMU ENABLED: entries=16, hit_lat=2000, miss_lat=500000
[HWAccConfig] IOMMU ENABLED: entries=16, hit_lat=2000, miss_lat=500000
[HWAccConfig] IOMMU ENABLED: entries=16, hit_lat=2000, miss_lat=500000
[HWAccConfig] IOMMU ENABLED: entries=16, hit_lat=2000, miss_lat=500000
[HWAccConfig] IOMMU ENABLED: entries=16, hit_lat=2000, miss_lat=500000
[HWAccConfig] IOMMU ENABLED: entries=16, hit_lat=2000, miss_lat=500000
[HWAccConfig] IOMMU ENABLED: entries=16, hit_lat=2000, miss_lat=500000
[HWAccConfig] IOMMU ENABLED: entries=16, hit_lat=2000, miss_lat=500000
**** REAL SIMULATION ****
warn: iobus.slave is deprecated. `slave` is now called `cpu_side_ports`
warn: bridge.master is deprecated. `master` is now called `mem_side_port`
warn: membus.master is deprecated. `master` is now called `mem_side_ports`
warn: bridge.slave is deprecated. `slave` is now called `cpu_side_port`
warn: membus.slave is deprecated. `slave` is now called `cpu_side_ports`
warn: tol2bus.master is deprecated. `master` is now called `mem_side_ports`
warn: membus.slave is deprecated. `slave` is now called `cpu_side_ports`
warn: tol2bus.slave is deprecated. `slave` is now called `cpu_side_ports`
warn: tol2bus.slave is deprecated. `slave` is now called `cpu_side_ports`
warn: tol2bus.slave is deprecated. `slave` is now called `cpu_side_ports`
warn: tol2bus.slave is deprecated. `slave` is now called `cpu_side_ports`
warn: membus.slave is deprecated. `slave` is now called `cpu_side_ports`
warn: coherency_bus.master is deprecated. `master` is now called `mem_side_ports`
warn: No dot file generated. Please install pydot to generate the dot file and pdf.
build/ARM/sim/simulate.cc:107: info: Entering event queue @ 0.  Starting simulation...
********************************************************************************
system.lenet5_clstr.data_mover_0.llvm_interface
Total Area: 2560.05
Total Power Static: 1249

Total Power Dynamic: 13797
   ========= Performance Analysis =============
   Setup Time:                      0h 0m 0s 7ms 289us
   Simulation Time (Total):         0h 3m 0s 629ms
   Simulation Time (Active):        0h 0m 4s 133ms
        Queue Processing Time:      0h 0m 3s 905ms
             Scheduling Time:       0h 0m 2s 279ms
             Computation Time:      0h 0m 0s 502ms
   System Clock:                    0.1GHz
   Runtime:                         1044378 cycles
   Runtime:                         10443.8 us
   Stalls:                          0 cycles
   Executed Nodes:                  1044377 cycles

   ========= Kernel Validation Stats ==========
   Kernel validation enabled:       NO
   Configured latency per check:    0 us

   --- Access Breakdown ---
   Total memory accesses (validated): 0
   Cache hits (0 latency):          0
   Validation requests (full lat):  0
     of which DMA-ctrl writes:      0
   Coalesced waits (partial lat):   0
   Validations denied:              0

   --- Latency Breakdown ---
   Validation request latency:      0 us
   Coalesced wait latency:          0 us
   TOTAL SECURITY OVERHEAD:         0 us
   Avg latency per validation:      0 us
   Avg latency per coalesced wait:  0 us
   Avg overhead per blocked access: 0 us

   --- Cache Statistics ---
   Processes with cached pages:     0
   Unique pages validated (total):  0
   Cache hit rate:                  0%

   ========= IOMMU Stats =====================
   IOMMU enabled:                   YES
   IOMMU SimObject:                 system.lenet5_clstr.iommu

   --- Access Breakdown ---
   Total IOMMU checks:              1564218
   IOTLB hits:                      1564162
   IOTLB misses (page walks):       56
   IOTLB hit rate:                  99.9964%

   --- Latency Breakdown ---
   TOTAL IOMMU OVERHEAD:            3156.32 us
   Avg latency per access:          0.00201783 us

********************************************************************************
system.lenet5_clstr.conv0.llvm_interface
Total Area: 6054.47
Total Power Static: 7131.27

Total Power Dynamic: 184286
   ========= Performance Analysis =============
   Setup Time:                      0h 0m 0s 0ms 621us
   Simulation Time (Total):         0h 3m 0s 628ms
   Simulation Time (Active):        0h 0m 5s 440ms
        Queue Processing Time:      0h 0m 5s 311ms
             Scheduling Time:       0h 0m 3s 280ms
             Computation Time:      0h 0m 0s 687ms
   System Clock:                    0.1GHz
   Runtime:                         1044370 cycles
   Runtime:                         10443.7 us
   Stalls:                          0 cycles
   Executed Nodes:                  1044369 cycles

   ========= Kernel Validation Stats ==========
   Kernel validation enabled:       NO
   Configured latency per check:    0 us

   --- Access Breakdown ---
   Total memory accesses (validated): 0
   Cache hits (0 latency):          0
   Validation requests (full lat):  0
     of which DMA-ctrl writes:      0
   Coalesced waits (partial lat):   0
   Validations denied:              0

   --- Latency Breakdown ---
   Validation request latency:      0 us
   Coalesced wait latency:          0 us
   TOTAL SECURITY OVERHEAD:         0 us
   Avg latency per validation:      0 us
   Avg latency per coalesced wait:  0 us
   Avg overhead per blocked access: 0 us

   --- Cache Statistics ---
   Processes with cached pages:     0
   Unique pages validated (total):  0
   Cache hit rate:                  0%

   ========= IOMMU Stats =====================
   IOMMU enabled:                   YES
   IOMMU SimObject:                 system.lenet5_clstr.iommu

   --- Access Breakdown ---
   Total IOMMU checks:              1564221
   IOTLB hits:                      1564165
   IOTLB misses (page walks):       56
   IOTLB hit rate:                  99.9964%

   --- Latency Breakdown ---
   TOTAL IOMMU OVERHEAD:            3156.33 us
   Avg latency per access:          0.00201783 us

********************************************************************************
system.lenet5_clstr.pool_mover_0.llvm_interface
Total Area: 780.105
Total Power Static: 38.3364

Total Power Dynamic: 304.907
   ========= Performance Analysis =============
   Setup Time:                      0h 0m 0s 0ms 607us
   Simulation Time (Total):         0h 3m 0s 621ms
   Simulation Time (Active):        0h 0m 0s 340ms
        Queue Processing Time:      0h 0m 0s 224ms
             Scheduling Time:       0h 0m 0s 79ms
             Computation Time:      0h 0m 0s 10ms
   System Clock:                    0.1GHz
   Runtime:                         1044360 cycles
   Runtime:                         10443.6 us
   Stalls:                          0 cycles
   Executed Nodes:                  1044359 cycles

   ========= Kernel Validation Stats ==========
   Kernel validation enabled:       NO
   Configured latency per check:    0 us

   --- Access Breakdown ---
   Total memory accesses (validated): 0
   Cache hits (0 latency):          0
   Validation requests (full lat):  0
     of which DMA-ctrl writes:      0
   Coalesced waits (partial lat):   0
   Validations denied:              0

   --- Latency Breakdown ---
   Validation request latency:      0 us
   Coalesced wait latency:          0 us
   TOTAL SECURITY OVERHEAD:         0 us
   Avg latency per validation:      0 us
   Avg latency per coalesced wait:  0 us
   Avg overhead per blocked access: 0 us

   --- Cache Statistics ---
   Processes with cached pages:     0
   Unique pages validated (total):  0
   Cache hit rate:                  0%

   ========= IOMMU Stats =====================
   IOMMU enabled:                   YES
   IOMMU SimObject:                 system.lenet5_clstr.iommu

   --- Access Breakdown ---
   Total IOMMU checks:              1564223
   IOTLB hits:                      1564167
   IOTLB misses (page walks):       56
   IOTLB hit rate:                  99.9964%

   --- Latency Breakdown ---
   TOTAL IOMMU OVERHEAD:            3156.33 us
   Avg latency per access:          0.00201783 us

********************************************************************************
system.lenet5_clstr.pool0.llvm_interface
Total Area: 6221.95
Total Power Static: 104.183

Total Power Dynamic: 2173.03
   ========= Performance Analysis =============
   Setup Time:                      0h 0m 0s 0ms 671us
   Simulation Time (Total):         0h 3m 9s 748ms
   Simulation Time (Active):        0h 0m 0s 440ms
        Queue Processing Time:      0h 0m 0s 285ms
             Scheduling Time:       0h 0m 0s 94ms
             Computation Time:      0h 0m 0s 30ms
   System Clock:                    0.1GHz
   Runtime:                         1117067 cycles
   Runtime:                         11170.7 us
   Stalls:                          0 cycles
   Executed Nodes:                  1117066 cycles

   ========= Kernel Validation Stats ==========
   Kernel validation enabled:       NO
   Configured latency per check:    0 us

   --- Access Breakdown ---
   Total memory accesses (validated): 0
   Cache hits (0 latency):          0
   Validation requests (full lat):  0
     of which DMA-ctrl writes:      0
   Coalesced waits (partial lat):   0
   Validations denied:              0

   --- Latency Breakdown ---
   Validation request latency:      0 us
   Coalesced wait latency:          0 us
   TOTAL SECURITY OVERHEAD:         0 us
   Avg latency per validation:      0 us
   Avg latency per coalesced wait:  0 us
   Avg overhead per blocked access: 0 us

   --- Cache Statistics ---
   Processes with cached pages:     0
   Unique pages validated (total):  0
   Cache hit rate:                  0%

   ========= IOMMU Stats =====================
   IOMMU enabled:                   YES
   IOMMU SimObject:                 system.lenet5_clstr.iommu

   --- Access Breakdown ---
   Total IOMMU checks:              1649236
   IOTLB hits:                      1649180
   IOTLB misses (page walks):       56
   IOTLB hit rate:                  99.9966%

   --- Latency Breakdown ---
   TOTAL IOMMU OVERHEAD:            3326.36 us
   Avg latency per access:          0.00201691 us

********************************************************************************
system.lenet5_clstr.data_mover_1.llvm_interface
Total Area: 3098.38
Total Power Static: 2424.96

Total Power Dynamic: 27394.9
   ========= Performance Analysis =============
   Setup Time:                      0h 0m 0s 7ms 466us
   Simulation Time (Total):         0h 3m 20s 421ms
   Simulation Time (Active):        0h 0m 6s 16ms
        Queue Processing Time:      0h 0m 5s 861ms
             Scheduling Time:       0h 0m 3s 399ms
             Computation Time:      0h 0m 0s 745ms
   System Clock:                    0.1GHz
   Runtime:                         1221400 cycles
   Runtime:                         12214 us
   Stalls:                          0 cycles
   Executed Nodes:                  1221399 cycles

   ========= Kernel Validation Stats ==========
   Kernel validation enabled:       NO
   Configured latency per check:    0 us

   --- Access Breakdown ---
   Total memory accesses (validated): 0
   Cache hits (0 latency):          0
   Validation requests (full lat):  0
     of which DMA-ctrl writes:      0
   Coalesced waits (partial lat):   0
   Validations denied:              0

   --- Latency Breakdown ---
   Validation request latency:      0 us
   Coalesced wait latency:          0 us
   TOTAL SECURITY OVERHEAD:         0 us
   Avg latency per validation:      0 us
   Avg latency per coalesced wait:  0 us
   Avg overhead per blocked access: 0 us

   --- Cache Statistics ---
   Processes with cached pages:     0
   Unique pages validated (total):  0
   Cache hit rate:                  0%

   ========= IOMMU Stats =====================
   IOMMU enabled:                   YES
   IOMMU SimObject:                 system.lenet5_clstr.iommu

   --- Access Breakdown ---
   Total IOMMU checks:              1772356
   IOTLB hits:                      1772300
   IOTLB misses (page walks):       56
   IOTLB hit rate:                  99.9968%

   --- Latency Breakdown ---
   TOTAL IOMMU OVERHEAD:            3572.6 us
   Avg latency per access:          0.00201573 us

********************************************************************************
system.lenet5_clstr.conv1.llvm_interface
Total Area: 6233.91
Total Power Static: 14530.9

Total Power Dynamic: 375959
   ========= Performance Analysis =============
   Setup Time:                      0h 0m 0s 0ms 732us
   Simulation Time (Total):         0h 3m 20s 420ms
   Simulation Time (Active):        0h 0m 8s 239ms
        Queue Processing Time:      0h 0m 8s 70ms
             Scheduling Time:       0h 0m 5s 47ms
             Computation Time:      0h 0m 0s 989ms
   System Clock:                    0.1GHz
   Runtime:                         1221392 cycles
   Runtime:                         12213.9 us
   Stalls:                          0 cycles
   Executed Nodes:                  1221391 cycles

   ========= Kernel Validation Stats ==========
   Kernel validation enabled:       NO
   Configured latency per check:    0 us

   --- Access Breakdown ---
   Total memory accesses (validated): 0
   Cache hits (0 latency):          0
   Validation requests (full lat):  0
     of which DMA-ctrl writes:      0
   Coalesced waits (partial lat):   0
   Validations denied:              0

   --- Latency Breakdown ---
   Validation request latency:      0 us
   Coalesced wait latency:          0 us
   TOTAL SECURITY OVERHEAD:         0 us
   Avg latency per validation:      0 us
   Avg latency per coalesced wait:  0 us
   Avg overhead per blocked access: 0 us

   --- Cache Statistics ---
   Processes with cached pages:     0
   Unique pages validated (total):  0
   Cache hit rate:                  0%

   ========= IOMMU Stats =====================
   IOMMU enabled:                   YES
   IOMMU SimObject:                 system.lenet5_clstr.iommu

   --- Access Breakdown ---
   Total IOMMU checks:              1772358
   IOTLB hits:                      1772302
   IOTLB misses (page walks):       56
   IOTLB hit rate:                  99.9968%

   --- Latency Breakdown ---
   TOTAL IOMMU OVERHEAD:            3572.6 us
   Avg latency per access:          0.00201573 us

********************************************************************************
system.lenet5_clstr.pool_mover_1.llvm_interface
Total Area: 780.105
Total Power Static: 12.6423

Total Power Dynamic: 101.338
   ========= Performance Analysis =============
   Setup Time:                      0h 0m 0s 0ms 615us
   Simulation Time (Total):         0h 3m 20s 404ms
   Simulation Time (Active):        0h 0m 0s 272ms
        Queue Processing Time:      0h 0m 0s 145ms
             Scheduling Time:       0h 0m 0s 25ms
             Computation Time:      0h 0m 0s 3ms
   System Clock:                    0.1GHz
   Runtime:                         1221342 cycles
   Runtime:                         12213.4 us
   Stalls:                          0 cycles
   Executed Nodes:                  1221341 cycles

   ========= Kernel Validation Stats ==========
   Kernel validation enabled:       NO
   Configured latency per check:    0 us

   --- Access Breakdown ---
   Total memory accesses (validated): 0
   Cache hits (0 latency):          0
   Validation requests (full lat):  0
     of which DMA-ctrl writes:      0
   Coalesced waits (partial lat):   0
   Validations denied:              0

   --- Latency Breakdown ---
   Validation request latency:      0 us
   Coalesced wait latency:          0 us
   TOTAL SECURITY OVERHEAD:         0 us
   Avg latency per validation:      0 us
   Avg latency per coalesced wait:  0 us
   Avg overhead per blocked access: 0 us

   --- Cache Statistics ---
   Processes with cached pages:     0
   Unique pages validated (total):  0
   Cache hit rate:                  0%

   ========= IOMMU Stats =====================
   IOMMU enabled:                   YES
   IOMMU SimObject:                 system.lenet5_clstr.iommu

   --- Access Breakdown ---
   Total IOMMU checks:              1772359
   IOTLB hits:                      1772303
   IOTLB misses (page walks):       56
   IOTLB hit rate:                  99.9968%

   --- Latency Breakdown ---
   TOTAL IOMMU OVERHEAD:            3572.61 us
   Avg latency per access:          0.00201573 us

********************************************************************************
system.lenet5_clstr.pool1.llvm_interface
Total Area: 6221.95
Total Power Static: 35.4349

Total Power Dynamic: 738.536
   ========= Performance Analysis =============
   Setup Time:                      0h 0m 0s 0ms 763us
   Simulation Time (Total):         0h 3m 20s 385ms
   Simulation Time (Active):        0h 0m 0s 300ms
        Queue Processing Time:      0h 0m 0s 166ms
             Scheduling Time:       0h 0m 0s 32ms
             Computation Time:      0h 0m 0s 6ms
   System Clock:                    0.1GHz
   Runtime:                         1221235 cycles
   Runtime:                         12212.4 us
   Stalls:                          0 cycles
   Executed Nodes:                  1221234 cycles

   ========= Kernel Validation Stats ==========
   Kernel validation enabled:       NO
   Configured latency per check:    0 us

   --- Access Breakdown ---
   Total memory accesses (validated): 0
   Cache hits (0 latency):          0
   Validation requests (full lat):  0
     of which DMA-ctrl writes:      0
   Coalesced waits (partial lat):   0
   Validations denied:              0

   --- Latency Breakdown ---
   Validation request latency:      0 us
   Coalesced wait latency:          0 us
   TOTAL SECURITY OVERHEAD:         0 us
   Avg latency per validation:      0 us
   Avg latency per coalesced wait:  0 us
   Avg overhead per blocked access: 0 us

   --- Cache Statistics ---
   Processes with cached pages:     0
   Unique pages validated (total):  0
   Cache hit rate:                  0%

   ========= IOMMU Stats =====================
   IOMMU enabled:                   YES
   IOMMU SimObject:                 system.lenet5_clstr.iommu

   --- Access Breakdown ---
   Total IOMMU checks:              1772359
   IOTLB hits:                      1772303
   IOTLB misses (page walks):       56
   IOTLB hit rate:                  99.9968%

   --- Latency Breakdown ---
   TOTAL IOMMU OVERHEAD:            3572.61 us
   Avg latency per access:          0.00201573 us

********************************************************************************
system.lenet5_clstr.data_mover_2.llvm_interface
Total Area: 1830.32
Total Power Static: 467.516

Total Power Dynamic: 5377.4
   ========= Performance Analysis =============
   Setup Time:                      0h 0m 0s 0ms 980us
   Simulation Time (Total):         0h 3m 36s 454ms
   Simulation Time (Active):        0h 0m 0s 807ms
        Queue Processing Time:      0h 0m 0s 638ms
             Scheduling Time:       0h 0m 0s 306ms
             Computation Time:      0h 0m 0s 67ms
   System Clock:                    0.1GHz
   Runtime:                         1684894 cycles
   Runtime:                         16848.9 us
   Stalls:                          0 cycles
   Executed Nodes:                  1684893 cycles

   ========= Kernel Validation Stats ==========
   Kernel validation enabled:       NO
   Configured latency per check:    0 us

   --- Access Breakdown ---
   Total memory accesses (validated): 0
   Cache hits (0 latency):          0
   Validation requests (full lat):  0
     of which DMA-ctrl writes:      0
   Coalesced waits (partial lat):   0
   Validations denied:              0

   --- Latency Breakdown ---
   Validation request latency:      0 us
   Coalesced wait latency:          0 us
   TOTAL SECURITY OVERHEAD:         0 us
   Avg latency per validation:      0 us
   Avg latency per coalesced wait:  0 us
   Avg overhead per blocked access: 0 us

   --- Cache Statistics ---
   Processes with cached pages:     0
   Unique pages validated (total):  0
   Cache hit rate:                  0%

   ========= IOMMU Stats =====================
   IOMMU enabled:                   YES
   IOMMU SimObject:                 system.lenet5_clstr.iommu

   --- Access Breakdown ---
   Total IOMMU checks:              2014489
   IOTLB hits:                      2008913
   IOTLB misses (page walks):       5576
   IOTLB hit rate:                  99.7232%

   --- Latency Breakdown ---
   TOTAL IOMMU OVERHEAD:            6805.83 us
   Avg latency per access:          0.00337844 us

********************************************************************************
system.lenet5_clstr.conv2.llvm_interface
Total Area: 5875.03
Total Power Static: 2891.36

Total Power Dynamic: 75102.9
   ========= Performance Analysis =============
   Setup Time:                      0h 0m 0s 0ms 746us
   Simulation Time (Total):         0h 3m 36s 444ms
   Simulation Time (Active):        0h 0m 1s 53ms
        Queue Processing Time:      0h 0m 0s 893ms
             Scheduling Time:       0h 0m 0s 483ms
             Computation Time:      0h 0m 0s 95ms
   System Clock:                    0.1GHz
   Runtime:                         1684836 cycles
   Runtime:                         16848.4 us
   Stalls:                          0 cycles
   Executed Nodes:                  1684835 cycles

   ========= Kernel Validation Stats ==========
   Kernel validation enabled:       NO
   Configured latency per check:    0 us

   --- Access Breakdown ---
   Total memory accesses (validated): 0
   Cache hits (0 latency):          0
   Validation requests (full lat):  0
     of which DMA-ctrl writes:      0
   Coalesced waits (partial lat):   0
   Validations denied:              0

   --- Latency Breakdown ---
   Validation request latency:      0 us
   Coalesced wait latency:          0 us
   TOTAL SECURITY OVERHEAD:         0 us
   Avg latency per validation:      0 us
   Avg latency per coalesced wait:  0 us
   Avg overhead per blocked access: 0 us

   --- Cache Statistics ---
   Processes with cached pages:     0
   Unique pages validated (total):  0
   Cache hit rate:                  0%

   ========= IOMMU Stats =====================
   IOMMU enabled:                   YES
   IOMMU SimObject:                 system.lenet5_clstr.iommu

   --- Access Breakdown ---
   Total IOMMU checks:              2014493
   IOTLB hits:                      2008917
   IOTLB misses (page walks):       5576
   IOTLB hit rate:                  99.7232%

   --- Latency Breakdown ---
   TOTAL IOMMU OVERHEAD:            6805.83 us
   Avg latency per access:          0.00337844 us

********************************************************************************
system.lenet5_clstr.data_mover_3.llvm_interface
Total Area: 1112.55
Total Power Static: 96.7562

Total Power Dynamic: 1121.45
   ========= Performance Analysis =============
   Setup Time:                      0h 0m 0s 0ms 631us
   Simulation Time (Total):         0h 3m 37s 538ms
   Simulation Time (Active):        0h 0m 0s 368ms
        Queue Processing Time:      0h 0m 0s 202ms
             Scheduling Time:       0h 0m 0s 45ms
             Computation Time:      0h 0m 0s 11ms
   System Clock:                    0.1GHz
   Runtime:                         1725710 cycles
   Runtime:                         17257.1 us
   Stalls:                          0 cycles
   Executed Nodes:                  1725709 cycles

   ========= Kernel Validation Stats ==========
   Kernel validation enabled:       NO
   Configured latency per check:    0 us

   --- Access Breakdown ---
   Total memory accesses (validated): 0
   Cache hits (0 latency):          0
   Validation requests (full lat):  0
     of which DMA-ctrl writes:      0
   Coalesced waits (partial lat):   0
   Validations denied:              0

   --- Latency Breakdown ---
   Validation request latency:      0 us
   Coalesced wait latency:          0 us
   TOTAL SECURITY OVERHEAD:         0 us
   Avg latency per validation:      0 us
   Avg latency per coalesced wait:  0 us
   Avg overhead per blocked access: 0 us

   --- Cache Statistics ---
   Processes with cached pages:     0
   Unique pages validated (total):  0
   Cache hit rate:                  0%

   ========= IOMMU Stats =====================
   IOMMU enabled:                   YES
   IOMMU SimObject:                 system.lenet5_clstr.iommu

   --- Access Breakdown ---
   Total IOMMU checks:              2064990
   IOTLB hits:                      2059403
   IOTLB misses (page walks):       5587
   IOTLB hit rate:                  99.7294%

   --- Latency Breakdown ---
   TOTAL IOMMU OVERHEAD:            6912.31 us
   Avg latency per access:          0.00334738 us

********************************************************************************
system.lenet5_clstr.fc0.llvm_interface
Total Area: 5516.14
Total Power Static: 605.722

Total Power Dynamic: 15761.6
   ========= Performance Analysis =============
   Setup Time:                      0h 0m 0s 6ms 662us
   Simulation Time (Total):         0h 3m 37s 513ms
   Simulation Time (Active):        0h 0m 0s 406ms
        Queue Processing Time:      0h 0m 0s 246ms
             Scheduling Time:       0h 0m 0s 73ms
             Computation Time:      0h 0m 0s 16ms
   System Clock:                    0.1GHz
   Runtime:                         1725652 cycles
   Runtime:                         17256.5 us
   Stalls:                          0 cycles
   Executed Nodes:                  1725651 cycles

   ========= Kernel Validation Stats ==========
   Kernel validation enabled:       NO
   Configured latency per check:    0 us

   --- Access Breakdown ---
   Total memory accesses (validated): 0
   Cache hits (0 latency):          0
   Validation requests (full lat):  0
     of which DMA-ctrl writes:      0
   Coalesced waits (partial lat):   0
   Validations denied:              0

   --- Latency Breakdown ---
   Validation request latency:      0 us
   Coalesced wait latency:          0 us
   TOTAL SECURITY OVERHEAD:         0 us
   Avg latency per validation:      0 us
   Avg latency per coalesced wait:  0 us
   Avg overhead per blocked access: 0 us

   --- Cache Statistics ---
   Processes with cached pages:     0
   Unique pages validated (total):  0
   Cache hit rate:                  0%

   ========= IOMMU Stats =====================
   IOMMU enabled:                   YES
   IOMMU SimObject:                 system.lenet5_clstr.iommu

   --- Access Breakdown ---
   Total IOMMU checks:              2064991
   IOTLB hits:                      2059404
   IOTLB misses (page walks):       5587
   IOTLB hit rate:                  99.7294%

   --- Latency Breakdown ---
   TOTAL IOMMU OVERHEAD:            6912.31 us
   Avg latency per access:          0.00334738 us

********************************************************************************
system.lenet5_clstr.top.llvm_interface
Total Area: 201.48
Total Power Static: 224.037

Total Power Dynamic: 1100.96
   ========= Performance Analysis =============
   Setup Time:                      0h 0m 0s 1ms 526us
   Simulation Time (Total):         0h 3m 39s 448ms
   Simulation Time (Active):        0h 0m 3s 379ms
        Queue Processing Time:      0h 0m 3s 154ms
             Scheduling Time:       0h 0m 1s 445ms
             Computation Time:      0h 0m 0s 236ms
   System Clock:                    0.1GHz
   Runtime:                         1748778 cycles
   Runtime:                         17487.8 us
   Stalls:                          0 cycles
   Executed Nodes:                  1748777 cycles

   ========= Kernel Validation Stats ==========
   Kernel validation enabled:       NO
   Configured latency per check:    0 us

   --- Access Breakdown ---
   Total memory accesses (validated): 0
   Cache hits (0 latency):          0
   Validation requests (full lat):  0
     of which DMA-ctrl writes:      0
   Coalesced waits (partial lat):   0
   Validations denied:              0

   --- Latency Breakdown ---
   Validation request latency:      0 us
   Coalesced wait latency:          0 us
   TOTAL SECURITY OVERHEAD:         0 us
   Avg latency per validation:      0 us
   Avg latency per coalesced wait:  0 us
   Avg overhead per blocked access: 0 us

   --- Cache Statistics ---
   Processes with cached pages:     0
   Unique pages validated (total):  0
   Cache hit rate:                  0%

   ========= IOMMU Stats =====================
   IOMMU enabled:                   YES
   IOMMU SimObject:                 system.lenet5_clstr.iommu

   --- Access Breakdown ---
   Total IOMMU checks:              2064994
   IOTLB hits:                      2059407
   IOTLB misses (page walks):       5587
   IOTLB hit rate:                  99.7294%

   --- Latency Breakdown ---
   TOTAL IOMMU OVERHEAD:            6912.31 us
   Avg latency per access:          0.00334738 us

Exiting @ tick 17537719000 because m5_exit instruction encountered
