build/ARM/base/statistics.hh:277: warn: One of the stats is a legacy stat. Legacy stat is a stat that does not belong to any statistics::Group. Legacy stat is deprecated.
Global frequency set at 1000000000000 ticks per second
build/ARM/mem/mem_interface.cc:793: warn: DRAM device capacity (16384 Mbytes) does not match the address range assigned (4096 Mbytes)
build/ARM/sim/kernel_workload.cc:46: info: kernel located at: /gem5-SALAM/benchmarks/lenet/design_a/sw/main.elf
build/ARM/arch/arm/system.cc:95: warn: Highest ARM exception-level set to AArch64 but the workload is for AArch32. Assuming you wanted these to match.
build/ARM/base/vnc/vncserver.cc:163: warn: Sockets disabled, not accepting vnc client connections
build/ARM/dev/serial/terminal.cc:170: warn: Sockets disabled, not accepting terminal connections
build/ARM/base/remote_gdb.cc:377: warn: Sockets disabled, not accepting gdb connections
build/ARM/mem/coherent_xbar.cc:140: warn: CoherentXBar system.lenet5_clstr.coherency_bus has no snooping ports attached!
build/ARM/dev/arm/energy_ctrl.cc:252: warn: Existing EnergyCtrl, but no enabled DVFSHandler found.
gem5 Simulator System.  http://gem5.org
gem5 is copyrighted software; use the --copyright option for details.

gem5 version 21.1.0.1
gem5 compiled May  4 2026 18:12:38
gem5 started May  4 2026 18:13:27
gem5 executing on 3b7fb6fd27b8, pid 2580788
command line: /gem5-SALAM/build/ARM/gem5.opt --listener-mode=off --outdir=/gem5-SALAM/BM_ARM_OUT/run_all/lenet_a/iommu_e8_m250ns /gem5-SALAM/configs/SALAM/fs_lenet_a.py --mem-size=4GB --mem-type=DDR4_2400_8x8 --machine-type=VExpress_GEM5_V1 --dtb-file=none --bare-metal --cpu-type=DerivO3CPU --caches --l2cache --kernel=/gem5-SALAM/benchmarks/lenet/design_a/sw/main.elf --disk-image=/gem5-SALAM/benchmarks/common/fake.iso --accpath=/gem5-SALAM/benchmarks/lenet/design_a --accbench=lenet_a --enable-iommu --iotlb-entries 8 --iotlb-hit-latency 2000 --iotlb-miss-latency 250000

[HWAccConfig] IOMMU ENABLED: entries=8, hit_lat=2000, miss_lat=250000
[HWAccConfig] IOMMU ENABLED: entries=8, hit_lat=2000, miss_lat=250000
[HWAccConfig] IOMMU ENABLED: entries=8, hit_lat=2000, miss_lat=250000
[HWAccConfig] IOMMU ENABLED: entries=8, hit_lat=2000, miss_lat=250000
[HWAccConfig] IOMMU ENABLED: entries=8, hit_lat=2000, miss_lat=250000
[HWAccConfig] IOMMU ENABLED: entries=8, hit_lat=2000, miss_lat=250000
[HWAccConfig] IOMMU ENABLED: entries=8, hit_lat=2000, miss_lat=250000
**** REAL SIMULATION ****
warn: iobus.slave is deprecated. `slave` is now called `cpu_side_ports`
warn: bridge.master is deprecated. `master` is now called `mem_side_port`
warn: membus.master is deprecated. `master` is now called `mem_side_ports`
warn: bridge.slave is deprecated. `slave` is now called `cpu_side_port`
warn: membus.slave is deprecated. `slave` is now called `cpu_side_ports`
warn: tol2bus.master is deprecated. `master` is now called `mem_side_ports`
warn: membus.slave is deprecated. `slave` is now called `cpu_side_ports`
warn: tol2bus.slave is deprecated. `slave` is now called `cpu_side_ports`
warn: tol2bus.slave is deprecated. `slave` is now called `cpu_side_ports`
warn: tol2bus.slave is deprecated. `slave` is now called `cpu_side_ports`
warn: tol2bus.slave is deprecated. `slave` is now called `cpu_side_ports`
warn: membus.slave is deprecated. `slave` is now called `cpu_side_ports`
warn: coherency_bus.master is deprecated. `master` is now called `mem_side_ports`
warn: No dot file generated. Please install pydot to generate the dot file and pdf.
build/ARM/sim/simulate.cc:107: info: Entering event queue @ 0.  Starting simulation...
********************************************************************************
system.lenet5_clstr.conv0.llvm_interface
Total Area: 6604.76
Total Power Static: 7702.37

Total Power Dynamic: 186527
   ========= Performance Analysis =============
   Setup Time:                      0h 0m 0s 0ms 930us
   Simulation Time (Total):         0h 0m 50s 406ms
   Simulation Time (Active):        0h 0m 7s 511ms
        Queue Processing Time:      0h 0m 7s 339ms
             Scheduling Time:       0h 0m 4s 422ms
             Computation Time:      0h 0m 0s 882ms
   System Clock:                    0.1GHz
   Runtime:                         533293 cycles
   Runtime:                         5332.93 us
   Stalls:                          0 cycles
   Executed Nodes:                  533292 cycles

   ========= Kernel Validation Stats ==========
   Kernel validation enabled:       NO
   Configured latency per check:    0 us

   --- Access Breakdown ---
   Total memory accesses (validated): 0
   Cache hits (0 latency):          0
   Validation requests (full lat):  0
     of which DMA-ctrl writes:      0
   Coalesced waits (partial lat):   0
   Validations denied:              0

   --- Latency Breakdown ---
   Validation request latency:      0 us
   Coalesced wait latency:          0 us
   TOTAL SECURITY OVERHEAD:         0 us
   Avg latency per validation:      0 us
   Avg latency per coalesced wait:  0 us
   Avg overhead per blocked access: 0 us

   --- Cache Statistics ---
   Processes with cached pages:     0
   Unique pages validated (total):  0
   Cache hit rate:                  0%

   ========= IOMMU Stats =====================
   IOMMU enabled:                   YES
   IOMMU SimObject:                 system.lenet5_clstr.iommu

   --- Access Breakdown ---
   Total IOMMU checks:              278657
   IOTLB hits:                      278649
   IOTLB misses (page walks):       8
   IOTLB hit rate:                  99.9971%

   --- Latency Breakdown ---
   TOTAL IOMMU OVERHEAD:            559.298 us
   Avg latency per access:          0.00200712 us

********************************************************************************
system.lenet5_clstr.pool0.llvm_interface
Total Area: 6693.54
Total Power Static: 119.603

Total Power Dynamic: 2263.76
   ========= Performance Analysis =============
   Setup Time:                      0h 0m 0s 0ms 928us
   Simulation Time (Total):         0h 0m 0s 805ms
   Simulation Time (Active):        0h 0m 0s 162ms
        Queue Processing Time:      0h 0m 0s 160ms
             Scheduling Time:       0h 0m 0s 92ms
             Computation Time:      0h 0m 0s 17ms
   System Clock:                    0.1GHz
   Runtime:                         15668 cycles
   Runtime:                         156.68 us
   Stalls:                          0 cycles
   Executed Nodes:                  15667 cycles

   ========= Kernel Validation Stats ==========
   Kernel validation enabled:       NO
   Configured latency per check:    0 us

   --- Access Breakdown ---
   Total memory accesses (validated): 0
   Cache hits (0 latency):          0
   Validation requests (full lat):  0
     of which DMA-ctrl writes:      0
   Coalesced waits (partial lat):   0
   Validations denied:              0

   --- Latency Breakdown ---
   Validation request latency:      0 us
   Coalesced wait latency:          0 us
   TOTAL SECURITY OVERHEAD:         0 us
   Avg latency per validation:      0 us
   Avg latency per coalesced wait:  0 us
   Avg overhead per blocked access: 0 us

   --- Cache Statistics ---
   Processes with cached pages:     0
   Unique pages validated (total):  0
   Cache hit rate:                  0%

   ========= IOMMU Stats =====================
   IOMMU enabled:                   YES
   IOMMU SimObject:                 system.lenet5_clstr.iommu

   --- Access Breakdown ---
   Total IOMMU checks:              290888
   IOTLB hits:                      290864
   IOTLB misses (page walks):       24
   IOTLB hit rate:                  99.9917%

   --- Latency Breakdown ---
   TOTAL IOMMU OVERHEAD:            587.728 us
   Avg latency per access:          0.00202046 us

********************************************************************************
system.lenet5_clstr.conv1.llvm_interface
Total Area: 6784.2
Total Power Static: 15677.5

Total Power Dynamic: 376721
   ========= Performance Analysis =============
   Setup Time:                      0h 0m 0s 1ms 121us
   Simulation Time (Total):         0h 1m 32s 75ms
   Simulation Time (Active):        0h 0m 8s 188ms
        Queue Processing Time:      0h 0m 8s 65ms
             Scheduling Time:       0h 0m 5s 64ms
             Computation Time:      0h 0m 0s 996ms
   System Clock:                    0.1GHz
   Runtime:                         861142 cycles
   Runtime:                         8611.42 us
   Stalls:                          0 cycles
   Executed Nodes:                  861141 cycles

   ========= Kernel Validation Stats ==========
   Kernel validation enabled:       NO
   Configured latency per check:    0 us

   --- Access Breakdown ---
   Total memory accesses (validated): 0
   Cache hits (0 latency):          0
   Validation requests (full lat):  0
     of which DMA-ctrl writes:      0
   Coalesced waits (partial lat):   0
   Validations denied:              0

   --- Latency Breakdown ---
   Validation request latency:      0 us
   Coalesced wait latency:          0 us
   TOTAL SECURITY OVERHEAD:         0 us
   Avg latency per validation:      0 us
   Avg latency per coalesced wait:  0 us
   Avg overhead per blocked access: 0 us

   --- Cache Statistics ---
   Processes with cached pages:     0
   Unique pages validated (total):  0
   Cache hit rate:                  0%

   ========= IOMMU Stats =====================
   IOMMU enabled:                   YES
   IOMMU SimObject:                 system.lenet5_clstr.iommu

   --- Access Breakdown ---
   Total IOMMU checks:              836765
   IOTLB hits:                      836733
   IOTLB misses (page walks):       32
   IOTLB hit rate:                  99.9962%

   --- Latency Breakdown ---
   TOTAL IOMMU OVERHEAD:            1681.47 us
   Avg latency per access:          0.00200948 us

********************************************************************************
system.lenet5_clstr.pool1.llvm_interface
Total Area: 6693.54
Total Power Static: 40.6797

Total Power Dynamic: 769.272
   ========= Performance Analysis =============
   Setup Time:                      0h 0m 0s 0ms 932us
   Simulation Time (Total):         0h 0m 0s 205ms
   Simulation Time (Active):        0h 0m 0s 41ms
        Queue Processing Time:      0h 0m 0s 40ms
             Scheduling Time:       0h 0m 0s 23ms
             Computation Time:      0h 0m 0s 4ms
   System Clock:                    0.1GHz
   Runtime:                         5280 cycles
   Runtime:                         52.8 us
   Stalls:                          0 cycles
   Executed Nodes:                  5279 cycles

   ========= Kernel Validation Stats ==========
   Kernel validation enabled:       NO
   Configured latency per check:    0 us

   --- Access Breakdown ---
   Total memory accesses (validated): 0
   Cache hits (0 latency):          0
   Validation requests (full lat):  0
     of which DMA-ctrl writes:      0
   Coalesced waits (partial lat):   0
   Validations denied:              0

   --- Latency Breakdown ---
   Validation request latency:      0 us
   Coalesced wait latency:          0 us
   TOTAL SECURITY OVERHEAD:         0 us
   Avg latency per validation:      0 us
   Avg latency per coalesced wait:  0 us
   Avg overhead per blocked access: 0 us

   --- Cache Statistics ---
   Processes with cached pages:     0
   Unique pages validated (total):  0
   Cache hit rate:                  0%

   ========= IOMMU Stats =====================
   IOMMU enabled:                   YES
   IOMMU SimObject:                 system.lenet5_clstr.iommu

   --- Access Breakdown ---
   Total IOMMU checks:              840967
   IOTLB hits:                      840931
   IOTLB misses (page walks):       36
   IOTLB hit rate:                  99.9957%

   --- Latency Breakdown ---
   TOTAL IOMMU OVERHEAD:            1690.86 us
   Avg latency per access:          0.00201062 us

********************************************************************************
system.lenet5_clstr.fc0.llvm_interface
Total Area: 6066.43
Total Power Static: 2891.65

Total Power Dynamic: 75108.6
   ========= Performance Analysis =============
   Setup Time:                      0h 0m 0s 0ms 919us
   Simulation Time (Total):         0h 0m 15s 246ms
   Simulation Time (Active):        0h 0m 1s 370ms
        Queue Processing Time:      0h 0m 1s 339ms
             Scheduling Time:       0h 0m 0s 837ms
             Computation Time:      0h 0m 0s 175ms
   System Clock:                    0.1GHz
   Runtime:                         295586 cycles
   Runtime:                         2955.86 us
   Stalls:                          0 cycles
   Executed Nodes:                  295585 cycles

   ========= Kernel Validation Stats ==========
   Kernel validation enabled:       NO
   Configured latency per check:    0 us

   --- Access Breakdown ---
   Total memory accesses (validated): 0
   Cache hits (0 latency):          0
   Validation requests (full lat):  0
     of which DMA-ctrl writes:      0
   Coalesced waits (partial lat):   0
   Validations denied:              0

   --- Latency Breakdown ---
   Validation request latency:      0 us
   Coalesced wait latency:          0 us
   TOTAL SECURITY OVERHEAD:         0 us
   Avg latency per validation:      0 us
   Avg latency per coalesced wait:  0 us
   Avg overhead per blocked access: 0 us

   --- Cache Statistics ---
   Processes with cached pages:     0
   Unique pages validated (total):  0
   Cache hit rate:                  0%

   ========= IOMMU Stats =====================
   IOMMU enabled:                   YES
   IOMMU SimObject:                 system.lenet5_clstr.iommu

   --- Access Breakdown ---
   Total IOMMU checks:              950758
   IOTLB hits:                      944961
   IOTLB misses (page walks):       5797
   IOTLB hit rate:                  99.3903%

   --- Latency Breakdown ---
   TOTAL IOMMU OVERHEAD:            3339.17 us
   Avg latency per access:          0.00351212 us

********************************************************************************
system.lenet5_clstr.fc1.llvm_interface
Total Area: 5707.55
Total Power Static: 605.723

Total Power Dynamic: 15765.7
   ========= Performance Analysis =============
   Setup Time:                      0h 0m 0s 0ms 702us
   Simulation Time (Total):         0h 0m 1s 854ms
   Simulation Time (Active):        0h 0m 0s 232ms
        Queue Processing Time:      0h 0m 0s 226ms
             Scheduling Time:       0h 0m 0s 136ms
             Computation Time:      0h 0m 0s 30ms
   System Clock:                    0.1GHz
   Runtime:                         51493 cycles
   Runtime:                         514.93 us
   Stalls:                          0 cycles
   Executed Nodes:                  51492 cycles

   ========= Kernel Validation Stats ==========
   Kernel validation enabled:       NO
   Configured latency per check:    0 us

   --- Access Breakdown ---
   Total memory accesses (validated): 0
   Cache hits (0 latency):          0
   Validation requests (full lat):  0
     of which DMA-ctrl writes:      0
   Coalesced waits (partial lat):   0
   Validations denied:              0

   --- Latency Breakdown ---
   Validation request latency:      0 us
   Coalesced wait latency:          0 us
   TOTAL SECURITY OVERHEAD:         0 us
   Avg latency per validation:      0 us
   Avg latency per coalesced wait:  0 us
   Avg overhead per blocked access: 0 us

   --- Cache Statistics ---
   Processes with cached pages:     0
   Unique pages validated (total):  0
   Cache hit rate:                  0%

   ========= IOMMU Stats =====================
   IOMMU enabled:                   YES
   IOMMU SimObject:                 system.lenet5_clstr.iommu

   --- Access Breakdown ---
   Total IOMMU checks:              973672
   IOTLB hits:                      967033
   IOTLB misses (page walks):       6639
   IOTLB hit rate:                  99.3181%

   --- Latency Breakdown ---
   TOTAL IOMMU OVERHEAD:            3593.82 us
   Avg latency per access:          0.00369099 us

********************************************************************************
system.lenet5_clstr.top.llvm_interface
Total Area: 1007.4
Total Power Static: 72.1692

Total Power Dynamic: 354.652
   ========= Performance Analysis =============
   Setup Time:                      0h 0m 0s 11ms 304us
   Simulation Time (Total):         0h 2m 41s 384ms
   Simulation Time (Active):        0h 0m 1s 746ms
        Queue Processing Time:      0h 0m 1s 518ms
             Scheduling Time:       0h 0m 0s 665ms
             Computation Time:      0h 0m 0s 82ms
   System Clock:                    0.1GHz
   Runtime:                         1781497 cycles
   Runtime:                         17815 us
   Stalls:                          0 cycles
   Executed Nodes:                  1781496 cycles

   ========= Kernel Validation Stats ==========
   Kernel validation enabled:       NO
   Configured latency per check:    0 us

   --- Access Breakdown ---
   Total memory accesses (validated): 0
   Cache hits (0 latency):          0
   Validation requests (full lat):  0
     of which DMA-ctrl writes:      0
   Coalesced waits (partial lat):   0
   Validations denied:              0

   --- Latency Breakdown ---
   Validation request latency:      0 us
   Coalesced wait latency:          0 us
   TOTAL SECURITY OVERHEAD:         0 us
   Avg latency per validation:      0 us
   Avg latency per coalesced wait:  0 us
   Avg overhead per blocked access: 0 us

   --- Cache Statistics ---
   Processes with cached pages:     0
   Unique pages validated (total):  0
   Cache hit rate:                  0%

   ========= IOMMU Stats =====================
   IOMMU enabled:                   YES
   IOMMU SimObject:                 system.lenet5_clstr.iommu

   --- Access Breakdown ---
   Total IOMMU checks:              973724
   IOTLB hits:                      967083
   IOTLB misses (page walks):       6641
   IOTLB hit rate:                  99.318%

   --- Latency Breakdown ---
   TOTAL IOMMU OVERHEAD:            3594.42 us
   Avg latency per access:          0.00369141 us

Exiting @ tick 17893277000 because m5_exit instruction encountered
