build/ARM/base/statistics.hh:277: warn: One of the stats is a legacy stat. Legacy stat is a stat that does not belong to any statistics::Group. Legacy stat is deprecated.
Global frequency set at 1000000000000 ticks per second
build/ARM/mem/mem_interface.cc:793: warn: DRAM device capacity (16384 Mbytes) does not match the address range assigned (4096 Mbytes)
build/ARM/sim/kernel_workload.cc:46: info: kernel located at: /gem5-SALAM/benchmarks/sys_validation/spmv/sw/main.elf
build/ARM/arch/arm/system.cc:95: warn: Highest ARM exception-level set to AArch64 but the workload is for AArch32. Assuming you wanted these to match.
build/ARM/base/vnc/vncserver.cc:163: warn: Sockets disabled, not accepting vnc client connections
build/ARM/dev/serial/terminal.cc:170: warn: Sockets disabled, not accepting terminal connections
build/ARM/base/remote_gdb.cc:377: warn: Sockets disabled, not accepting gdb connections
build/ARM/mem/coherent_xbar.cc:140: warn: CoherentXBar system.spmv_clstr.coherency_bus has no snooping ports attached!
build/ARM/dev/arm/energy_ctrl.cc:252: warn: Existing EnergyCtrl, but no enabled DVFSHandler found.
gem5 Simulator System.  http://gem5.org
gem5 is copyrighted software; use the --copyright option for details.

gem5 version 21.1.0.1
gem5 compiled May  2 2026 19:55:51
gem5 started May  3 2026 00:10:49
gem5 executing on 3b7fb6fd27b8, pid 1113550
command line: /gem5-SALAM/build/ARM/gem5.opt --listener-mode=off --outdir=/gem5-SALAM/BM_ARM_OUT/run_all/spmv/aia-kd /gem5-SALAM/configs/SALAM/fs_spmv.py --mem-size=4GB --mem-type=DDR4_2400_8x8 --machine-type=VExpress_GEM5_V1 --dtb-file=none --bare-metal --cpu-type=DerivO3CPU --caches --l2cache --kernel=/gem5-SALAM/benchmarks/sys_validation/spmv/sw/main.elf --disk-image=/gem5-SALAM/benchmarks/common/fake.iso --accpath=/gem5-SALAM/benchmarks/sys_validation/spmv --accbench=spmv --enable-kernel-validation --kernel-validation-latency 8367000

[HWAccConfig] Kernel validation ENABLED: latency=8367000, int=172, pid=17
[HWAccConfig] Kernel validation ENABLED: latency=8367000, int=172, pid=17
**** REAL SIMULATION ****
warn: iobus.slave is deprecated. `slave` is now called `cpu_side_ports`
warn: bridge.master is deprecated. `master` is now called `mem_side_port`
warn: membus.master is deprecated. `master` is now called `mem_side_ports`
warn: bridge.slave is deprecated. `slave` is now called `cpu_side_port`
warn: membus.slave is deprecated. `slave` is now called `cpu_side_ports`
warn: tol2bus.master is deprecated. `master` is now called `mem_side_ports`
warn: membus.slave is deprecated. `slave` is now called `cpu_side_ports`
warn: tol2bus.slave is deprecated. `slave` is now called `cpu_side_ports`
warn: tol2bus.slave is deprecated. `slave` is now called `cpu_side_ports`
warn: tol2bus.slave is deprecated. `slave` is now called `cpu_side_ports`
warn: tol2bus.slave is deprecated. `slave` is now called `cpu_side_ports`
warn: membus.slave is deprecated. `slave` is now called `cpu_side_ports`
warn: coherency_bus.master is deprecated. `master` is now called `mem_side_ports`
warn: No dot file generated. Please install pydot to generate the dot file and pdf.
build/ARM/sim/simulate.cc:107: info: Entering event queue @ 0.  Starting simulation...
********************************************************************************
system.spmv_clstr.spmv.llvm_interface
Total Area: 1507.32
Total Power Static: 25.6176

Total Power Dynamic: 342.257
   ========= Performance Analysis =============
   Setup Time:                      0h 0m 0s 0ms 882us
   Simulation Time (Total):         0h 0m 2s 987ms
   Simulation Time (Active):        0h 0m 2s 301ms
        Queue Processing Time:      0h 0m 2s 296ms
             Scheduling Time:       0h 0m 1s 80ms
             Computation Time:      0h 0m 0s 37ms
   System Clock:                    0.1GHz
   Runtime:                         10851 cycles
   Runtime:                         108.51 us
   Stalls:                          0 cycles
   Executed Nodes:                  10850 cycles

   ========= Kernel Validation Stats ==========
   Kernel validation enabled:       YES
   Configured latency per check:    8.367 us

   --- Access Breakdown ---
   Total memory accesses (validated): 6480
   Cache hits (0 latency):          6470
   Validation requests (full lat):  7
   Coalesced waits (partial lat):   3
   Validations denied:              0

   --- Latency Breakdown ---
   Validation request latency:      58.569 us
   Coalesced wait latency:          16.781 us
   TOTAL SECURITY OVERHEAD:         75.35 us
   Avg latency per validation:      8.367 us
   Avg latency per coalesced wait:  5.59367 us
   Avg overhead per blocked access: 7.535 us

   --- Cache Statistics ---
   Processes with cached pages:     1
   Unique pages validated (total):  8
   Cache hit rate:                  99.8457%

********************************************************************************
system.spmv_clstr.top.llvm_interface
Total Area: 302.22
Total Power Static: 0.62522

Total Power Dynamic: 3.07244
   ========= Performance Analysis =============
   Setup Time:                      0h 0m 0s 4ms 489us
   Simulation Time (Total):         0h 0m 3s 286ms
   Simulation Time (Active):        0h 0m 0s 25ms
        Queue Processing Time:      0h 0m 0s 23ms
             Scheduling Time:       0h 0m 0s 8ms
             Computation Time:      0h 0m 0s 0ms
   System Clock:                    0.1GHz
   Runtime:                         15392 cycles
   Runtime:                         153.92 us
   Stalls:                          0 cycles
   Executed Nodes:                  15391 cycles

   ========= Kernel Validation Stats ==========
   Kernel validation enabled:       YES
   Configured latency per check:    8.367 us

   --- Access Breakdown ---
   Total memory accesses (validated): 1044
   Cache hits (0 latency):          1039
   Validation requests (full lat):  1
   Coalesced waits (partial lat):   4
   Validations denied:              0

   --- Latency Breakdown ---
   Validation request latency:      8.367 us
   Coalesced wait latency:          33.468 us
   TOTAL SECURITY OVERHEAD:         41.835 us
   Avg latency per validation:      8.367 us
   Avg latency per coalesced wait:  8.367 us
   Avg overhead per blocked access: 8.367 us

   --- Cache Statistics ---
   Processes with cached pages:     1
   Unique pages validated (total):  8
   Cache hit rate:                  99.5211%

Exiting @ tick 1496605000 because m5_exit instruction encountered
