build/ARM/base/statistics.hh:277: warn: One of the stats is a legacy stat. Legacy stat is a stat that does not belong to any statistics::Group. Legacy stat is deprecated.
Global frequency set at 1000000000000 ticks per second
build/ARM/mem/mem_interface.cc:793: warn: DRAM device capacity (16384 Mbytes) does not match the address range assigned (4096 Mbytes)
build/ARM/sim/kernel_workload.cc:46: info: kernel located at: /gem5-SALAM/benchmarks/lenet/design_b/sw/main.elf
build/ARM/arch/arm/system.cc:95: warn: Highest ARM exception-level set to AArch64 but the workload is for AArch32. Assuming you wanted these to match.
build/ARM/base/vnc/vncserver.cc:163: warn: Sockets disabled, not accepting vnc client connections
build/ARM/dev/serial/terminal.cc:170: warn: Sockets disabled, not accepting terminal connections
build/ARM/base/remote_gdb.cc:377: warn: Sockets disabled, not accepting gdb connections
build/ARM/mem/coherent_xbar.cc:140: warn: CoherentXBar system.lenet5_clstr.coherency_bus has no snooping ports attached!
build/ARM/dev/arm/energy_ctrl.cc:252: warn: Existing EnergyCtrl, but no enabled DVFSHandler found.
gem5 Simulator System.  http://gem5.org
gem5 is copyrighted software; use the --copyright option for details.

gem5 version 21.1.0.1
gem5 compiled May  4 2026 18:12:38
gem5 started May  4 2026 18:13:30
gem5 executing on 3b7fb6fd27b8, pid 2580989
command line: /gem5-SALAM/build/ARM/gem5.opt --listener-mode=off --outdir=/gem5-SALAM/BM_ARM_OUT/run_all/lenet_b/iommu_e2048_m500ns /gem5-SALAM/configs/SALAM/fs_lenet_b.py --mem-size=4GB --mem-type=DDR4_2400_8x8 --machine-type=VExpress_GEM5_V1 --dtb-file=none --bare-metal --cpu-type=DerivO3CPU --caches --l2cache --kernel=/gem5-SALAM/benchmarks/lenet/design_b/sw/main.elf --disk-image=/gem5-SALAM/benchmarks/common/fake.iso --accpath=/gem5-SALAM/benchmarks/lenet/design_b --accbench=lenet_b --enable-iommu --iotlb-entries 2048 --iotlb-hit-latency 2000 --iotlb-miss-latency 500000

[HWAccConfig] IOMMU ENABLED: entries=2048, hit_lat=2000, miss_lat=500000
[HWAccConfig] IOMMU ENABLED: entries=2048, hit_lat=2000, miss_lat=500000
[HWAccConfig] IOMMU ENABLED: entries=2048, hit_lat=2000, miss_lat=500000
[HWAccConfig] IOMMU ENABLED: entries=2048, hit_lat=2000, miss_lat=500000
[HWAccConfig] IOMMU ENABLED: entries=2048, hit_lat=2000, miss_lat=500000
[HWAccConfig] IOMMU ENABLED: entries=2048, hit_lat=2000, miss_lat=500000
[HWAccConfig] IOMMU ENABLED: entries=2048, hit_lat=2000, miss_lat=500000
[HWAccConfig] IOMMU ENABLED: entries=2048, hit_lat=2000, miss_lat=500000
[HWAccConfig] IOMMU ENABLED: entries=2048, hit_lat=2000, miss_lat=500000
[HWAccConfig] IOMMU ENABLED: entries=2048, hit_lat=2000, miss_lat=500000
[HWAccConfig] IOMMU ENABLED: entries=2048, hit_lat=2000, miss_lat=500000
[HWAccConfig] IOMMU ENABLED: entries=2048, hit_lat=2000, miss_lat=500000
**** REAL SIMULATION ****
warn: iobus.slave is deprecated. `slave` is now called `cpu_side_ports`
warn: bridge.master is deprecated. `master` is now called `mem_side_port`
warn: membus.master is deprecated. `master` is now called `mem_side_ports`
warn: bridge.slave is deprecated. `slave` is now called `cpu_side_port`
warn: membus.slave is deprecated. `slave` is now called `cpu_side_ports`
warn: tol2bus.master is deprecated. `master` is now called `mem_side_ports`
warn: membus.slave is deprecated. `slave` is now called `cpu_side_ports`
warn: tol2bus.slave is deprecated. `slave` is now called `cpu_side_ports`
warn: tol2bus.slave is deprecated. `slave` is now called `cpu_side_ports`
warn: tol2bus.slave is deprecated. `slave` is now called `cpu_side_ports`
warn: tol2bus.slave is deprecated. `slave` is now called `cpu_side_ports`
warn: membus.slave is deprecated. `slave` is now called `cpu_side_ports`
warn: coherency_bus.master is deprecated. `master` is now called `mem_side_ports`
warn: No dot file generated. Please install pydot to generate the dot file and pdf.
build/ARM/sim/simulate.cc:107: info: Entering event queue @ 0.  Starting simulation...
********************************************************************************
system.lenet5_clstr.conv0.llvm_interface
Total Area: 6604.76
Total Power Static: 7702.37

Total Power Dynamic: 186527
   ========= Performance Analysis =============
   Setup Time:                      0h 0m 0s 6ms 964us
   Simulation Time (Total):         0h 4m 7s 333ms
   Simulation Time (Active):        0h 0m 6s 905ms
        Queue Processing Time:      0h 0m 6s 817ms
             Scheduling Time:       0h 0m 3s 953ms
             Computation Time:      0h 0m 0s 753ms
   System Clock:                    0.1GHz
   Runtime:                         534682 cycles
   Runtime:                         5346.82 us
   Stalls:                          0 cycles
   Executed Nodes:                  534681 cycles

   ========= Kernel Validation Stats ==========
   Kernel validation enabled:       NO
   Configured latency per check:    0 us

   --- Access Breakdown ---
   Total memory accesses (validated): 0
   Cache hits (0 latency):          0
   Validation requests (full lat):  0
     of which DMA-ctrl writes:      0
   Coalesced waits (partial lat):   0
   Validations denied:              0

   --- Latency Breakdown ---
   Validation request latency:      0 us
   Coalesced wait latency:          0 us
   TOTAL SECURITY OVERHEAD:         0 us
   Avg latency per validation:      0 us
   Avg latency per coalesced wait:  0 us
   Avg overhead per blocked access: 0 us

   --- Cache Statistics ---
   Processes with cached pages:     0
   Unique pages validated (total):  0
   Cache hit rate:                  0%

   ========= IOMMU Stats =====================
   IOMMU enabled:                   YES
   IOMMU SimObject:                 system.lenet5_clstr.iommu

   --- Access Breakdown ---
   Total IOMMU checks:              499024
   IOTLB hits:                      498980
   IOTLB misses (page walks):       44
   IOTLB hit rate:                  99.9912%

   --- Latency Breakdown ---
   TOTAL IOMMU OVERHEAD:            1019.96 us
   Avg latency per access:          0.00204391 us

********************************************************************************
system.lenet5_clstr.data_mover_0.llvm_interface
Total Area: 921.141
Total Power Static: 46.5935

Total Power Dynamic: 530.888
   ========= Performance Analysis =============
   Setup Time:                      0h 0m 0s 6ms 740us
   Simulation Time (Total):         0h 4m 7s 324ms
   Simulation Time (Active):        0h 0m 0s 330ms
        Queue Processing Time:      0h 0m 0s 267ms
             Scheduling Time:       0h 0m 0s 110ms
             Computation Time:      0h 0m 0s 15ms
   System Clock:                    0.1GHz
   Runtime:                         534632 cycles
   Runtime:                         5346.32 us
   Stalls:                          0 cycles
   Executed Nodes:                  534631 cycles

   ========= Kernel Validation Stats ==========
   Kernel validation enabled:       NO
   Configured latency per check:    0 us

   --- Access Breakdown ---
   Total memory accesses (validated): 0
   Cache hits (0 latency):          0
   Validation requests (full lat):  0
     of which DMA-ctrl writes:      0
   Coalesced waits (partial lat):   0
   Validations denied:              0

   --- Latency Breakdown ---
   Validation request latency:      0 us
   Coalesced wait latency:          0 us
   TOTAL SECURITY OVERHEAD:         0 us
   Avg latency per validation:      0 us
   Avg latency per coalesced wait:  0 us
   Avg overhead per blocked access: 0 us

   --- Cache Statistics ---
   Processes with cached pages:     0
   Unique pages validated (total):  0
   Cache hit rate:                  0%

   ========= IOMMU Stats =====================
   IOMMU enabled:                   YES
   IOMMU SimObject:                 system.lenet5_clstr.iommu

   --- Access Breakdown ---
   Total IOMMU checks:              499025
   IOTLB hits:                      498981
   IOTLB misses (page walks):       44
   IOTLB hit rate:                  99.9912%

   --- Latency Breakdown ---
   TOTAL IOMMU OVERHEAD:            1019.96 us
   Avg latency per access:          0.00204391 us

********************************************************************************
system.lenet5_clstr.pool0.llvm_interface
Total Area: 6693.54
Total Power Static: 119.603

Total Power Dynamic: 2263.76
   ========= Performance Analysis =============
   Setup Time:                      0h 0m 0s 0ms 826us
   Simulation Time (Total):         0h 4m 7s 314ms
   Simulation Time (Active):        0h 0m 0s 341ms
        Queue Processing Time:      0h 0m 0s 271ms
             Scheduling Time:       0h 0m 0s 117ms
             Computation Time:      0h 0m 0s 20ms
   System Clock:                    0.1GHz
   Runtime:                         534573 cycles
   Runtime:                         5345.73 us
   Stalls:                          0 cycles
   Executed Nodes:                  534572 cycles

   ========= Kernel Validation Stats ==========
   Kernel validation enabled:       NO
   Configured latency per check:    0 us

   --- Access Breakdown ---
   Total memory accesses (validated): 0
   Cache hits (0 latency):          0
   Validation requests (full lat):  0
     of which DMA-ctrl writes:      0
   Coalesced waits (partial lat):   0
   Validations denied:              0

   --- Latency Breakdown ---
   Validation request latency:      0 us
   Coalesced wait latency:          0 us
   TOTAL SECURITY OVERHEAD:         0 us
   Avg latency per validation:      0 us
   Avg latency per coalesced wait:  0 us
   Avg overhead per blocked access: 0 us

   --- Cache Statistics ---
   Processes with cached pages:     0
   Unique pages validated (total):  0
   Cache hit rate:                  0%

   ========= IOMMU Stats =====================
   IOMMU enabled:                   YES
   IOMMU SimObject:                 system.lenet5_clstr.iommu

   --- Access Breakdown ---
   Total IOMMU checks:              499028
   IOTLB hits:                      498984
   IOTLB misses (page walks):       44
   IOTLB hit rate:                  99.9912%

   --- Latency Breakdown ---
   TOTAL IOMMU OVERHEAD:            1019.97 us
   Avg latency per access:          0.00204391 us

********************************************************************************
system.lenet5_clstr.data_mover_1.llvm_interface
Total Area: 921.141
Total Power Static: 11.6632

Total Power Dynamic: 132.822
   ========= Performance Analysis =============
   Setup Time:                      0h 0m 0s 6ms 640us
   Simulation Time (Total):         0h 4m 7s 308ms
   Simulation Time (Active):        0h 0m 0s 169ms
        Queue Processing Time:      0h 0m 0s 112ms
             Scheduling Time:       0h 0m 0s 19ms
             Computation Time:      0h 0m 0s 3ms
   System Clock:                    0.1GHz
   Runtime:                         534568 cycles
   Runtime:                         5345.68 us
   Stalls:                          0 cycles
   Executed Nodes:                  534567 cycles

   ========= Kernel Validation Stats ==========
   Kernel validation enabled:       NO
   Configured latency per check:    0 us

   --- Access Breakdown ---
   Total memory accesses (validated): 0
   Cache hits (0 latency):          0
   Validation requests (full lat):  0
     of which DMA-ctrl writes:      0
   Coalesced waits (partial lat):   0
   Validations denied:              0

   --- Latency Breakdown ---
   Validation request latency:      0 us
   Coalesced wait latency:          0 us
   TOTAL SECURITY OVERHEAD:         0 us
   Avg latency per validation:      0 us
   Avg latency per coalesced wait:  0 us
   Avg overhead per blocked access: 0 us

   --- Cache Statistics ---
   Processes with cached pages:     0
   Unique pages validated (total):  0
   Cache hit rate:                  0%

   ========= IOMMU Stats =====================
   IOMMU enabled:                   YES
   IOMMU SimObject:                 system.lenet5_clstr.iommu

   --- Access Breakdown ---
   Total IOMMU checks:              499033
   IOTLB hits:                      498989
   IOTLB misses (page walks):       44
   IOTLB hit rate:                  99.9912%

   --- Latency Breakdown ---
   TOTAL IOMMU OVERHEAD:            1019.98 us
   Avg latency per access:          0.00204391 us

********************************************************************************
system.lenet5_clstr.data_mover_2.llvm_interface
Total Area: 921.141
Total Power Static: 15.4509

Total Power Dynamic: 178.201
   ========= Performance Analysis =============
   Setup Time:                      0h 0m 0s 0ms 671us
   Simulation Time (Total):         0h 5m 16s 404ms
   Simulation Time (Active):        0h 0m 0s 243ms
        Queue Processing Time:      0h 0m 0s 143ms
             Scheduling Time:       0h 0m 0s 20ms
             Computation Time:      0h 0m 0s 3ms
   System Clock:                    0.1GHz
   Runtime:                         1041729 cycles
   Runtime:                         10417.3 us
   Stalls:                          0 cycles
   Executed Nodes:                  1041728 cycles

   ========= Kernel Validation Stats ==========
   Kernel validation enabled:       NO
   Configured latency per check:    0 us

   --- Access Breakdown ---
   Total memory accesses (validated): 0
   Cache hits (0 latency):          0
   Validation requests (full lat):  0
     of which DMA-ctrl writes:      0
   Coalesced waits (partial lat):   0
   Validations denied:              0

   --- Latency Breakdown ---
   Validation request latency:      0 us
   Coalesced wait latency:          0 us
   TOTAL SECURITY OVERHEAD:         0 us
   Avg latency per validation:      0 us
   Avg latency per coalesced wait:  0 us
   Avg overhead per blocked access: 0 us

   --- Cache Statistics ---
   Processes with cached pages:     0
   Unique pages validated (total):  0
   Cache hit rate:                  0%

   ========= IOMMU Stats =====================
   IOMMU enabled:                   YES
   IOMMU SimObject:                 system.lenet5_clstr.iommu

   --- Access Breakdown ---
   Total IOMMU checks:              822168
   IOTLB hits:                      822096
   IOTLB misses (page walks):       72
   IOTLB hit rate:                  99.9912%

   --- Latency Breakdown ---
   TOTAL IOMMU OVERHEAD:            1680.19 us
   Avg latency per access:          0.00204361 us

********************************************************************************
system.lenet5_clstr.conv1.llvm_interface
Total Area: 6784.2
Total Power Static: 15677.5

Total Power Dynamic: 376721
   ========= Performance Analysis =============
   Setup Time:                      0h 0m 0s 0ms 963us
   Simulation Time (Total):         0h 5m 16s 430ms
   Simulation Time (Active):        0h 0m 6s 620ms
        Queue Processing Time:      0h 0m 6s 498ms
             Scheduling Time:       0h 0m 3s 929ms
             Computation Time:      0h 0m 0s 732ms
   System Clock:                    0.1GHz
   Runtime:                         1041780 cycles
   Runtime:                         10417.8 us
   Stalls:                          0 cycles
   Executed Nodes:                  1041779 cycles

   ========= Kernel Validation Stats ==========
   Kernel validation enabled:       NO
   Configured latency per check:    0 us

   --- Access Breakdown ---
   Total memory accesses (validated): 0
   Cache hits (0 latency):          0
   Validation requests (full lat):  0
     of which DMA-ctrl writes:      0
   Coalesced waits (partial lat):   0
   Validations denied:              0

   --- Latency Breakdown ---
   Validation request latency:      0 us
   Coalesced wait latency:          0 us
   TOTAL SECURITY OVERHEAD:         0 us
   Avg latency per validation:      0 us
   Avg latency per coalesced wait:  0 us
   Avg overhead per blocked access: 0 us

   --- Cache Statistics ---
   Processes with cached pages:     0
   Unique pages validated (total):  0
   Cache hit rate:                  0%

   ========= IOMMU Stats =====================
   IOMMU enabled:                   YES
   IOMMU SimObject:                 system.lenet5_clstr.iommu

   --- Access Breakdown ---
   Total IOMMU checks:              822168
   IOTLB hits:                      822096
   IOTLB misses (page walks):       72
   IOTLB hit rate:                  99.9912%

   --- Latency Breakdown ---
   TOTAL IOMMU OVERHEAD:            1680.19 us
   Avg latency per access:          0.00204361 us

********************************************************************************
system.lenet5_clstr.pool1.llvm_interface
Total Area: 6693.54
Total Power Static: 40.6797

Total Power Dynamic: 769.272
   ========= Performance Analysis =============
   Setup Time:                      0h 0m 0s 0ms 840us
   Simulation Time (Total):         0h 5m 16s 339ms
   Simulation Time (Active):        0h 0m 0s 261ms
        Queue Processing Time:      0h 0m 0s 154ms
             Scheduling Time:       0h 0m 0s 24ms
             Computation Time:      0h 0m 0s 4ms
   System Clock:                    0.1GHz
   Runtime:                         1041669 cycles
   Runtime:                         10416.7 us
   Stalls:                          0 cycles
   Executed Nodes:                  1041668 cycles

   ========= Kernel Validation Stats ==========
   Kernel validation enabled:       NO
   Configured latency per check:    0 us

   --- Access Breakdown ---
   Total memory accesses (validated): 0
   Cache hits (0 latency):          0
   Validation requests (full lat):  0
     of which DMA-ctrl writes:      0
   Coalesced waits (partial lat):   0
   Validations denied:              0

   --- Latency Breakdown ---
   Validation request latency:      0 us
   Coalesced wait latency:          0 us
   TOTAL SECURITY OVERHEAD:         0 us
   Avg latency per validation:      0 us
   Avg latency per coalesced wait:  0 us
   Avg overhead per blocked access: 0 us

   --- Cache Statistics ---
   Processes with cached pages:     0
   Unique pages validated (total):  0
   Cache hit rate:                  0%

   ========= IOMMU Stats =====================
   IOMMU enabled:                   YES
   IOMMU SimObject:                 system.lenet5_clstr.iommu

   --- Access Breakdown ---
   Total IOMMU checks:              822168
   IOTLB hits:                      822096
   IOTLB misses (page walks):       72
   IOTLB hit rate:                  99.9912%

   --- Latency Breakdown ---
   TOTAL IOMMU OVERHEAD:            1680.19 us
   Avg latency per access:          0.00204361 us

********************************************************************************
system.lenet5_clstr.data_mover_3.llvm_interface
Total Area: 921.141
Total Power Static: 3.86689

Total Power Dynamic: 44.586
   ========= Performance Analysis =============
   Setup Time:                      0h 0m 0s 0ms 603us
   Simulation Time (Total):         0h 5m 16s 323ms
   Simulation Time (Active):        0h 0m 0s 211ms
        Queue Processing Time:      0h 0m 0s 115ms
             Scheduling Time:       0h 0m 0s 4ms
             Computation Time:      0h 0m 0s 0ms
   System Clock:                    0.1GHz
   Runtime:                         1041664 cycles
   Runtime:                         10416.6 us
   Stalls:                          0 cycles
   Executed Nodes:                  1041663 cycles

   ========= Kernel Validation Stats ==========
   Kernel validation enabled:       NO
   Configured latency per check:    0 us

   --- Access Breakdown ---
   Total memory accesses (validated): 0
   Cache hits (0 latency):          0
   Validation requests (full lat):  0
     of which DMA-ctrl writes:      0
   Coalesced waits (partial lat):   0
   Validations denied:              0

   --- Latency Breakdown ---
   Validation request latency:      0 us
   Coalesced wait latency:          0 us
   TOTAL SECURITY OVERHEAD:         0 us
   Avg latency per validation:      0 us
   Avg latency per coalesced wait:  0 us
   Avg overhead per blocked access: 0 us

   --- Cache Statistics ---
   Processes with cached pages:     0
   Unique pages validated (total):  0
   Cache hit rate:                  0%

   ========= IOMMU Stats =====================
   IOMMU enabled:                   YES
   IOMMU SimObject:                 system.lenet5_clstr.iommu

   --- Access Breakdown ---
   Total IOMMU checks:              822170
   IOTLB hits:                      822098
   IOTLB misses (page walks):       72
   IOTLB hit rate:                  99.9912%

   --- Latency Breakdown ---
   TOTAL IOMMU OVERHEAD:            1680.2 us
   Avg latency per access:          0.00204361 us

********************************************************************************
system.lenet5_clstr.conv2.llvm_interface
Total Area: 6066.43
Total Power Static: 2891.65

Total Power Dynamic: 75108.6
   ========= Performance Analysis =============
   Setup Time:                      0h 0m 0s 6ms 944us
   Simulation Time (Total):         0h 5m 24s 254ms
   Simulation Time (Active):        0h 0m 0s 909ms
        Queue Processing Time:      0h 0m 0s 805ms
             Scheduling Time:       0h 0m 0s 432ms
             Computation Time:      0h 0m 0s 85ms
   System Clock:                    0.1GHz
   Runtime:                         1192383 cycles
   Runtime:                         11923.8 us
   Stalls:                          0 cycles
   Executed Nodes:                  1192382 cycles

   ========= Kernel Validation Stats ==========
   Kernel validation enabled:       NO
   Configured latency per check:    0 us

   --- Access Breakdown ---
   Total memory accesses (validated): 0
   Cache hits (0 latency):          0
   Validation requests (full lat):  0
     of which DMA-ctrl writes:      0
   Coalesced waits (partial lat):   0
   Validations denied:              0

   --- Latency Breakdown ---
   Validation request latency:      0 us
   Coalesced wait latency:          0 us
   TOTAL SECURITY OVERHEAD:         0 us
   Avg latency per validation:      0 us
   Avg latency per coalesced wait:  0 us
   Avg overhead per blocked access: 0 us

   --- Cache Statistics ---
   Processes with cached pages:     0
   Unique pages validated (total):  0
   Cache hit rate:                  0%

   ========= IOMMU Stats =====================
   IOMMU enabled:                   YES
   IOMMU SimObject:                 system.lenet5_clstr.iommu

   --- Access Breakdown ---
   Total IOMMU checks:              928707
   IOTLB hits:                      928625
   IOTLB misses (page walks):       82
   IOTLB hit rate:                  99.9912%

   --- Latency Breakdown ---
   TOTAL IOMMU OVERHEAD:            1898.25 us
   Avg latency per access:          0.00204397 us

********************************************************************************
system.lenet5_clstr.data_mover_4.llvm_interface
Total Area: 562.255
Total Power Static: 1.13697

Total Power Dynamic: 13.2473
   ========= Performance Analysis =============
   Setup Time:                      0h 0m 0s 0ms 537us
   Simulation Time (Total):         0h 5m 24s 181ms
   Simulation Time (Active):        0h 0m 0s 227ms
        Queue Processing Time:      0h 0m 0s 111ms
             Scheduling Time:       0h 0m 0s 0ms
             Computation Time:      0h 0m 0s 0ms
   System Clock:                    0.1GHz
   Runtime:                         1192334 cycles
   Runtime:                         11923.3 us
   Stalls:                          0 cycles
   Executed Nodes:                  1192333 cycles

   ========= Kernel Validation Stats ==========
   Kernel validation enabled:       NO
   Configured latency per check:    0 us

   --- Access Breakdown ---
   Total memory accesses (validated): 0
   Cache hits (0 latency):          0
   Validation requests (full lat):  0
     of which DMA-ctrl writes:      0
   Coalesced waits (partial lat):   0
   Validations denied:              0

   --- Latency Breakdown ---
   Validation request latency:      0 us
   Coalesced wait latency:          0 us
   TOTAL SECURITY OVERHEAD:         0 us
   Avg latency per validation:      0 us
   Avg latency per coalesced wait:  0 us
   Avg overhead per blocked access: 0 us

   --- Cache Statistics ---
   Processes with cached pages:     0
   Unique pages validated (total):  0
   Cache hit rate:                  0%

   ========= IOMMU Stats =====================
   IOMMU enabled:                   YES
   IOMMU SimObject:                 system.lenet5_clstr.iommu

   --- Access Breakdown ---
   Total IOMMU checks:              928710
   IOTLB hits:                      928628
   IOTLB misses (page walks):       82
   IOTLB hit rate:                  99.9912%

   --- Latency Breakdown ---
   TOTAL IOMMU OVERHEAD:            1898.26 us
   Avg latency per access:          0.00204397 us

********************************************************************************
system.lenet5_clstr.fc0.llvm_interface
Total Area: 5707.55
Total Power Static: 605.723

Total Power Dynamic: 15765.7
   ========= Performance Analysis =============
   Setup Time:                      0h 0m 0s 0ms 623us
   Simulation Time (Total):         0h 5m 24s 794ms
   Simulation Time (Active):        0h 0m 0s 327ms
        Queue Processing Time:      0h 0m 0s 220ms
             Scheduling Time:       0h 0m 0s 65ms
             Computation Time:      0h 0m 0s 14ms
   System Clock:                    0.1GHz
   Runtime:                         1222407 cycles
   Runtime:                         12224.1 us
   Stalls:                          0 cycles
   Executed Nodes:                  1222406 cycles

   ========= Kernel Validation Stats ==========
   Kernel validation enabled:       NO
   Configured latency per check:    0 us

   --- Access Breakdown ---
   Total memory accesses (validated): 0
   Cache hits (0 latency):          0
   Validation requests (full lat):  0
     of which DMA-ctrl writes:      0
   Coalesced waits (partial lat):   0
   Validations denied:              0

   --- Latency Breakdown ---
   Validation request latency:      0 us
   Coalesced wait latency:          0 us
   TOTAL SECURITY OVERHEAD:         0 us
   Avg latency per validation:      0 us
   Avg latency per coalesced wait:  0 us
   Avg overhead per blocked access: 0 us

   --- Cache Statistics ---
   Processes with cached pages:     0
   Unique pages validated (total):  0
   Cache hit rate:                  0%

   ========= IOMMU Stats =====================
   IOMMU enabled:                   YES
   IOMMU SimObject:                 system.lenet5_clstr.iommu

   --- Access Breakdown ---
   Total IOMMU checks:              950866
   IOTLB hits:                      950784
   IOTLB misses (page walks):       82
   IOTLB hit rate:                  99.9914%

   --- Latency Breakdown ---
   TOTAL IOMMU OVERHEAD:            1942.57 us
   Avg latency per access:          0.00204295 us

********************************************************************************
system.lenet5_clstr.top.llvm_interface
Total Area: 251.85
Total Power Static: 53.3631

Total Power Dynamic: 262.236
   ========= Performance Analysis =============
   Setup Time:                      0h 0m 0s 1ms 482us
   Simulation Time (Total):         0h 5m 25s 580ms
   Simulation Time (Active):        0h 0m 1s 132ms
        Queue Processing Time:      0h 0m 1s 2ms
             Scheduling Time:       0h 0m 0s 421ms
             Computation Time:      0h 0m 0s 52ms
   System Clock:                    0.1GHz
   Runtime:                         1226412 cycles
   Runtime:                         12264.1 us
   Stalls:                          0 cycles
   Executed Nodes:                  1226411 cycles

   ========= Kernel Validation Stats ==========
   Kernel validation enabled:       NO
   Configured latency per check:    0 us

   --- Access Breakdown ---
   Total memory accesses (validated): 0
   Cache hits (0 latency):          0
   Validation requests (full lat):  0
     of which DMA-ctrl writes:      0
   Coalesced waits (partial lat):   0
   Validations denied:              0

   --- Latency Breakdown ---
   Validation request latency:      0 us
   Coalesced wait latency:          0 us
   TOTAL SECURITY OVERHEAD:         0 us
   Avg latency per validation:      0 us
   Avg latency per coalesced wait:  0 us
   Avg overhead per blocked access: 0 us

   --- Cache Statistics ---
   Processes with cached pages:     0
   Unique pages validated (total):  0
   Cache hit rate:                  0%

   ========= IOMMU Stats =====================
   IOMMU enabled:                   YES
   IOMMU SimObject:                 system.lenet5_clstr.iommu

   --- Access Breakdown ---
   Total IOMMU checks:              950918
   IOTLB hits:                      950836
   IOTLB misses (page walks):       82
   IOTLB hit rate:                  99.9914%

   --- Latency Breakdown ---
   TOTAL IOMMU OVERHEAD:            1942.67 us
   Avg latency per access:          0.00204294 us

Exiting @ tick 12341769000 because m5_exit instruction encountered
