build/ARM/base/statistics.hh:277: warn: One of the stats is a legacy stat. Legacy stat is a stat that does not belong to any statistics::Group. Legacy stat is deprecated.
Global frequency set at 1000000000000 ticks per second
build/ARM/mem/mem_interface.cc:793: warn: DRAM device capacity (16384 Mbytes) does not match the address range assigned (4096 Mbytes)
build/ARM/sim/kernel_workload.cc:46: info: kernel located at: /gem5-SALAM/benchmarks/lenet/design_b/sw/main.elf
build/ARM/arch/arm/system.cc:95: warn: Highest ARM exception-level set to AArch64 but the workload is for AArch32. Assuming you wanted these to match.
build/ARM/base/vnc/vncserver.cc:163: warn: Sockets disabled, not accepting vnc client connections
build/ARM/dev/serial/terminal.cc:170: warn: Sockets disabled, not accepting terminal connections
build/ARM/base/remote_gdb.cc:377: warn: Sockets disabled, not accepting gdb connections
build/ARM/mem/coherent_xbar.cc:140: warn: CoherentXBar system.lenet5_clstr.coherency_bus has no snooping ports attached!
build/ARM/dev/arm/energy_ctrl.cc:252: warn: Existing EnergyCtrl, but no enabled DVFSHandler found.
gem5 Simulator System.  http://gem5.org
gem5 is copyrighted software; use the --copyright option for details.

gem5 version 21.1.0.1
gem5 compiled May  6 2026 03:05:39
gem5 started May  6 2026 03:06:30
gem5 executing on 3b7fb6fd27b8, pid 3651017
command line: /gem5-SALAM/build/ARM/gem5.opt --listener-mode=off --outdir=/gem5-SALAM/BM_ARM_OUT/run_all/lenet_b/iommu_e32_m1000ns /gem5-SALAM/configs/SALAM/fs_lenet_b.py --mem-size=4GB --mem-type=DDR4_2400_8x8 --machine-type=VExpress_GEM5_V1 --dtb-file=none --bare-metal --cpu-type=DerivO3CPU --caches --l2cache --kernel=/gem5-SALAM/benchmarks/lenet/design_b/sw/main.elf --disk-image=/gem5-SALAM/benchmarks/common/fake.iso --accpath=/gem5-SALAM/benchmarks/lenet/design_b --accbench=lenet_b --enable-iommu --iotlb-entries 32 --iotlb-hit-latency 2000 --iotlb-miss-latency 1000000

[HWAccConfig] IOMMU ENABLED: entries=32, hit_lat=2000, miss_lat=1000000
[HWAccConfig] IOMMU ENABLED: entries=32, hit_lat=2000, miss_lat=1000000
[HWAccConfig] IOMMU ENABLED: entries=32, hit_lat=2000, miss_lat=1000000
[HWAccConfig] IOMMU ENABLED: entries=32, hit_lat=2000, miss_lat=1000000
[HWAccConfig] IOMMU ENABLED: entries=32, hit_lat=2000, miss_lat=1000000
[HWAccConfig] IOMMU ENABLED: entries=32, hit_lat=2000, miss_lat=1000000
[HWAccConfig] IOMMU ENABLED: entries=32, hit_lat=2000, miss_lat=1000000
[HWAccConfig] IOMMU ENABLED: entries=32, hit_lat=2000, miss_lat=1000000
[HWAccConfig] IOMMU ENABLED: entries=32, hit_lat=2000, miss_lat=1000000
[HWAccConfig] IOMMU ENABLED: entries=32, hit_lat=2000, miss_lat=1000000
[HWAccConfig] IOMMU ENABLED: entries=32, hit_lat=2000, miss_lat=1000000
[HWAccConfig] IOMMU ENABLED: entries=32, hit_lat=2000, miss_lat=1000000
**** REAL SIMULATION ****
warn: iobus.slave is deprecated. `slave` is now called `cpu_side_ports`
warn: bridge.master is deprecated. `master` is now called `mem_side_port`
warn: membus.master is deprecated. `master` is now called `mem_side_ports`
warn: bridge.slave is deprecated. `slave` is now called `cpu_side_port`
warn: membus.slave is deprecated. `slave` is now called `cpu_side_ports`
warn: tol2bus.master is deprecated. `master` is now called `mem_side_ports`
warn: membus.slave is deprecated. `slave` is now called `cpu_side_ports`
warn: tol2bus.slave is deprecated. `slave` is now called `cpu_side_ports`
warn: tol2bus.slave is deprecated. `slave` is now called `cpu_side_ports`
warn: tol2bus.slave is deprecated. `slave` is now called `cpu_side_ports`
warn: tol2bus.slave is deprecated. `slave` is now called `cpu_side_ports`
warn: membus.slave is deprecated. `slave` is now called `cpu_side_ports`
warn: coherency_bus.master is deprecated. `master` is now called `mem_side_ports`
warn: No dot file generated. Please install pydot to generate the dot file and pdf.
build/ARM/sim/simulate.cc:107: info: Entering event queue @ 0.  Starting simulation...
********************************************************************************
system.lenet5_clstr.conv0.llvm_interface
Total Area: 6604.76
Total Power Static: 7702.37

Total Power Dynamic: 186527
   ========= Performance Analysis =============
   Setup Time:                      0h 0m 0s 0ms 982us
   Simulation Time (Total):         0h 4m 0s 613ms
   Simulation Time (Active):        0h 0m 6s 589ms
        Queue Processing Time:      0h 0m 6s 498ms
             Scheduling Time:       0h 0m 3s 715ms
             Computation Time:      0h 0m 0s 788ms
   System Clock:                    0.1GHz
   Runtime:                         536582 cycles
   Runtime:                         5365.82 us
   Stalls:                          0 cycles
   Executed Nodes:                  536581 cycles

   ========= Kernel Validation Stats ==========
   Kernel validation enabled:       NO
   Configured latency per check:    0 us

   --- Access Breakdown ---
   Total memory accesses (validated): 0
   Cache hits (0 latency):          0
   Validation requests (full lat):  0
     of which DMA-ctrl writes:      0
   Coalesced waits (partial lat):   0
   Validations denied:              0

   --- Latency Breakdown ---
   Validation request latency:      0 us
   Coalesced wait latency:          0 us
   TOTAL SECURITY OVERHEAD:         0 us
   Avg latency per validation:      0 us
   Avg latency per coalesced wait:  0 us
   Avg overhead per blocked access: 0 us

   --- Cache Statistics ---
   Processes with cached pages:     0
   Unique pages validated (total):  0
   Cache hit rate:                  0%

   ========= IOMMU Stats =====================
   IOMMU enabled:                   YES
   IOMMU SimObject:                 system.lenet5_clstr.iommu

   --- Access Breakdown ---
   Total IOMMU checks:              499027
   IOTLB hits:                      498983
   IOTLB misses (page walks):       44
   IOTLB hit rate:                  99.9912%

   --- Latency Breakdown ---
   TOTAL IOMMU OVERHEAD:            1041.97 us
   Avg latency per access:          0.002088 us

********************************************************************************
system.lenet5_clstr.data_mover_0.llvm_interface
Total Area: 921.141
Total Power Static: 46.5935

Total Power Dynamic: 530.888
   ========= Performance Analysis =============
   Setup Time:                      0h 0m 0s 0ms 704us
   Simulation Time (Total):         0h 4m 0s 600ms
   Simulation Time (Active):        0h 0m 0s 297ms
        Queue Processing Time:      0h 0m 0s 242ms
             Scheduling Time:       0h 0m 0s 104ms
             Computation Time:      0h 0m 0s 22ms
   System Clock:                    0.1GHz
   Runtime:                         536482 cycles
   Runtime:                         5364.82 us
   Stalls:                          0 cycles
   Executed Nodes:                  536481 cycles

   ========= Kernel Validation Stats ==========
   Kernel validation enabled:       NO
   Configured latency per check:    0 us

   --- Access Breakdown ---
   Total memory accesses (validated): 0
   Cache hits (0 latency):          0
   Validation requests (full lat):  0
     of which DMA-ctrl writes:      0
   Coalesced waits (partial lat):   0
   Validations denied:              0

   --- Latency Breakdown ---
   Validation request latency:      0 us
   Coalesced wait latency:          0 us
   TOTAL SECURITY OVERHEAD:         0 us
   Avg latency per validation:      0 us
   Avg latency per coalesced wait:  0 us
   Avg overhead per blocked access: 0 us

   --- Cache Statistics ---
   Processes with cached pages:     0
   Unique pages validated (total):  0
   Cache hit rate:                  0%

   ========= IOMMU Stats =====================
   IOMMU enabled:                   YES
   IOMMU SimObject:                 system.lenet5_clstr.iommu

   --- Access Breakdown ---
   Total IOMMU checks:              499028
   IOTLB hits:                      498984
   IOTLB misses (page walks):       44
   IOTLB hit rate:                  99.9912%

   --- Latency Breakdown ---
   TOTAL IOMMU OVERHEAD:            1041.97 us
   Avg latency per access:          0.002088 us

********************************************************************************
system.lenet5_clstr.pool0.llvm_interface
Total Area: 6693.54
Total Power Static: 119.603

Total Power Dynamic: 2263.76
   ========= Performance Analysis =============
   Setup Time:                      0h 0m 0s 1ms 11us
   Simulation Time (Total):         0h 4m 0s 583ms
   Simulation Time (Active):        0h 0m 0s 350ms
        Queue Processing Time:      0h 0m 0s 275ms
             Scheduling Time:       0h 0m 0s 117ms
             Computation Time:      0h 0m 0s 21ms
   System Clock:                    0.1GHz
   Runtime:                         536373 cycles
   Runtime:                         5363.73 us
   Stalls:                          0 cycles
   Executed Nodes:                  536372 cycles

   ========= Kernel Validation Stats ==========
   Kernel validation enabled:       NO
   Configured latency per check:    0 us

   --- Access Breakdown ---
   Total memory accesses (validated): 0
   Cache hits (0 latency):          0
   Validation requests (full lat):  0
     of which DMA-ctrl writes:      0
   Coalesced waits (partial lat):   0
   Validations denied:              0

   --- Latency Breakdown ---
   Validation request latency:      0 us
   Coalesced wait latency:          0 us
   TOTAL SECURITY OVERHEAD:         0 us
   Avg latency per validation:      0 us
   Avg latency per coalesced wait:  0 us
   Avg overhead per blocked access: 0 us

   --- Cache Statistics ---
   Processes with cached pages:     0
   Unique pages validated (total):  0
   Cache hit rate:                  0%

   ========= IOMMU Stats =====================
   IOMMU enabled:                   YES
   IOMMU SimObject:                 system.lenet5_clstr.iommu

   --- Access Breakdown ---
   Total IOMMU checks:              499031
   IOTLB hits:                      498987
   IOTLB misses (page walks):       44
   IOTLB hit rate:                  99.9912%

   --- Latency Breakdown ---
   TOTAL IOMMU OVERHEAD:            1041.97 us
   Avg latency per access:          0.00208799 us

********************************************************************************
system.lenet5_clstr.data_mover_1.llvm_interface
Total Area: 921.141
Total Power Static: 11.6632

Total Power Dynamic: 132.822
   ========= Performance Analysis =============
   Setup Time:                      0h 0m 0s 6ms 578us
   Simulation Time (Total):         0h 4m 0s 577ms
   Simulation Time (Active):        0h 0m 0s 154ms
        Queue Processing Time:      0h 0m 0s 102ms
             Scheduling Time:       0h 0m 0s 20ms
             Computation Time:      0h 0m 0s 3ms
   System Clock:                    0.1GHz
   Runtime:                         536368 cycles
   Runtime:                         5363.68 us
   Stalls:                          0 cycles
   Executed Nodes:                  536367 cycles

   ========= Kernel Validation Stats ==========
   Kernel validation enabled:       NO
   Configured latency per check:    0 us

   --- Access Breakdown ---
   Total memory accesses (validated): 0
   Cache hits (0 latency):          0
   Validation requests (full lat):  0
     of which DMA-ctrl writes:      0
   Coalesced waits (partial lat):   0
   Validations denied:              0

   --- Latency Breakdown ---
   Validation request latency:      0 us
   Coalesced wait latency:          0 us
   TOTAL SECURITY OVERHEAD:         0 us
   Avg latency per validation:      0 us
   Avg latency per coalesced wait:  0 us
   Avg overhead per blocked access: 0 us

   --- Cache Statistics ---
   Processes with cached pages:     0
   Unique pages validated (total):  0
   Cache hit rate:                  0%

   ========= IOMMU Stats =====================
   IOMMU enabled:                   YES
   IOMMU SimObject:                 system.lenet5_clstr.iommu

   --- Access Breakdown ---
   Total IOMMU checks:              499036
   IOTLB hits:                      498992
   IOTLB misses (page walks):       44
   IOTLB hit rate:                  99.9912%

   --- Latency Breakdown ---
   TOTAL IOMMU OVERHEAD:            1041.98 us
   Avg latency per access:          0.00208799 us

********************************************************************************
system.lenet5_clstr.data_mover_2.llvm_interface
Total Area: 921.141
Total Power Static: 15.4509

Total Power Dynamic: 178.201
   ========= Performance Analysis =============
   Setup Time:                      0h 0m 0s 3ms 779us
   Simulation Time (Total):         0h 5m 8s 330ms
   Simulation Time (Active):        0h 0m 0s 230ms
        Queue Processing Time:      0h 0m 0s 136ms
             Scheduling Time:       0h 0m 0s 19ms
             Computation Time:      0h 0m 0s 3ms
   System Clock:                    0.1GHz
   Runtime:                         1044925 cycles
   Runtime:                         10449.2 us
   Stalls:                          0 cycles
   Executed Nodes:                  1044924 cycles

   ========= Kernel Validation Stats ==========
   Kernel validation enabled:       NO
   Configured latency per check:    0 us

   --- Access Breakdown ---
   Total memory accesses (validated): 0
   Cache hits (0 latency):          0
   Validation requests (full lat):  0
     of which DMA-ctrl writes:      0
   Coalesced waits (partial lat):   0
   Validations denied:              0

   --- Latency Breakdown ---
   Validation request latency:      0 us
   Coalesced wait latency:          0 us
   TOTAL SECURITY OVERHEAD:         0 us
   Avg latency per validation:      0 us
   Avg latency per coalesced wait:  0 us
   Avg overhead per blocked access: 0 us

   --- Cache Statistics ---
   Processes with cached pages:     0
   Unique pages validated (total):  0
   Cache hit rate:                  0%

   ========= IOMMU Stats =====================
   IOMMU enabled:                   YES
   IOMMU SimObject:                 system.lenet5_clstr.iommu

   --- Access Breakdown ---
   Total IOMMU checks:              822171
   IOTLB hits:                      822098
   IOTLB misses (page walks):       73
   IOTLB hit rate:                  99.9911%

   --- Latency Breakdown ---
   TOTAL IOMMU OVERHEAD:            1717.2 us
   Avg latency per access:          0.00208861 us

********************************************************************************
system.lenet5_clstr.conv1.llvm_interface
Total Area: 6784.2
Total Power Static: 15677.5

Total Power Dynamic: 376721
   ========= Performance Analysis =============
   Setup Time:                      0h 0m 0s 1ms 204us
   Simulation Time (Total):         0h 5m 8s 365ms
   Simulation Time (Active):        0h 0m 6s 276ms
        Queue Processing Time:      0h 0m 6s 162ms
             Scheduling Time:       0h 0m 3s 649ms
             Computation Time:      0h 0m 0s 746ms
   System Clock:                    0.1GHz
   Runtime:                         1045026 cycles
   Runtime:                         10450.3 us
   Stalls:                          0 cycles
   Executed Nodes:                  1045025 cycles

   ========= Kernel Validation Stats ==========
   Kernel validation enabled:       NO
   Configured latency per check:    0 us

   --- Access Breakdown ---
   Total memory accesses (validated): 0
   Cache hits (0 latency):          0
   Validation requests (full lat):  0
     of which DMA-ctrl writes:      0
   Coalesced waits (partial lat):   0
   Validations denied:              0

   --- Latency Breakdown ---
   Validation request latency:      0 us
   Coalesced wait latency:          0 us
   TOTAL SECURITY OVERHEAD:         0 us
   Avg latency per validation:      0 us
   Avg latency per coalesced wait:  0 us
   Avg overhead per blocked access: 0 us

   --- Cache Statistics ---
   Processes with cached pages:     0
   Unique pages validated (total):  0
   Cache hit rate:                  0%

   ========= IOMMU Stats =====================
   IOMMU enabled:                   YES
   IOMMU SimObject:                 system.lenet5_clstr.iommu

   --- Access Breakdown ---
   Total IOMMU checks:              822171
   IOTLB hits:                      822098
   IOTLB misses (page walks):       73
   IOTLB hit rate:                  99.9911%

   --- Latency Breakdown ---
   TOTAL IOMMU OVERHEAD:            1717.2 us
   Avg latency per access:          0.00208861 us

********************************************************************************
system.lenet5_clstr.pool1.llvm_interface
Total Area: 6693.54
Total Power Static: 40.6797

Total Power Dynamic: 769.272
   ========= Performance Analysis =============
   Setup Time:                      0h 0m 0s 7ms 55us
   Simulation Time (Total):         0h 5m 8s 234ms
   Simulation Time (Active):        0h 0m 0s 219ms
        Queue Processing Time:      0h 0m 0s 133ms
             Scheduling Time:       0h 0m 0s 23ms
             Computation Time:      0h 0m 0s 4ms
   System Clock:                    0.1GHz
   Runtime:                         1044815 cycles
   Runtime:                         10448.1 us
   Stalls:                          0 cycles
   Executed Nodes:                  1044814 cycles

   ========= Kernel Validation Stats ==========
   Kernel validation enabled:       NO
   Configured latency per check:    0 us

   --- Access Breakdown ---
   Total memory accesses (validated): 0
   Cache hits (0 latency):          0
   Validation requests (full lat):  0
     of which DMA-ctrl writes:      0
   Coalesced waits (partial lat):   0
   Validations denied:              0

   --- Latency Breakdown ---
   Validation request latency:      0 us
   Coalesced wait latency:          0 us
   TOTAL SECURITY OVERHEAD:         0 us
   Avg latency per validation:      0 us
   Avg latency per coalesced wait:  0 us
   Avg overhead per blocked access: 0 us

   --- Cache Statistics ---
   Processes with cached pages:     0
   Unique pages validated (total):  0
   Cache hit rate:                  0%

   ========= IOMMU Stats =====================
   IOMMU enabled:                   YES
   IOMMU SimObject:                 system.lenet5_clstr.iommu

   --- Access Breakdown ---
   Total IOMMU checks:              822171
   IOTLB hits:                      822098
   IOTLB misses (page walks):       73
   IOTLB hit rate:                  99.9911%

   --- Latency Breakdown ---
   TOTAL IOMMU OVERHEAD:            1717.2 us
   Avg latency per access:          0.00208861 us

********************************************************************************
system.lenet5_clstr.data_mover_3.llvm_interface
Total Area: 921.141
Total Power Static: 3.86689

Total Power Dynamic: 44.586
   ========= Performance Analysis =============
   Setup Time:                      0h 0m 0s 0ms 778us
   Simulation Time (Total):         0h 5m 8s 216ms
   Simulation Time (Active):        0h 0m 0s 203ms
        Queue Processing Time:      0h 0m 0s 118ms
             Scheduling Time:       0h 0m 0s 4ms
             Computation Time:      0h 0m 0s 0ms
   System Clock:                    0.1GHz
   Runtime:                         1044810 cycles
   Runtime:                         10448.1 us
   Stalls:                          0 cycles
   Executed Nodes:                  1044809 cycles

   ========= Kernel Validation Stats ==========
   Kernel validation enabled:       NO
   Configured latency per check:    0 us

   --- Access Breakdown ---
   Total memory accesses (validated): 0
   Cache hits (0 latency):          0
   Validation requests (full lat):  0
     of which DMA-ctrl writes:      0
   Coalesced waits (partial lat):   0
   Validations denied:              0

   --- Latency Breakdown ---
   Validation request latency:      0 us
   Coalesced wait latency:          0 us
   TOTAL SECURITY OVERHEAD:         0 us
   Avg latency per validation:      0 us
   Avg latency per coalesced wait:  0 us
   Avg overhead per blocked access: 0 us

   --- Cache Statistics ---
   Processes with cached pages:     0
   Unique pages validated (total):  0
   Cache hit rate:                  0%

   ========= IOMMU Stats =====================
   IOMMU enabled:                   YES
   IOMMU SimObject:                 system.lenet5_clstr.iommu

   --- Access Breakdown ---
   Total IOMMU checks:              822173
   IOTLB hits:                      822100
   IOTLB misses (page walks):       73
   IOTLB hit rate:                  99.9911%

   --- Latency Breakdown ---
   TOTAL IOMMU OVERHEAD:            1717.2 us
   Avg latency per access:          0.00208861 us

********************************************************************************
system.lenet5_clstr.conv2.llvm_interface
Total Area: 6066.43
Total Power Static: 2891.65

Total Power Dynamic: 75108.6
   ========= Performance Analysis =============
   Setup Time:                      0h 0m 0s 0ms 961us
   Simulation Time (Total):         0h 5m 32s 704ms
   Simulation Time (Active):        0h 0m 1s 4ms
        Queue Processing Time:      0h 0m 0s 874ms
             Scheduling Time:       0h 0m 0s 467ms
             Computation Time:      0h 0m 0s 94ms
   System Clock:                    0.1GHz
   Runtime:                         1753289 cycles
   Runtime:                         17532.9 us
   Stalls:                          0 cycles
   Executed Nodes:                  1753288 cycles

   ========= Kernel Validation Stats ==========
   Kernel validation enabled:       NO
   Configured latency per check:    0 us

   --- Access Breakdown ---
   Total memory accesses (validated): 0
   Cache hits (0 latency):          0
   Validation requests (full lat):  0
     of which DMA-ctrl writes:      0
   Coalesced waits (partial lat):   0
   Validations denied:              0

   --- Latency Breakdown ---
   Validation request latency:      0 us
   Coalesced wait latency:          0 us
   TOTAL SECURITY OVERHEAD:         0 us
   Avg latency per validation:      0 us
   Avg latency per coalesced wait:  0 us
   Avg overhead per blocked access: 0 us

   --- Cache Statistics ---
   Processes with cached pages:     0
   Unique pages validated (total):  0
   Cache hit rate:                  0%

   ========= IOMMU Stats =====================
   IOMMU enabled:                   YES
   IOMMU SimObject:                 system.lenet5_clstr.iommu

   --- Access Breakdown ---
   Total IOMMU checks:              931111
   IOTLB hits:                      925452
   IOTLB misses (page walks):       5659
   IOTLB hit rate:                  99.3922%

   --- Latency Breakdown ---
   TOTAL IOMMU OVERHEAD:            7509.9 us
   Avg latency per access:          0.00806553 us

********************************************************************************
system.lenet5_clstr.data_mover_4.llvm_interface
Total Area: 562.255
Total Power Static: 1.13697

Total Power Dynamic: 13.2473
   ========= Performance Analysis =============
   Setup Time:                      0h 0m 0s 0ms 627us
   Simulation Time (Total):         0h 5m 32s 536ms
   Simulation Time (Active):        0h 0m 0s 272ms
        Queue Processing Time:      0h 0m 0s 133ms
             Scheduling Time:       0h 0m 0s 0ms
             Computation Time:      0h 0m 0s 0ms
   System Clock:                    0.1GHz
   Runtime:                         1753190 cycles
   Runtime:                         17531.9 us
   Stalls:                          0 cycles
   Executed Nodes:                  1753189 cycles

   ========= Kernel Validation Stats ==========
   Kernel validation enabled:       NO
   Configured latency per check:    0 us

   --- Access Breakdown ---
   Total memory accesses (validated): 0
   Cache hits (0 latency):          0
   Validation requests (full lat):  0
     of which DMA-ctrl writes:      0
   Coalesced waits (partial lat):   0
   Validations denied:              0

   --- Latency Breakdown ---
   Validation request latency:      0 us
   Coalesced wait latency:          0 us
   TOTAL SECURITY OVERHEAD:         0 us
   Avg latency per validation:      0 us
   Avg latency per coalesced wait:  0 us
   Avg overhead per blocked access: 0 us

   --- Cache Statistics ---
   Processes with cached pages:     0
   Unique pages validated (total):  0
   Cache hit rate:                  0%

   ========= IOMMU Stats =====================
   IOMMU enabled:                   YES
   IOMMU SimObject:                 system.lenet5_clstr.iommu

   --- Access Breakdown ---
   Total IOMMU checks:              931113
   IOTLB hits:                      925454
   IOTLB misses (page walks):       5659
   IOTLB hit rate:                  99.3922%

   --- Latency Breakdown ---
   TOTAL IOMMU OVERHEAD:            7509.91 us
   Avg latency per access:          0.00806552 us

********************************************************************************
system.lenet5_clstr.fc0.llvm_interface
Total Area: 5707.55
Total Power Static: 605.723

Total Power Dynamic: 15765.7
   ========= Performance Analysis =============
   Setup Time:                      0h 0m 0s 0ms 783us
   Simulation Time (Total):         0h 5m 33s 53ms
   Simulation Time (Active):        0h 0m 0s 389ms
        Queue Processing Time:      0h 0m 0s 243ms
             Scheduling Time:       0h 0m 0s 65ms
             Computation Time:      0h 0m 0s 14ms
   System Clock:                    0.1GHz
   Runtime:                         1784212 cycles
   Runtime:                         17842.1 us
   Stalls:                          0 cycles
   Executed Nodes:                  1784211 cycles

   ========= Kernel Validation Stats ==========
   Kernel validation enabled:       NO
   Configured latency per check:    0 us

   --- Access Breakdown ---
   Total memory accesses (validated): 0
   Cache hits (0 latency):          0
   Validation requests (full lat):  0
     of which DMA-ctrl writes:      0
   Coalesced waits (partial lat):   0
   Validations denied:              0

   --- Latency Breakdown ---
   Validation request latency:      0 us
   Coalesced wait latency:          0 us
   TOTAL SECURITY OVERHEAD:         0 us
   Avg latency per validation:      0 us
   Avg latency per coalesced wait:  0 us
   Avg overhead per blocked access: 0 us

   --- Cache Statistics ---
   Processes with cached pages:     0
   Unique pages validated (total):  0
   Cache hit rate:                  0%

   ========= IOMMU Stats =====================
   IOMMU enabled:                   YES
   IOMMU SimObject:                 system.lenet5_clstr.iommu

   --- Access Breakdown ---
   Total IOMMU checks:              953274
   IOTLB hits:                      947605
   IOTLB misses (page walks):       5669
   IOTLB hit rate:                  99.4053%

   --- Latency Breakdown ---
   TOTAL IOMMU OVERHEAD:            7564.21 us
   Avg latency per access:          0.00793498 us

********************************************************************************
system.lenet5_clstr.top.llvm_interface
Total Area: 251.85
Total Power Static: 54.8348

Total Power Dynamic: 269.468
   ========= Performance Analysis =============
   Setup Time:                      0h 0m 0s 1ms 681us
   Simulation Time (Total):         0h 5m 34s 329ms
   Simulation Time (Active):        0h 0m 1s 213ms
        Queue Processing Time:      0h 0m 1s 38ms
             Scheduling Time:       0h 0m 0s 424ms
             Computation Time:      0h 0m 0s 51ms
   System Clock:                    0.1GHz
   Runtime:                         1789162 cycles
   Runtime:                         17891.6 us
   Stalls:                          0 cycles
   Executed Nodes:                  1789161 cycles

   ========= Kernel Validation Stats ==========
   Kernel validation enabled:       NO
   Configured latency per check:    0 us

   --- Access Breakdown ---
   Total memory accesses (validated): 0
   Cache hits (0 latency):          0
   Validation requests (full lat):  0
     of which DMA-ctrl writes:      0
   Coalesced waits (partial lat):   0
   Validations denied:              0

   --- Latency Breakdown ---
   Validation request latency:      0 us
   Coalesced wait latency:          0 us
   TOTAL SECURITY OVERHEAD:         0 us
   Avg latency per validation:      0 us
   Avg latency per coalesced wait:  0 us
   Avg overhead per blocked access: 0 us

   --- Cache Statistics ---
   Processes with cached pages:     0
   Unique pages validated (total):  0
   Cache hit rate:                  0%

   ========= IOMMU Stats =====================
   IOMMU enabled:                   YES
   IOMMU SimObject:                 system.lenet5_clstr.iommu

   --- Access Breakdown ---
   Total IOMMU checks:              953326
   IOTLB hits:                      947655
   IOTLB misses (page walks):       5671
   IOTLB hit rate:                  99.4051%

   --- Latency Breakdown ---
   TOTAL IOMMU OVERHEAD:            7566.31 us
   Avg latency per access:          0.00793675 us

Exiting @ tick 17968666000 because m5_exit instruction encountered
