build/ARM/base/statistics.hh:277: warn: One of the stats is a legacy stat. Legacy stat is a stat that does not belong to any statistics::Group. Legacy stat is deprecated.
Global frequency set at 1000000000000 ticks per second
build/ARM/mem/mem_interface.cc:793: warn: DRAM device capacity (16384 Mbytes) does not match the address range assigned (4096 Mbytes)
build/ARM/sim/kernel_workload.cc:46: info: kernel located at: /gem5-SALAM/benchmarks/lenet/design_a/sw/main.elf
build/ARM/arch/arm/system.cc:95: warn: Highest ARM exception-level set to AArch64 but the workload is for AArch32. Assuming you wanted these to match.
build/ARM/base/vnc/vncserver.cc:163: warn: Sockets disabled, not accepting vnc client connections
build/ARM/dev/serial/terminal.cc:170: warn: Sockets disabled, not accepting terminal connections
build/ARM/base/remote_gdb.cc:377: warn: Sockets disabled, not accepting gdb connections
build/ARM/mem/coherent_xbar.cc:140: warn: CoherentXBar system.lenet5_clstr.coherency_bus has no snooping ports attached!
build/ARM/dev/arm/energy_ctrl.cc:252: warn: Existing EnergyCtrl, but no enabled DVFSHandler found.
gem5 Simulator System.  http://gem5.org
gem5 is copyrighted software; use the --copyright option for details.

gem5 version 21.1.0.1
gem5 compiled May  6 2026 03:05:39
gem5 started May  6 2026 03:06:26
gem5 executing on 3b7fb6fd27b8, pid 3650860
command line: /gem5-SALAM/build/ARM/gem5.opt --listener-mode=off --outdir=/gem5-SALAM/BM_ARM_OUT/run_all/lenet_a/aia-kd /gem5-SALAM/configs/SALAM/fs_lenet_a.py --mem-size=4GB --mem-type=DDR4_2400_8x8 --machine-type=VExpress_GEM5_V1 --dtb-file=none --bare-metal --cpu-type=DerivO3CPU --caches --l2cache --kernel=/gem5-SALAM/benchmarks/lenet/design_a/sw/main.elf --disk-image=/gem5-SALAM/benchmarks/common/fake.iso --accpath=/gem5-SALAM/benchmarks/lenet/design_a --accbench=lenet_a --enable-kernel-validation --kernel-validation-latency 8367000

[HWAccConfig] Kernel validation ENABLED: latency=8367000, int=172, pid=17
[HWAccConfig] Kernel validation ENABLED: latency=8367000, int=172, pid=17
[HWAccConfig] Kernel validation ENABLED: latency=8367000, int=172, pid=17
[HWAccConfig] Kernel validation ENABLED: latency=8367000, int=172, pid=17
[HWAccConfig] Kernel validation ENABLED: latency=8367000, int=172, pid=17
[HWAccConfig] Kernel validation ENABLED: latency=8367000, int=172, pid=17
[HWAccConfig] Kernel validation ENABLED: latency=8367000, int=172, pid=17
**** REAL SIMULATION ****
warn: iobus.slave is deprecated. `slave` is now called `cpu_side_ports`
warn: bridge.master is deprecated. `master` is now called `mem_side_port`
warn: membus.master is deprecated. `master` is now called `mem_side_ports`
warn: bridge.slave is deprecated. `slave` is now called `cpu_side_port`
warn: membus.slave is deprecated. `slave` is now called `cpu_side_ports`
warn: tol2bus.master is deprecated. `master` is now called `mem_side_ports`
warn: membus.slave is deprecated. `slave` is now called `cpu_side_ports`
warn: tol2bus.slave is deprecated. `slave` is now called `cpu_side_ports`
warn: tol2bus.slave is deprecated. `slave` is now called `cpu_side_ports`
warn: tol2bus.slave is deprecated. `slave` is now called `cpu_side_ports`
warn: tol2bus.slave is deprecated. `slave` is now called `cpu_side_ports`
warn: membus.slave is deprecated. `slave` is now called `cpu_side_ports`
warn: coherency_bus.master is deprecated. `master` is now called `mem_side_ports`
warn: No dot file generated. Please install pydot to generate the dot file and pdf.
build/ARM/sim/simulate.cc:107: info: Entering event queue @ 0.  Starting simulation...
********************************************************************************
system.lenet5_clstr.conv0.llvm_interface
Total Area: 6604.76
Total Power Static: 7702.37

Total Power Dynamic: 186527
   ========= Performance Analysis =============
   Setup Time:                      0h 0m 0s 6ms 990us
   Simulation Time (Total):         0h 0m 35s 355ms
   Simulation Time (Active):        0h 0m 5s 151ms
        Queue Processing Time:      0h 0m 5s 67ms
             Scheduling Time:       0h 0m 3s 4ms
             Computation Time:      0h 0m 0s 620ms
   System Clock:                    0.1GHz
   Runtime:                         538184 cycles
   Runtime:                         5381.84 us
   Stalls:                          0 cycles
   Executed Nodes:                  538183 cycles

   ========= Kernel Validation Stats ==========
   Kernel validation enabled:       YES
   Configured latency per check:    8.367 us

   --- Access Breakdown ---
   Total memory accesses (validated): 239904
   Cache hits (0 latency):          239899
   Validation requests (full lat):  5
     of which DMA-ctrl writes:      0
   Coalesced waits (partial lat):   0
   Validations denied:              0

   --- Latency Breakdown ---
   Validation request latency:      50.191 us
   Coalesced wait latency:          0 us
   TOTAL SECURITY OVERHEAD:         50.191 us
   Avg latency per validation:      10.0382 us
   Avg latency per coalesced wait:  0 us
   Avg overhead per blocked access: 10.0382 us

   --- Cache Statistics ---
   Processes with cached pages:     1
   Unique pages validated (total):  6
   Cache hit rate:                  99.9979%

********************************************************************************
system.lenet5_clstr.pool0.llvm_interface
Total Area: 6693.54
Total Power Static: 119.603

Total Power Dynamic: 2263.76
   ========= Performance Analysis =============
   Setup Time:                      0h 0m 0s 0ms 981us
   Simulation Time (Total):         0h 0m 0s 929ms
   Simulation Time (Active):        0h 0m 0s 144ms
        Queue Processing Time:      0h 0m 0s 141ms
             Scheduling Time:       0h 0m 0s 79ms
             Computation Time:      0h 0m 0s 18ms
   System Clock:                    0.1GHz
   Runtime:                         20516 cycles
   Runtime:                         205.16 us
   Stalls:                          0 cycles
   Executed Nodes:                  20515 cycles

   ========= Kernel Validation Stats ==========
   Kernel validation enabled:       YES
   Configured latency per check:    8.367 us

   --- Access Breakdown ---
   Total memory accesses (validated): 5880
   Cache hits (0 latency):          5874
   Validation requests (full lat):  6
     of which DMA-ctrl writes:      0
   Coalesced waits (partial lat):   0
   Validations denied:              0

   --- Latency Breakdown ---
   Validation request latency:      50.202 us
   Coalesced wait latency:          0 us
   TOTAL SECURITY OVERHEAD:         50.202 us
   Avg latency per validation:      8.367 us
   Avg latency per coalesced wait:  0 us
   Avg overhead per blocked access: 8.367 us

   --- Cache Statistics ---
   Processes with cached pages:     1
   Unique pages validated (total):  12
   Cache hit rate:                  99.898%

********************************************************************************
system.lenet5_clstr.conv1.llvm_interface
Total Area: 6784.2
Total Power Static: 15677.5

Total Power Dynamic: 376721
   ========= Performance Analysis =============
   Setup Time:                      0h 0m 0s 1ms 178us
   Simulation Time (Total):         0h 1m 24s 417ms
   Simulation Time (Active):        0h 0m 7s 705ms
        Queue Processing Time:      0h 0m 7s 596ms
             Scheduling Time:       0h 0m 4s 688ms
             Computation Time:      0h 0m 0s 974ms
   System Clock:                    0.1GHz
   Runtime:                         865201 cycles
   Runtime:                         8652.01 us
   Stalls:                          0 cycles
   Executed Nodes:                  865200 cycles

   ========= Kernel Validation Stats ==========
   Kernel validation enabled:       YES
   Configured latency per check:    8.367 us

   --- Access Breakdown ---
   Total memory accesses (validated): 481600
   Cache hits (0 latency):          481595
   Validation requests (full lat):  5
     of which DMA-ctrl writes:      0
   Coalesced waits (partial lat):   0
   Validations denied:              0

   --- Latency Breakdown ---
   Validation request latency:      41.835 us
   Coalesced wait latency:          0 us
   TOTAL SECURITY OVERHEAD:         41.835 us
   Avg latency per validation:      8.367 us
   Avg latency per coalesced wait:  0 us
   Avg overhead per blocked access: 8.367 us

   --- Cache Statistics ---
   Processes with cached pages:     1
   Unique pages validated (total):  17
   Cache hit rate:                  99.999%

********************************************************************************
system.lenet5_clstr.pool1.llvm_interface
Total Area: 6693.54
Total Power Static: 40.6797

Total Power Dynamic: 769.272
   ========= Performance Analysis =============
   Setup Time:                      0h 0m 0s 0ms 918us
   Simulation Time (Total):         0h 0m 0s 231ms
   Simulation Time (Active):        0h 0m 0s 39ms
        Queue Processing Time:      0h 0m 0s 38ms
             Scheduling Time:       0h 0m 0s 22ms
             Computation Time:      0h 0m 0s 4ms
   System Clock:                    0.1GHz
   Runtime:                         6904 cycles
   Runtime:                         69.04 us
   Stalls:                          0 cycles
   Executed Nodes:                  6903 cycles

   ========= Kernel Validation Stats ==========
   Kernel validation enabled:       YES
   Configured latency per check:    8.367 us

   --- Access Breakdown ---
   Total memory accesses (validated): 2000
   Cache hits (0 latency):          1998
   Validation requests (full lat):  2
     of which DMA-ctrl writes:      0
   Coalesced waits (partial lat):   0
   Validations denied:              0

   --- Latency Breakdown ---
   Validation request latency:      16.734 us
   Coalesced wait latency:          0 us
   TOTAL SECURITY OVERHEAD:         16.734 us
   Avg latency per validation:      8.367 us
   Avg latency per coalesced wait:  0 us
   Avg overhead per blocked access: 8.367 us

   --- Cache Statistics ---
   Processes with cached pages:     1
   Unique pages validated (total):  19
   Cache hit rate:                  99.9%

********************************************************************************
system.lenet5_clstr.fc0.llvm_interface
Total Area: 6066.43
Total Power Static: 2891.65

Total Power Dynamic: 75108.6
   ========= Performance Analysis =============
   Setup Time:                      0h 0m 0s 0ms 878us
   Simulation Time (Total):         0h 0m 11s 312ms
   Simulation Time (Active):        0h 0m 1s 290ms
        Queue Processing Time:      0h 0m 1s 269ms
             Scheduling Time:       0h 0m 0s 771ms
             Computation Time:      0h 0m 0s 165ms
   System Clock:                    0.1GHz
   Runtime:                         191689 cycles
   Runtime:                         1916.89 us
   Stalls:                          0 cycles
   Executed Nodes:                  191688 cycles

   ========= Kernel Validation Stats ==========
   Kernel validation enabled:       YES
   Configured latency per check:    8.367 us

   --- Access Breakdown ---
   Total memory accesses (validated): 96120
   Cache hits (0 latency):          96072
   Validation requests (full lat):  48
     of which DMA-ctrl writes:      0
   Coalesced waits (partial lat):   0
   Validations denied:              0

   --- Latency Breakdown ---
   Validation request latency:      401.616 us
   Coalesced wait latency:          0 us
   TOTAL SECURITY OVERHEAD:         401.616 us
   Avg latency per validation:      8.367 us
   Avg latency per coalesced wait:  0 us
   Avg overhead per blocked access: 8.367 us

   --- Cache Statistics ---
   Processes with cached pages:     1
   Unique pages validated (total):  67
   Cache hit rate:                  99.9501%

********************************************************************************
system.lenet5_clstr.fc1.llvm_interface
Total Area: 5707.55
Total Power Static: 605.723

Total Power Dynamic: 15765.7
   ========= Performance Analysis =============
   Setup Time:                      0h 0m 0s 0ms 660us
   Simulation Time (Total):         0h 0m 1s 421ms
   Simulation Time (Active):        0h 0m 0s 235ms
        Queue Processing Time:      0h 0m 0s 231ms
             Scheduling Time:       0h 0m 0s 139ms
             Computation Time:      0h 0m 0s 30ms
   System Clock:                    0.1GHz
   Runtime:                         38853 cycles
   Runtime:                         388.53 us
   Stalls:                          0 cycles
   Executed Nodes:                  38852 cycles

   ========= Kernel Validation Stats ==========
   Kernel validation enabled:       YES
   Configured latency per check:    8.367 us

   --- Access Breakdown ---
   Total memory accesses (validated): 20244
   Cache hits (0 latency):          20234
   Validation requests (full lat):  10
     of which DMA-ctrl writes:      0
   Coalesced waits (partial lat):   0
   Validations denied:              0

   --- Latency Breakdown ---
   Validation request latency:      83.67 us
   Coalesced wait latency:          0 us
   TOTAL SECURITY OVERHEAD:         83.67 us
   Avg latency per validation:      8.367 us
   Avg latency per coalesced wait:  0 us
   Avg overhead per blocked access: 8.367 us

   --- Cache Statistics ---
   Processes with cached pages:     1
   Unique pages validated (total):  77
   Cache hit rate:                  99.9506%

********************************************************************************
system.lenet5_clstr.top.llvm_interface
Total Area: 1007.4
Total Power Static: 73.2681

Total Power Dynamic: 360.052
   ========= Performance Analysis =============
   Setup Time:                      0h 0m 0s 5ms 156us
   Simulation Time (Total):         0h 2m 15s 774ms
   Simulation Time (Active):        0h 0m 1s 424ms
        Queue Processing Time:      0h 0m 1s 249ms
             Scheduling Time:       0h 0m 0s 555ms
             Computation Time:      0h 0m 0s 64ms
   System Clock:                    0.1GHz
   Runtime:                         1715022 cycles
   Runtime:                         17150.2 us
   Stalls:                          0 cycles
   Executed Nodes:                  1715021 cycles

   ========= Kernel Validation Stats ==========
   Kernel validation enabled:       YES
   Configured latency per check:    8.367 us

   --- Access Breakdown ---
   Total memory accesses (validated): 118647
   Cache hits (0 latency):          118618
   Validation requests (full lat):  29
     of which DMA-ctrl writes:      28
   Coalesced waits (partial lat):   0
   Validations denied:              0

   --- Latency Breakdown ---
   Validation request latency:      359.781 us
   Coalesced wait latency:          0 us
   TOTAL SECURITY OVERHEAD:         359.781 us
   Avg latency per validation:      12.4062 us
   Avg latency per coalesced wait:  0 us
   Avg overhead per blocked access: 12.4062 us

   --- Cache Statistics ---
   Processes with cached pages:     1
   Unique pages validated (total):  77
   Cache hit rate:                  99.9756%

Exiting @ tick 17228711000 because m5_exit instruction encountered
