build/ARM/base/statistics.hh:277: warn: One of the stats is a legacy stat. Legacy stat is a stat that does not belong to any statistics::Group. Legacy stat is deprecated.
Global frequency set at 1000000000000 ticks per second
build/ARM/mem/mem_interface.cc:793: warn: DRAM device capacity (16384 Mbytes) does not match the address range assigned (4096 Mbytes)
build/ARM/sim/kernel_workload.cc:46: info: kernel located at: /gem5-SALAM/benchmarks/lenet/design_c/sw/main.elf
build/ARM/arch/arm/system.cc:95: warn: Highest ARM exception-level set to AArch64 but the workload is for AArch32. Assuming you wanted these to match.
build/ARM/base/vnc/vncserver.cc:163: warn: Sockets disabled, not accepting vnc client connections
build/ARM/dev/serial/terminal.cc:170: warn: Sockets disabled, not accepting terminal connections
build/ARM/base/remote_gdb.cc:377: warn: Sockets disabled, not accepting gdb connections
build/ARM/mem/coherent_xbar.cc:140: warn: CoherentXBar system.lenet5_clstr.coherency_bus has no snooping ports attached!
build/ARM/dev/arm/energy_ctrl.cc:252: warn: Existing EnergyCtrl, but no enabled DVFSHandler found.
gem5 Simulator System.  http://gem5.org
gem5 is copyrighted software; use the --copyright option for details.

gem5 version 21.1.0.1
gem5 compiled May  2 2026 19:55:51
gem5 started May  3 2026 00:10:54
gem5 executing on 3b7fb6fd27b8, pid 1113867
command line: /gem5-SALAM/build/ARM/gem5.opt --listener-mode=off --outdir=/gem5-SALAM/BM_ARM_OUT/run_all/lenet_c/iommu_e32_m1000ns /gem5-SALAM/configs/SALAM/fs_lenet_c.py --mem-size=4GB --mem-type=DDR4_2400_8x8 --machine-type=VExpress_GEM5_V1 --dtb-file=none --bare-metal --cpu-type=DerivO3CPU --caches --l2cache --kernel=/gem5-SALAM/benchmarks/lenet/design_c/sw/main.elf --disk-image=/gem5-SALAM/benchmarks/common/fake.iso --accpath=/gem5-SALAM/benchmarks/lenet/design_c --accbench=lenet_c --enable-iommu --iotlb-entries 32 --iotlb-hit-latency 2000 --iotlb-miss-latency 1000000

[HWAccConfig] IOMMU ENABLED: entries=32, hit_lat=2000, miss_lat=1000000
[HWAccConfig] IOMMU ENABLED: entries=32, hit_lat=2000, miss_lat=1000000
[HWAccConfig] IOMMU ENABLED: entries=32, hit_lat=2000, miss_lat=1000000
[HWAccConfig] IOMMU ENABLED: entries=32, hit_lat=2000, miss_lat=1000000
[HWAccConfig] IOMMU ENABLED: entries=32, hit_lat=2000, miss_lat=1000000
[HWAccConfig] IOMMU ENABLED: entries=32, hit_lat=2000, miss_lat=1000000
[HWAccConfig] IOMMU ENABLED: entries=32, hit_lat=2000, miss_lat=1000000
[HWAccConfig] IOMMU ENABLED: entries=32, hit_lat=2000, miss_lat=1000000
[HWAccConfig] IOMMU ENABLED: entries=32, hit_lat=2000, miss_lat=1000000
[HWAccConfig] IOMMU ENABLED: entries=32, hit_lat=2000, miss_lat=1000000
[HWAccConfig] IOMMU ENABLED: entries=32, hit_lat=2000, miss_lat=1000000
[HWAccConfig] IOMMU ENABLED: entries=32, hit_lat=2000, miss_lat=1000000
[HWAccConfig] IOMMU ENABLED: entries=32, hit_lat=2000, miss_lat=1000000
**** REAL SIMULATION ****
warn: iobus.slave is deprecated. `slave` is now called `cpu_side_ports`
warn: bridge.master is deprecated. `master` is now called `mem_side_port`
warn: membus.master is deprecated. `master` is now called `mem_side_ports`
warn: bridge.slave is deprecated. `slave` is now called `cpu_side_port`
warn: membus.slave is deprecated. `slave` is now called `cpu_side_ports`
warn: tol2bus.master is deprecated. `master` is now called `mem_side_ports`
warn: membus.slave is deprecated. `slave` is now called `cpu_side_ports`
warn: tol2bus.slave is deprecated. `slave` is now called `cpu_side_ports`
warn: tol2bus.slave is deprecated. `slave` is now called `cpu_side_ports`
warn: tol2bus.slave is deprecated. `slave` is now called `cpu_side_ports`
warn: tol2bus.slave is deprecated. `slave` is now called `cpu_side_ports`
warn: membus.slave is deprecated. `slave` is now called `cpu_side_ports`
warn: coherency_bus.master is deprecated. `master` is now called `mem_side_ports`
warn: No dot file generated. Please install pydot to generate the dot file and pdf.
build/ARM/sim/simulate.cc:107: info: Entering event queue @ 0.  Starting simulation...
********************************************************************************
system.lenet5_clstr.data_mover_0.llvm_interface
Total Area: 2560.05
Total Power Static: 1249

Total Power Dynamic: 13797
   ========= Performance Analysis =============
   Setup Time:                      0h 0m 0s 1ms 200us
   Simulation Time (Total):         0h 3m 1s 924ms
   Simulation Time (Active):        0h 0m 3s 981ms
        Queue Processing Time:      0h 0m 3s 768ms
             Scheduling Time:       0h 0m 2s 204ms
             Computation Time:      0h 0m 0s 449ms
   System Clock:                    0.1GHz
   Runtime:                         1044988 cycles
   Runtime:                         10449.9 us
   Stalls:                          0 cycles
   Executed Nodes:                  1044987 cycles

   ========= Kernel Validation Stats ==========
   Kernel validation enabled:       NO
   Configured latency per check:    0 us

   --- Access Breakdown ---
   Total memory accesses (validated): 0
   Cache hits (0 latency):          0
   Validation requests (full lat):  0
   Coalesced waits (partial lat):   0
   Validations denied:              0

   --- Latency Breakdown ---
   Validation request latency:      0 us
   Coalesced wait latency:          0 us
   TOTAL SECURITY OVERHEAD:         0 us
   Avg latency per validation:      0 us
   Avg latency per coalesced wait:  0 us
   Avg overhead per blocked access: 0 us

   --- Cache Statistics ---
   Processes with cached pages:     0
   Unique pages validated (total):  0
   Cache hit rate:                  0%

   ========= IOMMU Stats =====================
   IOMMU enabled:                   YES
   IOMMU SimObject:                 system.lenet5_clstr.iommu

   --- Access Breakdown ---
   Total IOMMU checks:              1561115
   IOTLB hits:                      1561108
   IOTLB misses (page walks):       7
   IOTLB hit rate:                  99.9996%

   --- Latency Breakdown ---
   TOTAL IOMMU OVERHEAD:            3129.22 us
   Avg latency per access:          0.00200448 us

********************************************************************************
system.lenet5_clstr.conv0.llvm_interface
Total Area: 6054.47
Total Power Static: 7131.27

Total Power Dynamic: 184286
   ========= Performance Analysis =============
   Setup Time:                      0h 0m 0s 6ms 804us
   Simulation Time (Total):         0h 3m 1s 917ms
   Simulation Time (Active):        0h 0m 5s 273ms
        Queue Processing Time:      0h 0m 5s 151ms
             Scheduling Time:       0h 0m 3s 284ms
             Computation Time:      0h 0m 0s 576ms
   System Clock:                    0.1GHz
   Runtime:                         1044980 cycles
   Runtime:                         10449.8 us
   Stalls:                          0 cycles
   Executed Nodes:                  1044979 cycles

   ========= Kernel Validation Stats ==========
   Kernel validation enabled:       NO
   Configured latency per check:    0 us

   --- Access Breakdown ---
   Total memory accesses (validated): 0
   Cache hits (0 latency):          0
   Validation requests (full lat):  0
   Coalesced waits (partial lat):   0
   Validations denied:              0

   --- Latency Breakdown ---
   Validation request latency:      0 us
   Coalesced wait latency:          0 us
   TOTAL SECURITY OVERHEAD:         0 us
   Avg latency per validation:      0 us
   Avg latency per coalesced wait:  0 us
   Avg overhead per blocked access: 0 us

   --- Cache Statistics ---
   Processes with cached pages:     0
   Unique pages validated (total):  0
   Cache hit rate:                  0%

   ========= IOMMU Stats =====================
   IOMMU enabled:                   YES
   IOMMU SimObject:                 system.lenet5_clstr.iommu

   --- Access Breakdown ---
   Total IOMMU checks:              1561117
   IOTLB hits:                      1561110
   IOTLB misses (page walks):       7
   IOTLB hit rate:                  99.9996%

   --- Latency Breakdown ---
   TOTAL IOMMU OVERHEAD:            3129.22 us
   Avg latency per access:          0.00200448 us

********************************************************************************
system.lenet5_clstr.pool_mover_0.llvm_interface
Total Area: 780.105
Total Power Static: 38.3364

Total Power Dynamic: 304.907
   ========= Performance Analysis =============
   Setup Time:                      0h 0m 0s 0ms 499us
   Simulation Time (Total):         0h 3m 1s 916ms
   Simulation Time (Active):        0h 0m 0s 345ms
        Queue Processing Time:      0h 0m 0s 230ms
             Scheduling Time:       0h 0m 0s 89ms
             Computation Time:      0h 0m 0s 12ms
   System Clock:                    0.1GHz
   Runtime:                         1044970 cycles
   Runtime:                         10449.7 us
   Stalls:                          0 cycles
   Executed Nodes:                  1044969 cycles

   ========= Kernel Validation Stats ==========
   Kernel validation enabled:       NO
   Configured latency per check:    0 us

   --- Access Breakdown ---
   Total memory accesses (validated): 0
   Cache hits (0 latency):          0
   Validation requests (full lat):  0
   Coalesced waits (partial lat):   0
   Validations denied:              0

   --- Latency Breakdown ---
   Validation request latency:      0 us
   Coalesced wait latency:          0 us
   TOTAL SECURITY OVERHEAD:         0 us
   Avg latency per validation:      0 us
   Avg latency per coalesced wait:  0 us
   Avg overhead per blocked access: 0 us

   --- Cache Statistics ---
   Processes with cached pages:     0
   Unique pages validated (total):  0
   Cache hit rate:                  0%

   ========= IOMMU Stats =====================
   IOMMU enabled:                   YES
   IOMMU SimObject:                 system.lenet5_clstr.iommu

   --- Access Breakdown ---
   Total IOMMU checks:              1561118
   IOTLB hits:                      1561111
   IOTLB misses (page walks):       7
   IOTLB hit rate:                  99.9996%

   --- Latency Breakdown ---
   TOTAL IOMMU OVERHEAD:            3129.22 us
   Avg latency per access:          0.00200447 us

********************************************************************************
system.lenet5_clstr.pool0.llvm_interface
Total Area: 6221.95
Total Power Static: 104.183

Total Power Dynamic: 2173.03
   ========= Performance Analysis =============
   Setup Time:                      0h 0m 0s 6ms 756us
   Simulation Time (Total):         0h 3m 10s 965ms
   Simulation Time (Active):        0h 0m 0s 475ms
        Queue Processing Time:      0h 0m 0s 322ms
             Scheduling Time:       0h 0m 0s 126ms
             Computation Time:      0h 0m 0s 29ms
   System Clock:                    0.1GHz
   Runtime:                         1117607 cycles
   Runtime:                         11176.1 us
   Stalls:                          0 cycles
   Executed Nodes:                  1117606 cycles

   ========= Kernel Validation Stats ==========
   Kernel validation enabled:       NO
   Configured latency per check:    0 us

   --- Access Breakdown ---
   Total memory accesses (validated): 0
   Cache hits (0 latency):          0
   Validation requests (full lat):  0
   Coalesced waits (partial lat):   0
   Validations denied:              0

   --- Latency Breakdown ---
   Validation request latency:      0 us
   Coalesced wait latency:          0 us
   TOTAL SECURITY OVERHEAD:         0 us
   Avg latency per validation:      0 us
   Avg latency per coalesced wait:  0 us
   Avg overhead per blocked access: 0 us

   --- Cache Statistics ---
   Processes with cached pages:     0
   Unique pages validated (total):  0
   Cache hit rate:                  0%

   ========= IOMMU Stats =====================
   IOMMU enabled:                   YES
   IOMMU SimObject:                 system.lenet5_clstr.iommu

   --- Access Breakdown ---
   Total IOMMU checks:              1646053
   IOTLB hits:                      1646046
   IOTLB misses (page walks):       7
   IOTLB hit rate:                  99.9996%

   --- Latency Breakdown ---
   TOTAL IOMMU OVERHEAD:            3299.09 us
   Avg latency per access:          0.00200424 us

********************************************************************************
system.lenet5_clstr.data_mover_1.llvm_interface
Total Area: 3098.38
Total Power Static: 2424.96

Total Power Dynamic: 27394.9
   ========= Performance Analysis =============
   Setup Time:                      0h 0m 0s 1ms 557us
   Simulation Time (Total):         0h 3m 23s 859ms
   Simulation Time (Active):        0h 0m 5s 711ms
        Queue Processing Time:      0h 0m 5s 547ms
             Scheduling Time:       0h 0m 3s 316ms
             Computation Time:      0h 0m 0s 696ms
   System Clock:                    0.1GHz
   Runtime:                         1221940 cycles
   Runtime:                         12219.4 us
   Stalls:                          0 cycles
   Executed Nodes:                  1221939 cycles

   ========= Kernel Validation Stats ==========
   Kernel validation enabled:       NO
   Configured latency per check:    0 us

   --- Access Breakdown ---
   Total memory accesses (validated): 0
   Cache hits (0 latency):          0
   Validation requests (full lat):  0
   Coalesced waits (partial lat):   0
   Validations denied:              0

   --- Latency Breakdown ---
   Validation request latency:      0 us
   Coalesced wait latency:          0 us
   TOTAL SECURITY OVERHEAD:         0 us
   Avg latency per validation:      0 us
   Avg latency per coalesced wait:  0 us
   Avg overhead per blocked access: 0 us

   --- Cache Statistics ---
   Processes with cached pages:     0
   Unique pages validated (total):  0
   Cache hit rate:                  0%

   ========= IOMMU Stats =====================
   IOMMU enabled:                   YES
   IOMMU SimObject:                 system.lenet5_clstr.iommu

   --- Access Breakdown ---
   Total IOMMU checks:              1769173
   IOTLB hits:                      1769166
   IOTLB misses (page walks):       7
   IOTLB hit rate:                  99.9996%

   --- Latency Breakdown ---
   TOTAL IOMMU OVERHEAD:            3545.33 us
   Avg latency per access:          0.00200395 us

********************************************************************************
system.lenet5_clstr.conv1.llvm_interface
Total Area: 6233.91
Total Power Static: 14530.9

Total Power Dynamic: 375959
   ========= Performance Analysis =============
   Setup Time:                      0h 0m 0s 0ms 929us
   Simulation Time (Total):         0h 3m 23s 855ms
   Simulation Time (Active):        0h 0m 7s 979ms
        Queue Processing Time:      0h 0m 7s 818ms
             Scheduling Time:       0h 0m 4s 756ms
             Computation Time:      0h 0m 0s 986ms
   System Clock:                    0.1GHz
   Runtime:                         1221932 cycles
   Runtime:                         12219.3 us
   Stalls:                          0 cycles
   Executed Nodes:                  1221931 cycles

   ========= Kernel Validation Stats ==========
   Kernel validation enabled:       NO
   Configured latency per check:    0 us

   --- Access Breakdown ---
   Total memory accesses (validated): 0
   Cache hits (0 latency):          0
   Validation requests (full lat):  0
   Coalesced waits (partial lat):   0
   Validations denied:              0

   --- Latency Breakdown ---
   Validation request latency:      0 us
   Coalesced wait latency:          0 us
   TOTAL SECURITY OVERHEAD:         0 us
   Avg latency per validation:      0 us
   Avg latency per coalesced wait:  0 us
   Avg overhead per blocked access: 0 us

   --- Cache Statistics ---
   Processes with cached pages:     0
   Unique pages validated (total):  0
   Cache hit rate:                  0%

   ========= IOMMU Stats =====================
   IOMMU enabled:                   YES
   IOMMU SimObject:                 system.lenet5_clstr.iommu

   --- Access Breakdown ---
   Total IOMMU checks:              1769174
   IOTLB hits:                      1769167
   IOTLB misses (page walks):       7
   IOTLB hit rate:                  99.9996%

   --- Latency Breakdown ---
   TOTAL IOMMU OVERHEAD:            3545.33 us
   Avg latency per access:          0.00200395 us

********************************************************************************
system.lenet5_clstr.pool_mover_1.llvm_interface
Total Area: 780.105
Total Power Static: 12.6423

Total Power Dynamic: 101.338
   ========= Performance Analysis =============
   Setup Time:                      0h 0m 0s 0ms 573us
   Simulation Time (Total):         0h 3m 23s 842ms
   Simulation Time (Active):        0h 0m 0s 268ms
        Queue Processing Time:      0h 0m 0s 136ms
             Scheduling Time:       0h 0m 0s 19ms
             Computation Time:      0h 0m 0s 3ms
   System Clock:                    0.1GHz
   Runtime:                         1221832 cycles
   Runtime:                         12218.3 us
   Stalls:                          0 cycles
   Executed Nodes:                  1221831 cycles

   ========= Kernel Validation Stats ==========
   Kernel validation enabled:       NO
   Configured latency per check:    0 us

   --- Access Breakdown ---
   Total memory accesses (validated): 0
   Cache hits (0 latency):          0
   Validation requests (full lat):  0
   Coalesced waits (partial lat):   0
   Validations denied:              0

   --- Latency Breakdown ---
   Validation request latency:      0 us
   Coalesced wait latency:          0 us
   TOTAL SECURITY OVERHEAD:         0 us
   Avg latency per validation:      0 us
   Avg latency per coalesced wait:  0 us
   Avg overhead per blocked access: 0 us

   --- Cache Statistics ---
   Processes with cached pages:     0
   Unique pages validated (total):  0
   Cache hit rate:                  0%

   ========= IOMMU Stats =====================
   IOMMU enabled:                   YES
   IOMMU SimObject:                 system.lenet5_clstr.iommu

   --- Access Breakdown ---
   Total IOMMU checks:              1769175
   IOTLB hits:                      1769168
   IOTLB misses (page walks):       7
   IOTLB hit rate:                  99.9996%

   --- Latency Breakdown ---
   TOTAL IOMMU OVERHEAD:            3545.34 us
   Avg latency per access:          0.00200395 us

********************************************************************************
system.lenet5_clstr.pool1.llvm_interface
Total Area: 6221.95
Total Power Static: 35.4349

Total Power Dynamic: 738.536
   ========= Performance Analysis =============
   Setup Time:                      0h 0m 0s 0ms 862us
   Simulation Time (Total):         0h 3m 23s 825ms
   Simulation Time (Active):        0h 0m 0s 293ms
        Queue Processing Time:      0h 0m 0s 156ms
             Scheduling Time:       0h 0m 0s 31ms
             Computation Time:      0h 0m 0s 6ms
   System Clock:                    0.1GHz
   Runtime:                         1221723 cycles
   Runtime:                         12217.2 us
   Stalls:                          0 cycles
   Executed Nodes:                  1221722 cycles

   ========= Kernel Validation Stats ==========
   Kernel validation enabled:       NO
   Configured latency per check:    0 us

   --- Access Breakdown ---
   Total memory accesses (validated): 0
   Cache hits (0 latency):          0
   Validation requests (full lat):  0
   Coalesced waits (partial lat):   0
   Validations denied:              0

   --- Latency Breakdown ---
   Validation request latency:      0 us
   Coalesced wait latency:          0 us
   TOTAL SECURITY OVERHEAD:         0 us
   Avg latency per validation:      0 us
   Avg latency per coalesced wait:  0 us
   Avg overhead per blocked access: 0 us

   --- Cache Statistics ---
   Processes with cached pages:     0
   Unique pages validated (total):  0
   Cache hit rate:                  0%

   ========= IOMMU Stats =====================
   IOMMU enabled:                   YES
   IOMMU SimObject:                 system.lenet5_clstr.iommu

   --- Access Breakdown ---
   Total IOMMU checks:              1769177
   IOTLB hits:                      1769170
   IOTLB misses (page walks):       7
   IOTLB hit rate:                  99.9996%

   --- Latency Breakdown ---
   TOTAL IOMMU OVERHEAD:            3545.34 us
   Avg latency per access:          0.00200395 us

********************************************************************************
system.lenet5_clstr.data_mover_2.llvm_interface
Total Area: 1830.32
Total Power Static: 467.516

Total Power Dynamic: 5377.4
   ========= Performance Analysis =============
   Setup Time:                      0h 0m 0s 3ms 955us
   Simulation Time (Total):         0h 4m 1s 625ms
   Simulation Time (Active):        0h 0m 1s 200ms
        Queue Processing Time:      0h 0m 1s 16ms
             Scheduling Time:       0h 0m 0s 520ms
             Computation Time:      0h 0m 0s 114ms
   System Clock:                    0.1GHz
   Runtime:                         1961382 cycles
   Runtime:                         19613.8 us
   Stalls:                          0 cycles
   Executed Nodes:                  1961381 cycles

   ========= Kernel Validation Stats ==========
   Kernel validation enabled:       NO
   Configured latency per check:    0 us

   --- Access Breakdown ---
   Total memory accesses (validated): 0
   Cache hits (0 latency):          0
   Validation requests (full lat):  0
   Coalesced waits (partial lat):   0
   Validations denied:              0

   --- Latency Breakdown ---
   Validation request latency:      0 us
   Coalesced wait latency:          0 us
   TOTAL SECURITY OVERHEAD:         0 us
   Avg latency per validation:      0 us
   Avg latency per coalesced wait:  0 us
   Avg overhead per blocked access: 0 us

   --- Cache Statistics ---
   Processes with cached pages:     0
   Unique pages validated (total):  0
   Cache hit rate:                  0%

   ========= IOMMU Stats =====================
   IOMMU enabled:                   YES
   IOMMU SimObject:                 system.lenet5_clstr.iommu

   --- Access Breakdown ---
   Total IOMMU checks:              2011306
   IOTLB hits:                      2005779
   IOTLB misses (page walks):       5527
   IOTLB hit rate:                  99.7252%

   --- Latency Breakdown ---
   TOTAL IOMMU OVERHEAD:            9538.56 us
   Avg latency per access:          0.00474247 us

********************************************************************************
system.lenet5_clstr.conv2.llvm_interface
Total Area: 5875.03
Total Power Static: 2891.36

Total Power Dynamic: 75102.9
   ========= Performance Analysis =============
   Setup Time:                      0h 0m 0s 0ms 810us
   Simulation Time (Total):         0h 4m 1s 611ms
   Simulation Time (Active):        0h 0m 1s 669ms
        Queue Processing Time:      0h 0m 1s 476ms
             Scheduling Time:       0h 0m 0s 827ms
             Computation Time:      0h 0m 0s 166ms
   System Clock:                    0.1GHz
   Runtime:                         1961274 cycles
   Runtime:                         19612.7 us
   Stalls:                          0 cycles
   Executed Nodes:                  1961273 cycles

   ========= Kernel Validation Stats ==========
   Kernel validation enabled:       NO
   Configured latency per check:    0 us

   --- Access Breakdown ---
   Total memory accesses (validated): 0
   Cache hits (0 latency):          0
   Validation requests (full lat):  0
   Coalesced waits (partial lat):   0
   Validations denied:              0

   --- Latency Breakdown ---
   Validation request latency:      0 us
   Coalesced wait latency:          0 us
   TOTAL SECURITY OVERHEAD:         0 us
   Avg latency per validation:      0 us
   Avg latency per coalesced wait:  0 us
   Avg overhead per blocked access: 0 us

   --- Cache Statistics ---
   Processes with cached pages:     0
   Unique pages validated (total):  0
   Cache hit rate:                  0%

   ========= IOMMU Stats =====================
   IOMMU enabled:                   YES
   IOMMU SimObject:                 system.lenet5_clstr.iommu

   --- Access Breakdown ---
   Total IOMMU checks:              2011310
   IOTLB hits:                      2005783
   IOTLB misses (page walks):       5527
   IOTLB hit rate:                  99.7252%

   --- Latency Breakdown ---
   TOTAL IOMMU OVERHEAD:            9538.57 us
   Avg latency per access:          0.00474246 us

********************************************************************************
system.lenet5_clstr.data_mover_3.llvm_interface
Total Area: 1112.55
Total Power Static: 96.7562

Total Power Dynamic: 1121.45
   ========= Performance Analysis =============
   Setup Time:                      0h 0m 0s 0ms 651us
   Simulation Time (Total):         0h 4m 3s 457ms
   Simulation Time (Active):        0h 0m 0s 468ms
        Queue Processing Time:      0h 0m 0s 287ms
             Scheduling Time:       0h 0m 0s 78ms
             Computation Time:      0h 0m 0s 19ms
   System Clock:                    0.1GHz
   Runtime:                         2002599 cycles
   Runtime:                         20026 us
   Stalls:                          0 cycles
   Executed Nodes:                  2002598 cycles

   ========= Kernel Validation Stats ==========
   Kernel validation enabled:       NO
   Configured latency per check:    0 us

   --- Access Breakdown ---
   Total memory accesses (validated): 0
   Cache hits (0 latency):          0
   Validation requests (full lat):  0
   Coalesced waits (partial lat):   0
   Validations denied:              0

   --- Latency Breakdown ---
   Validation request latency:      0 us
   Coalesced wait latency:          0 us
   TOTAL SECURITY OVERHEAD:         0 us
   Avg latency per validation:      0 us
   Avg latency per coalesced wait:  0 us
   Avg overhead per blocked access: 0 us

   --- Cache Statistics ---
   Processes with cached pages:     0
   Unique pages validated (total):  0
   Cache hit rate:                  0%

   ========= IOMMU Stats =====================
   IOMMU enabled:                   YES
   IOMMU SimObject:                 system.lenet5_clstr.iommu

   --- Access Breakdown ---
   Total IOMMU checks:              2061801
   IOTLB hits:                      2056264
   IOTLB misses (page walks):       5537
   IOTLB hit rate:                  99.7314%

   --- Latency Breakdown ---
   TOTAL IOMMU OVERHEAD:            9649.53 us
   Avg latency per access:          0.00468015 us

********************************************************************************
system.lenet5_clstr.fc0.llvm_interface
Total Area: 5516.14
Total Power Static: 605.722

Total Power Dynamic: 15761.6
   ========= Performance Analysis =============
   Setup Time:                      0h 0m 0s 0ms 716us
   Simulation Time (Total):         0h 4m 3s 433ms
   Simulation Time (Active):        0h 0m 0s 542ms
        Queue Processing Time:      0h 0m 0s 347ms
             Scheduling Time:       0h 0m 0s 120ms
             Computation Time:      0h 0m 0s 27ms
   System Clock:                    0.1GHz
   Runtime:                         2002490 cycles
   Runtime:                         20024.9 us
   Stalls:                          0 cycles
   Executed Nodes:                  2002489 cycles

   ========= Kernel Validation Stats ==========
   Kernel validation enabled:       NO
   Configured latency per check:    0 us

   --- Access Breakdown ---
   Total memory accesses (validated): 0
   Cache hits (0 latency):          0
   Validation requests (full lat):  0
   Coalesced waits (partial lat):   0
   Validations denied:              0

   --- Latency Breakdown ---
   Validation request latency:      0 us
   Coalesced wait latency:          0 us
   TOTAL SECURITY OVERHEAD:         0 us
   Avg latency per validation:      0 us
   Avg latency per coalesced wait:  0 us
   Avg overhead per blocked access: 0 us

   --- Cache Statistics ---
   Processes with cached pages:     0
   Unique pages validated (total):  0
   Cache hit rate:                  0%

   ========= IOMMU Stats =====================
   IOMMU enabled:                   YES
   IOMMU SimObject:                 system.lenet5_clstr.iommu

   --- Access Breakdown ---
   Total IOMMU checks:              2061803
   IOTLB hits:                      2056266
   IOTLB misses (page walks):       5537
   IOTLB hit rate:                  99.7314%

   --- Latency Breakdown ---
   TOTAL IOMMU OVERHEAD:            9649.53 us
   Avg latency per access:          0.00468014 us

********************************************************************************
system.lenet5_clstr.top.llvm_interface
Total Area: 201.48
Total Power Static: 224.062

Total Power Dynamic: 1101.08
   ========= Performance Analysis =============
   Setup Time:                      0h 0m 0s 1ms 604us
   Simulation Time (Total):         0h 4m 4s 654ms
   Simulation Time (Active):        0h 0m 3s 715ms
        Queue Processing Time:      0h 0m 3s 405ms
             Scheduling Time:       0h 0m 1s 653ms
             Computation Time:      0h 0m 0s 185ms
   System Clock:                    0.1GHz
   Runtime:                         2023311 cycles
   Runtime:                         20233.1 us
   Stalls:                          0 cycles
   Executed Nodes:                  2023310 cycles

   ========= Kernel Validation Stats ==========
   Kernel validation enabled:       NO
   Configured latency per check:    0 us

   --- Access Breakdown ---
   Total memory accesses (validated): 0
   Cache hits (0 latency):          0
   Validation requests (full lat):  0
   Coalesced waits (partial lat):   0
   Validations denied:              0

   --- Latency Breakdown ---
   Validation request latency:      0 us
   Coalesced wait latency:          0 us
   TOTAL SECURITY OVERHEAD:         0 us
   Avg latency per validation:      0 us
   Avg latency per coalesced wait:  0 us
   Avg overhead per blocked access: 0 us

   --- Cache Statistics ---
   Processes with cached pages:     0
   Unique pages validated (total):  0
   Cache hit rate:                  0%

   ========= IOMMU Stats =====================
   IOMMU enabled:                   YES
   IOMMU SimObject:                 system.lenet5_clstr.iommu

   --- Access Breakdown ---
   Total IOMMU checks:              2061804
   IOTLB hits:                      2056267
   IOTLB misses (page walks):       5537
   IOTLB hit rate:                  99.7314%

   --- Latency Breakdown ---
   TOTAL IOMMU OVERHEAD:            9649.53 us
   Avg latency per access:          0.00468014 us

Exiting @ tick 20282757000 because m5_exit instruction encountered
