build/ARM/base/statistics.hh:277: warn: One of the stats is a legacy stat. Legacy stat is a stat that does not belong to any statistics::Group. Legacy stat is deprecated.
Global frequency set at 1000000000000 ticks per second
build/ARM/mem/mem_interface.cc:793: warn: DRAM device capacity (16384 Mbytes) does not match the address range assigned (4096 Mbytes)
build/ARM/sim/kernel_workload.cc:46: info: kernel located at: /gem5-SALAM/benchmarks/sys_validation/gemm/sw/main.elf
build/ARM/arch/arm/system.cc:95: warn: Highest ARM exception-level set to AArch64 but the workload is for AArch32. Assuming you wanted these to match.
build/ARM/base/vnc/vncserver.cc:163: warn: Sockets disabled, not accepting vnc client connections
build/ARM/dev/serial/terminal.cc:170: warn: Sockets disabled, not accepting terminal connections
build/ARM/base/remote_gdb.cc:377: warn: Sockets disabled, not accepting gdb connections
build/ARM/mem/coherent_xbar.cc:140: warn: CoherentXBar system.gemm_clstr.coherency_bus has no snooping ports attached!
build/ARM/dev/arm/energy_ctrl.cc:252: warn: Existing EnergyCtrl, but no enabled DVFSHandler found.
gem5 Simulator System.  http://gem5.org
gem5 is copyrighted software; use the --copyright option for details.

gem5 version 21.1.0.1
gem5 compiled May  6 2026 03:05:39
gem5 started May  6 2026 03:06:24
gem5 executing on 3b7fb6fd27b8, pid 3650271
command line: /gem5-SALAM/build/ARM/gem5.opt --listener-mode=off --outdir=/gem5-SALAM/BM_ARM_OUT/run_all/gemm/aia-kd /gem5-SALAM/configs/SALAM/fs_gemm.py --mem-size=4GB --mem-type=DDR4_2400_8x8 --machine-type=VExpress_GEM5_V1 --dtb-file=none --bare-metal --cpu-type=DerivO3CPU --caches --l2cache --kernel=/gem5-SALAM/benchmarks/sys_validation/gemm/sw/main.elf --disk-image=/gem5-SALAM/benchmarks/common/fake.iso --accpath=/gem5-SALAM/benchmarks/sys_validation/gemm --accbench=gemm --enable-kernel-validation --kernel-validation-latency 8367000

[HWAccConfig] Kernel validation ENABLED: latency=8367000, int=172, pid=17
[HWAccConfig] Kernel validation ENABLED: latency=8367000, int=172, pid=17
**** REAL SIMULATION ****
warn: iobus.slave is deprecated. `slave` is now called `cpu_side_ports`
warn: bridge.master is deprecated. `master` is now called `mem_side_port`
warn: membus.master is deprecated. `master` is now called `mem_side_ports`
warn: bridge.slave is deprecated. `slave` is now called `cpu_side_port`
warn: membus.slave is deprecated. `slave` is now called `cpu_side_ports`
warn: tol2bus.master is deprecated. `master` is now called `mem_side_ports`
warn: membus.slave is deprecated. `slave` is now called `cpu_side_ports`
warn: tol2bus.slave is deprecated. `slave` is now called `cpu_side_ports`
warn: tol2bus.slave is deprecated. `slave` is now called `cpu_side_ports`
warn: tol2bus.slave is deprecated. `slave` is now called `cpu_side_ports`
warn: tol2bus.slave is deprecated. `slave` is now called `cpu_side_ports`
warn: membus.slave is deprecated. `slave` is now called `cpu_side_ports`
warn: coherency_bus.master is deprecated. `master` is now called `mem_side_ports`
warn: No dot file generated. Please install pydot to generate the dot file and pdf.
build/ARM/sim/simulate.cc:107: info: Entering event queue @ 0.  Starting simulation...
********************************************************************************
system.gemm_clstr.gemm.llvm_interface
Total Area: 39679.6
Total Power Static: 2379.68

Total Power Dynamic: 30006.4
   ========= Performance Analysis =============
   Setup Time:                      0h 0m 0s 44ms 323us
   Simulation Time (Total):         0h 1m 16s 319ms
   Simulation Time (Active):        0h 0m 46s 70ms
        Queue Processing Time:      0h 0m 45s 985ms
             Scheduling Time:       0h 0m 25s 68ms
             Computation Time:      0h 0m 2s 780ms
   System Clock:                    0.1GHz
   Runtime:                         361991 cycles
   Runtime:                         3619.91 us
   Stalls:                          0 cycles
   Executed Nodes:                  361990 cycles

   ========= Kernel Validation Stats ==========
   Kernel validation enabled:       YES
   Configured latency per check:    8.367 us

   --- Access Breakdown ---
   Total memory accesses (validated): 528384
   Cache hits (0 latency):          528136
   Validation requests (full lat):  24
     of which DMA-ctrl writes:      0
   Coalesced waits (partial lat):   224
   Validations denied:              0

   --- Latency Breakdown ---
   Validation request latency:      501.852 us
   Coalesced wait latency:          3981.52 us
   TOTAL SECURITY OVERHEAD:         4483.37 us
   Avg latency per validation:      20.9105 us
   Avg latency per coalesced wait:  17.7746 us
   Avg overhead per blocked access: 18.0781 us

   --- Cache Statistics ---
   Processes with cached pages:     1
   Unique pages validated (total):  25
   Cache hit rate:                  99.9531%

********************************************************************************
system.gemm_clstr.top.llvm_interface
Total Area: 201.48
Total Power Static: 16.1769

Total Power Dynamic: 79.496
   ========= Performance Analysis =============
   Setup Time:                      0h 0m 0s 4ms 65us
   Simulation Time (Total):         0h 1m 17s 64ms
   Simulation Time (Active):        0h 0m 0s 726ms
        Queue Processing Time:      0h 0m 0s 641ms
             Scheduling Time:       0h 0m 0s 245ms
             Computation Time:      0h 0m 0s 45ms
   System Clock:                    0.1GHz
   Runtime:                         379077 cycles
   Runtime:                         3790.77 us
   Stalls:                          0 cycles
   Executed Nodes:                  379076 cycles

   ========= Kernel Validation Stats ==========
   Kernel validation enabled:       YES
   Configured latency per check:    8.367 us

   --- Access Breakdown ---
   Total memory accesses (validated): 25804
   Cache hits (0 latency):          25797
   Validation requests (full lat):  7
     of which DMA-ctrl writes:      6
   Coalesced waits (partial lat):   0
   Validations denied:              0

   --- Latency Breakdown ---
   Validation request latency:      83.67 us
   Coalesced wait latency:          0 us
   TOTAL SECURITY OVERHEAD:         83.67 us
   Avg latency per validation:      11.9529 us
   Avg latency per coalesced wait:  0 us
   Avg overhead per blocked access: 11.9529 us

   --- Cache Statistics ---
   Processes with cached pages:     1
   Unique pages validated (total):  25
   Cache hit rate:                  99.9729%

Exiting @ tick 446039673000 because m5_exit instruction encountered
