build/ARM/base/statistics.hh:277: warn: One of the stats is a legacy stat. Legacy stat is a stat that does not belong to any statistics::Group. Legacy stat is deprecated.
Global frequency set at 1000000000000 ticks per second
build/ARM/mem/mem_interface.cc:793: warn: DRAM device capacity (16384 Mbytes) does not match the address range assigned (4096 Mbytes)
build/ARM/sim/kernel_workload.cc:46: info: kernel located at: /gem5-SALAM/benchmarks/sys_validation/nw/sw/main.elf
build/ARM/arch/arm/system.cc:95: warn: Highest ARM exception-level set to AArch64 but the workload is for AArch32. Assuming you wanted these to match.
build/ARM/base/vnc/vncserver.cc:163: warn: Sockets disabled, not accepting vnc client connections
build/ARM/dev/serial/terminal.cc:170: warn: Sockets disabled, not accepting terminal connections
build/ARM/base/remote_gdb.cc:377: warn: Sockets disabled, not accepting gdb connections
build/ARM/mem/coherent_xbar.cc:140: warn: CoherentXBar system.nw_clstr.coherency_bus has no snooping ports attached!
build/ARM/dev/arm/energy_ctrl.cc:252: warn: Existing EnergyCtrl, but no enabled DVFSHandler found.
gem5 Simulator System.  http://gem5.org
gem5 is copyrighted software; use the --copyright option for details.

gem5 version 21.1.0.1
gem5 compiled May  4 2026 18:12:38
gem5 started May  4 2026 18:13:24
gem5 executing on 3b7fb6fd27b8, pid 2580258
command line: /gem5-SALAM/build/ARM/gem5.opt --listener-mode=off --outdir=/gem5-SALAM/BM_ARM_OUT/run_all/nw/aia-kd /gem5-SALAM/configs/SALAM/fs_nw.py --mem-size=4GB --mem-type=DDR4_2400_8x8 --machine-type=VExpress_GEM5_V1 --dtb-file=none --bare-metal --cpu-type=DerivO3CPU --caches --l2cache --kernel=/gem5-SALAM/benchmarks/sys_validation/nw/sw/main.elf --disk-image=/gem5-SALAM/benchmarks/common/fake.iso --accpath=/gem5-SALAM/benchmarks/sys_validation/nw --accbench=nw --enable-kernel-validation --kernel-validation-latency 8367000

[HWAccConfig] Kernel validation ENABLED: latency=8367000, int=172, pid=17
[HWAccConfig] Kernel validation ENABLED: latency=8367000, int=172, pid=17
**** REAL SIMULATION ****
warn: iobus.slave is deprecated. `slave` is now called `cpu_side_ports`
warn: bridge.master is deprecated. `master` is now called `mem_side_port`
warn: membus.master is deprecated. `master` is now called `mem_side_ports`
warn: bridge.slave is deprecated. `slave` is now called `cpu_side_port`
warn: membus.slave is deprecated. `slave` is now called `cpu_side_ports`
warn: tol2bus.master is deprecated. `master` is now called `mem_side_ports`
warn: membus.slave is deprecated. `slave` is now called `cpu_side_ports`
warn: tol2bus.slave is deprecated. `slave` is now called `cpu_side_ports`
warn: tol2bus.slave is deprecated. `slave` is now called `cpu_side_ports`
warn: tol2bus.slave is deprecated. `slave` is now called `cpu_side_ports`
warn: tol2bus.slave is deprecated. `slave` is now called `cpu_side_ports`
warn: membus.slave is deprecated. `slave` is now called `cpu_side_ports`
warn: coherency_bus.master is deprecated. `master` is now called `mem_side_ports`
warn: No dot file generated. Please install pydot to generate the dot file and pdf.
build/ARM/sim/simulate.cc:107: info: Entering event queue @ 0.  Starting simulation...
********************************************************************************
system.nw_clstr.nw.llvm_interface
Total Area: 26577.1
Total Power Static: 4058.15

Total Power Dynamic: 7686.08
   ========= Performance Analysis =============
   Setup Time:                      0h 0m 0s 2ms 848us
   Simulation Time (Total):         0h 0m 9s 481ms
   Simulation Time (Active):        0h 0m 3s 33ms
        Queue Processing Time:      0h 0m 3s 23ms
             Scheduling Time:       0h 0m 1s 705ms
             Computation Time:      0h 0m 0s 532ms
   System Clock:                    0.1GHz
   Runtime:                         83682 cycles
   Runtime:                         836.82 us
   Stalls:                          0 cycles
   Executed Nodes:                  83681 cycles

   ========= Kernel Validation Stats ==========
   Kernel validation enabled:       YES
   Configured latency per check:    8.367 us

   --- Access Breakdown ---
   Total memory accesses (validated): 115911
   Cache hits (0 latency):          115891
   Validation requests (full lat):  20
     of which DMA-ctrl writes:      0
   Coalesced waits (partial lat):   0
   Validations denied:              0

   --- Latency Breakdown ---
   Validation request latency:      167.34 us
   Coalesced wait latency:          0 us
   TOTAL SECURITY OVERHEAD:         167.34 us
   Avg latency per validation:      8.367 us
   Avg latency per coalesced wait:  0 us
   Avg overhead per blocked access: 8.367 us

   --- Cache Statistics ---
   Processes with cached pages:     1
   Unique pages validated (total):  21
   Cache hit rate:                  99.9827%

********************************************************************************
system.nw_clstr.top.llvm_interface
Total Area: 251.85
Total Power Static: 3.65598

Total Power Dynamic: 17.9661
   ========= Performance Analysis =============
   Setup Time:                      0h 0m 0s 0ms 915us
   Simulation Time (Total):         0h 0m 11s 231ms
   Simulation Time (Active):        0h 0m 0s 122ms
        Queue Processing Time:      0h 0m 0s 95ms
             Scheduling Time:       0h 0m 0s 30ms
             Computation Time:      0h 0m 0s 9ms
   System Clock:                    0.1GHz
   Runtime:                         118240 cycles
   Runtime:                         1182.4 us
   Stalls:                          0 cycles
   Executed Nodes:                  118239 cycles

   ========= Kernel Validation Stats ==========
   Kernel validation enabled:       YES
   Configured latency per check:    8.367 us

   --- Access Breakdown ---
   Total memory accesses (validated): 5999
   Cache hits (0 latency):          5982
   Validation requests (full lat):  17
     of which DMA-ctrl writes:      16
   Coalesced waits (partial lat):   0
   Validations denied:              0

   --- Latency Breakdown ---
   Validation request latency:      343.047 us
   Coalesced wait latency:          0 us
   TOTAL SECURITY OVERHEAD:         343.047 us
   Avg latency per validation:      20.1792 us
   Avg latency per coalesced wait:  0 us
   Avg overhead per blocked access: 20.1792 us

   --- Cache Statistics ---
   Processes with cached pages:     1
   Unique pages validated (total):  21
   Cache hit rate:                  99.7166%

Exiting @ tick 1577007500 because m5_exit instruction encountered
