build/ARM/base/statistics.hh:277: warn: One of the stats is a legacy stat. Legacy stat is a stat that does not belong to any statistics::Group. Legacy stat is deprecated.
Global frequency set at 1000000000000 ticks per second
build/ARM/mem/mem_interface.cc:793: warn: DRAM device capacity (16384 Mbytes) does not match the address range assigned (4096 Mbytes)
build/ARM/sim/kernel_workload.cc:46: info: kernel located at: /gem5-SALAM/benchmarks/lenet/design_b/sw/main.elf
build/ARM/arch/arm/system.cc:95: warn: Highest ARM exception-level set to AArch64 but the workload is for AArch32. Assuming you wanted these to match.
build/ARM/base/vnc/vncserver.cc:163: warn: Sockets disabled, not accepting vnc client connections
build/ARM/dev/serial/terminal.cc:170: warn: Sockets disabled, not accepting terminal connections
build/ARM/base/remote_gdb.cc:377: warn: Sockets disabled, not accepting gdb connections
build/ARM/mem/coherent_xbar.cc:140: warn: CoherentXBar system.lenet5_clstr.coherency_bus has no snooping ports attached!
build/ARM/dev/arm/energy_ctrl.cc:252: warn: Existing EnergyCtrl, but no enabled DVFSHandler found.
gem5 Simulator System.  http://gem5.org
gem5 is copyrighted software; use the --copyright option for details.

gem5 version 21.1.0.1
gem5 compiled May  4 2026 18:12:38
gem5 started May  4 2026 18:13:30
gem5 executing on 3b7fb6fd27b8, pid 2580987
command line: /gem5-SALAM/build/ARM/gem5.opt --listener-mode=off --outdir=/gem5-SALAM/BM_ARM_OUT/run_all/lenet_b/iommu_e2048_m250ns /gem5-SALAM/configs/SALAM/fs_lenet_b.py --mem-size=4GB --mem-type=DDR4_2400_8x8 --machine-type=VExpress_GEM5_V1 --dtb-file=none --bare-metal --cpu-type=DerivO3CPU --caches --l2cache --kernel=/gem5-SALAM/benchmarks/lenet/design_b/sw/main.elf --disk-image=/gem5-SALAM/benchmarks/common/fake.iso --accpath=/gem5-SALAM/benchmarks/lenet/design_b --accbench=lenet_b --enable-iommu --iotlb-entries 2048 --iotlb-hit-latency 2000 --iotlb-miss-latency 250000

[HWAccConfig] IOMMU ENABLED: entries=2048, hit_lat=2000, miss_lat=250000
[HWAccConfig] IOMMU ENABLED: entries=2048, hit_lat=2000, miss_lat=250000
[HWAccConfig] IOMMU ENABLED: entries=2048, hit_lat=2000, miss_lat=250000
[HWAccConfig] IOMMU ENABLED: entries=2048, hit_lat=2000, miss_lat=250000
[HWAccConfig] IOMMU ENABLED: entries=2048, hit_lat=2000, miss_lat=250000
[HWAccConfig] IOMMU ENABLED: entries=2048, hit_lat=2000, miss_lat=250000
[HWAccConfig] IOMMU ENABLED: entries=2048, hit_lat=2000, miss_lat=250000
[HWAccConfig] IOMMU ENABLED: entries=2048, hit_lat=2000, miss_lat=250000
[HWAccConfig] IOMMU ENABLED: entries=2048, hit_lat=2000, miss_lat=250000
[HWAccConfig] IOMMU ENABLED: entries=2048, hit_lat=2000, miss_lat=250000
[HWAccConfig] IOMMU ENABLED: entries=2048, hit_lat=2000, miss_lat=250000
[HWAccConfig] IOMMU ENABLED: entries=2048, hit_lat=2000, miss_lat=250000
**** REAL SIMULATION ****
warn: iobus.slave is deprecated. `slave` is now called `cpu_side_ports`
warn: bridge.master is deprecated. `master` is now called `mem_side_port`
warn: membus.master is deprecated. `master` is now called `mem_side_ports`
warn: bridge.slave is deprecated. `slave` is now called `cpu_side_port`
warn: membus.slave is deprecated. `slave` is now called `cpu_side_ports`
warn: tol2bus.master is deprecated. `master` is now called `mem_side_ports`
warn: membus.slave is deprecated. `slave` is now called `cpu_side_ports`
warn: tol2bus.slave is deprecated. `slave` is now called `cpu_side_ports`
warn: tol2bus.slave is deprecated. `slave` is now called `cpu_side_ports`
warn: tol2bus.slave is deprecated. `slave` is now called `cpu_side_ports`
warn: tol2bus.slave is deprecated. `slave` is now called `cpu_side_ports`
warn: membus.slave is deprecated. `slave` is now called `cpu_side_ports`
warn: coherency_bus.master is deprecated. `master` is now called `mem_side_ports`
warn: No dot file generated. Please install pydot to generate the dot file and pdf.
build/ARM/sim/simulate.cc:107: info: Entering event queue @ 0.  Starting simulation...
********************************************************************************
system.lenet5_clstr.data_mover_0.llvm_interface
Total Area: 921.141
Total Power Static: 46.5935

Total Power Dynamic: 530.888
   ========= Performance Analysis =============
   Setup Time:                      0h 0m 0s 0ms 628us
   Simulation Time (Total):         0h 3m 34s 7ms
   Simulation Time (Active):        0h 0m 0s 268ms
        Queue Processing Time:      0h 0m 0s 217ms
             Scheduling Time:       0h 0m 0s 88ms
             Computation Time:      0h 0m 0s 14ms
   System Clock:                    0.1GHz
   Runtime:                         533841 cycles
   Runtime:                         5338.41 us
   Stalls:                          0 cycles
   Executed Nodes:                  533840 cycles

   ========= Kernel Validation Stats ==========
   Kernel validation enabled:       NO
   Configured latency per check:    0 us

   --- Access Breakdown ---
   Total memory accesses (validated): 0
   Cache hits (0 latency):          0
   Validation requests (full lat):  0
     of which DMA-ctrl writes:      0
   Coalesced waits (partial lat):   0
   Validations denied:              0

   --- Latency Breakdown ---
   Validation request latency:      0 us
   Coalesced wait latency:          0 us
   TOTAL SECURITY OVERHEAD:         0 us
   Avg latency per validation:      0 us
   Avg latency per coalesced wait:  0 us
   Avg overhead per blocked access: 0 us

   --- Cache Statistics ---
   Processes with cached pages:     0
   Unique pages validated (total):  0
   Cache hit rate:                  0%

   ========= IOMMU Stats =====================
   IOMMU enabled:                   YES
   IOMMU SimObject:                 system.lenet5_clstr.iommu

   --- Access Breakdown ---
   Total IOMMU checks:              499153
   IOTLB hits:                      499109
   IOTLB misses (page walks):       44
   IOTLB hit rate:                  99.9912%

   --- Latency Breakdown ---
   TOTAL IOMMU OVERHEAD:            1009.22 us
   Avg latency per access:          0.00202186 us

********************************************************************************
system.lenet5_clstr.conv0.llvm_interface
Total Area: 6604.76
Total Power Static: 7702.37

Total Power Dynamic: 186527
   ========= Performance Analysis =============
   Setup Time:                      0h 0m 0s 7ms 26us
   Simulation Time (Total):         0h 3m 34s 9ms
   Simulation Time (Active):        0h 0m 5s 985ms
        Queue Processing Time:      0h 0m 5s 909ms
             Scheduling Time:       0h 0m 3s 418ms
             Computation Time:      0h 0m 0s 681ms
   System Clock:                    0.1GHz
   Runtime:                         533867 cycles
   Runtime:                         5338.67 us
   Stalls:                          0 cycles
   Executed Nodes:                  533866 cycles

   ========= Kernel Validation Stats ==========
   Kernel validation enabled:       NO
   Configured latency per check:    0 us

   --- Access Breakdown ---
   Total memory accesses (validated): 0
   Cache hits (0 latency):          0
   Validation requests (full lat):  0
     of which DMA-ctrl writes:      0
   Coalesced waits (partial lat):   0
   Validations denied:              0

   --- Latency Breakdown ---
   Validation request latency:      0 us
   Coalesced wait latency:          0 us
   TOTAL SECURITY OVERHEAD:         0 us
   Avg latency per validation:      0 us
   Avg latency per coalesced wait:  0 us
   Avg overhead per blocked access: 0 us

   --- Cache Statistics ---
   Processes with cached pages:     0
   Unique pages validated (total):  0
   Cache hit rate:                  0%

   ========= IOMMU Stats =====================
   IOMMU enabled:                   YES
   IOMMU SimObject:                 system.lenet5_clstr.iommu

   --- Access Breakdown ---
   Total IOMMU checks:              499153
   IOTLB hits:                      499109
   IOTLB misses (page walks):       44
   IOTLB hit rate:                  99.9912%

   --- Latency Breakdown ---
   TOTAL IOMMU OVERHEAD:            1009.22 us
   Avg latency per access:          0.00202186 us

********************************************************************************
system.lenet5_clstr.pool0.llvm_interface
Total Area: 6693.54
Total Power Static: 119.603

Total Power Dynamic: 2263.76
   ========= Performance Analysis =============
   Setup Time:                      0h 0m 0s 0ms 954us
   Simulation Time (Total):         0h 3m 33s 992ms
   Simulation Time (Active):        0h 0m 0s 303ms
        Queue Processing Time:      0h 0m 0s 241ms
             Scheduling Time:       0h 0m 0s 103ms
             Computation Time:      0h 0m 0s 18ms
   System Clock:                    0.1GHz
   Runtime:                         533807 cycles
   Runtime:                         5338.07 us
   Stalls:                          0 cycles
   Executed Nodes:                  533806 cycles

   ========= Kernel Validation Stats ==========
   Kernel validation enabled:       NO
   Configured latency per check:    0 us

   --- Access Breakdown ---
   Total memory accesses (validated): 0
   Cache hits (0 latency):          0
   Validation requests (full lat):  0
     of which DMA-ctrl writes:      0
   Coalesced waits (partial lat):   0
   Validations denied:              0

   --- Latency Breakdown ---
   Validation request latency:      0 us
   Coalesced wait latency:          0 us
   TOTAL SECURITY OVERHEAD:         0 us
   Avg latency per validation:      0 us
   Avg latency per coalesced wait:  0 us
   Avg overhead per blocked access: 0 us

   --- Cache Statistics ---
   Processes with cached pages:     0
   Unique pages validated (total):  0
   Cache hit rate:                  0%

   ========= IOMMU Stats =====================
   IOMMU enabled:                   YES
   IOMMU SimObject:                 system.lenet5_clstr.iommu

   --- Access Breakdown ---
   Total IOMMU checks:              499156
   IOTLB hits:                      499112
   IOTLB misses (page walks):       44
   IOTLB hit rate:                  99.9912%

   --- Latency Breakdown ---
   TOTAL IOMMU OVERHEAD:            1009.22 us
   Avg latency per access:          0.00202186 us

********************************************************************************
system.lenet5_clstr.data_mover_1.llvm_interface
Total Area: 921.141
Total Power Static: 11.6632

Total Power Dynamic: 132.822
   ========= Performance Analysis =============
   Setup Time:                      0h 0m 0s 0ms 671us
   Simulation Time (Total):         0h 3m 33s 991ms
   Simulation Time (Active):        0h 0m 0s 154ms
        Queue Processing Time:      0h 0m 0s 95ms
             Scheduling Time:       0h 0m 0s 21ms
             Computation Time:      0h 0m 0s 3ms
   System Clock:                    0.1GHz
   Runtime:                         533802 cycles
   Runtime:                         5338.02 us
   Stalls:                          0 cycles
   Executed Nodes:                  533801 cycles

   ========= Kernel Validation Stats ==========
   Kernel validation enabled:       NO
   Configured latency per check:    0 us

   --- Access Breakdown ---
   Total memory accesses (validated): 0
   Cache hits (0 latency):          0
   Validation requests (full lat):  0
     of which DMA-ctrl writes:      0
   Coalesced waits (partial lat):   0
   Validations denied:              0

   --- Latency Breakdown ---
   Validation request latency:      0 us
   Coalesced wait latency:          0 us
   TOTAL SECURITY OVERHEAD:         0 us
   Avg latency per validation:      0 us
   Avg latency per coalesced wait:  0 us
   Avg overhead per blocked access: 0 us

   --- Cache Statistics ---
   Processes with cached pages:     0
   Unique pages validated (total):  0
   Cache hit rate:                  0%

   ========= IOMMU Stats =====================
   IOMMU enabled:                   YES
   IOMMU SimObject:                 system.lenet5_clstr.iommu

   --- Access Breakdown ---
   Total IOMMU checks:              499162
   IOTLB hits:                      499118
   IOTLB misses (page walks):       44
   IOTLB hit rate:                  99.9912%

   --- Latency Breakdown ---
   TOTAL IOMMU OVERHEAD:            1009.24 us
   Avg latency per access:          0.00202186 us

********************************************************************************
system.lenet5_clstr.conv1.llvm_interface
Total Area: 6784.2
Total Power Static: 15677.5

Total Power Dynamic: 376721
   ========= Performance Analysis =============
   Setup Time:                      0h 0m 0s 1ms 102us
   Simulation Time (Total):         0h 4m 42s 504ms
   Simulation Time (Active):        0h 0m 5s 609ms
        Queue Processing Time:      0h 0m 5s 507ms
             Scheduling Time:       0h 0m 3s 290ms
             Computation Time:      0h 0m 0s 644ms
   System Clock:                    0.1GHz
   Runtime:                         1040121 cycles
   Runtime:                         10401.2 us
   Stalls:                          0 cycles
   Executed Nodes:                  1040120 cycles

   ========= Kernel Validation Stats ==========
   Kernel validation enabled:       NO
   Configured latency per check:    0 us

   --- Access Breakdown ---
   Total memory accesses (validated): 0
   Cache hits (0 latency):          0
   Validation requests (full lat):  0
     of which DMA-ctrl writes:      0
   Coalesced waits (partial lat):   0
   Validations denied:              0

   --- Latency Breakdown ---
   Validation request latency:      0 us
   Coalesced wait latency:          0 us
   TOTAL SECURITY OVERHEAD:         0 us
   Avg latency per validation:      0 us
   Avg latency per coalesced wait:  0 us
   Avg overhead per blocked access: 0 us

   --- Cache Statistics ---
   Processes with cached pages:     0
   Unique pages validated (total):  0
   Cache hit rate:                  0%

   ========= IOMMU Stats =====================
   IOMMU enabled:                   YES
   IOMMU SimObject:                 system.lenet5_clstr.iommu

   --- Access Breakdown ---
   Total IOMMU checks:              822169
   IOTLB hits:                      822097
   IOTLB misses (page walks):       72
   IOTLB hit rate:                  99.9912%

   --- Latency Breakdown ---
   TOTAL IOMMU OVERHEAD:            1662.19 us
   Avg latency per access:          0.00202172 us

********************************************************************************
system.lenet5_clstr.data_mover_2.llvm_interface
Total Area: 921.141
Total Power Static: 15.4509

Total Power Dynamic: 178.201
   ========= Performance Analysis =============
   Setup Time:                      0h 0m 0s 0ms 708us
   Simulation Time (Total):         0h 4m 42s 487ms
   Simulation Time (Active):        0h 0m 0s 207ms
        Queue Processing Time:      0h 0m 0s 123ms
             Scheduling Time:       0h 0m 0s 18ms
             Computation Time:      0h 0m 0s 3ms
   System Clock:                    0.1GHz
   Runtime:                         1040096 cycles
   Runtime:                         10401 us
   Stalls:                          0 cycles
   Executed Nodes:                  1040095 cycles

   ========= Kernel Validation Stats ==========
   Kernel validation enabled:       NO
   Configured latency per check:    0 us

   --- Access Breakdown ---
   Total memory accesses (validated): 0
   Cache hits (0 latency):          0
   Validation requests (full lat):  0
     of which DMA-ctrl writes:      0
   Coalesced waits (partial lat):   0
   Validations denied:              0

   --- Latency Breakdown ---
   Validation request latency:      0 us
   Coalesced wait latency:          0 us
   TOTAL SECURITY OVERHEAD:         0 us
   Avg latency per validation:      0 us
   Avg latency per coalesced wait:  0 us
   Avg overhead per blocked access: 0 us

   --- Cache Statistics ---
   Processes with cached pages:     0
   Unique pages validated (total):  0
   Cache hit rate:                  0%

   ========= IOMMU Stats =====================
   IOMMU enabled:                   YES
   IOMMU SimObject:                 system.lenet5_clstr.iommu

   --- Access Breakdown ---
   Total IOMMU checks:              822170
   IOTLB hits:                      822098
   IOTLB misses (page walks):       72
   IOTLB hit rate:                  99.9912%

   --- Latency Breakdown ---
   TOTAL IOMMU OVERHEAD:            1662.2 us
   Avg latency per access:          0.00202172 us

********************************************************************************
system.lenet5_clstr.pool1.llvm_interface
Total Area: 6693.54
Total Power Static: 40.6797

Total Power Dynamic: 769.272
   ========= Performance Analysis =============
   Setup Time:                      0h 0m 0s 0ms 964us
   Simulation Time (Total):         0h 4m 42s 443ms
   Simulation Time (Active):        0h 0m 0s 214ms
        Queue Processing Time:      0h 0m 0s 119ms
             Scheduling Time:       0h 0m 0s 20ms
             Computation Time:      0h 0m 0s 3ms
   System Clock:                    0.1GHz
   Runtime:                         1040061 cycles
   Runtime:                         10400.6 us
   Stalls:                          0 cycles
   Executed Nodes:                  1040060 cycles

   ========= Kernel Validation Stats ==========
   Kernel validation enabled:       NO
   Configured latency per check:    0 us

   --- Access Breakdown ---
   Total memory accesses (validated): 0
   Cache hits (0 latency):          0
   Validation requests (full lat):  0
     of which DMA-ctrl writes:      0
   Coalesced waits (partial lat):   0
   Validations denied:              0

   --- Latency Breakdown ---
   Validation request latency:      0 us
   Coalesced wait latency:          0 us
   TOTAL SECURITY OVERHEAD:         0 us
   Avg latency per validation:      0 us
   Avg latency per coalesced wait:  0 us
   Avg overhead per blocked access: 0 us

   --- Cache Statistics ---
   Processes with cached pages:     0
   Unique pages validated (total):  0
   Cache hit rate:                  0%

   ========= IOMMU Stats =====================
   IOMMU enabled:                   YES
   IOMMU SimObject:                 system.lenet5_clstr.iommu

   --- Access Breakdown ---
   Total IOMMU checks:              822170
   IOTLB hits:                      822098
   IOTLB misses (page walks):       72
   IOTLB hit rate:                  99.9912%

   --- Latency Breakdown ---
   TOTAL IOMMU OVERHEAD:            1662.2 us
   Avg latency per access:          0.00202172 us

********************************************************************************
system.lenet5_clstr.data_mover_3.llvm_interface
Total Area: 921.141
Total Power Static: 3.86689

Total Power Dynamic: 44.586
   ========= Performance Analysis =============
   Setup Time:                      0h 0m 0s 0ms 713us
   Simulation Time (Total):         0h 4m 42s 426ms
   Simulation Time (Active):        0h 0m 0s 191ms
        Queue Processing Time:      0h 0m 0s 101ms
             Scheduling Time:       0h 0m 0s 3ms
             Computation Time:      0h 0m 0s 0ms
   System Clock:                    0.1GHz
   Runtime:                         1040056 cycles
   Runtime:                         10400.6 us
   Stalls:                          0 cycles
   Executed Nodes:                  1040055 cycles

   ========= Kernel Validation Stats ==========
   Kernel validation enabled:       NO
   Configured latency per check:    0 us

   --- Access Breakdown ---
   Total memory accesses (validated): 0
   Cache hits (0 latency):          0
   Validation requests (full lat):  0
     of which DMA-ctrl writes:      0
   Coalesced waits (partial lat):   0
   Validations denied:              0

   --- Latency Breakdown ---
   Validation request latency:      0 us
   Coalesced wait latency:          0 us
   TOTAL SECURITY OVERHEAD:         0 us
   Avg latency per validation:      0 us
   Avg latency per coalesced wait:  0 us
   Avg overhead per blocked access: 0 us

   --- Cache Statistics ---
   Processes with cached pages:     0
   Unique pages validated (total):  0
   Cache hit rate:                  0%

   ========= IOMMU Stats =====================
   IOMMU enabled:                   YES
   IOMMU SimObject:                 system.lenet5_clstr.iommu

   --- Access Breakdown ---
   Total IOMMU checks:              822172
   IOTLB hits:                      822100
   IOTLB misses (page walks):       72
   IOTLB hit rate:                  99.9912%

   --- Latency Breakdown ---
   TOTAL IOMMU OVERHEAD:            1662.2 us
   Avg latency per access:          0.00202172 us

********************************************************************************
system.lenet5_clstr.conv2.llvm_interface
Total Area: 6066.43
Total Power Static: 2891.65

Total Power Dynamic: 75108.6
   ========= Performance Analysis =============
   Setup Time:                      0h 0m 0s 0ms 957us
   Simulation Time (Total):         0h 4m 50s 847ms
   Simulation Time (Active):        0h 0m 0s 946ms
        Queue Processing Time:      0h 0m 0s 851ms
             Scheduling Time:       0h 0m 0s 472ms
             Computation Time:      0h 0m 0s 91ms
   System Clock:                    0.1GHz
   Runtime:                         1190562 cycles
   Runtime:                         11905.6 us
   Stalls:                          0 cycles
   Executed Nodes:                  1190561 cycles

   ========= Kernel Validation Stats ==========
   Kernel validation enabled:       NO
   Configured latency per check:    0 us

   --- Access Breakdown ---
   Total memory accesses (validated): 0
   Cache hits (0 latency):          0
   Validation requests (full lat):  0
     of which DMA-ctrl writes:      0
   Coalesced waits (partial lat):   0
   Validations denied:              0

   --- Latency Breakdown ---
   Validation request latency:      0 us
   Coalesced wait latency:          0 us
   TOTAL SECURITY OVERHEAD:         0 us
   Avg latency per validation:      0 us
   Avg latency per coalesced wait:  0 us
   Avg overhead per blocked access: 0 us

   --- Cache Statistics ---
   Processes with cached pages:     0
   Unique pages validated (total):  0
   Cache hit rate:                  0%

   ========= IOMMU Stats =====================
   IOMMU enabled:                   YES
   IOMMU SimObject:                 system.lenet5_clstr.iommu

   --- Access Breakdown ---
   Total IOMMU checks:              928709
   IOTLB hits:                      928627
   IOTLB misses (page walks):       82
   IOTLB hit rate:                  99.9912%

   --- Latency Breakdown ---
   TOTAL IOMMU OVERHEAD:            1877.75 us
   Avg latency per access:          0.0020219 us

********************************************************************************
system.lenet5_clstr.data_mover_4.llvm_interface
Total Area: 562.255
Total Power Static: 1.13697

Total Power Dynamic: 13.2473
   ========= Performance Analysis =============
   Setup Time:                      0h 0m 0s 0ms 506us
   Simulation Time (Total):         0h 4m 50s 809ms
   Simulation Time (Active):        0h 0m 0s 210ms
        Queue Processing Time:      0h 0m 0s 104ms
             Scheduling Time:       0h 0m 0s 0ms
             Computation Time:      0h 0m 0s 0ms
   System Clock:                    0.1GHz
   Runtime:                         1190538 cycles
   Runtime:                         11905.4 us
   Stalls:                          0 cycles
   Executed Nodes:                  1190537 cycles

   ========= Kernel Validation Stats ==========
   Kernel validation enabled:       NO
   Configured latency per check:    0 us

   --- Access Breakdown ---
   Total memory accesses (validated): 0
   Cache hits (0 latency):          0
   Validation requests (full lat):  0
     of which DMA-ctrl writes:      0
   Coalesced waits (partial lat):   0
   Validations denied:              0

   --- Latency Breakdown ---
   Validation request latency:      0 us
   Coalesced wait latency:          0 us
   TOTAL SECURITY OVERHEAD:         0 us
   Avg latency per validation:      0 us
   Avg latency per coalesced wait:  0 us
   Avg overhead per blocked access: 0 us

   --- Cache Statistics ---
   Processes with cached pages:     0
   Unique pages validated (total):  0
   Cache hit rate:                  0%

   ========= IOMMU Stats =====================
   IOMMU enabled:                   YES
   IOMMU SimObject:                 system.lenet5_clstr.iommu

   --- Access Breakdown ---
   Total IOMMU checks:              928711
   IOTLB hits:                      928629
   IOTLB misses (page walks):       82
   IOTLB hit rate:                  99.9912%

   --- Latency Breakdown ---
   TOTAL IOMMU OVERHEAD:            1877.76 us
   Avg latency per access:          0.0020219 us

********************************************************************************
system.lenet5_clstr.fc0.llvm_interface
Total Area: 5707.55
Total Power Static: 605.723

Total Power Dynamic: 15765.7
   ========= Performance Analysis =============
   Setup Time:                      0h 0m 0s 0ms 710us
   Simulation Time (Total):         0h 4m 51s 482ms
   Simulation Time (Active):        0h 0m 0s 298ms
        Queue Processing Time:      0h 0m 0s 204ms
             Scheduling Time:       0h 0m 0s 69ms
             Computation Time:      0h 0m 0s 15ms
   System Clock:                    0.1GHz
   Runtime:                         1220635 cycles
   Runtime:                         12206.4 us
   Stalls:                          0 cycles
   Executed Nodes:                  1220634 cycles

   ========= Kernel Validation Stats ==========
   Kernel validation enabled:       NO
   Configured latency per check:    0 us

   --- Access Breakdown ---
   Total memory accesses (validated): 0
   Cache hits (0 latency):          0
   Validation requests (full lat):  0
     of which DMA-ctrl writes:      0
   Coalesced waits (partial lat):   0
   Validations denied:              0

   --- Latency Breakdown ---
   Validation request latency:      0 us
   Coalesced wait latency:          0 us
   TOTAL SECURITY OVERHEAD:         0 us
   Avg latency per validation:      0 us
   Avg latency per coalesced wait:  0 us
   Avg overhead per blocked access: 0 us

   --- Cache Statistics ---
   Processes with cached pages:     0
   Unique pages validated (total):  0
   Cache hit rate:                  0%

   ========= IOMMU Stats =====================
   IOMMU enabled:                   YES
   IOMMU SimObject:                 system.lenet5_clstr.iommu

   --- Access Breakdown ---
   Total IOMMU checks:              950867
   IOTLB hits:                      950785
   IOTLB misses (page walks):       82
   IOTLB hit rate:                  99.9914%

   --- Latency Breakdown ---
   TOTAL IOMMU OVERHEAD:            1922.07 us
   Avg latency per access:          0.00202139 us

********************************************************************************
system.lenet5_clstr.top.llvm_interface
Total Area: 251.85
Total Power Static: 53.3637

Total Power Dynamic: 262.239
   ========= Performance Analysis =============
   Setup Time:                      0h 0m 0s 11ms 663us
   Simulation Time (Total):         0h 4m 52s 182ms
   Simulation Time (Active):        0h 0m 0s 987ms
        Queue Processing Time:      0h 0m 0s 869ms
             Scheduling Time:       0h 0m 0s 376ms
             Computation Time:      0h 0m 0s 51ms
   System Clock:                    0.1GHz
   Runtime:                         1224312 cycles
   Runtime:                         12243.1 us
   Stalls:                          0 cycles
   Executed Nodes:                  1224311 cycles

   ========= Kernel Validation Stats ==========
   Kernel validation enabled:       NO
   Configured latency per check:    0 us

   --- Access Breakdown ---
   Total memory accesses (validated): 0
   Cache hits (0 latency):          0
   Validation requests (full lat):  0
     of which DMA-ctrl writes:      0
   Coalesced waits (partial lat):   0
   Validations denied:              0

   --- Latency Breakdown ---
   Validation request latency:      0 us
   Coalesced wait latency:          0 us
   TOTAL SECURITY OVERHEAD:         0 us
   Avg latency per validation:      0 us
   Avg latency per coalesced wait:  0 us
   Avg overhead per blocked access: 0 us

   --- Cache Statistics ---
   Processes with cached pages:     0
   Unique pages validated (total):  0
   Cache hit rate:                  0%

   ========= IOMMU Stats =====================
   IOMMU enabled:                   YES
   IOMMU SimObject:                 system.lenet5_clstr.iommu

   --- Access Breakdown ---
   Total IOMMU checks:              950919
   IOTLB hits:                      950837
   IOTLB misses (page walks):       82
   IOTLB hit rate:                  99.9914%

   --- Latency Breakdown ---
   TOTAL IOMMU OVERHEAD:            1922.17 us
   Avg latency per access:          0.00202139 us

Exiting @ tick 12320408000 because m5_exit instruction encountered
