build/ARM/base/statistics.hh:277: warn: One of the stats is a legacy stat. Legacy stat is a stat that does not belong to any statistics::Group. Legacy stat is deprecated.
Global frequency set at 1000000000000 ticks per second
build/ARM/mem/mem_interface.cc:793: warn: DRAM device capacity (16384 Mbytes) does not match the address range assigned (4096 Mbytes)
build/ARM/sim/kernel_workload.cc:46: info: kernel located at: /gem5-SALAM/benchmarks/lenet/design_b/sw/main.elf
build/ARM/arch/arm/system.cc:95: warn: Highest ARM exception-level set to AArch64 but the workload is for AArch32. Assuming you wanted these to match.
build/ARM/base/vnc/vncserver.cc:163: warn: Sockets disabled, not accepting vnc client connections
build/ARM/dev/serial/terminal.cc:170: warn: Sockets disabled, not accepting terminal connections
build/ARM/base/remote_gdb.cc:377: warn: Sockets disabled, not accepting gdb connections
build/ARM/mem/coherent_xbar.cc:140: warn: CoherentXBar system.lenet5_clstr.coherency_bus has no snooping ports attached!
build/ARM/dev/arm/energy_ctrl.cc:252: warn: Existing EnergyCtrl, but no enabled DVFSHandler found.
gem5 Simulator System.  http://gem5.org
gem5 is copyrighted software; use the --copyright option for details.

gem5 version 21.1.0.1
gem5 compiled May  2 2026 19:55:51
gem5 started May  3 2026 00:10:54
gem5 executing on 3b7fb6fd27b8, pid 1113834
command line: /gem5-SALAM/build/ARM/gem5.opt --listener-mode=off --outdir=/gem5-SALAM/BM_ARM_OUT/run_all/lenet_b/iommu_e8_m1000ns /gem5-SALAM/configs/SALAM/fs_lenet_b.py --mem-size=4GB --mem-type=DDR4_2400_8x8 --machine-type=VExpress_GEM5_V1 --dtb-file=none --bare-metal --cpu-type=DerivO3CPU --caches --l2cache --kernel=/gem5-SALAM/benchmarks/lenet/design_b/sw/main.elf --disk-image=/gem5-SALAM/benchmarks/common/fake.iso --accpath=/gem5-SALAM/benchmarks/lenet/design_b --accbench=lenet_b --enable-iommu --iotlb-entries 8 --iotlb-hit-latency 2000 --iotlb-miss-latency 1000000

[HWAccConfig] IOMMU ENABLED: entries=8, hit_lat=2000, miss_lat=1000000
[HWAccConfig] IOMMU ENABLED: entries=8, hit_lat=2000, miss_lat=1000000
[HWAccConfig] IOMMU ENABLED: entries=8, hit_lat=2000, miss_lat=1000000
[HWAccConfig] IOMMU ENABLED: entries=8, hit_lat=2000, miss_lat=1000000
[HWAccConfig] IOMMU ENABLED: entries=8, hit_lat=2000, miss_lat=1000000
[HWAccConfig] IOMMU ENABLED: entries=8, hit_lat=2000, miss_lat=1000000
[HWAccConfig] IOMMU ENABLED: entries=8, hit_lat=2000, miss_lat=1000000
[HWAccConfig] IOMMU ENABLED: entries=8, hit_lat=2000, miss_lat=1000000
[HWAccConfig] IOMMU ENABLED: entries=8, hit_lat=2000, miss_lat=1000000
[HWAccConfig] IOMMU ENABLED: entries=8, hit_lat=2000, miss_lat=1000000
[HWAccConfig] IOMMU ENABLED: entries=8, hit_lat=2000, miss_lat=1000000
[HWAccConfig] IOMMU ENABLED: entries=8, hit_lat=2000, miss_lat=1000000
**** REAL SIMULATION ****
warn: iobus.slave is deprecated. `slave` is now called `cpu_side_ports`
warn: bridge.master is deprecated. `master` is now called `mem_side_port`
warn: membus.master is deprecated. `master` is now called `mem_side_ports`
warn: bridge.slave is deprecated. `slave` is now called `cpu_side_port`
warn: membus.slave is deprecated. `slave` is now called `cpu_side_ports`
warn: tol2bus.master is deprecated. `master` is now called `mem_side_ports`
warn: membus.slave is deprecated. `slave` is now called `cpu_side_ports`
warn: tol2bus.slave is deprecated. `slave` is now called `cpu_side_ports`
warn: tol2bus.slave is deprecated. `slave` is now called `cpu_side_ports`
warn: tol2bus.slave is deprecated. `slave` is now called `cpu_side_ports`
warn: tol2bus.slave is deprecated. `slave` is now called `cpu_side_ports`
warn: membus.slave is deprecated. `slave` is now called `cpu_side_ports`
warn: coherency_bus.master is deprecated. `master` is now called `mem_side_ports`
warn: No dot file generated. Please install pydot to generate the dot file and pdf.
build/ARM/sim/simulate.cc:107: info: Entering event queue @ 0.  Starting simulation...
********************************************************************************
system.lenet5_clstr.data_mover_0.llvm_interface
Total Area: 921.141
Total Power Static: 46.5935

Total Power Dynamic: 530.888
   ========= Performance Analysis =============
   Setup Time:                      0h 0m 0s 6ms 726us
   Simulation Time (Total):         0h 5m 27s 618ms
   Simulation Time (Active):        0h 0m 0s 365ms
        Queue Processing Time:      0h 0m 0s 268ms
             Scheduling Time:       0h 0m 0s 95ms
             Computation Time:      0h 0m 0s 14ms
   System Clock:                    0.1GHz
   Runtime:                         1205921 cycles
   Runtime:                         12059.2 us
   Stalls:                          0 cycles
   Executed Nodes:                  1205920 cycles

   ========= Kernel Validation Stats ==========
   Kernel validation enabled:       NO
   Configured latency per check:    0 us

   --- Access Breakdown ---
   Total memory accesses (validated): 0
   Cache hits (0 latency):          0
   Validation requests (full lat):  0
   Coalesced waits (partial lat):   0
   Validations denied:              0

   --- Latency Breakdown ---
   Validation request latency:      0 us
   Coalesced wait latency:          0 us
   TOTAL SECURITY OVERHEAD:         0 us
   Avg latency per validation:      0 us
   Avg latency per coalesced wait:  0 us
   Avg overhead per blocked access: 0 us

   --- Cache Statistics ---
   Processes with cached pages:     0
   Unique pages validated (total):  0
   Cache hit rate:                  0%

   ========= IOMMU Stats =====================
   IOMMU enabled:                   YES
   IOMMU SimObject:                 system.lenet5_clstr.iommu

   --- Access Breakdown ---
   Total IOMMU checks:              492438
   IOTLB hits:                      485490
   IOTLB misses (page walks):       6948
   IOTLB hit rate:                  98.5891%

   --- Latency Breakdown ---
   TOTAL IOMMU OVERHEAD:            7918.98 us
   Avg latency per access:          0.0160812 us

********************************************************************************
system.lenet5_clstr.conv0.llvm_interface
Total Area: 6604.76
Total Power Static: 7702.37

Total Power Dynamic: 186527
   ========= Performance Analysis =============
   Setup Time:                      0h 0m 0s 0ms 873us
   Simulation Time (Total):         0h 5m 27s 643ms
   Simulation Time (Active):        0h 0m 6s 32ms
        Queue Processing Time:      0h 0m 5s 923ms
             Scheduling Time:       0h 0m 3s 472ms
             Computation Time:      0h 0m 0s 666ms
   System Clock:                    0.1GHz
   Runtime:                         1206022 cycles
   Runtime:                         12060.2 us
   Stalls:                          0 cycles
   Executed Nodes:                  1206021 cycles

   ========= Kernel Validation Stats ==========
   Kernel validation enabled:       NO
   Configured latency per check:    0 us

   --- Access Breakdown ---
   Total memory accesses (validated): 0
   Cache hits (0 latency):          0
   Validation requests (full lat):  0
   Coalesced waits (partial lat):   0
   Validations denied:              0

   --- Latency Breakdown ---
   Validation request latency:      0 us
   Coalesced wait latency:          0 us
   TOTAL SECURITY OVERHEAD:         0 us
   Avg latency per validation:      0 us
   Avg latency per coalesced wait:  0 us
   Avg overhead per blocked access: 0 us

   --- Cache Statistics ---
   Processes with cached pages:     0
   Unique pages validated (total):  0
   Cache hit rate:                  0%

   ========= IOMMU Stats =====================
   IOMMU enabled:                   YES
   IOMMU SimObject:                 system.lenet5_clstr.iommu

   --- Access Breakdown ---
   Total IOMMU checks:              492438
   IOTLB hits:                      485490
   IOTLB misses (page walks):       6948
   IOTLB hit rate:                  98.5891%

   --- Latency Breakdown ---
   TOTAL IOMMU OVERHEAD:            7918.98 us
   Avg latency per access:          0.0160812 us

********************************************************************************
system.lenet5_clstr.pool0.llvm_interface
Total Area: 6693.54
Total Power Static: 119.603

Total Power Dynamic: 2263.76
   ========= Performance Analysis =============
   Setup Time:                      0h 0m 0s 0ms 908us
   Simulation Time (Total):         0h 5m 27s 599ms
   Simulation Time (Active):        0h 0m 0s 396ms
        Queue Processing Time:      0h 0m 0s 296ms
             Scheduling Time:       0h 0m 0s 101ms
             Computation Time:      0h 0m 0s 21ms
   System Clock:                    0.1GHz
   Runtime:                         1205811 cycles
   Runtime:                         12058.1 us
   Stalls:                          0 cycles
   Executed Nodes:                  1205810 cycles

   ========= Kernel Validation Stats ==========
   Kernel validation enabled:       NO
   Configured latency per check:    0 us

   --- Access Breakdown ---
   Total memory accesses (validated): 0
   Cache hits (0 latency):          0
   Validation requests (full lat):  0
   Coalesced waits (partial lat):   0
   Validations denied:              0

   --- Latency Breakdown ---
   Validation request latency:      0 us
   Coalesced wait latency:          0 us
   TOTAL SECURITY OVERHEAD:         0 us
   Avg latency per validation:      0 us
   Avg latency per coalesced wait:  0 us
   Avg overhead per blocked access: 0 us

   --- Cache Statistics ---
   Processes with cached pages:     0
   Unique pages validated (total):  0
   Cache hit rate:                  0%

   ========= IOMMU Stats =====================
   IOMMU enabled:                   YES
   IOMMU SimObject:                 system.lenet5_clstr.iommu

   --- Access Breakdown ---
   Total IOMMU checks:              492438
   IOTLB hits:                      485490
   IOTLB misses (page walks):       6948
   IOTLB hit rate:                  98.5891%

   --- Latency Breakdown ---
   TOTAL IOMMU OVERHEAD:            7918.98 us
   Avg latency per access:          0.0160812 us

********************************************************************************
system.lenet5_clstr.data_mover_1.llvm_interface
Total Area: 921.141
Total Power Static: 11.6632

Total Power Dynamic: 132.822
   ========= Performance Analysis =============
   Setup Time:                      0h 0m 0s 6ms 696us
   Simulation Time (Total):         0h 5m 27s 592ms
   Simulation Time (Active):        0h 0m 0s 244ms
        Queue Processing Time:      0h 0m 0s 141ms
             Scheduling Time:       0h 0m 0s 19ms
             Computation Time:      0h 0m 0s 3ms
   System Clock:                    0.1GHz
   Runtime:                         1205804 cycles
   Runtime:                         12058 us
   Stalls:                          0 cycles
   Executed Nodes:                  1205803 cycles

   ========= Kernel Validation Stats ==========
   Kernel validation enabled:       NO
   Configured latency per check:    0 us

   --- Access Breakdown ---
   Total memory accesses (validated): 0
   Cache hits (0 latency):          0
   Validation requests (full lat):  0
   Coalesced waits (partial lat):   0
   Validations denied:              0

   --- Latency Breakdown ---
   Validation request latency:      0 us
   Coalesced wait latency:          0 us
   TOTAL SECURITY OVERHEAD:         0 us
   Avg latency per validation:      0 us
   Avg latency per coalesced wait:  0 us
   Avg overhead per blocked access: 0 us

   --- Cache Statistics ---
   Processes with cached pages:     0
   Unique pages validated (total):  0
   Cache hit rate:                  0%

   ========= IOMMU Stats =====================
   IOMMU enabled:                   YES
   IOMMU SimObject:                 system.lenet5_clstr.iommu

   --- Access Breakdown ---
   Total IOMMU checks:              492440
   IOTLB hits:                      485492
   IOTLB misses (page walks):       6948
   IOTLB hit rate:                  98.5891%

   --- Latency Breakdown ---
   TOTAL IOMMU OVERHEAD:            7918.98 us
   Avg latency per access:          0.0160811 us

********************************************************************************
system.lenet5_clstr.data_mover_2.llvm_interface
Total Area: 921.141
Total Power Static: 15.4509

Total Power Dynamic: 178.201
   ========= Performance Analysis =============
   Setup Time:                      0h 0m 0s 0ms 715us
   Simulation Time (Total):         0h 6m 48s 286ms
   Simulation Time (Active):        0h 0m 0s 315ms
        Queue Processing Time:      0h 0m 0s 170ms
             Scheduling Time:       0h 0m 0s 20ms
             Computation Time:      0h 0m 0s 3ms
   System Clock:                    0.1GHz
   Runtime:                         1870557 cycles
   Runtime:                         18705.6 us
   Stalls:                          0 cycles
   Executed Nodes:                  1870556 cycles

   ========= Kernel Validation Stats ==========
   Kernel validation enabled:       NO
   Configured latency per check:    0 us

   --- Access Breakdown ---
   Total memory accesses (validated): 0
   Cache hits (0 latency):          0
   Validation requests (full lat):  0
   Coalesced waits (partial lat):   0
   Validations denied:              0

   --- Latency Breakdown ---
   Validation request latency:      0 us
   Coalesced wait latency:          0 us
   TOTAL SECURITY OVERHEAD:         0 us
   Avg latency per validation:      0 us
   Avg latency per coalesced wait:  0 us
   Avg overhead per blocked access: 0 us

   --- Cache Statistics ---
   Processes with cached pages:     0
   Unique pages validated (total):  0
   Cache hit rate:                  0%

   ========= IOMMU Stats =====================
   IOMMU enabled:                   YES
   IOMMU SimObject:                 system.lenet5_clstr.iommu

   --- Access Breakdown ---
   Total IOMMU checks:              824530
   IOTLB hits:                      816106
   IOTLB misses (page walks):       8424
   IOTLB hit rate:                  98.9783%

   --- Latency Breakdown ---
   TOTAL IOMMU OVERHEAD:            10056.2 us
   Avg latency per access:          0.0121963 us

********************************************************************************
system.lenet5_clstr.conv1.llvm_interface
Total Area: 6784.2
Total Power Static: 15677.5

Total Power Dynamic: 376721
   ========= Performance Analysis =============
   Setup Time:                      0h 0m 0s 7ms 36us
   Simulation Time (Total):         0h 6m 48s 333ms
   Simulation Time (Active):        0h 0m 5s 582ms
        Queue Processing Time:      0h 0m 5s 440ms
             Scheduling Time:       0h 0m 3s 190ms
             Computation Time:      0h 0m 0s 632ms
   System Clock:                    0.1GHz
   Runtime:                         1870658 cycles
   Runtime:                         18706.6 us
   Stalls:                          0 cycles
   Executed Nodes:                  1870657 cycles

   ========= Kernel Validation Stats ==========
   Kernel validation enabled:       NO
   Configured latency per check:    0 us

   --- Access Breakdown ---
   Total memory accesses (validated): 0
   Cache hits (0 latency):          0
   Validation requests (full lat):  0
   Coalesced waits (partial lat):   0
   Validations denied:              0

   --- Latency Breakdown ---
   Validation request latency:      0 us
   Coalesced wait latency:          0 us
   TOTAL SECURITY OVERHEAD:         0 us
   Avg latency per validation:      0 us
   Avg latency per coalesced wait:  0 us
   Avg overhead per blocked access: 0 us

   --- Cache Statistics ---
   Processes with cached pages:     0
   Unique pages validated (total):  0
   Cache hit rate:                  0%

   ========= IOMMU Stats =====================
   IOMMU enabled:                   YES
   IOMMU SimObject:                 system.lenet5_clstr.iommu

   --- Access Breakdown ---
   Total IOMMU checks:              824530
   IOTLB hits:                      816106
   IOTLB misses (page walks):       8424
   IOTLB hit rate:                  98.9783%

   --- Latency Breakdown ---
   TOTAL IOMMU OVERHEAD:            10056.2 us
   Avg latency per access:          0.0121963 us

********************************************************************************
system.lenet5_clstr.pool1.llvm_interface
Total Area: 6693.54
Total Power Static: 40.6797

Total Power Dynamic: 769.272
   ========= Performance Analysis =============
   Setup Time:                      0h 0m 0s 0ms 949us
   Simulation Time (Total):         0h 6m 48s 161ms
   Simulation Time (Active):        0h 0m 0s 348ms
        Queue Processing Time:      0h 0m 0s 202ms
             Scheduling Time:       0h 0m 0s 23ms
             Computation Time:      0h 0m 0s 4ms
   System Clock:                    0.1GHz
   Runtime:                         1870448 cycles
   Runtime:                         18704.5 us
   Stalls:                          0 cycles
   Executed Nodes:                  1870447 cycles

   ========= Kernel Validation Stats ==========
   Kernel validation enabled:       NO
   Configured latency per check:    0 us

   --- Access Breakdown ---
   Total memory accesses (validated): 0
   Cache hits (0 latency):          0
   Validation requests (full lat):  0
   Coalesced waits (partial lat):   0
   Validations denied:              0

   --- Latency Breakdown ---
   Validation request latency:      0 us
   Coalesced wait latency:          0 us
   TOTAL SECURITY OVERHEAD:         0 us
   Avg latency per validation:      0 us
   Avg latency per coalesced wait:  0 us
   Avg overhead per blocked access: 0 us

   --- Cache Statistics ---
   Processes with cached pages:     0
   Unique pages validated (total):  0
   Cache hit rate:                  0%

   ========= IOMMU Stats =====================
   IOMMU enabled:                   YES
   IOMMU SimObject:                 system.lenet5_clstr.iommu

   --- Access Breakdown ---
   Total IOMMU checks:              824532
   IOTLB hits:                      816107
   IOTLB misses (page walks):       8425
   IOTLB hit rate:                  98.9782%

   --- Latency Breakdown ---
   TOTAL IOMMU OVERHEAD:            10057.2 us
   Avg latency per access:          0.0121975 us

********************************************************************************
system.lenet5_clstr.data_mover_3.llvm_interface
Total Area: 921.141
Total Power Static: 3.86689

Total Power Dynamic: 44.586
   ========= Performance Analysis =============
   Setup Time:                      0h 0m 0s 0ms 701us
   Simulation Time (Total):         0h 6m 48s 146ms
   Simulation Time (Active):        0h 0m 0s 277ms
        Queue Processing Time:      0h 0m 0s 140ms
             Scheduling Time:       0h 0m 0s 4ms
             Computation Time:      0h 0m 0s 0ms
   System Clock:                    0.1GHz
   Runtime:                         1870541 cycles
   Runtime:                         18705.4 us
   Stalls:                          0 cycles
   Executed Nodes:                  1870540 cycles

   ========= Kernel Validation Stats ==========
   Kernel validation enabled:       NO
   Configured latency per check:    0 us

   --- Access Breakdown ---
   Total memory accesses (validated): 0
   Cache hits (0 latency):          0
   Validation requests (full lat):  0
   Coalesced waits (partial lat):   0
   Validations denied:              0

   --- Latency Breakdown ---
   Validation request latency:      0 us
   Coalesced wait latency:          0 us
   TOTAL SECURITY OVERHEAD:         0 us
   Avg latency per validation:      0 us
   Avg latency per coalesced wait:  0 us
   Avg overhead per blocked access: 0 us

   --- Cache Statistics ---
   Processes with cached pages:     0
   Unique pages validated (total):  0
   Cache hit rate:                  0%

   ========= IOMMU Stats =====================
   IOMMU enabled:                   YES
   IOMMU SimObject:                 system.lenet5_clstr.iommu

   --- Access Breakdown ---
   Total IOMMU checks:              824533
   IOTLB hits:                      816108
   IOTLB misses (page walks):       8425
   IOTLB hit rate:                  98.9782%

   --- Latency Breakdown ---
   TOTAL IOMMU OVERHEAD:            10057.2 us
   Avg latency per access:          0.0121975 us

********************************************************************************
system.lenet5_clstr.conv2.llvm_interface
Total Area: 6066.43
Total Power Static: 2891.65

Total Power Dynamic: 75108.6
   ========= Performance Analysis =============
   Setup Time:                      0h 0m 0s 0ms 903us
   Simulation Time (Total):         0h 7m 13s 473ms
   Simulation Time (Active):        0h 0m 1s 89ms
        Queue Processing Time:      0h 0m 0s 903ms
             Scheduling Time:       0h 0m 0s 461ms
             Computation Time:      0h 0m 0s 90ms
   System Clock:                    0.1GHz
   Runtime:                         2602919 cycles
   Runtime:                         26029.2 us
   Stalls:                          0 cycles
   Executed Nodes:                  2602918 cycles

   ========= Kernel Validation Stats ==========
   Kernel validation enabled:       NO
   Configured latency per check:    0 us

   --- Access Breakdown ---
   Total memory accesses (validated): 0
   Cache hits (0 latency):          0
   Validation requests (full lat):  0
   Coalesced waits (partial lat):   0
   Validations denied:              0

   --- Latency Breakdown ---
   Validation request latency:      0 us
   Coalesced wait latency:          0 us
   TOTAL SECURITY OVERHEAD:         0 us
   Avg latency per validation:      0 us
   Avg latency per coalesced wait:  0 us
   Avg overhead per blocked access: 0 us

   --- Cache Statistics ---
   Processes with cached pages:     0
   Unique pages validated (total):  0
   Cache hit rate:                  0%

   ========= IOMMU Stats =====================
   IOMMU enabled:                   YES
   IOMMU SimObject:                 system.lenet5_clstr.iommu

   --- Access Breakdown ---
   Total IOMMU checks:              933612
   IOTLB hits:                      919364
   IOTLB misses (page walks):       14248
   IOTLB hit rate:                  98.4739%

   --- Latency Breakdown ---
   TOTAL IOMMU OVERHEAD:            16086.7 us
   Avg latency per access:          0.0172306 us

********************************************************************************
system.lenet5_clstr.data_mover_4.llvm_interface
Total Area: 562.255
Total Power Static: 1.13697

Total Power Dynamic: 13.2473
   ========= Performance Analysis =============
   Setup Time:                      0h 0m 0s 0ms 582us
   Simulation Time (Total):         0h 7m 13s 320ms
   Simulation Time (Active):        0h 0m 0s 355ms
        Queue Processing Time:      0h 0m 0s 172ms
             Scheduling Time:       0h 0m 0s 0ms
             Computation Time:      0h 0m 0s 0ms
   System Clock:                    0.1GHz
   Runtime:                         2602820 cycles
   Runtime:                         26028.2 us
   Stalls:                          0 cycles
   Executed Nodes:                  2602819 cycles

   ========= Kernel Validation Stats ==========
   Kernel validation enabled:       NO
   Configured latency per check:    0 us

   --- Access Breakdown ---
   Total memory accesses (validated): 0
   Cache hits (0 latency):          0
   Validation requests (full lat):  0
   Coalesced waits (partial lat):   0
   Validations denied:              0

   --- Latency Breakdown ---
   Validation request latency:      0 us
   Coalesced wait latency:          0 us
   TOTAL SECURITY OVERHEAD:         0 us
   Avg latency per validation:      0 us
   Avg latency per coalesced wait:  0 us
   Avg overhead per blocked access: 0 us

   --- Cache Statistics ---
   Processes with cached pages:     0
   Unique pages validated (total):  0
   Cache hit rate:                  0%

   ========= IOMMU Stats =====================
   IOMMU enabled:                   YES
   IOMMU SimObject:                 system.lenet5_clstr.iommu

   --- Access Breakdown ---
   Total IOMMU checks:              933614
   IOTLB hits:                      919366
   IOTLB misses (page walks):       14248
   IOTLB hit rate:                  98.4739%

   --- Latency Breakdown ---
   TOTAL IOMMU OVERHEAD:            16086.7 us
   Avg latency per access:          0.0172306 us

********************************************************************************
system.lenet5_clstr.fc0.llvm_interface
Total Area: 5707.55
Total Power Static: 605.723

Total Power Dynamic: 15765.7
   ========= Performance Analysis =============
   Setup Time:                      0h 0m 0s 6ms 780us
   Simulation Time (Total):         0h 7m 15s 167ms
   Simulation Time (Active):        0h 0m 0s 488ms
        Queue Processing Time:      0h 0m 0s 278ms
             Scheduling Time:       0h 0m 0s 68ms
             Computation Time:      0h 0m 0s 15ms
   System Clock:                    0.1GHz
   Runtime:                         2715942 cycles
   Runtime:                         27159.4 us
   Stalls:                          0 cycles
   Executed Nodes:                  2715941 cycles

   ========= Kernel Validation Stats ==========
   Kernel validation enabled:       NO
   Configured latency per check:    0 us

   --- Access Breakdown ---
   Total memory accesses (validated): 0
   Cache hits (0 latency):          0
   Validation requests (full lat):  0
   Coalesced waits (partial lat):   0
   Validations denied:              0

   --- Latency Breakdown ---
   Validation request latency:      0 us
   Coalesced wait latency:          0 us
   TOTAL SECURITY OVERHEAD:         0 us
   Avg latency per validation:      0 us
   Avg latency per coalesced wait:  0 us
   Avg overhead per blocked access: 0 us

   --- Cache Statistics ---
   Processes with cached pages:     0
   Unique pages validated (total):  0
   Cache hit rate:                  0%

   ========= IOMMU Stats =====================
   IOMMU enabled:                   YES
   IOMMU SimObject:                 system.lenet5_clstr.iommu

   --- Access Breakdown ---
   Total IOMMU checks:              956109
   IOTLB hits:                      941030
   IOTLB misses (page walks):       15079
   IOTLB hit rate:                  98.4229%

   --- Latency Breakdown ---
   TOTAL IOMMU OVERHEAD:            16961.1 us
   Avg latency per access:          0.0177397 us

********************************************************************************
system.lenet5_clstr.top.llvm_interface
Total Area: 251.85
Total Power Static: 57.6596

Total Power Dynamic: 283.349
   ========= Performance Analysis =============
   Setup Time:                      0h 0m 0s 7ms 733us
   Simulation Time (Total):         0h 7m 16s 332ms
   Simulation Time (Active):        0h 0m 1s 265ms
        Queue Processing Time:      0h 0m 1s 23ms
             Scheduling Time:       0h 0m 0s 382ms
             Computation Time:      0h 0m 0s 55ms
   System Clock:                    0.1GHz
   Runtime:                         2720270 cycles
   Runtime:                         27202.7 us
   Stalls:                          0 cycles
   Executed Nodes:                  2720269 cycles

   ========= Kernel Validation Stats ==========
   Kernel validation enabled:       NO
   Configured latency per check:    0 us

   --- Access Breakdown ---
   Total memory accesses (validated): 0
   Cache hits (0 latency):          0
   Validation requests (full lat):  0
   Coalesced waits (partial lat):   0
   Validations denied:              0

   --- Latency Breakdown ---
   Validation request latency:      0 us
   Coalesced wait latency:          0 us
   TOTAL SECURITY OVERHEAD:         0 us
   Avg latency per validation:      0 us
   Avg latency per coalesced wait:  0 us
   Avg overhead per blocked access: 0 us

   --- Cache Statistics ---
   Processes with cached pages:     0
   Unique pages validated (total):  0
   Cache hit rate:                  0%

   ========= IOMMU Stats =====================
   IOMMU enabled:                   YES
   IOMMU SimObject:                 system.lenet5_clstr.iommu

   --- Access Breakdown ---
   Total IOMMU checks:              956119
   IOTLB hits:                      941039
   IOTLB misses (page walks):       15080
   IOTLB hit rate:                  98.4228%

   --- Latency Breakdown ---
   TOTAL IOMMU OVERHEAD:            16962.1 us
   Avg latency per access:          0.0177406 us

Exiting @ tick 27279740000 because m5_exit instruction encountered
