build/ARM/base/statistics.hh:277: warn: One of the stats is a legacy stat. Legacy stat is a stat that does not belong to any statistics::Group. Legacy stat is deprecated.
Global frequency set at 1000000000000 ticks per second
build/ARM/mem/mem_interface.cc:793: warn: DRAM device capacity (16384 Mbytes) does not match the address range assigned (4096 Mbytes)
build/ARM/sim/kernel_workload.cc:46: info: kernel located at: /gem5-SALAM/benchmarks/lenet/design_a/sw/main.elf
build/ARM/arch/arm/system.cc:95: warn: Highest ARM exception-level set to AArch64 but the workload is for AArch32. Assuming you wanted these to match.
build/ARM/base/vnc/vncserver.cc:163: warn: Sockets disabled, not accepting vnc client connections
build/ARM/dev/serial/terminal.cc:170: warn: Sockets disabled, not accepting terminal connections
build/ARM/base/remote_gdb.cc:377: warn: Sockets disabled, not accepting gdb connections
build/ARM/mem/coherent_xbar.cc:140: warn: CoherentXBar system.lenet5_clstr.coherency_bus has no snooping ports attached!
build/ARM/dev/arm/energy_ctrl.cc:252: warn: Existing EnergyCtrl, but no enabled DVFSHandler found.
gem5 Simulator System.  http://gem5.org
gem5 is copyrighted software; use the --copyright option for details.

gem5 version 21.1.0.1
gem5 compiled May  4 2026 18:12:38
gem5 started May  4 2026 18:13:27
gem5 executing on 3b7fb6fd27b8, pid 2580813
command line: /gem5-SALAM/build/ARM/gem5.opt --listener-mode=off --outdir=/gem5-SALAM/BM_ARM_OUT/run_all/lenet_a/iommu_e8_m1000ns /gem5-SALAM/configs/SALAM/fs_lenet_a.py --mem-size=4GB --mem-type=DDR4_2400_8x8 --machine-type=VExpress_GEM5_V1 --dtb-file=none --bare-metal --cpu-type=DerivO3CPU --caches --l2cache --kernel=/gem5-SALAM/benchmarks/lenet/design_a/sw/main.elf --disk-image=/gem5-SALAM/benchmarks/common/fake.iso --accpath=/gem5-SALAM/benchmarks/lenet/design_a --accbench=lenet_a --enable-iommu --iotlb-entries 8 --iotlb-hit-latency 2000 --iotlb-miss-latency 1000000

[HWAccConfig] IOMMU ENABLED: entries=8, hit_lat=2000, miss_lat=1000000
[HWAccConfig] IOMMU ENABLED: entries=8, hit_lat=2000, miss_lat=1000000
[HWAccConfig] IOMMU ENABLED: entries=8, hit_lat=2000, miss_lat=1000000
[HWAccConfig] IOMMU ENABLED: entries=8, hit_lat=2000, miss_lat=1000000
[HWAccConfig] IOMMU ENABLED: entries=8, hit_lat=2000, miss_lat=1000000
[HWAccConfig] IOMMU ENABLED: entries=8, hit_lat=2000, miss_lat=1000000
[HWAccConfig] IOMMU ENABLED: entries=8, hit_lat=2000, miss_lat=1000000
**** REAL SIMULATION ****
warn: iobus.slave is deprecated. `slave` is now called `cpu_side_ports`
warn: bridge.master is deprecated. `master` is now called `mem_side_port`
warn: membus.master is deprecated. `master` is now called `mem_side_ports`
warn: bridge.slave is deprecated. `slave` is now called `cpu_side_port`
warn: membus.slave is deprecated. `slave` is now called `cpu_side_ports`
warn: tol2bus.master is deprecated. `master` is now called `mem_side_ports`
warn: membus.slave is deprecated. `slave` is now called `cpu_side_ports`
warn: tol2bus.slave is deprecated. `slave` is now called `cpu_side_ports`
warn: tol2bus.slave is deprecated. `slave` is now called `cpu_side_ports`
warn: tol2bus.slave is deprecated. `slave` is now called `cpu_side_ports`
warn: tol2bus.slave is deprecated. `slave` is now called `cpu_side_ports`
warn: membus.slave is deprecated. `slave` is now called `cpu_side_ports`
warn: coherency_bus.master is deprecated. `master` is now called `mem_side_ports`
warn: No dot file generated. Please install pydot to generate the dot file and pdf.
build/ARM/sim/simulate.cc:107: info: Entering event queue @ 0.  Starting simulation...
********************************************************************************
system.lenet5_clstr.conv0.llvm_interface
Total Area: 6604.76
Total Power Static: 7702.37

Total Power Dynamic: 186527
   ========= Performance Analysis =============
   Setup Time:                      0h 0m 0s 6ms 989us
   Simulation Time (Total):         0h 0m 49s 659ms
   Simulation Time (Active):        0h 0m 7s 344ms
        Queue Processing Time:      0h 0m 7s 229ms
             Scheduling Time:       0h 0m 4s 403ms
             Computation Time:      0h 0m 0s 831ms
   System Clock:                    0.1GHz
   Runtime:                         533668 cycles
   Runtime:                         5336.68 us
   Stalls:                          0 cycles
   Executed Nodes:                  533667 cycles

   ========= Kernel Validation Stats ==========
   Kernel validation enabled:       NO
   Configured latency per check:    0 us

   --- Access Breakdown ---
   Total memory accesses (validated): 0
   Cache hits (0 latency):          0
   Validation requests (full lat):  0
     of which DMA-ctrl writes:      0
   Coalesced waits (partial lat):   0
   Validations denied:              0

   --- Latency Breakdown ---
   Validation request latency:      0 us
   Coalesced wait latency:          0 us
   TOTAL SECURITY OVERHEAD:         0 us
   Avg latency per validation:      0 us
   Avg latency per coalesced wait:  0 us
   Avg overhead per blocked access: 0 us

   --- Cache Statistics ---
   Processes with cached pages:     0
   Unique pages validated (total):  0
   Cache hit rate:                  0%

   ========= IOMMU Stats =====================
   IOMMU enabled:                   YES
   IOMMU SimObject:                 system.lenet5_clstr.iommu

   --- Access Breakdown ---
   Total IOMMU checks:              278659
   IOTLB hits:                      278651
   IOTLB misses (page walks):       8
   IOTLB hit rate:                  99.9971%

   --- Latency Breakdown ---
   TOTAL IOMMU OVERHEAD:            565.302 us
   Avg latency per access:          0.00202865 us

********************************************************************************
system.lenet5_clstr.pool0.llvm_interface
Total Area: 6693.54
Total Power Static: 119.603

Total Power Dynamic: 2263.76
   ========= Performance Analysis =============
   Setup Time:                      0h 0m 0s 4ms 57us
   Simulation Time (Total):         0h 0m 0s 978ms
   Simulation Time (Active):        0h 0m 0s 174ms
        Queue Processing Time:      0h 0m 0s 169ms
             Scheduling Time:       0h 0m 0s 96ms
             Computation Time:      0h 0m 0s 21ms
   System Clock:                    0.1GHz
   Runtime:                         16193 cycles
   Runtime:                         161.93 us
   Stalls:                          0 cycles
   Executed Nodes:                  16192 cycles

   ========= Kernel Validation Stats ==========
   Kernel validation enabled:       NO
   Configured latency per check:    0 us

   --- Access Breakdown ---
   Total memory accesses (validated): 0
   Cache hits (0 latency):          0
   Validation requests (full lat):  0
     of which DMA-ctrl writes:      0
   Coalesced waits (partial lat):   0
   Validations denied:              0

   --- Latency Breakdown ---
   Validation request latency:      0 us
   Coalesced wait latency:          0 us
   TOTAL SECURITY OVERHEAD:         0 us
   Avg latency per validation:      0 us
   Avg latency per coalesced wait:  0 us
   Avg overhead per blocked access: 0 us

   --- Cache Statistics ---
   Processes with cached pages:     0
   Unique pages validated (total):  0
   Cache hit rate:                  0%

   ========= IOMMU Stats =====================
   IOMMU enabled:                   YES
   IOMMU SimObject:                 system.lenet5_clstr.iommu

   --- Access Breakdown ---
   Total IOMMU checks:              290894
   IOTLB hits:                      290870
   IOTLB misses (page walks):       24
   IOTLB hit rate:                  99.9917%

   --- Latency Breakdown ---
   TOTAL IOMMU OVERHEAD:            605.74 us
   Avg latency per access:          0.00208234 us

********************************************************************************
system.lenet5_clstr.conv1.llvm_interface
Total Area: 6784.2
Total Power Static: 15677.5

Total Power Dynamic: 376721
   ========= Performance Analysis =============
   Setup Time:                      0h 0m 0s 1ms 149us
   Simulation Time (Total):         0h 1m 35s 557ms
   Simulation Time (Active):        0h 0m 8s 525ms
        Queue Processing Time:      0h 0m 8s 411ms
             Scheduling Time:       0h 0m 5s 282ms
             Computation Time:      0h 0m 1s 74ms
   System Clock:                    0.1GHz
   Runtime:                         861517 cycles
   Runtime:                         8615.17 us
   Stalls:                          0 cycles
   Executed Nodes:                  861516 cycles

   ========= Kernel Validation Stats ==========
   Kernel validation enabled:       NO
   Configured latency per check:    0 us

   --- Access Breakdown ---
   Total memory accesses (validated): 0
   Cache hits (0 latency):          0
   Validation requests (full lat):  0
     of which DMA-ctrl writes:      0
   Coalesced waits (partial lat):   0
   Validations denied:              0

   --- Latency Breakdown ---
   Validation request latency:      0 us
   Coalesced wait latency:          0 us
   TOTAL SECURITY OVERHEAD:         0 us
   Avg latency per validation:      0 us
   Avg latency per coalesced wait:  0 us
   Avg overhead per blocked access: 0 us

   --- Cache Statistics ---
   Processes with cached pages:     0
   Unique pages validated (total):  0
   Cache hit rate:                  0%

   ========= IOMMU Stats =====================
   IOMMU enabled:                   YES
   IOMMU SimObject:                 system.lenet5_clstr.iommu

   --- Access Breakdown ---
   Total IOMMU checks:              836771
   IOTLB hits:                      836739
   IOTLB misses (page walks):       32
   IOTLB hit rate:                  99.9962%

   --- Latency Breakdown ---
   TOTAL IOMMU OVERHEAD:            1705.48 us
   Avg latency per access:          0.00203817 us

********************************************************************************
system.lenet5_clstr.pool1.llvm_interface
Total Area: 6693.54
Total Power Static: 40.6797

Total Power Dynamic: 769.272
   ========= Performance Analysis =============
   Setup Time:                      0h 0m 0s 1ms 5us
   Simulation Time (Total):         0h 0m 0s 216ms
   Simulation Time (Active):        0h 0m 0s 42ms
        Queue Processing Time:      0h 0m 0s 42ms
             Scheduling Time:       0h 0m 0s 24ms
             Computation Time:      0h 0m 0s 5ms
   System Clock:                    0.1GHz
   Runtime:                         5430 cycles
   Runtime:                         54.3 us
   Stalls:                          0 cycles
   Executed Nodes:                  5429 cycles

   ========= Kernel Validation Stats ==========
   Kernel validation enabled:       NO
   Configured latency per check:    0 us

   --- Access Breakdown ---
   Total memory accesses (validated): 0
   Cache hits (0 latency):          0
   Validation requests (full lat):  0
     of which DMA-ctrl writes:      0
   Coalesced waits (partial lat):   0
   Validations denied:              0

   --- Latency Breakdown ---
   Validation request latency:      0 us
   Coalesced wait latency:          0 us
   TOTAL SECURITY OVERHEAD:         0 us
   Avg latency per validation:      0 us
   Avg latency per coalesced wait:  0 us
   Avg overhead per blocked access: 0 us

   --- Cache Statistics ---
   Processes with cached pages:     0
   Unique pages validated (total):  0
   Cache hit rate:                  0%

   ========= IOMMU Stats =====================
   IOMMU enabled:                   YES
   IOMMU SimObject:                 system.lenet5_clstr.iommu

   --- Access Breakdown ---
   Total IOMMU checks:              840973
   IOTLB hits:                      840937
   IOTLB misses (page walks):       36
   IOTLB hit rate:                  99.9957%

   --- Latency Breakdown ---
   TOTAL IOMMU OVERHEAD:            1717.87 us
   Avg latency per access:          0.00204272 us

********************************************************************************
system.lenet5_clstr.fc0.llvm_interface
Total Area: 6066.43
Total Power Static: 2891.65

Total Power Dynamic: 75108.6
   ========= Performance Analysis =============
   Setup Time:                      0h 0m 0s 0ms 956us
   Simulation Time (Total):         0h 0m 27s 682ms
   Simulation Time (Active):        0h 0m 1s 588ms
        Queue Processing Time:      0h 0m 1s 520ms
             Scheduling Time:       0h 0m 0s 944ms
             Computation Time:      0h 0m 0s 193ms
   System Clock:                    0.1GHz
   Runtime:                         727661 cycles
   Runtime:                         7276.61 us
   Stalls:                          0 cycles
   Executed Nodes:                  727660 cycles

   ========= Kernel Validation Stats ==========
   Kernel validation enabled:       NO
   Configured latency per check:    0 us

   --- Access Breakdown ---
   Total memory accesses (validated): 0
   Cache hits (0 latency):          0
   Validation requests (full lat):  0
     of which DMA-ctrl writes:      0
   Coalesced waits (partial lat):   0
   Validations denied:              0

   --- Latency Breakdown ---
   Validation request latency:      0 us
   Coalesced wait latency:          0 us
   TOTAL SECURITY OVERHEAD:         0 us
   Avg latency per validation:      0 us
   Avg latency per coalesced wait:  0 us
   Avg overhead per blocked access: 0 us

   --- Cache Statistics ---
   Processes with cached pages:     0
   Unique pages validated (total):  0
   Cache hit rate:                  0%

   ========= IOMMU Stats =====================
   IOMMU enabled:                   YES
   IOMMU SimObject:                 system.lenet5_clstr.iommu

   --- Access Breakdown ---
   Total IOMMU checks:              950767
   IOTLB hits:                      944970
   IOTLB misses (page walks):       5797
   IOTLB hit rate:                  99.3903%

   --- Latency Breakdown ---
   TOTAL IOMMU OVERHEAD:            7686.94 us
   Avg latency per access:          0.00808499 us

********************************************************************************
system.lenet5_clstr.fc1.llvm_interface
Total Area: 5707.55
Total Power Static: 605.723

Total Power Dynamic: 15765.7
   ========= Performance Analysis =============
   Setup Time:                      0h 0m 0s 0ms 702us
   Simulation Time (Total):         0h 0m 3s 577ms
   Simulation Time (Active):        0h 0m 0s 252ms
        Queue Processing Time:      0h 0m 0s 242ms
             Scheduling Time:       0h 0m 0s 144ms
             Computation Time:      0h 0m 0s 32ms
   System Clock:                    0.1GHz
   Runtime:                         114493 cycles
   Runtime:                         1144.93 us
   Stalls:                          0 cycles
   Executed Nodes:                  114492 cycles

   ========= Kernel Validation Stats ==========
   Kernel validation enabled:       NO
   Configured latency per check:    0 us

   --- Access Breakdown ---
   Total memory accesses (validated): 0
   Cache hits (0 latency):          0
   Validation requests (full lat):  0
     of which DMA-ctrl writes:      0
   Coalesced waits (partial lat):   0
   Validations denied:              0

   --- Latency Breakdown ---
   Validation request latency:      0 us
   Coalesced wait latency:          0 us
   TOTAL SECURITY OVERHEAD:         0 us
   Avg latency per validation:      0 us
   Avg latency per coalesced wait:  0 us
   Avg overhead per blocked access: 0 us

   --- Cache Statistics ---
   Processes with cached pages:     0
   Unique pages validated (total):  0
   Cache hit rate:                  0%

   ========= IOMMU Stats =====================
   IOMMU enabled:                   YES
   IOMMU SimObject:                 system.lenet5_clstr.iommu

   --- Access Breakdown ---
   Total IOMMU checks:              973679
   IOTLB hits:                      967040
   IOTLB misses (page walks):       6639
   IOTLB hit rate:                  99.3182%

   --- Latency Breakdown ---
   TOTAL IOMMU OVERHEAD:            8573.08 us
   Avg latency per access:          0.00880483 us

********************************************************************************
system.lenet5_clstr.top.llvm_interface
Total Area: 1007.4
Total Power Static: 72.1735

Total Power Dynamic: 354.673
   ========= Performance Analysis =============
   Setup Time:                      0h 0m 0s 17ms 233us
   Simulation Time (Total):         0h 2m 58s 666ms
   Simulation Time (Active):        0h 0m 1s 780ms
        Queue Processing Time:      0h 0m 1s 489ms
             Scheduling Time:       0h 0m 0s 657ms
             Computation Time:      0h 0m 0s 79ms
   System Clock:                    0.1GHz
   Runtime:                         2279671 cycles
   Runtime:                         22796.7 us
   Stalls:                          0 cycles
   Executed Nodes:                  2279670 cycles

   ========= Kernel Validation Stats ==========
   Kernel validation enabled:       NO
   Configured latency per check:    0 us

   --- Access Breakdown ---
   Total memory accesses (validated): 0
   Cache hits (0 latency):          0
   Validation requests (full lat):  0
     of which DMA-ctrl writes:      0
   Coalesced waits (partial lat):   0
   Validations denied:              0

   --- Latency Breakdown ---
   Validation request latency:      0 us
   Coalesced wait latency:          0 us
   TOTAL SECURITY OVERHEAD:         0 us
   Avg latency per validation:      0 us
   Avg latency per coalesced wait:  0 us
   Avg overhead per blocked access: 0 us

   --- Cache Statistics ---
   Processes with cached pages:     0
   Unique pages validated (total):  0
   Cache hit rate:                  0%

   ========= IOMMU Stats =====================
   IOMMU enabled:                   YES
   IOMMU SimObject:                 system.lenet5_clstr.iommu

   --- Access Breakdown ---
   Total IOMMU checks:              973731
   IOTLB hits:                      967090
   IOTLB misses (page walks):       6641
   IOTLB hit rate:                  99.318%

   --- Latency Breakdown ---
   TOTAL IOMMU OVERHEAD:            8575.18 us
   Avg latency per access:          0.00880652 us

Exiting @ tick 22875749000 because m5_exit instruction encountered
