build/ARM/base/statistics.hh:277: warn: One of the stats is a legacy stat. Legacy stat is a stat that does not belong to any statistics::Group. Legacy stat is deprecated.
Global frequency set at 1000000000000 ticks per second
build/ARM/mem/mem_interface.cc:793: warn: DRAM device capacity (16384 Mbytes) does not match the address range assigned (4096 Mbytes)
build/ARM/sim/kernel_workload.cc:46: info: kernel located at: /gem5-SALAM/benchmarks/lenet/design_c/sw/main.elf
build/ARM/arch/arm/system.cc:95: warn: Highest ARM exception-level set to AArch64 but the workload is for AArch32. Assuming you wanted these to match.
build/ARM/base/vnc/vncserver.cc:163: warn: Sockets disabled, not accepting vnc client connections
build/ARM/dev/serial/terminal.cc:170: warn: Sockets disabled, not accepting terminal connections
build/ARM/base/remote_gdb.cc:377: warn: Sockets disabled, not accepting gdb connections
build/ARM/mem/coherent_xbar.cc:140: warn: CoherentXBar system.lenet5_clstr.coherency_bus has no snooping ports attached!
build/ARM/dev/arm/energy_ctrl.cc:252: warn: Existing EnergyCtrl, but no enabled DVFSHandler found.
gem5 Simulator System.  http://gem5.org
gem5 is copyrighted software; use the --copyright option for details.

gem5 version 21.1.0.1
gem5 compiled May  4 2026 18:12:38
gem5 started May  4 2026 18:13:30
gem5 executing on 3b7fb6fd27b8, pid 2580996
command line: /gem5-SALAM/build/ARM/gem5.opt --listener-mode=off --outdir=/gem5-SALAM/BM_ARM_OUT/run_all/lenet_c/iommu_e2048_m100ns /gem5-SALAM/configs/SALAM/fs_lenet_c.py --mem-size=4GB --mem-type=DDR4_2400_8x8 --machine-type=VExpress_GEM5_V1 --dtb-file=none --bare-metal --cpu-type=DerivO3CPU --caches --l2cache --kernel=/gem5-SALAM/benchmarks/lenet/design_c/sw/main.elf --disk-image=/gem5-SALAM/benchmarks/common/fake.iso --accpath=/gem5-SALAM/benchmarks/lenet/design_c --accbench=lenet_c --enable-iommu --iotlb-entries 2048 --iotlb-hit-latency 2000 --iotlb-miss-latency 100000

[HWAccConfig] IOMMU ENABLED: entries=2048, hit_lat=2000, miss_lat=100000
[HWAccConfig] IOMMU ENABLED: entries=2048, hit_lat=2000, miss_lat=100000
[HWAccConfig] IOMMU ENABLED: entries=2048, hit_lat=2000, miss_lat=100000
[HWAccConfig] IOMMU ENABLED: entries=2048, hit_lat=2000, miss_lat=100000
[HWAccConfig] IOMMU ENABLED: entries=2048, hit_lat=2000, miss_lat=100000
[HWAccConfig] IOMMU ENABLED: entries=2048, hit_lat=2000, miss_lat=100000
[HWAccConfig] IOMMU ENABLED: entries=2048, hit_lat=2000, miss_lat=100000
[HWAccConfig] IOMMU ENABLED: entries=2048, hit_lat=2000, miss_lat=100000
[HWAccConfig] IOMMU ENABLED: entries=2048, hit_lat=2000, miss_lat=100000
[HWAccConfig] IOMMU ENABLED: entries=2048, hit_lat=2000, miss_lat=100000
[HWAccConfig] IOMMU ENABLED: entries=2048, hit_lat=2000, miss_lat=100000
[HWAccConfig] IOMMU ENABLED: entries=2048, hit_lat=2000, miss_lat=100000
[HWAccConfig] IOMMU ENABLED: entries=2048, hit_lat=2000, miss_lat=100000
**** REAL SIMULATION ****
warn: iobus.slave is deprecated. `slave` is now called `cpu_side_ports`
warn: bridge.master is deprecated. `master` is now called `mem_side_port`
warn: membus.master is deprecated. `master` is now called `mem_side_ports`
warn: bridge.slave is deprecated. `slave` is now called `cpu_side_port`
warn: membus.slave is deprecated. `slave` is now called `cpu_side_ports`
warn: tol2bus.master is deprecated. `master` is now called `mem_side_ports`
warn: membus.slave is deprecated. `slave` is now called `cpu_side_ports`
warn: tol2bus.slave is deprecated. `slave` is now called `cpu_side_ports`
warn: tol2bus.slave is deprecated. `slave` is now called `cpu_side_ports`
warn: tol2bus.slave is deprecated. `slave` is now called `cpu_side_ports`
warn: tol2bus.slave is deprecated. `slave` is now called `cpu_side_ports`
warn: membus.slave is deprecated. `slave` is now called `cpu_side_ports`
warn: coherency_bus.master is deprecated. `master` is now called `mem_side_ports`
warn: No dot file generated. Please install pydot to generate the dot file and pdf.
build/ARM/sim/simulate.cc:107: info: Entering event queue @ 0.  Starting simulation...
********************************************************************************
system.lenet5_clstr.data_mover_0.llvm_interface
Total Area: 2560.05
Total Power Static: 1249

Total Power Dynamic: 13797
   ========= Performance Analysis =============
   Setup Time:                      0h 0m 0s 1ms 270us
   Simulation Time (Total):         0h 2m 50s 83ms
   Simulation Time (Active):        0h 0m 3s 385ms
        Queue Processing Time:      0h 0m 3s 200ms
             Scheduling Time:       0h 0m 1s 812ms
             Computation Time:      0h 0m 0s 406ms
   System Clock:                    0.1GHz
   Runtime:                         1044448 cycles
   Runtime:                         10444.5 us
   Stalls:                          0 cycles
   Executed Nodes:                  1044447 cycles

   ========= Kernel Validation Stats ==========
   Kernel validation enabled:       NO
   Configured latency per check:    0 us

   --- Access Breakdown ---
   Total memory accesses (validated): 0
   Cache hits (0 latency):          0
   Validation requests (full lat):  0
     of which DMA-ctrl writes:      0
   Coalesced waits (partial lat):   0
   Validations denied:              0

   --- Latency Breakdown ---
   Validation request latency:      0 us
   Coalesced wait latency:          0 us
   TOTAL SECURITY OVERHEAD:         0 us
   Avg latency per validation:      0 us
   Avg latency per coalesced wait:  0 us
   Avg overhead per blocked access: 0 us

   --- Cache Statistics ---
   Processes with cached pages:     0
   Unique pages validated (total):  0
   Cache hit rate:                  0%

   ========= IOMMU Stats =====================
   IOMMU enabled:                   YES
   IOMMU SimObject:                 system.lenet5_clstr.iommu

   --- Access Breakdown ---
   Total IOMMU checks:              1564363
   IOTLB hits:                      1564308
   IOTLB misses (page walks):       55
   IOTLB hit rate:                  99.9965%

   --- Latency Breakdown ---
   TOTAL IOMMU OVERHEAD:            3134.12 us
   Avg latency per access:          0.00200345 us

********************************************************************************
system.lenet5_clstr.conv0.llvm_interface
Total Area: 6054.47
Total Power Static: 7131.27

Total Power Dynamic: 184286
   ========= Performance Analysis =============
   Setup Time:                      0h 0m 0s 6ms 804us
   Simulation Time (Total):         0h 2m 50s 76ms
   Simulation Time (Active):        0h 0m 4s 627ms
        Queue Processing Time:      0h 0m 4s 431ms
             Scheduling Time:       0h 0m 2s 748ms
             Computation Time:      0h 0m 0s 535ms
   System Clock:                    0.1GHz
   Runtime:                         1044440 cycles
   Runtime:                         10444.4 us
   Stalls:                          0 cycles
   Executed Nodes:                  1044439 cycles

   ========= Kernel Validation Stats ==========
   Kernel validation enabled:       NO
   Configured latency per check:    0 us

   --- Access Breakdown ---
   Total memory accesses (validated): 0
   Cache hits (0 latency):          0
   Validation requests (full lat):  0
     of which DMA-ctrl writes:      0
   Coalesced waits (partial lat):   0
   Validations denied:              0

   --- Latency Breakdown ---
   Validation request latency:      0 us
   Coalesced wait latency:          0 us
   TOTAL SECURITY OVERHEAD:         0 us
   Avg latency per validation:      0 us
   Avg latency per coalesced wait:  0 us
   Avg overhead per blocked access: 0 us

   --- Cache Statistics ---
   Processes with cached pages:     0
   Unique pages validated (total):  0
   Cache hit rate:                  0%

   ========= IOMMU Stats =====================
   IOMMU enabled:                   YES
   IOMMU SimObject:                 system.lenet5_clstr.iommu

   --- Access Breakdown ---
   Total IOMMU checks:              1564365
   IOTLB hits:                      1564310
   IOTLB misses (page walks):       55
   IOTLB hit rate:                  99.9965%

   --- Latency Breakdown ---
   TOTAL IOMMU OVERHEAD:            3134.12 us
   Avg latency per access:          0.00200345 us

********************************************************************************
system.lenet5_clstr.pool_mover_0.llvm_interface
Total Area: 780.105
Total Power Static: 38.3364

Total Power Dynamic: 304.907
   ========= Performance Analysis =============
   Setup Time:                      0h 0m 0s 0ms 604us
   Simulation Time (Total):         0h 2m 50s 75ms
   Simulation Time (Active):        0h 0m 0s 309ms
        Queue Processing Time:      0h 0m 0s 201ms
             Scheduling Time:       0h 0m 0s 62ms
             Computation Time:      0h 0m 0s 10ms
   System Clock:                    0.1GHz
   Runtime:                         1044430 cycles
   Runtime:                         10444.3 us
   Stalls:                          0 cycles
   Executed Nodes:                  1044429 cycles

   ========= Kernel Validation Stats ==========
   Kernel validation enabled:       NO
   Configured latency per check:    0 us

   --- Access Breakdown ---
   Total memory accesses (validated): 0
   Cache hits (0 latency):          0
   Validation requests (full lat):  0
     of which DMA-ctrl writes:      0
   Coalesced waits (partial lat):   0
   Validations denied:              0

   --- Latency Breakdown ---
   Validation request latency:      0 us
   Coalesced wait latency:          0 us
   TOTAL SECURITY OVERHEAD:         0 us
   Avg latency per validation:      0 us
   Avg latency per coalesced wait:  0 us
   Avg overhead per blocked access: 0 us

   --- Cache Statistics ---
   Processes with cached pages:     0
   Unique pages validated (total):  0
   Cache hit rate:                  0%

   ========= IOMMU Stats =====================
   IOMMU enabled:                   YES
   IOMMU SimObject:                 system.lenet5_clstr.iommu

   --- Access Breakdown ---
   Total IOMMU checks:              1564366
   IOTLB hits:                      1564311
   IOTLB misses (page walks):       55
   IOTLB hit rate:                  99.9965%

   --- Latency Breakdown ---
   TOTAL IOMMU OVERHEAD:            3134.12 us
   Avg latency per access:          0.00200345 us

********************************************************************************
system.lenet5_clstr.pool0.llvm_interface
Total Area: 6221.95
Total Power Static: 104.183

Total Power Dynamic: 2173.03
   ========= Performance Analysis =============
   Setup Time:                      0h 0m 0s 4ms 792us
   Simulation Time (Total):         0h 2m 59s 277ms
   Simulation Time (Active):        0h 0m 0s 436ms
        Queue Processing Time:      0h 0m 0s 278ms
             Scheduling Time:       0h 0m 0s 97ms
             Computation Time:      0h 0m 0s 18ms
   System Clock:                    0.1GHz
   Runtime:                         1117067 cycles
   Runtime:                         11170.7 us
   Stalls:                          0 cycles
   Executed Nodes:                  1117066 cycles

   ========= Kernel Validation Stats ==========
   Kernel validation enabled:       NO
   Configured latency per check:    0 us

   --- Access Breakdown ---
   Total memory accesses (validated): 0
   Cache hits (0 latency):          0
   Validation requests (full lat):  0
     of which DMA-ctrl writes:      0
   Coalesced waits (partial lat):   0
   Validations denied:              0

   --- Latency Breakdown ---
   Validation request latency:      0 us
   Coalesced wait latency:          0 us
   TOTAL SECURITY OVERHEAD:         0 us
   Avg latency per validation:      0 us
   Avg latency per coalesced wait:  0 us
   Avg overhead per blocked access: 0 us

   --- Cache Statistics ---
   Processes with cached pages:     0
   Unique pages validated (total):  0
   Cache hit rate:                  0%

   ========= IOMMU Stats =====================
   IOMMU enabled:                   YES
   IOMMU SimObject:                 system.lenet5_clstr.iommu

   --- Access Breakdown ---
   Total IOMMU checks:              1649301
   IOTLB hits:                      1649246
   IOTLB misses (page walks):       55
   IOTLB hit rate:                  99.9967%

   --- Latency Breakdown ---
   TOTAL IOMMU OVERHEAD:            3303.99 us
   Avg latency per access:          0.00200327 us

********************************************************************************
system.lenet5_clstr.data_mover_1.llvm_interface
Total Area: 3098.38
Total Power Static: 2424.96

Total Power Dynamic: 27394.9
   ========= Performance Analysis =============
   Setup Time:                      0h 0m 0s 1ms 593us
   Simulation Time (Total):         0h 3m 12s 379ms
   Simulation Time (Active):        0h 0m 5s 645ms
        Queue Processing Time:      0h 0m 5s 470ms
             Scheduling Time:       0h 0m 3s 281ms
             Computation Time:      0h 0m 0s 704ms
   System Clock:                    0.1GHz
   Runtime:                         1221400 cycles
   Runtime:                         12214 us
   Stalls:                          0 cycles
   Executed Nodes:                  1221399 cycles

   ========= Kernel Validation Stats ==========
   Kernel validation enabled:       NO
   Configured latency per check:    0 us

   --- Access Breakdown ---
   Total memory accesses (validated): 0
   Cache hits (0 latency):          0
   Validation requests (full lat):  0
     of which DMA-ctrl writes:      0
   Coalesced waits (partial lat):   0
   Validations denied:              0

   --- Latency Breakdown ---
   Validation request latency:      0 us
   Coalesced wait latency:          0 us
   TOTAL SECURITY OVERHEAD:         0 us
   Avg latency per validation:      0 us
   Avg latency per coalesced wait:  0 us
   Avg overhead per blocked access: 0 us

   --- Cache Statistics ---
   Processes with cached pages:     0
   Unique pages validated (total):  0
   Cache hit rate:                  0%

   ========= IOMMU Stats =====================
   IOMMU enabled:                   YES
   IOMMU SimObject:                 system.lenet5_clstr.iommu

   --- Access Breakdown ---
   Total IOMMU checks:              1772421
   IOTLB hits:                      1772366
   IOTLB misses (page walks):       55
   IOTLB hit rate:                  99.9969%

   --- Latency Breakdown ---
   TOTAL IOMMU OVERHEAD:            3550.23 us
   Avg latency per access:          0.00200304 us

********************************************************************************
system.lenet5_clstr.conv1.llvm_interface
Total Area: 6233.91
Total Power Static: 14530.9

Total Power Dynamic: 375959
   ========= Performance Analysis =============
   Setup Time:                      0h 0m 0s 0ms 969us
   Simulation Time (Total):         0h 3m 12s 372ms
   Simulation Time (Active):        0h 0m 7s 806ms
        Queue Processing Time:      0h 0m 7s 646ms
             Scheduling Time:       0h 0m 4s 636ms
             Computation Time:      0h 0m 0s 976ms
   System Clock:                    0.1GHz
   Runtime:                         1221392 cycles
   Runtime:                         12213.9 us
   Stalls:                          0 cycles
   Executed Nodes:                  1221391 cycles

   ========= Kernel Validation Stats ==========
   Kernel validation enabled:       NO
   Configured latency per check:    0 us

   --- Access Breakdown ---
   Total memory accesses (validated): 0
   Cache hits (0 latency):          0
   Validation requests (full lat):  0
     of which DMA-ctrl writes:      0
   Coalesced waits (partial lat):   0
   Validations denied:              0

   --- Latency Breakdown ---
   Validation request latency:      0 us
   Coalesced wait latency:          0 us
   TOTAL SECURITY OVERHEAD:         0 us
   Avg latency per validation:      0 us
   Avg latency per coalesced wait:  0 us
   Avg overhead per blocked access: 0 us

   --- Cache Statistics ---
   Processes with cached pages:     0
   Unique pages validated (total):  0
   Cache hit rate:                  0%

   ========= IOMMU Stats =====================
   IOMMU enabled:                   YES
   IOMMU SimObject:                 system.lenet5_clstr.iommu

   --- Access Breakdown ---
   Total IOMMU checks:              1772422
   IOTLB hits:                      1772367
   IOTLB misses (page walks):       55
   IOTLB hit rate:                  99.9969%

   --- Latency Breakdown ---
   TOTAL IOMMU OVERHEAD:            3550.23 us
   Avg latency per access:          0.00200304 us

********************************************************************************
system.lenet5_clstr.pool_mover_1.llvm_interface
Total Area: 780.105
Total Power Static: 12.6423

Total Power Dynamic: 101.338
   ========= Performance Analysis =============
   Setup Time:                      0h 0m 0s 3ms 561us
   Simulation Time (Total):         0h 3m 12s 368ms
   Simulation Time (Active):        0h 0m 0s 264ms
        Queue Processing Time:      0h 0m 0s 137ms
             Scheduling Time:       0h 0m 0s 19ms
             Computation Time:      0h 0m 0s 2ms
   System Clock:                    0.1GHz
   Runtime:                         1221382 cycles
   Runtime:                         12213.8 us
   Stalls:                          0 cycles
   Executed Nodes:                  1221381 cycles

   ========= Kernel Validation Stats ==========
   Kernel validation enabled:       NO
   Configured latency per check:    0 us

   --- Access Breakdown ---
   Total memory accesses (validated): 0
   Cache hits (0 latency):          0
   Validation requests (full lat):  0
     of which DMA-ctrl writes:      0
   Coalesced waits (partial lat):   0
   Validations denied:              0

   --- Latency Breakdown ---
   Validation request latency:      0 us
   Coalesced wait latency:          0 us
   TOTAL SECURITY OVERHEAD:         0 us
   Avg latency per validation:      0 us
   Avg latency per coalesced wait:  0 us
   Avg overhead per blocked access: 0 us

   --- Cache Statistics ---
   Processes with cached pages:     0
   Unique pages validated (total):  0
   Cache hit rate:                  0%

   ========= IOMMU Stats =====================
   IOMMU enabled:                   YES
   IOMMU SimObject:                 system.lenet5_clstr.iommu

   --- Access Breakdown ---
   Total IOMMU checks:              1772423
   IOTLB hits:                      1772368
   IOTLB misses (page walks):       55
   IOTLB hit rate:                  99.9969%

   --- Latency Breakdown ---
   TOTAL IOMMU OVERHEAD:            3550.24 us
   Avg latency per access:          0.00200304 us

********************************************************************************
system.lenet5_clstr.pool1.llvm_interface
Total Area: 6221.95
Total Power Static: 35.4349

Total Power Dynamic: 738.536
   ========= Performance Analysis =============
   Setup Time:                      0h 0m 0s 0ms 780us
   Simulation Time (Total):         0h 3m 12s 366ms
   Simulation Time (Active):        0h 0m 0s 287ms
        Queue Processing Time:      0h 0m 0s 159ms
             Scheduling Time:       0h 0m 0s 30ms
             Computation Time:      0h 0m 0s 6ms
   System Clock:                    0.1GHz
   Runtime:                         1221363 cycles
   Runtime:                         12213.6 us
   Stalls:                          0 cycles
   Executed Nodes:                  1221362 cycles

   ========= Kernel Validation Stats ==========
   Kernel validation enabled:       NO
   Configured latency per check:    0 us

   --- Access Breakdown ---
   Total memory accesses (validated): 0
   Cache hits (0 latency):          0
   Validation requests (full lat):  0
     of which DMA-ctrl writes:      0
   Coalesced waits (partial lat):   0
   Validations denied:              0

   --- Latency Breakdown ---
   Validation request latency:      0 us
   Coalesced wait latency:          0 us
   TOTAL SECURITY OVERHEAD:         0 us
   Avg latency per validation:      0 us
   Avg latency per coalesced wait:  0 us
   Avg overhead per blocked access: 0 us

   --- Cache Statistics ---
   Processes with cached pages:     0
   Unique pages validated (total):  0
   Cache hit rate:                  0%

   ========= IOMMU Stats =====================
   IOMMU enabled:                   YES
   IOMMU SimObject:                 system.lenet5_clstr.iommu

   --- Access Breakdown ---
   Total IOMMU checks:              1772425
   IOTLB hits:                      1772370
   IOTLB misses (page walks):       55
   IOTLB hit rate:                  99.9969%

   --- Latency Breakdown ---
   TOTAL IOMMU OVERHEAD:            3550.24 us
   Avg latency per access:          0.00200304 us

********************************************************************************
system.lenet5_clstr.data_mover_2.llvm_interface
Total Area: 1830.32
Total Power Static: 467.516

Total Power Dynamic: 5377.4
   ========= Performance Analysis =============
   Setup Time:                      0h 0m 0s 0ms 999us
   Simulation Time (Total):         0h 3m 30s 98ms
   Simulation Time (Active):        0h 0m 1s 127ms
        Queue Processing Time:      0h 0m 0s 976ms
             Scheduling Time:       0h 0m 0s 519ms
             Computation Time:      0h 0m 0s 113ms
   System Clock:                    0.1GHz
   Runtime:                         1421158 cycles
   Runtime:                         14211.6 us
   Stalls:                          0 cycles
   Executed Nodes:                  1421157 cycles

   ========= Kernel Validation Stats ==========
   Kernel validation enabled:       NO
   Configured latency per check:    0 us

   --- Access Breakdown ---
   Total memory accesses (validated): 0
   Cache hits (0 latency):          0
   Validation requests (full lat):  0
     of which DMA-ctrl writes:      0
   Coalesced waits (partial lat):   0
   Validations denied:              0

   --- Latency Breakdown ---
   Validation request latency:      0 us
   Coalesced wait latency:          0 us
   TOTAL SECURITY OVERHEAD:         0 us
   Avg latency per validation:      0 us
   Avg latency per coalesced wait:  0 us
   Avg overhead per blocked access: 0 us

   --- Cache Statistics ---
   Processes with cached pages:     0
   Unique pages validated (total):  0
   Cache hit rate:                  0%

   ========= IOMMU Stats =====================
   IOMMU enabled:                   YES
   IOMMU SimObject:                 system.lenet5_clstr.iommu

   --- Access Breakdown ---
   Total IOMMU checks:              2014641
   IOTLB hits:                      2014540
   IOTLB misses (page walks):       101
   IOTLB hit rate:                  99.995%

   --- Latency Breakdown ---
   TOTAL IOMMU OVERHEAD:            4039.18 us
   Avg latency per access:          0.00200491 us

********************************************************************************
system.lenet5_clstr.conv2.llvm_interface
Total Area: 5875.03
Total Power Static: 2891.36

Total Power Dynamic: 75102.9
   ========= Performance Analysis =============
   Setup Time:                      0h 0m 0s 3ms 733us
   Simulation Time (Total):         0h 3m 30s 93ms
   Simulation Time (Active):        0h 0m 1s 524ms
        Queue Processing Time:      0h 0m 1s 366ms
             Scheduling Time:       0h 0m 0s 787ms
             Computation Time:      0h 0m 0s 162ms
   System Clock:                    0.1GHz
   Runtime:                         1421140 cycles
   Runtime:                         14211.4 us
   Stalls:                          0 cycles
   Executed Nodes:                  1421139 cycles

   ========= Kernel Validation Stats ==========
   Kernel validation enabled:       NO
   Configured latency per check:    0 us

   --- Access Breakdown ---
   Total memory accesses (validated): 0
   Cache hits (0 latency):          0
   Validation requests (full lat):  0
     of which DMA-ctrl writes:      0
   Coalesced waits (partial lat):   0
   Validations denied:              0

   --- Latency Breakdown ---
   Validation request latency:      0 us
   Coalesced wait latency:          0 us
   TOTAL SECURITY OVERHEAD:         0 us
   Avg latency per validation:      0 us
   Avg latency per coalesced wait:  0 us
   Avg overhead per blocked access: 0 us

   --- Cache Statistics ---
   Processes with cached pages:     0
   Unique pages validated (total):  0
   Cache hit rate:                  0%

   ========= IOMMU Stats =====================
   IOMMU enabled:                   YES
   IOMMU SimObject:                 system.lenet5_clstr.iommu

   --- Access Breakdown ---
   Total IOMMU checks:              2014645
   IOTLB hits:                      2014544
   IOTLB misses (page walks):       101
   IOTLB hit rate:                  99.995%

   --- Latency Breakdown ---
   TOTAL IOMMU OVERHEAD:            4039.19 us
   Avg latency per access:          0.00200491 us

********************************************************************************
system.lenet5_clstr.data_mover_3.llvm_interface
Total Area: 1112.55
Total Power Static: 96.7562

Total Power Dynamic: 1121.45
   ========= Performance Analysis =============
   Setup Time:                      0h 0m 0s 0ms 587us
   Simulation Time (Total):         0h 3m 32s 66ms
   Simulation Time (Active):        0h 0m 0s 398ms
        Queue Processing Time:      0h 0m 0s 256ms
             Scheduling Time:       0h 0m 0s 82ms
             Computation Time:      0h 0m 0s 20ms
   System Clock:                    0.1GHz
   Runtime:                         1461574 cycles
   Runtime:                         14615.7 us
   Stalls:                          0 cycles
   Executed Nodes:                  1461573 cycles

   ========= Kernel Validation Stats ==========
   Kernel validation enabled:       NO
   Configured latency per check:    0 us

   --- Access Breakdown ---
   Total memory accesses (validated): 0
   Cache hits (0 latency):          0
   Validation requests (full lat):  0
     of which DMA-ctrl writes:      0
   Coalesced waits (partial lat):   0
   Validations denied:              0

   --- Latency Breakdown ---
   Validation request latency:      0 us
   Coalesced wait latency:          0 us
   TOTAL SECURITY OVERHEAD:         0 us
   Avg latency per validation:      0 us
   Avg latency per coalesced wait:  0 us
   Avg overhead per blocked access: 0 us

   --- Cache Statistics ---
   Processes with cached pages:     0
   Unique pages validated (total):  0
   Cache hit rate:                  0%

   ========= IOMMU Stats =====================
   IOMMU enabled:                   YES
   IOMMU SimObject:                 system.lenet5_clstr.iommu

   --- Access Breakdown ---
   Total IOMMU checks:              2065142
   IOTLB hits:                      2065030
   IOTLB misses (page walks):       112
   IOTLB hit rate:                  99.9946%

   --- Latency Breakdown ---
   TOTAL IOMMU OVERHEAD:            4141.26 us
   Avg latency per access:          0.00200531 us

********************************************************************************
system.lenet5_clstr.fc0.llvm_interface
Total Area: 5516.14
Total Power Static: 605.722

Total Power Dynamic: 15761.6
   ========= Performance Analysis =============
   Setup Time:                      0h 0m 0s 3ms 743us
   Simulation Time (Total):         0h 3m 32s 53ms
   Simulation Time (Active):        0h 0m 0s 493ms
        Queue Processing Time:      0h 0m 0s 332ms
             Scheduling Time:       0h 0m 0s 129ms
             Computation Time:      0h 0m 0s 28ms
   System Clock:                    0.1GHz
   Runtime:                         1461556 cycles
   Runtime:                         14615.6 us
   Stalls:                          0 cycles
   Executed Nodes:                  1461555 cycles

   ========= Kernel Validation Stats ==========
   Kernel validation enabled:       NO
   Configured latency per check:    0 us

   --- Access Breakdown ---
   Total memory accesses (validated): 0
   Cache hits (0 latency):          0
   Validation requests (full lat):  0
     of which DMA-ctrl writes:      0
   Coalesced waits (partial lat):   0
   Validations denied:              0

   --- Latency Breakdown ---
   Validation request latency:      0 us
   Coalesced wait latency:          0 us
   TOTAL SECURITY OVERHEAD:         0 us
   Avg latency per validation:      0 us
   Avg latency per coalesced wait:  0 us
   Avg overhead per blocked access: 0 us

   --- Cache Statistics ---
   Processes with cached pages:     0
   Unique pages validated (total):  0
   Cache hit rate:                  0%

   ========= IOMMU Stats =====================
   IOMMU enabled:                   YES
   IOMMU SimObject:                 system.lenet5_clstr.iommu

   --- Access Breakdown ---
   Total IOMMU checks:              2065143
   IOTLB hits:                      2065031
   IOTLB misses (page walks):       112
   IOTLB hit rate:                  99.9946%

   --- Latency Breakdown ---
   TOTAL IOMMU OVERHEAD:            4141.26 us
   Avg latency per access:          0.00200531 us

********************************************************************************
system.lenet5_clstr.top.llvm_interface
Total Area: 201.48
Total Power Static: 224.13

Total Power Dynamic: 1101.41
   ========= Performance Analysis =============
   Setup Time:                      0h 0m 0s 7ms 660us
   Simulation Time (Total):         0h 3m 33s 345ms
   Simulation Time (Active):        0h 0m 3s 322ms
        Queue Processing Time:      0h 0m 3s 117ms
             Scheduling Time:       0h 0m 1s 493ms
             Computation Time:      0h 0m 0s 166ms
   System Clock:                    0.1GHz
   Runtime:                         1482445 cycles
   Runtime:                         14824.5 us
   Stalls:                          0 cycles
   Executed Nodes:                  1482444 cycles

   ========= Kernel Validation Stats ==========
   Kernel validation enabled:       NO
   Configured latency per check:    0 us

   --- Access Breakdown ---
   Total memory accesses (validated): 0
   Cache hits (0 latency):          0
   Validation requests (full lat):  0
     of which DMA-ctrl writes:      0
   Coalesced waits (partial lat):   0
   Validations denied:              0

   --- Latency Breakdown ---
   Validation request latency:      0 us
   Coalesced wait latency:          0 us
   TOTAL SECURITY OVERHEAD:         0 us
   Avg latency per validation:      0 us
   Avg latency per coalesced wait:  0 us
   Avg overhead per blocked access: 0 us

   --- Cache Statistics ---
   Processes with cached pages:     0
   Unique pages validated (total):  0
   Cache hit rate:                  0%

   ========= IOMMU Stats =====================
   IOMMU enabled:                   YES
   IOMMU SimObject:                 system.lenet5_clstr.iommu

   --- Access Breakdown ---
   Total IOMMU checks:              2065146
   IOTLB hits:                      2065034
   IOTLB misses (page walks):       112
   IOTLB hit rate:                  99.9946%

   --- Latency Breakdown ---
   TOTAL IOMMU OVERHEAD:            4141.27 us
   Avg latency per access:          0.00200531 us

Exiting @ tick 14874619000 because m5_exit instruction encountered
