build/ARM/base/statistics.hh:277: warn: One of the stats is a legacy stat. Legacy stat is a stat that does not belong to any statistics::Group. Legacy stat is deprecated.
Global frequency set at 1000000000000 ticks per second
build/ARM/mem/mem_interface.cc:793: warn: DRAM device capacity (16384 Mbytes) does not match the address range assigned (4096 Mbytes)
build/ARM/sim/kernel_workload.cc:46: info: kernel located at: /gem5-SALAM/benchmarks/lenet/design_b/sw/main.elf
build/ARM/arch/arm/system.cc:95: warn: Highest ARM exception-level set to AArch64 but the workload is for AArch32. Assuming you wanted these to match.
build/ARM/base/vnc/vncserver.cc:163: warn: Sockets disabled, not accepting vnc client connections
build/ARM/dev/serial/terminal.cc:170: warn: Sockets disabled, not accepting terminal connections
build/ARM/base/remote_gdb.cc:377: warn: Sockets disabled, not accepting gdb connections
build/ARM/mem/coherent_xbar.cc:140: warn: CoherentXBar system.lenet5_clstr.coherency_bus has no snooping ports attached!
build/ARM/dev/arm/energy_ctrl.cc:252: warn: Existing EnergyCtrl, but no enabled DVFSHandler found.
gem5 Simulator System.  http://gem5.org
gem5 is copyrighted software; use the --copyright option for details.

gem5 version 21.1.0.1
gem5 compiled May  2 2026 19:55:51
gem5 started May  3 2026 00:10:55
gem5 executing on 3b7fb6fd27b8, pid 1113881
command line: /gem5-SALAM/build/ARM/gem5.opt --listener-mode=off --outdir=/gem5-SALAM/BM_ARM_OUT/run_all/lenet_b/iommu_e256_m250ns /gem5-SALAM/configs/SALAM/fs_lenet_b.py --mem-size=4GB --mem-type=DDR4_2400_8x8 --machine-type=VExpress_GEM5_V1 --dtb-file=none --bare-metal --cpu-type=DerivO3CPU --caches --l2cache --kernel=/gem5-SALAM/benchmarks/lenet/design_b/sw/main.elf --disk-image=/gem5-SALAM/benchmarks/common/fake.iso --accpath=/gem5-SALAM/benchmarks/lenet/design_b --accbench=lenet_b --enable-iommu --iotlb-entries 256 --iotlb-hit-latency 2000 --iotlb-miss-latency 250000

[HWAccConfig] IOMMU ENABLED: entries=256, hit_lat=2000, miss_lat=250000
[HWAccConfig] IOMMU ENABLED: entries=256, hit_lat=2000, miss_lat=250000
[HWAccConfig] IOMMU ENABLED: entries=256, hit_lat=2000, miss_lat=250000
[HWAccConfig] IOMMU ENABLED: entries=256, hit_lat=2000, miss_lat=250000
[HWAccConfig] IOMMU ENABLED: entries=256, hit_lat=2000, miss_lat=250000
[HWAccConfig] IOMMU ENABLED: entries=256, hit_lat=2000, miss_lat=250000
[HWAccConfig] IOMMU ENABLED: entries=256, hit_lat=2000, miss_lat=250000
[HWAccConfig] IOMMU ENABLED: entries=256, hit_lat=2000, miss_lat=250000
[HWAccConfig] IOMMU ENABLED: entries=256, hit_lat=2000, miss_lat=250000
[HWAccConfig] IOMMU ENABLED: entries=256, hit_lat=2000, miss_lat=250000
[HWAccConfig] IOMMU ENABLED: entries=256, hit_lat=2000, miss_lat=250000
[HWAccConfig] IOMMU ENABLED: entries=256, hit_lat=2000, miss_lat=250000
**** REAL SIMULATION ****
warn: iobus.slave is deprecated. `slave` is now called `cpu_side_ports`
warn: bridge.master is deprecated. `master` is now called `mem_side_port`
warn: membus.master is deprecated. `master` is now called `mem_side_ports`
warn: bridge.slave is deprecated. `slave` is now called `cpu_side_port`
warn: membus.slave is deprecated. `slave` is now called `cpu_side_ports`
warn: tol2bus.master is deprecated. `master` is now called `mem_side_ports`
warn: membus.slave is deprecated. `slave` is now called `cpu_side_ports`
warn: tol2bus.slave is deprecated. `slave` is now called `cpu_side_ports`
warn: tol2bus.slave is deprecated. `slave` is now called `cpu_side_ports`
warn: tol2bus.slave is deprecated. `slave` is now called `cpu_side_ports`
warn: tol2bus.slave is deprecated. `slave` is now called `cpu_side_ports`
warn: membus.slave is deprecated. `slave` is now called `cpu_side_ports`
warn: coherency_bus.master is deprecated. `master` is now called `mem_side_ports`
warn: No dot file generated. Please install pydot to generate the dot file and pdf.
build/ARM/sim/simulate.cc:107: info: Entering event queue @ 0.  Starting simulation...
********************************************************************************
system.lenet5_clstr.data_mover_0.llvm_interface
Total Area: 921.141
Total Power Static: 46.5935

Total Power Dynamic: 530.888
   ========= Performance Analysis =============
   Setup Time:                      0h 0m 0s 0ms 550us
   Simulation Time (Total):         0h 4m 5s 324ms
   Simulation Time (Active):        0h 0m 0s 328ms
        Queue Processing Time:      0h 0m 0s 251ms
             Scheduling Time:       0h 0m 0s 97ms
             Computation Time:      0h 0m 0s 15ms
   System Clock:                    0.1GHz
   Runtime:                         533841 cycles
   Runtime:                         5338.41 us
   Stalls:                          0 cycles
   Executed Nodes:                  533840 cycles

   ========= Kernel Validation Stats ==========
   Kernel validation enabled:       NO
   Configured latency per check:    0 us

   --- Access Breakdown ---
   Total memory accesses (validated): 0
   Cache hits (0 latency):          0
   Validation requests (full lat):  0
   Coalesced waits (partial lat):   0
   Validations denied:              0

   --- Latency Breakdown ---
   Validation request latency:      0 us
   Coalesced wait latency:          0 us
   TOTAL SECURITY OVERHEAD:         0 us
   Avg latency per validation:      0 us
   Avg latency per coalesced wait:  0 us
   Avg overhead per blocked access: 0 us

   --- Cache Statistics ---
   Processes with cached pages:     0
   Unique pages validated (total):  0
   Cache hit rate:                  0%

   ========= IOMMU Stats =====================
   IOMMU enabled:                   YES
   IOMMU SimObject:                 system.lenet5_clstr.iommu

   --- Access Breakdown ---
   Total IOMMU checks:              497365
   IOTLB hits:                      497326
   IOTLB misses (page walks):       39
   IOTLB hit rate:                  99.9922%

   --- Latency Breakdown ---
   TOTAL IOMMU OVERHEAD:            1004.4 us
   Avg latency per access:          0.00201945 us

********************************************************************************
system.lenet5_clstr.conv0.llvm_interface
Total Area: 6604.76
Total Power Static: 7702.37

Total Power Dynamic: 186527
   ========= Performance Analysis =============
   Setup Time:                      0h 0m 0s 0ms 943us
   Simulation Time (Total):         0h 4m 5s 327ms
   Simulation Time (Active):        0h 0m 7s 160ms
        Queue Processing Time:      0h 0m 7s 65ms
             Scheduling Time:       0h 0m 4s 38ms
             Computation Time:      0h 0m 0s 778ms
   System Clock:                    0.1GHz
   Runtime:                         533867 cycles
   Runtime:                         5338.67 us
   Stalls:                          0 cycles
   Executed Nodes:                  533866 cycles

   ========= Kernel Validation Stats ==========
   Kernel validation enabled:       NO
   Configured latency per check:    0 us

   --- Access Breakdown ---
   Total memory accesses (validated): 0
   Cache hits (0 latency):          0
   Validation requests (full lat):  0
   Coalesced waits (partial lat):   0
   Validations denied:              0

   --- Latency Breakdown ---
   Validation request latency:      0 us
   Coalesced wait latency:          0 us
   TOTAL SECURITY OVERHEAD:         0 us
   Avg latency per validation:      0 us
   Avg latency per coalesced wait:  0 us
   Avg overhead per blocked access: 0 us

   --- Cache Statistics ---
   Processes with cached pages:     0
   Unique pages validated (total):  0
   Cache hit rate:                  0%

   ========= IOMMU Stats =====================
   IOMMU enabled:                   YES
   IOMMU SimObject:                 system.lenet5_clstr.iommu

   --- Access Breakdown ---
   Total IOMMU checks:              497365
   IOTLB hits:                      497326
   IOTLB misses (page walks):       39
   IOTLB hit rate:                  99.9922%

   --- Latency Breakdown ---
   TOTAL IOMMU OVERHEAD:            1004.4 us
   Avg latency per access:          0.00201945 us

********************************************************************************
system.lenet5_clstr.pool0.llvm_interface
Total Area: 6693.54
Total Power Static: 119.603

Total Power Dynamic: 2263.76
   ========= Performance Analysis =============
   Setup Time:                      0h 0m 0s 0ms 852us
   Simulation Time (Total):         0h 4m 5s 322ms
   Simulation Time (Active):        0h 0m 0s 357ms
        Queue Processing Time:      0h 0m 0s 291ms
             Scheduling Time:       0h 0m 0s 126ms
             Computation Time:      0h 0m 0s 27ms
   System Clock:                    0.1GHz
   Runtime:                         533807 cycles
   Runtime:                         5338.07 us
   Stalls:                          0 cycles
   Executed Nodes:                  533806 cycles

   ========= Kernel Validation Stats ==========
   Kernel validation enabled:       NO
   Configured latency per check:    0 us

   --- Access Breakdown ---
   Total memory accesses (validated): 0
   Cache hits (0 latency):          0
   Validation requests (full lat):  0
   Coalesced waits (partial lat):   0
   Validations denied:              0

   --- Latency Breakdown ---
   Validation request latency:      0 us
   Coalesced wait latency:          0 us
   TOTAL SECURITY OVERHEAD:         0 us
   Avg latency per validation:      0 us
   Avg latency per coalesced wait:  0 us
   Avg overhead per blocked access: 0 us

   --- Cache Statistics ---
   Processes with cached pages:     0
   Unique pages validated (total):  0
   Cache hit rate:                  0%

   ========= IOMMU Stats =====================
   IOMMU enabled:                   YES
   IOMMU SimObject:                 system.lenet5_clstr.iommu

   --- Access Breakdown ---
   Total IOMMU checks:              497368
   IOTLB hits:                      497329
   IOTLB misses (page walks):       39
   IOTLB hit rate:                  99.9922%

   --- Latency Breakdown ---
   TOTAL IOMMU OVERHEAD:            1004.41 us
   Avg latency per access:          0.00201945 us

********************************************************************************
system.lenet5_clstr.data_mover_1.llvm_interface
Total Area: 921.141
Total Power Static: 11.6632

Total Power Dynamic: 132.822
   ========= Performance Analysis =============
   Setup Time:                      0h 0m 0s 0ms 490us
   Simulation Time (Total):         0h 4m 5s 321ms
   Simulation Time (Active):        0h 0m 0s 190ms
        Queue Processing Time:      0h 0m 0s 125ms
             Scheduling Time:       0h 0m 0s 23ms
             Computation Time:      0h 0m 0s 3ms
   System Clock:                    0.1GHz
   Runtime:                         533802 cycles
   Runtime:                         5338.02 us
   Stalls:                          0 cycles
   Executed Nodes:                  533801 cycles

   ========= Kernel Validation Stats ==========
   Kernel validation enabled:       NO
   Configured latency per check:    0 us

   --- Access Breakdown ---
   Total memory accesses (validated): 0
   Cache hits (0 latency):          0
   Validation requests (full lat):  0
   Coalesced waits (partial lat):   0
   Validations denied:              0

   --- Latency Breakdown ---
   Validation request latency:      0 us
   Coalesced wait latency:          0 us
   TOTAL SECURITY OVERHEAD:         0 us
   Avg latency per validation:      0 us
   Avg latency per coalesced wait:  0 us
   Avg overhead per blocked access: 0 us

   --- Cache Statistics ---
   Processes with cached pages:     0
   Unique pages validated (total):  0
   Cache hit rate:                  0%

   ========= IOMMU Stats =====================
   IOMMU enabled:                   YES
   IOMMU SimObject:                 system.lenet5_clstr.iommu

   --- Access Breakdown ---
   Total IOMMU checks:              497374
   IOTLB hits:                      497335
   IOTLB misses (page walks):       39
   IOTLB hit rate:                  99.9922%

   --- Latency Breakdown ---
   TOTAL IOMMU OVERHEAD:            1004.42 us
   Avg latency per access:          0.00201945 us

********************************************************************************
system.lenet5_clstr.conv1.llvm_interface
Total Area: 6784.2
Total Power Static: 15677.5

Total Power Dynamic: 376721
   ========= Performance Analysis =============
   Setup Time:                      0h 0m 0s 1ms 93us
   Simulation Time (Total):         0h 5m 15s 646ms
   Simulation Time (Active):        0h 0m 6s 785ms
        Queue Processing Time:      0h 0m 6s 661ms
             Scheduling Time:       0h 0m 4s 44ms
             Computation Time:      0h 0m 0s 743ms
   System Clock:                    0.1GHz
   Runtime:                         1040121 cycles
   Runtime:                         10401.2 us
   Stalls:                          0 cycles
   Executed Nodes:                  1040120 cycles

   ========= Kernel Validation Stats ==========
   Kernel validation enabled:       NO
   Configured latency per check:    0 us

   --- Access Breakdown ---
   Total memory accesses (validated): 0
   Cache hits (0 latency):          0
   Validation requests (full lat):  0
   Coalesced waits (partial lat):   0
   Validations denied:              0

   --- Latency Breakdown ---
   Validation request latency:      0 us
   Coalesced wait latency:          0 us
   TOTAL SECURITY OVERHEAD:         0 us
   Avg latency per validation:      0 us
   Avg latency per coalesced wait:  0 us
   Avg overhead per blocked access: 0 us

   --- Cache Statistics ---
   Processes with cached pages:     0
   Unique pages validated (total):  0
   Cache hit rate:                  0%

   ========= IOMMU Stats =====================
   IOMMU enabled:                   YES
   IOMMU SimObject:                 system.lenet5_clstr.iommu

   --- Access Breakdown ---
   Total IOMMU checks:              820381
   IOTLB hits:                      820314
   IOTLB misses (page walks):       67
   IOTLB hit rate:                  99.9918%

   --- Latency Breakdown ---
   TOTAL IOMMU OVERHEAD:            1657.38 us
   Avg latency per access:          0.00202025 us

********************************************************************************
system.lenet5_clstr.data_mover_2.llvm_interface
Total Area: 921.141
Total Power Static: 15.4509

Total Power Dynamic: 178.201
   ========= Performance Analysis =============
   Setup Time:                      0h 0m 0s 0ms 642us
   Simulation Time (Total):         0h 5m 15s 642ms
   Simulation Time (Active):        0h 0m 0s 218ms
        Queue Processing Time:      0h 0m 0s 127ms
             Scheduling Time:       0h 0m 0s 20ms
             Computation Time:      0h 0m 0s 3ms
   System Clock:                    0.1GHz
   Runtime:                         1040096 cycles
   Runtime:                         10401 us
   Stalls:                          0 cycles
   Executed Nodes:                  1040095 cycles

   ========= Kernel Validation Stats ==========
   Kernel validation enabled:       NO
   Configured latency per check:    0 us

   --- Access Breakdown ---
   Total memory accesses (validated): 0
   Cache hits (0 latency):          0
   Validation requests (full lat):  0
   Coalesced waits (partial lat):   0
   Validations denied:              0

   --- Latency Breakdown ---
   Validation request latency:      0 us
   Coalesced wait latency:          0 us
   TOTAL SECURITY OVERHEAD:         0 us
   Avg latency per validation:      0 us
   Avg latency per coalesced wait:  0 us
   Avg overhead per blocked access: 0 us

   --- Cache Statistics ---
   Processes with cached pages:     0
   Unique pages validated (total):  0
   Cache hit rate:                  0%

   ========= IOMMU Stats =====================
   IOMMU enabled:                   YES
   IOMMU SimObject:                 system.lenet5_clstr.iommu

   --- Access Breakdown ---
   Total IOMMU checks:              820382
   IOTLB hits:                      820315
   IOTLB misses (page walks):       67
   IOTLB hit rate:                  99.9918%

   --- Latency Breakdown ---
   TOTAL IOMMU OVERHEAD:            1657.38 us
   Avg latency per access:          0.00202025 us

********************************************************************************
system.lenet5_clstr.pool1.llvm_interface
Total Area: 6693.54
Total Power Static: 40.6797

Total Power Dynamic: 769.272
   ========= Performance Analysis =============
   Setup Time:                      0h 0m 0s 0ms 717us
   Simulation Time (Total):         0h 5m 15s 629ms
   Simulation Time (Active):        0h 0m 0s 261ms
        Queue Processing Time:      0h 0m 0s 157ms
             Scheduling Time:       0h 0m 0s 23ms
             Computation Time:      0h 0m 0s 4ms
   System Clock:                    0.1GHz
   Runtime:                         1040061 cycles
   Runtime:                         10400.6 us
   Stalls:                          0 cycles
   Executed Nodes:                  1040060 cycles

   ========= Kernel Validation Stats ==========
   Kernel validation enabled:       NO
   Configured latency per check:    0 us

   --- Access Breakdown ---
   Total memory accesses (validated): 0
   Cache hits (0 latency):          0
   Validation requests (full lat):  0
   Coalesced waits (partial lat):   0
   Validations denied:              0

   --- Latency Breakdown ---
   Validation request latency:      0 us
   Coalesced wait latency:          0 us
   TOTAL SECURITY OVERHEAD:         0 us
   Avg latency per validation:      0 us
   Avg latency per coalesced wait:  0 us
   Avg overhead per blocked access: 0 us

   --- Cache Statistics ---
   Processes with cached pages:     0
   Unique pages validated (total):  0
   Cache hit rate:                  0%

   ========= IOMMU Stats =====================
   IOMMU enabled:                   YES
   IOMMU SimObject:                 system.lenet5_clstr.iommu

   --- Access Breakdown ---
   Total IOMMU checks:              820382
   IOTLB hits:                      820315
   IOTLB misses (page walks):       67
   IOTLB hit rate:                  99.9918%

   --- Latency Breakdown ---
   TOTAL IOMMU OVERHEAD:            1657.38 us
   Avg latency per access:          0.00202025 us

********************************************************************************
system.lenet5_clstr.data_mover_3.llvm_interface
Total Area: 921.141
Total Power Static: 3.86689

Total Power Dynamic: 44.586
   ========= Performance Analysis =============
   Setup Time:                      0h 0m 0s 0ms 620us
   Simulation Time (Total):         0h 5m 15s 624ms
   Simulation Time (Active):        0h 0m 0s 214ms
        Queue Processing Time:      0h 0m 0s 111ms
             Scheduling Time:       0h 0m 0s 4ms
             Computation Time:      0h 0m 0s 0ms
   System Clock:                    0.1GHz
   Runtime:                         1040056 cycles
   Runtime:                         10400.6 us
   Stalls:                          0 cycles
   Executed Nodes:                  1040055 cycles

   ========= Kernel Validation Stats ==========
   Kernel validation enabled:       NO
   Configured latency per check:    0 us

   --- Access Breakdown ---
   Total memory accesses (validated): 0
   Cache hits (0 latency):          0
   Validation requests (full lat):  0
   Coalesced waits (partial lat):   0
   Validations denied:              0

   --- Latency Breakdown ---
   Validation request latency:      0 us
   Coalesced wait latency:          0 us
   TOTAL SECURITY OVERHEAD:         0 us
   Avg latency per validation:      0 us
   Avg latency per coalesced wait:  0 us
   Avg overhead per blocked access: 0 us

   --- Cache Statistics ---
   Processes with cached pages:     0
   Unique pages validated (total):  0
   Cache hit rate:                  0%

   ========= IOMMU Stats =====================
   IOMMU enabled:                   YES
   IOMMU SimObject:                 system.lenet5_clstr.iommu

   --- Access Breakdown ---
   Total IOMMU checks:              820384
   IOTLB hits:                      820317
   IOTLB misses (page walks):       67
   IOTLB hit rate:                  99.9918%

   --- Latency Breakdown ---
   TOTAL IOMMU OVERHEAD:            1657.38 us
   Avg latency per access:          0.00202025 us

********************************************************************************
system.lenet5_clstr.conv2.llvm_interface
Total Area: 6066.43
Total Power Static: 2891.65

Total Power Dynamic: 75108.6
   ========= Performance Analysis =============
   Setup Time:                      0h 0m 0s 0ms 891us
   Simulation Time (Total):         0h 5m 23s 875ms
   Simulation Time (Active):        0h 0m 0s 966ms
        Queue Processing Time:      0h 0m 0s 852ms
             Scheduling Time:       0h 0m 0s 448ms
             Computation Time:      0h 0m 0s 89ms
   System Clock:                    0.1GHz
   Runtime:                         1190562 cycles
   Runtime:                         11905.6 us
   Stalls:                          0 cycles
   Executed Nodes:                  1190561 cycles

   ========= Kernel Validation Stats ==========
   Kernel validation enabled:       NO
   Configured latency per check:    0 us

   --- Access Breakdown ---
   Total memory accesses (validated): 0
   Cache hits (0 latency):          0
   Validation requests (full lat):  0
   Coalesced waits (partial lat):   0
   Validations denied:              0

   --- Latency Breakdown ---
   Validation request latency:      0 us
   Coalesced wait latency:          0 us
   TOTAL SECURITY OVERHEAD:         0 us
   Avg latency per validation:      0 us
   Avg latency per coalesced wait:  0 us
   Avg overhead per blocked access: 0 us

   --- Cache Statistics ---
   Processes with cached pages:     0
   Unique pages validated (total):  0
   Cache hit rate:                  0%

   ========= IOMMU Stats =====================
   IOMMU enabled:                   YES
   IOMMU SimObject:                 system.lenet5_clstr.iommu

   --- Access Breakdown ---
   Total IOMMU checks:              926921
   IOTLB hits:                      926844
   IOTLB misses (page walks):       77
   IOTLB hit rate:                  99.9917%

   --- Latency Breakdown ---
   TOTAL IOMMU OVERHEAD:            1872.94 us
   Avg latency per access:          0.0020206 us

********************************************************************************
system.lenet5_clstr.data_mover_4.llvm_interface
Total Area: 562.255
Total Power Static: 1.13697

Total Power Dynamic: 13.2473
   ========= Performance Analysis =============
   Setup Time:                      0h 0m 0s 6ms 619us
   Simulation Time (Total):         0h 5m 23s 831ms
   Simulation Time (Active):        0h 0m 0s 215ms
        Queue Processing Time:      0h 0m 0s 116ms
             Scheduling Time:       0h 0m 0s 0ms
             Computation Time:      0h 0m 0s 0ms
   System Clock:                    0.1GHz
   Runtime:                         1190538 cycles
   Runtime:                         11905.4 us
   Stalls:                          0 cycles
   Executed Nodes:                  1190537 cycles

   ========= Kernel Validation Stats ==========
   Kernel validation enabled:       NO
   Configured latency per check:    0 us

   --- Access Breakdown ---
   Total memory accesses (validated): 0
   Cache hits (0 latency):          0
   Validation requests (full lat):  0
   Coalesced waits (partial lat):   0
   Validations denied:              0

   --- Latency Breakdown ---
   Validation request latency:      0 us
   Coalesced wait latency:          0 us
   TOTAL SECURITY OVERHEAD:         0 us
   Avg latency per validation:      0 us
   Avg latency per coalesced wait:  0 us
   Avg overhead per blocked access: 0 us

   --- Cache Statistics ---
   Processes with cached pages:     0
   Unique pages validated (total):  0
   Cache hit rate:                  0%

   ========= IOMMU Stats =====================
   IOMMU enabled:                   YES
   IOMMU SimObject:                 system.lenet5_clstr.iommu

   --- Access Breakdown ---
   Total IOMMU checks:              926923
   IOTLB hits:                      926846
   IOTLB misses (page walks):       77
   IOTLB hit rate:                  99.9917%

   --- Latency Breakdown ---
   TOTAL IOMMU OVERHEAD:            1872.94 us
   Avg latency per access:          0.0020206 us

********************************************************************************
system.lenet5_clstr.fc0.llvm_interface
Total Area: 5707.55
Total Power Static: 605.723

Total Power Dynamic: 15765.7
   ========= Performance Analysis =============
   Setup Time:                      0h 0m 0s 0ms 736us
   Simulation Time (Total):         0h 5m 24s 487ms
   Simulation Time (Active):        0h 0m 0s 344ms
        Queue Processing Time:      0h 0m 0s 228ms
             Scheduling Time:       0h 0m 0s 66ms
             Computation Time:      0h 0m 0s 14ms
   System Clock:                    0.1GHz
   Runtime:                         1220635 cycles
   Runtime:                         12206.4 us
   Stalls:                          0 cycles
   Executed Nodes:                  1220634 cycles

   ========= Kernel Validation Stats ==========
   Kernel validation enabled:       NO
   Configured latency per check:    0 us

   --- Access Breakdown ---
   Total memory accesses (validated): 0
   Cache hits (0 latency):          0
   Validation requests (full lat):  0
   Coalesced waits (partial lat):   0
   Validations denied:              0

   --- Latency Breakdown ---
   Validation request latency:      0 us
   Coalesced wait latency:          0 us
   TOTAL SECURITY OVERHEAD:         0 us
   Avg latency per validation:      0 us
   Avg latency per coalesced wait:  0 us
   Avg overhead per blocked access: 0 us

   --- Cache Statistics ---
   Processes with cached pages:     0
   Unique pages validated (total):  0
   Cache hit rate:                  0%

   ========= IOMMU Stats =====================
   IOMMU enabled:                   YES
   IOMMU SimObject:                 system.lenet5_clstr.iommu

   --- Access Breakdown ---
   Total IOMMU checks:              949079
   IOTLB hits:                      949002
   IOTLB misses (page walks):       77
   IOTLB hit rate:                  99.9919%

   --- Latency Breakdown ---
   TOTAL IOMMU OVERHEAD:            1917.25 us
   Avg latency per access:          0.00202012 us

********************************************************************************
system.lenet5_clstr.top.llvm_interface
Total Area: 251.85
Total Power Static: 53.3631

Total Power Dynamic: 262.236
   ========= Performance Analysis =============
   Setup Time:                      0h 0m 0s 4ms 727us
   Simulation Time (Total):         0h 5m 24s 819ms
   Simulation Time (Active):        0h 0m 1s 172ms
        Queue Processing Time:      0h 0m 1s 49ms
             Scheduling Time:       0h 0m 0s 431ms
             Computation Time:      0h 0m 0s 49ms
   System Clock:                    0.1GHz
   Runtime:                         1224189 cycles
   Runtime:                         12241.9 us
   Stalls:                          0 cycles
   Executed Nodes:                  1224188 cycles

   ========= Kernel Validation Stats ==========
   Kernel validation enabled:       NO
   Configured latency per check:    0 us

   --- Access Breakdown ---
   Total memory accesses (validated): 0
   Cache hits (0 latency):          0
   Validation requests (full lat):  0
   Coalesced waits (partial lat):   0
   Validations denied:              0

   --- Latency Breakdown ---
   Validation request latency:      0 us
   Coalesced wait latency:          0 us
   TOTAL SECURITY OVERHEAD:         0 us
   Avg latency per validation:      0 us
   Avg latency per coalesced wait:  0 us
   Avg overhead per blocked access: 0 us

   --- Cache Statistics ---
   Processes with cached pages:     0
   Unique pages validated (total):  0
   Cache hit rate:                  0%

   ========= IOMMU Stats =====================
   IOMMU enabled:                   YES
   IOMMU SimObject:                 system.lenet5_clstr.iommu

   --- Access Breakdown ---
   Total IOMMU checks:              949089
   IOTLB hits:                      949012
   IOTLB misses (page walks):       77
   IOTLB hit rate:                  99.9919%

   --- Latency Breakdown ---
   TOTAL IOMMU OVERHEAD:            1917.27 us
   Avg latency per access:          0.00202012 us

Exiting @ tick 12318595000 because m5_exit instruction encountered
