build/ARM/base/statistics.hh:277: warn: One of the stats is a legacy stat. Legacy stat is a stat that does not belong to any statistics::Group. Legacy stat is deprecated.
Global frequency set at 1000000000000 ticks per second
build/ARM/mem/mem_interface.cc:793: warn: DRAM device capacity (16384 Mbytes) does not match the address range assigned (4096 Mbytes)
build/ARM/sim/kernel_workload.cc:46: info: kernel located at: /gem5-SALAM/benchmarks/lenet/design_a/sw/main.elf
build/ARM/arch/arm/system.cc:95: warn: Highest ARM exception-level set to AArch64 but the workload is for AArch32. Assuming you wanted these to match.
build/ARM/base/vnc/vncserver.cc:163: warn: Sockets disabled, not accepting vnc client connections
build/ARM/dev/serial/terminal.cc:170: warn: Sockets disabled, not accepting terminal connections
build/ARM/base/remote_gdb.cc:377: warn: Sockets disabled, not accepting gdb connections
build/ARM/mem/coherent_xbar.cc:140: warn: CoherentXBar system.lenet5_clstr.coherency_bus has no snooping ports attached!
build/ARM/dev/arm/energy_ctrl.cc:252: warn: Existing EnergyCtrl, but no enabled DVFSHandler found.
gem5 Simulator System.  http://gem5.org
gem5 is copyrighted software; use the --copyright option for details.

gem5 version 21.1.0.1
gem5 compiled May  4 2026 18:12:38
gem5 started May  4 2026 18:13:27
gem5 executing on 3b7fb6fd27b8, pid 2580763
command line: /gem5-SALAM/build/ARM/gem5.opt --listener-mode=off --outdir=/gem5-SALAM/BM_ARM_OUT/run_all/lenet_a/aia-kd /gem5-SALAM/configs/SALAM/fs_lenet_a.py --mem-size=4GB --mem-type=DDR4_2400_8x8 --machine-type=VExpress_GEM5_V1 --dtb-file=none --bare-metal --cpu-type=DerivO3CPU --caches --l2cache --kernel=/gem5-SALAM/benchmarks/lenet/design_a/sw/main.elf --disk-image=/gem5-SALAM/benchmarks/common/fake.iso --accpath=/gem5-SALAM/benchmarks/lenet/design_a --accbench=lenet_a --enable-kernel-validation --kernel-validation-latency 8367000

[HWAccConfig] Kernel validation ENABLED: latency=8367000, int=172, pid=17
[HWAccConfig] Kernel validation ENABLED: latency=8367000, int=172, pid=17
[HWAccConfig] Kernel validation ENABLED: latency=8367000, int=172, pid=17
[HWAccConfig] Kernel validation ENABLED: latency=8367000, int=172, pid=17
[HWAccConfig] Kernel validation ENABLED: latency=8367000, int=172, pid=17
[HWAccConfig] Kernel validation ENABLED: latency=8367000, int=172, pid=17
[HWAccConfig] Kernel validation ENABLED: latency=8367000, int=172, pid=17
**** REAL SIMULATION ****
warn: iobus.slave is deprecated. `slave` is now called `cpu_side_ports`
warn: bridge.master is deprecated. `master` is now called `mem_side_port`
warn: membus.master is deprecated. `master` is now called `mem_side_ports`
warn: bridge.slave is deprecated. `slave` is now called `cpu_side_port`
warn: membus.slave is deprecated. `slave` is now called `cpu_side_ports`
warn: tol2bus.master is deprecated. `master` is now called `mem_side_ports`
warn: membus.slave is deprecated. `slave` is now called `cpu_side_ports`
warn: tol2bus.slave is deprecated. `slave` is now called `cpu_side_ports`
warn: tol2bus.slave is deprecated. `slave` is now called `cpu_side_ports`
warn: tol2bus.slave is deprecated. `slave` is now called `cpu_side_ports`
warn: tol2bus.slave is deprecated. `slave` is now called `cpu_side_ports`
warn: membus.slave is deprecated. `slave` is now called `cpu_side_ports`
warn: coherency_bus.master is deprecated. `master` is now called `mem_side_ports`
warn: No dot file generated. Please install pydot to generate the dot file and pdf.
build/ARM/sim/simulate.cc:107: info: Entering event queue @ 0.  Starting simulation...
********************************************************************************
system.lenet5_clstr.conv0.llvm_interface
Total Area: 6604.76
Total Power Static: 7702.37

Total Power Dynamic: 186527
   ========= Performance Analysis =============
   Setup Time:                      0h 0m 0s 0ms 953us
   Simulation Time (Total):         0h 0m 50s 104ms
   Simulation Time (Active):        0h 0m 7s 273ms
        Queue Processing Time:      0h 0m 7s 158ms
             Scheduling Time:       0h 0m 4s 321ms
             Computation Time:      0h 0m 0s 879ms
   System Clock:                    0.1GHz
   Runtime:                         537357 cycles
   Runtime:                         5373.57 us
   Stalls:                          0 cycles
   Executed Nodes:                  537356 cycles

   ========= Kernel Validation Stats ==========
   Kernel validation enabled:       YES
   Configured latency per check:    8.367 us

   --- Access Breakdown ---
   Total memory accesses (validated): 239904
   Cache hits (0 latency):          239899
   Validation requests (full lat):  5
     of which DMA-ctrl writes:      0
   Coalesced waits (partial lat):   0
   Validations denied:              0

   --- Latency Breakdown ---
   Validation request latency:      41.835 us
   Coalesced wait latency:          0 us
   TOTAL SECURITY OVERHEAD:         41.835 us
   Avg latency per validation:      8.367 us
   Avg latency per coalesced wait:  0 us
   Avg overhead per blocked access: 8.367 us

   --- Cache Statistics ---
   Processes with cached pages:     1
   Unique pages validated (total):  6
   Cache hit rate:                  99.9979%

********************************************************************************
system.lenet5_clstr.pool0.llvm_interface
Total Area: 6693.54
Total Power Static: 119.603

Total Power Dynamic: 2263.76
   ========= Performance Analysis =============
   Setup Time:                      0h 0m 0s 4ms 44us
   Simulation Time (Total):         0h 0m 1s 293ms
   Simulation Time (Active):        0h 0m 0s 224ms
        Queue Processing Time:      0h 0m 0s 221ms
             Scheduling Time:       0h 0m 0s 123ms
             Computation Time:      0h 0m 0s 29ms
   System Clock:                    0.1GHz
   Runtime:                         20516 cycles
   Runtime:                         205.16 us
   Stalls:                          0 cycles
   Executed Nodes:                  20515 cycles

   ========= Kernel Validation Stats ==========
   Kernel validation enabled:       YES
   Configured latency per check:    8.367 us

   --- Access Breakdown ---
   Total memory accesses (validated): 5880
   Cache hits (0 latency):          5874
   Validation requests (full lat):  6
     of which DMA-ctrl writes:      0
   Coalesced waits (partial lat):   0
   Validations denied:              0

   --- Latency Breakdown ---
   Validation request latency:      50.202 us
   Coalesced wait latency:          0 us
   TOTAL SECURITY OVERHEAD:         50.202 us
   Avg latency per validation:      8.367 us
   Avg latency per coalesced wait:  0 us
   Avg overhead per blocked access: 8.367 us

   --- Cache Statistics ---
   Processes with cached pages:     1
   Unique pages validated (total):  12
   Cache hit rate:                  99.898%

********************************************************************************
system.lenet5_clstr.conv1.llvm_interface
Total Area: 6784.2
Total Power Static: 15677.5

Total Power Dynamic: 376721
   ========= Performance Analysis =============
   Setup Time:                      0h 0m 0s 1ms 116us
   Simulation Time (Total):         0h 1m 34s 27ms
   Simulation Time (Active):        0h 0m 8s 818ms
        Queue Processing Time:      0h 0m 8s 702ms
             Scheduling Time:       0h 0m 5s 373ms
             Computation Time:      0h 0m 1s 114ms
   System Clock:                    0.1GHz
   Runtime:                         865201 cycles
   Runtime:                         8652.01 us
   Stalls:                          0 cycles
   Executed Nodes:                  865200 cycles

   ========= Kernel Validation Stats ==========
   Kernel validation enabled:       YES
   Configured latency per check:    8.367 us

   --- Access Breakdown ---
   Total memory accesses (validated): 481600
   Cache hits (0 latency):          481595
   Validation requests (full lat):  5
     of which DMA-ctrl writes:      0
   Coalesced waits (partial lat):   0
   Validations denied:              0

   --- Latency Breakdown ---
   Validation request latency:      41.835 us
   Coalesced wait latency:          0 us
   TOTAL SECURITY OVERHEAD:         41.835 us
   Avg latency per validation:      8.367 us
   Avg latency per coalesced wait:  0 us
   Avg overhead per blocked access: 8.367 us

   --- Cache Statistics ---
   Processes with cached pages:     1
   Unique pages validated (total):  17
   Cache hit rate:                  99.999%

********************************************************************************
system.lenet5_clstr.pool1.llvm_interface
Total Area: 6693.54
Total Power Static: 40.6797

Total Power Dynamic: 769.272
   ========= Performance Analysis =============
   Setup Time:                      0h 0m 0s 1ms 6us
   Simulation Time (Total):         0h 0m 0s 261ms
   Simulation Time (Active):        0h 0m 0s 43ms
        Queue Processing Time:      0h 0m 0s 42ms
             Scheduling Time:       0h 0m 0s 24ms
             Computation Time:      0h 0m 0s 5ms
   System Clock:                    0.1GHz
   Runtime:                         6904 cycles
   Runtime:                         69.04 us
   Stalls:                          0 cycles
   Executed Nodes:                  6903 cycles

   ========= Kernel Validation Stats ==========
   Kernel validation enabled:       YES
   Configured latency per check:    8.367 us

   --- Access Breakdown ---
   Total memory accesses (validated): 2000
   Cache hits (0 latency):          1998
   Validation requests (full lat):  2
     of which DMA-ctrl writes:      0
   Coalesced waits (partial lat):   0
   Validations denied:              0

   --- Latency Breakdown ---
   Validation request latency:      16.734 us
   Coalesced wait latency:          0 us
   TOTAL SECURITY OVERHEAD:         16.734 us
   Avg latency per validation:      8.367 us
   Avg latency per coalesced wait:  0 us
   Avg overhead per blocked access: 8.367 us

   --- Cache Statistics ---
   Processes with cached pages:     1
   Unique pages validated (total):  19
   Cache hit rate:                  99.9%

********************************************************************************
system.lenet5_clstr.fc0.llvm_interface
Total Area: 6066.43
Total Power Static: 2891.65

Total Power Dynamic: 75108.6
   ========= Performance Analysis =============
   Setup Time:                      0h 0m 0s 0ms 944us
   Simulation Time (Total):         0h 0m 12s 383ms
   Simulation Time (Active):        0h 0m 1s 434ms
        Queue Processing Time:      0h 0m 1s 412ms
             Scheduling Time:       0h 0m 0s 869ms
             Computation Time:      0h 0m 0s 187ms
   System Clock:                    0.1GHz
   Runtime:                         191689 cycles
   Runtime:                         1916.89 us
   Stalls:                          0 cycles
   Executed Nodes:                  191688 cycles

   ========= Kernel Validation Stats ==========
   Kernel validation enabled:       YES
   Configured latency per check:    8.367 us

   --- Access Breakdown ---
   Total memory accesses (validated): 96120
   Cache hits (0 latency):          96072
   Validation requests (full lat):  48
     of which DMA-ctrl writes:      0
   Coalesced waits (partial lat):   0
   Validations denied:              0

   --- Latency Breakdown ---
   Validation request latency:      401.616 us
   Coalesced wait latency:          0 us
   TOTAL SECURITY OVERHEAD:         401.616 us
   Avg latency per validation:      8.367 us
   Avg latency per coalesced wait:  0 us
   Avg overhead per blocked access: 8.367 us

   --- Cache Statistics ---
   Processes with cached pages:     1
   Unique pages validated (total):  67
   Cache hit rate:                  99.9501%

********************************************************************************
system.lenet5_clstr.fc1.llvm_interface
Total Area: 5707.55
Total Power Static: 605.723

Total Power Dynamic: 15765.7
   ========= Performance Analysis =============
   Setup Time:                      0h 0m 0s 0ms 735us
   Simulation Time (Total):         0h 0m 1s 534ms
   Simulation Time (Active):        0h 0m 0s 236ms
        Queue Processing Time:      0h 0m 0s 232ms
             Scheduling Time:       0h 0m 0s 137ms
             Computation Time:      0h 0m 0s 31ms
   System Clock:                    0.1GHz
   Runtime:                         38853 cycles
   Runtime:                         388.53 us
   Stalls:                          0 cycles
   Executed Nodes:                  38852 cycles

   ========= Kernel Validation Stats ==========
   Kernel validation enabled:       YES
   Configured latency per check:    8.367 us

   --- Access Breakdown ---
   Total memory accesses (validated): 20244
   Cache hits (0 latency):          20234
   Validation requests (full lat):  10
     of which DMA-ctrl writes:      0
   Coalesced waits (partial lat):   0
   Validations denied:              0

   --- Latency Breakdown ---
   Validation request latency:      83.67 us
   Coalesced wait latency:          0 us
   TOTAL SECURITY OVERHEAD:         83.67 us
   Avg latency per validation:      8.367 us
   Avg latency per coalesced wait:  0 us
   Avg overhead per blocked access: 8.367 us

   --- Cache Statistics ---
   Processes with cached pages:     1
   Unique pages validated (total):  77
   Cache hit rate:                  99.9506%

********************************************************************************
system.lenet5_clstr.top.llvm_interface
Total Area: 1007.4
Total Power Static: 72.5726

Total Power Dynamic: 356.634
   ========= Performance Analysis =============
   Setup Time:                      0h 0m 0s 17ms 302us
   Simulation Time (Total):         0h 2m 45s 128ms
   Simulation Time (Active):        0h 0m 1s 788ms
        Queue Processing Time:      0h 0m 1s 577ms
             Scheduling Time:       0h 0m 0s 707ms
             Computation Time:      0h 0m 0s 90ms
   System Clock:                    0.1GHz
   Runtime:                         1781087 cycles
   Runtime:                         17810.9 us
   Stalls:                          0 cycles
   Executed Nodes:                  1781086 cycles

   ========= Kernel Validation Stats ==========
   Kernel validation enabled:       YES
   Configured latency per check:    8.367 us

   --- Access Breakdown ---
   Total memory accesses (validated): 118807
   Cache hits (0 latency):          118750
   Validation requests (full lat):  57
     of which DMA-ctrl writes:      56
   Coalesced waits (partial lat):   0
   Validations denied:              0

   --- Latency Breakdown ---
   Validation request latency:      1179.75 us
   Coalesced wait latency:          0 us
   TOTAL SECURITY OVERHEAD:         1179.75 us
   Avg latency per validation:      20.6973 us
   Avg latency per coalesced wait:  0 us
   Avg overhead per blocked access: 20.6973 us

   --- Cache Statistics ---
   Processes with cached pages:     1
   Unique pages validated (total):  77
   Cache hit rate:                  99.952%

Exiting @ tick 17889682000 because m5_exit instruction encountered
