build/ARM/base/statistics.hh:277: warn: One of the stats is a legacy stat. Legacy stat is a stat that does not belong to any statistics::Group. Legacy stat is deprecated.
Global frequency set at 1000000000000 ticks per second
build/ARM/mem/mem_interface.cc:793: warn: DRAM device capacity (16384 Mbytes) does not match the address range assigned (4096 Mbytes)
build/ARM/sim/kernel_workload.cc:46: info: kernel located at: /gem5-SALAM/benchmarks/sys_validation/gemm/sw/main.elf
build/ARM/arch/arm/system.cc:95: warn: Highest ARM exception-level set to AArch64 but the workload is for AArch32. Assuming you wanted these to match.
build/ARM/base/vnc/vncserver.cc:163: warn: Sockets disabled, not accepting vnc client connections
build/ARM/dev/serial/terminal.cc:170: warn: Sockets disabled, not accepting terminal connections
build/ARM/base/remote_gdb.cc:377: warn: Sockets disabled, not accepting gdb connections
build/ARM/mem/coherent_xbar.cc:140: warn: CoherentXBar system.gemm_clstr.coherency_bus has no snooping ports attached!
build/ARM/dev/arm/energy_ctrl.cc:252: warn: Existing EnergyCtrl, but no enabled DVFSHandler found.
gem5 Simulator System.  http://gem5.org
gem5 is copyrighted software; use the --copyright option for details.

gem5 version 21.1.0.1
gem5 compiled May  4 2026 18:12:38
gem5 started May  4 2026 18:13:24
gem5 executing on 3b7fb6fd27b8, pid 2580183
command line: /gem5-SALAM/build/ARM/gem5.opt --listener-mode=off --outdir=/gem5-SALAM/BM_ARM_OUT/run_all/gemm/iommu_e8_m500ns /gem5-SALAM/configs/SALAM/fs_gemm.py --mem-size=4GB --mem-type=DDR4_2400_8x8 --machine-type=VExpress_GEM5_V1 --dtb-file=none --bare-metal --cpu-type=DerivO3CPU --caches --l2cache --kernel=/gem5-SALAM/benchmarks/sys_validation/gemm/sw/main.elf --disk-image=/gem5-SALAM/benchmarks/common/fake.iso --accpath=/gem5-SALAM/benchmarks/sys_validation/gemm --accbench=gemm --enable-iommu --iotlb-entries 8 --iotlb-hit-latency 2000 --iotlb-miss-latency 500000

[HWAccConfig] IOMMU ENABLED: entries=8, hit_lat=2000, miss_lat=500000
[HWAccConfig] IOMMU ENABLED: entries=8, hit_lat=2000, miss_lat=500000
**** REAL SIMULATION ****
warn: iobus.slave is deprecated. `slave` is now called `cpu_side_ports`
warn: bridge.master is deprecated. `master` is now called `mem_side_port`
warn: membus.master is deprecated. `master` is now called `mem_side_ports`
warn: bridge.slave is deprecated. `slave` is now called `cpu_side_port`
warn: membus.slave is deprecated. `slave` is now called `cpu_side_ports`
warn: tol2bus.master is deprecated. `master` is now called `mem_side_ports`
warn: membus.slave is deprecated. `slave` is now called `cpu_side_ports`
warn: tol2bus.slave is deprecated. `slave` is now called `cpu_side_ports`
warn: tol2bus.slave is deprecated. `slave` is now called `cpu_side_ports`
warn: tol2bus.slave is deprecated. `slave` is now called `cpu_side_ports`
warn: tol2bus.slave is deprecated. `slave` is now called `cpu_side_ports`
warn: membus.slave is deprecated. `slave` is now called `cpu_side_ports`
warn: coherency_bus.master is deprecated. `master` is now called `mem_side_ports`
warn: No dot file generated. Please install pydot to generate the dot file and pdf.
build/ARM/sim/simulate.cc:107: info: Entering event queue @ 0.  Starting simulation...
********************************************************************************
system.gemm_clstr.gemm.llvm_interface
Total Area: 39679.6
Total Power Static: 2379.68

Total Power Dynamic: 30006.4
   ========= Performance Analysis =============
   Setup Time:                      0h 0m 0s 68ms 930us
   Simulation Time (Total):         0h 2m 48s 127ms
   Simulation Time (Active):        0h 0m 38s 370ms
        Queue Processing Time:      0h 0m 38s 268ms
             Scheduling Time:       0h 0m 20s 884ms
             Computation Time:      0h 0m 2s 365ms
   System Clock:                    0.1GHz
   Runtime:                         2083308 cycles
   Runtime:                         20833.1 us
   Stalls:                          0 cycles
   Executed Nodes:                  2083307 cycles

   ========= Kernel Validation Stats ==========
   Kernel validation enabled:       NO
   Configured latency per check:    0 us

   --- Access Breakdown ---
   Total memory accesses (validated): 0
   Cache hits (0 latency):          0
   Validation requests (full lat):  0
     of which DMA-ctrl writes:      0
   Coalesced waits (partial lat):   0
   Validations denied:              0

   --- Latency Breakdown ---
   Validation request latency:      0 us
   Coalesced wait latency:          0 us
   TOTAL SECURITY OVERHEAD:         0 us
   Avg latency per validation:      0 us
   Avg latency per coalesced wait:  0 us
   Avg overhead per blocked access: 0 us

   --- Cache Statistics ---
   Processes with cached pages:     0
   Unique pages validated (total):  0
   Cache hit rate:                  0%

   ========= IOMMU Stats =====================
   IOMMU enabled:                   YES
   IOMMU SimObject:                 system.gemm_clstr.iommu

   --- Access Breakdown ---
   Total IOMMU checks:              564741
   IOTLB hits:                      525707
   IOTLB misses (page walks):       39034
   IOTLB hit rate:                  93.0882%

   --- Latency Breakdown ---
   TOTAL IOMMU OVERHEAD:            20568.4 us
   Avg latency per access:          0.036421 us

********************************************************************************
system.gemm_clstr.top.llvm_interface
Total Area: 201.48
Total Power Static: 21.7214

Total Power Dynamic: 106.742
   ========= Performance Analysis =============
   Setup Time:                      0h 0m 0s 10ms 141us
   Simulation Time (Total):         0h 2m 48s 783ms
   Simulation Time (Active):        0h 0m 1s 115ms
        Queue Processing Time:      0h 0m 0s 882ms
             Scheduling Time:       0h 0m 0s 293ms
             Computation Time:      0h 0m 0s 60ms
   System Clock:                    0.1GHz
   Runtime:                         2094266 cycles
   Runtime:                         20942.7 us
   Stalls:                          0 cycles
   Executed Nodes:                  2094265 cycles

   ========= Kernel Validation Stats ==========
   Kernel validation enabled:       NO
   Configured latency per check:    0 us

   --- Access Breakdown ---
   Total memory accesses (validated): 0
   Cache hits (0 latency):          0
   Validation requests (full lat):  0
     of which DMA-ctrl writes:      0
   Coalesced waits (partial lat):   0
   Validations denied:              0

   --- Latency Breakdown ---
   Validation request latency:      0 us
   Coalesced wait latency:          0 us
   TOTAL SECURITY OVERHEAD:         0 us
   Avg latency per validation:      0 us
   Avg latency per coalesced wait:  0 us
   Avg overhead per blocked access: 0 us

   --- Cache Statistics ---
   Processes with cached pages:     0
   Unique pages validated (total):  0
   Cache hit rate:                  0%

   ========= IOMMU Stats =====================
   IOMMU enabled:                   YES
   IOMMU SimObject:                 system.gemm_clstr.iommu

   --- Access Breakdown ---
   Total IOMMU checks:              565474
   IOTLB hits:                      526432
   IOTLB misses (page walks):       39042
   IOTLB hit rate:                  93.0957%

   --- Latency Breakdown ---
   TOTAL IOMMU OVERHEAD:            20573.9 us
   Avg latency per access:          0.0363834 us

Exiting @ tick 462766605000 because m5_exit instruction encountered
