build/ARM/base/statistics.hh:277: warn: One of the stats is a legacy stat. Legacy stat is a stat that does not belong to any statistics::Group. Legacy stat is deprecated.
Global frequency set at 1000000000000 ticks per second
build/ARM/mem/mem_interface.cc:793: warn: DRAM device capacity (16384 Mbytes) does not match the address range assigned (4096 Mbytes)
build/ARM/sim/kernel_workload.cc:46: info: kernel located at: /gem5-SALAM/benchmarks/lenet/design_b/sw/main.elf
build/ARM/arch/arm/system.cc:95: warn: Highest ARM exception-level set to AArch64 but the workload is for AArch32. Assuming you wanted these to match.
build/ARM/base/vnc/vncserver.cc:163: warn: Sockets disabled, not accepting vnc client connections
build/ARM/dev/serial/terminal.cc:170: warn: Sockets disabled, not accepting terminal connections
build/ARM/base/remote_gdb.cc:377: warn: Sockets disabled, not accepting gdb connections
build/ARM/mem/coherent_xbar.cc:140: warn: CoherentXBar system.lenet5_clstr.coherency_bus has no snooping ports attached!
build/ARM/dev/arm/energy_ctrl.cc:252: warn: Existing EnergyCtrl, but no enabled DVFSHandler found.
gem5 Simulator System.  http://gem5.org
gem5 is copyrighted software; use the --copyright option for details.

gem5 version 21.1.0.1
gem5 compiled May  6 2026 03:05:39
gem5 started May  6 2026 03:06:29
gem5 executing on 3b7fb6fd27b8, pid 3651001
command line: /gem5-SALAM/build/ARM/gem5.opt --listener-mode=off --outdir=/gem5-SALAM/BM_ARM_OUT/run_all/lenet_b/iommu_e16_m250ns /gem5-SALAM/configs/SALAM/fs_lenet_b.py --mem-size=4GB --mem-type=DDR4_2400_8x8 --machine-type=VExpress_GEM5_V1 --dtb-file=none --bare-metal --cpu-type=DerivO3CPU --caches --l2cache --kernel=/gem5-SALAM/benchmarks/lenet/design_b/sw/main.elf --disk-image=/gem5-SALAM/benchmarks/common/fake.iso --accpath=/gem5-SALAM/benchmarks/lenet/design_b --accbench=lenet_b --enable-iommu --iotlb-entries 16 --iotlb-hit-latency 2000 --iotlb-miss-latency 250000

[HWAccConfig] IOMMU ENABLED: entries=16, hit_lat=2000, miss_lat=250000
[HWAccConfig] IOMMU ENABLED: entries=16, hit_lat=2000, miss_lat=250000
[HWAccConfig] IOMMU ENABLED: entries=16, hit_lat=2000, miss_lat=250000
[HWAccConfig] IOMMU ENABLED: entries=16, hit_lat=2000, miss_lat=250000
[HWAccConfig] IOMMU ENABLED: entries=16, hit_lat=2000, miss_lat=250000
[HWAccConfig] IOMMU ENABLED: entries=16, hit_lat=2000, miss_lat=250000
[HWAccConfig] IOMMU ENABLED: entries=16, hit_lat=2000, miss_lat=250000
[HWAccConfig] IOMMU ENABLED: entries=16, hit_lat=2000, miss_lat=250000
[HWAccConfig] IOMMU ENABLED: entries=16, hit_lat=2000, miss_lat=250000
[HWAccConfig] IOMMU ENABLED: entries=16, hit_lat=2000, miss_lat=250000
[HWAccConfig] IOMMU ENABLED: entries=16, hit_lat=2000, miss_lat=250000
[HWAccConfig] IOMMU ENABLED: entries=16, hit_lat=2000, miss_lat=250000
**** REAL SIMULATION ****
warn: iobus.slave is deprecated. `slave` is now called `cpu_side_ports`
warn: bridge.master is deprecated. `master` is now called `mem_side_port`
warn: membus.master is deprecated. `master` is now called `mem_side_ports`
warn: bridge.slave is deprecated. `slave` is now called `cpu_side_port`
warn: membus.slave is deprecated. `slave` is now called `cpu_side_ports`
warn: tol2bus.master is deprecated. `master` is now called `mem_side_ports`
warn: membus.slave is deprecated. `slave` is now called `cpu_side_ports`
warn: tol2bus.slave is deprecated. `slave` is now called `cpu_side_ports`
warn: tol2bus.slave is deprecated. `slave` is now called `cpu_side_ports`
warn: tol2bus.slave is deprecated. `slave` is now called `cpu_side_ports`
warn: tol2bus.slave is deprecated. `slave` is now called `cpu_side_ports`
warn: membus.slave is deprecated. `slave` is now called `cpu_side_ports`
warn: coherency_bus.master is deprecated. `master` is now called `mem_side_ports`
warn: No dot file generated. Please install pydot to generate the dot file and pdf.
build/ARM/sim/simulate.cc:107: info: Entering event queue @ 0.  Starting simulation...
********************************************************************************
system.lenet5_clstr.conv0.llvm_interface
Total Area: 6604.76
Total Power Static: 7702.37

Total Power Dynamic: 186527
   ========= Performance Analysis =============
   Setup Time:                      0h 0m 0s 0ms 995us
   Simulation Time (Total):         0h 3m 35s 985ms
   Simulation Time (Active):        0h 0m 5s 980ms
        Queue Processing Time:      0h 0m 5s 896ms
             Scheduling Time:       0h 0m 3s 339ms
             Computation Time:      0h 0m 0s 702ms
   System Clock:                    0.1GHz
   Runtime:                         533820 cycles
   Runtime:                         5338.2 us
   Stalls:                          0 cycles
   Executed Nodes:                  533819 cycles

   ========= Kernel Validation Stats ==========
   Kernel validation enabled:       NO
   Configured latency per check:    0 us

   --- Access Breakdown ---
   Total memory accesses (validated): 0
   Cache hits (0 latency):          0
   Validation requests (full lat):  0
     of which DMA-ctrl writes:      0
   Coalesced waits (partial lat):   0
   Validations denied:              0

   --- Latency Breakdown ---
   Validation request latency:      0 us
   Coalesced wait latency:          0 us
   TOTAL SECURITY OVERHEAD:         0 us
   Avg latency per validation:      0 us
   Avg latency per coalesced wait:  0 us
   Avg overhead per blocked access: 0 us

   --- Cache Statistics ---
   Processes with cached pages:     0
   Unique pages validated (total):  0
   Cache hit rate:                  0%

   ========= IOMMU Stats =====================
   IOMMU enabled:                   YES
   IOMMU SimObject:                 system.lenet5_clstr.iommu

   --- Access Breakdown ---
   Total IOMMU checks:              499048
   IOTLB hits:                      499000
   IOTLB misses (page walks):       48
   IOTLB hit rate:                  99.9904%

   --- Latency Breakdown ---
   TOTAL IOMMU OVERHEAD:            1010 us
   Avg latency per access:          0.00202385 us

********************************************************************************
system.lenet5_clstr.data_mover_0.llvm_interface
Total Area: 921.141
Total Power Static: 46.5935

Total Power Dynamic: 530.888
   ========= Performance Analysis =============
   Setup Time:                      0h 0m 0s 0ms 702us
   Simulation Time (Total):         0h 3m 35s 977ms
   Simulation Time (Active):        0h 0m 0s 283ms
        Queue Processing Time:      0h 0m 0s 223ms
             Scheduling Time:       0h 0m 0s 86ms
             Computation Time:      0h 0m 0s 16ms
   System Clock:                    0.1GHz
   Runtime:                         533795 cycles
   Runtime:                         5337.95 us
   Stalls:                          0 cycles
   Executed Nodes:                  533794 cycles

   ========= Kernel Validation Stats ==========
   Kernel validation enabled:       NO
   Configured latency per check:    0 us

   --- Access Breakdown ---
   Total memory accesses (validated): 0
   Cache hits (0 latency):          0
   Validation requests (full lat):  0
     of which DMA-ctrl writes:      0
   Coalesced waits (partial lat):   0
   Validations denied:              0

   --- Latency Breakdown ---
   Validation request latency:      0 us
   Coalesced wait latency:          0 us
   TOTAL SECURITY OVERHEAD:         0 us
   Avg latency per validation:      0 us
   Avg latency per coalesced wait:  0 us
   Avg overhead per blocked access: 0 us

   --- Cache Statistics ---
   Processes with cached pages:     0
   Unique pages validated (total):  0
   Cache hit rate:                  0%

   ========= IOMMU Stats =====================
   IOMMU enabled:                   YES
   IOMMU SimObject:                 system.lenet5_clstr.iommu

   --- Access Breakdown ---
   Total IOMMU checks:              499049
   IOTLB hits:                      499001
   IOTLB misses (page walks):       48
   IOTLB hit rate:                  99.9904%

   --- Latency Breakdown ---
   TOTAL IOMMU OVERHEAD:            1010 us
   Avg latency per access:          0.00202385 us

********************************************************************************
system.lenet5_clstr.pool0.llvm_interface
Total Area: 6693.54
Total Power Static: 119.603

Total Power Dynamic: 2263.76
   ========= Performance Analysis =============
   Setup Time:                      0h 0m 0s 0ms 982us
   Simulation Time (Total):         0h 3m 35s 968ms
   Simulation Time (Active):        0h 0m 0s 299ms
        Queue Processing Time:      0h 0m 0s 250ms
             Scheduling Time:       0h 0m 0s 97ms
             Computation Time:      0h 0m 0s 21ms
   System Clock:                    0.1GHz
   Runtime:                         533761 cycles
   Runtime:                         5337.61 us
   Stalls:                          0 cycles
   Executed Nodes:                  533760 cycles

   ========= Kernel Validation Stats ==========
   Kernel validation enabled:       NO
   Configured latency per check:    0 us

   --- Access Breakdown ---
   Total memory accesses (validated): 0
   Cache hits (0 latency):          0
   Validation requests (full lat):  0
     of which DMA-ctrl writes:      0
   Coalesced waits (partial lat):   0
   Validations denied:              0

   --- Latency Breakdown ---
   Validation request latency:      0 us
   Coalesced wait latency:          0 us
   TOTAL SECURITY OVERHEAD:         0 us
   Avg latency per validation:      0 us
   Avg latency per coalesced wait:  0 us
   Avg overhead per blocked access: 0 us

   --- Cache Statistics ---
   Processes with cached pages:     0
   Unique pages validated (total):  0
   Cache hit rate:                  0%

   ========= IOMMU Stats =====================
   IOMMU enabled:                   YES
   IOMMU SimObject:                 system.lenet5_clstr.iommu

   --- Access Breakdown ---
   Total IOMMU checks:              499052
   IOTLB hits:                      499004
   IOTLB misses (page walks):       48
   IOTLB hit rate:                  99.9904%

   --- Latency Breakdown ---
   TOTAL IOMMU OVERHEAD:            1010.01 us
   Avg latency per access:          0.00202385 us

********************************************************************************
system.lenet5_clstr.data_mover_1.llvm_interface
Total Area: 921.141
Total Power Static: 11.6632

Total Power Dynamic: 132.822
   ========= Performance Analysis =============
   Setup Time:                      0h 0m 0s 6ms 708us
   Simulation Time (Total):         0h 3m 35s 961ms
   Simulation Time (Active):        0h 0m 0s 171ms
        Queue Processing Time:      0h 0m 0s 110ms
             Scheduling Time:       0h 0m 0s 17ms
             Computation Time:      0h 0m 0s 3ms
   System Clock:                    0.1GHz
   Runtime:                         533756 cycles
   Runtime:                         5337.56 us
   Stalls:                          0 cycles
   Executed Nodes:                  533755 cycles

   ========= Kernel Validation Stats ==========
   Kernel validation enabled:       NO
   Configured latency per check:    0 us

   --- Access Breakdown ---
   Total memory accesses (validated): 0
   Cache hits (0 latency):          0
   Validation requests (full lat):  0
     of which DMA-ctrl writes:      0
   Coalesced waits (partial lat):   0
   Validations denied:              0

   --- Latency Breakdown ---
   Validation request latency:      0 us
   Coalesced wait latency:          0 us
   TOTAL SECURITY OVERHEAD:         0 us
   Avg latency per validation:      0 us
   Avg latency per coalesced wait:  0 us
   Avg overhead per blocked access: 0 us

   --- Cache Statistics ---
   Processes with cached pages:     0
   Unique pages validated (total):  0
   Cache hit rate:                  0%

   ========= IOMMU Stats =====================
   IOMMU enabled:                   YES
   IOMMU SimObject:                 system.lenet5_clstr.iommu

   --- Access Breakdown ---
   Total IOMMU checks:              499056
   IOTLB hits:                      499008
   IOTLB misses (page walks):       48
   IOTLB hit rate:                  99.9904%

   --- Latency Breakdown ---
   TOTAL IOMMU OVERHEAD:            1010.02 us
   Avg latency per access:          0.00202385 us

********************************************************************************
system.lenet5_clstr.data_mover_2.llvm_interface
Total Area: 921.141
Total Power Static: 15.4509

Total Power Dynamic: 178.201
   ========= Performance Analysis =============
   Setup Time:                      0h 0m 0s 0ms 743us
   Simulation Time (Total):         0h 4m 43s 231ms
   Simulation Time (Active):        0h 0m 0s 218ms
        Queue Processing Time:      0h 0m 0s 126ms
             Scheduling Time:       0h 0m 0s 16ms
             Computation Time:      0h 0m 0s 2ms
   System Clock:                    0.1GHz
   Runtime:                         1040271 cycles
   Runtime:                         10402.7 us
   Stalls:                          0 cycles
   Executed Nodes:                  1040270 cycles

   ========= Kernel Validation Stats ==========
   Kernel validation enabled:       NO
   Configured latency per check:    0 us

   --- Access Breakdown ---
   Total memory accesses (validated): 0
   Cache hits (0 latency):          0
   Validation requests (full lat):  0
     of which DMA-ctrl writes:      0
   Coalesced waits (partial lat):   0
   Validations denied:              0

   --- Latency Breakdown ---
   Validation request latency:      0 us
   Coalesced wait latency:          0 us
   TOTAL SECURITY OVERHEAD:         0 us
   Avg latency per validation:      0 us
   Avg latency per coalesced wait:  0 us
   Avg overhead per blocked access: 0 us

   --- Cache Statistics ---
   Processes with cached pages:     0
   Unique pages validated (total):  0
   Cache hit rate:                  0%

   ========= IOMMU Stats =====================
   IOMMU enabled:                   YES
   IOMMU SimObject:                 system.lenet5_clstr.iommu

   --- Access Breakdown ---
   Total IOMMU checks:              822175
   IOTLB hits:                      822097
   IOTLB misses (page walks):       78
   IOTLB hit rate:                  99.9905%

   --- Latency Breakdown ---
   TOTAL IOMMU OVERHEAD:            1663.69 us
   Avg latency per access:          0.00202353 us

********************************************************************************
system.lenet5_clstr.conv1.llvm_interface
Total Area: 6784.2
Total Power Static: 15677.5

Total Power Dynamic: 376721
   ========= Performance Analysis =============
   Setup Time:                      0h 0m 0s 1ms 151us
   Simulation Time (Total):         0h 4m 43s 248ms
   Simulation Time (Active):        0h 0m 5s 303ms
        Queue Processing Time:      0h 0m 5s 201ms
             Scheduling Time:       0h 0m 3s 78ms
             Computation Time:      0h 0m 0s 628ms
   System Clock:                    0.1GHz
   Runtime:                         1040297 cycles
   Runtime:                         10403 us
   Stalls:                          0 cycles
   Executed Nodes:                  1040296 cycles

   ========= Kernel Validation Stats ==========
   Kernel validation enabled:       NO
   Configured latency per check:    0 us

   --- Access Breakdown ---
   Total memory accesses (validated): 0
   Cache hits (0 latency):          0
   Validation requests (full lat):  0
     of which DMA-ctrl writes:      0
   Coalesced waits (partial lat):   0
   Validations denied:              0

   --- Latency Breakdown ---
   Validation request latency:      0 us
   Coalesced wait latency:          0 us
   TOTAL SECURITY OVERHEAD:         0 us
   Avg latency per validation:      0 us
   Avg latency per coalesced wait:  0 us
   Avg overhead per blocked access: 0 us

   --- Cache Statistics ---
   Processes with cached pages:     0
   Unique pages validated (total):  0
   Cache hit rate:                  0%

   ========= IOMMU Stats =====================
   IOMMU enabled:                   YES
   IOMMU SimObject:                 system.lenet5_clstr.iommu

   --- Access Breakdown ---
   Total IOMMU checks:              822175
   IOTLB hits:                      822097
   IOTLB misses (page walks):       78
   IOTLB hit rate:                  99.9905%

   --- Latency Breakdown ---
   TOTAL IOMMU OVERHEAD:            1663.69 us
   Avg latency per access:          0.00202353 us

********************************************************************************
system.lenet5_clstr.pool1.llvm_interface
Total Area: 6693.54
Total Power Static: 40.6797

Total Power Dynamic: 769.272
   ========= Performance Analysis =============
   Setup Time:                      0h 0m 0s 0ms 998us
   Simulation Time (Total):         0h 4m 43s 186ms
   Simulation Time (Active):        0h 0m 0s 232ms
        Queue Processing Time:      0h 0m 0s 130ms
             Scheduling Time:       0h 0m 0s 18ms
             Computation Time:      0h 0m 0s 3ms
   System Clock:                    0.1GHz
   Runtime:                         1040237 cycles
   Runtime:                         10402.4 us
   Stalls:                          0 cycles
   Executed Nodes:                  1040236 cycles

   ========= Kernel Validation Stats ==========
   Kernel validation enabled:       NO
   Configured latency per check:    0 us

   --- Access Breakdown ---
   Total memory accesses (validated): 0
   Cache hits (0 latency):          0
   Validation requests (full lat):  0
     of which DMA-ctrl writes:      0
   Coalesced waits (partial lat):   0
   Validations denied:              0

   --- Latency Breakdown ---
   Validation request latency:      0 us
   Coalesced wait latency:          0 us
   TOTAL SECURITY OVERHEAD:         0 us
   Avg latency per validation:      0 us
   Avg latency per coalesced wait:  0 us
   Avg overhead per blocked access: 0 us

   --- Cache Statistics ---
   Processes with cached pages:     0
   Unique pages validated (total):  0
   Cache hit rate:                  0%

   ========= IOMMU Stats =====================
   IOMMU enabled:                   YES
   IOMMU SimObject:                 system.lenet5_clstr.iommu

   --- Access Breakdown ---
   Total IOMMU checks:              822176
   IOTLB hits:                      822098
   IOTLB misses (page walks):       78
   IOTLB hit rate:                  99.9905%

   --- Latency Breakdown ---
   TOTAL IOMMU OVERHEAD:            1663.7 us
   Avg latency per access:          0.00202353 us

********************************************************************************
system.lenet5_clstr.data_mover_3.llvm_interface
Total Area: 921.141
Total Power Static: 3.86689

Total Power Dynamic: 44.586
   ========= Performance Analysis =============
   Setup Time:                      0h 0m 0s 0ms 723us
   Simulation Time (Total):         0h 4m 43s 169ms
   Simulation Time (Active):        0h 0m 0s 194ms
        Queue Processing Time:      0h 0m 0s 106ms
             Scheduling Time:       0h 0m 0s 3ms
             Computation Time:      0h 0m 0s 0ms
   System Clock:                    0.1GHz
   Runtime:                         1040232 cycles
   Runtime:                         10402.3 us
   Stalls:                          0 cycles
   Executed Nodes:                  1040231 cycles

   ========= Kernel Validation Stats ==========
   Kernel validation enabled:       NO
   Configured latency per check:    0 us

   --- Access Breakdown ---
   Total memory accesses (validated): 0
   Cache hits (0 latency):          0
   Validation requests (full lat):  0
     of which DMA-ctrl writes:      0
   Coalesced waits (partial lat):   0
   Validations denied:              0

   --- Latency Breakdown ---
   Validation request latency:      0 us
   Coalesced wait latency:          0 us
   TOTAL SECURITY OVERHEAD:         0 us
   Avg latency per validation:      0 us
   Avg latency per coalesced wait:  0 us
   Avg overhead per blocked access: 0 us

   --- Cache Statistics ---
   Processes with cached pages:     0
   Unique pages validated (total):  0
   Cache hit rate:                  0%

   ========= IOMMU Stats =====================
   IOMMU enabled:                   YES
   IOMMU SimObject:                 system.lenet5_clstr.iommu

   --- Access Breakdown ---
   Total IOMMU checks:              822178
   IOTLB hits:                      822100
   IOTLB misses (page walks):       78
   IOTLB hit rate:                  99.9905%

   --- Latency Breakdown ---
   TOTAL IOMMU OVERHEAD:            1663.7 us
   Avg latency per access:          0.00202353 us

********************************************************************************
system.lenet5_clstr.conv2.llvm_interface
Total Area: 6066.43
Total Power Static: 2891.65

Total Power Dynamic: 75108.6
   ========= Performance Analysis =============
   Setup Time:                      0h 0m 0s 0ms 937us
   Simulation Time (Total):         0h 4m 55s 780ms
   Simulation Time (Active):        0h 0m 0s 961ms
        Queue Processing Time:      0h 0m 0s 850ms
             Scheduling Time:       0h 0m 0s 463ms
             Computation Time:      0h 0m 0s 93ms
   System Clock:                    0.1GHz
   Runtime:                         1335848 cycles
   Runtime:                         13358.5 us
   Stalls:                          0 cycles
   Executed Nodes:                  1335847 cycles

   ========= Kernel Validation Stats ==========
   Kernel validation enabled:       NO
   Configured latency per check:    0 us

   --- Access Breakdown ---
   Total memory accesses (validated): 0
   Cache hits (0 latency):          0
   Validation requests (full lat):  0
     of which DMA-ctrl writes:      0
   Coalesced waits (partial lat):   0
   Validations denied:              0

   --- Latency Breakdown ---
   Validation request latency:      0 us
   Coalesced wait latency:          0 us
   TOTAL SECURITY OVERHEAD:         0 us
   Avg latency per validation:      0 us
   Avg latency per coalesced wait:  0 us
   Avg overhead per blocked access: 0 us

   --- Cache Statistics ---
   Processes with cached pages:     0
   Unique pages validated (total):  0
   Cache hit rate:                  0%

   ========= IOMMU Stats =====================
   IOMMU enabled:                   YES
   IOMMU SimObject:                 system.lenet5_clstr.iommu

   --- Access Breakdown ---
   Total IOMMU checks:              931201
   IOTLB hits:                      925300
   IOTLB misses (page walks):       5901
   IOTLB hit rate:                  99.3663%

   --- Latency Breakdown ---
   TOTAL IOMMU OVERHEAD:            3325.85 us
   Avg latency per access:          0.00357157 us

********************************************************************************
system.lenet5_clstr.data_mover_4.llvm_interface
Total Area: 562.255
Total Power Static: 1.13697

Total Power Dynamic: 13.2473
   ========= Performance Analysis =============
   Setup Time:                      0h 0m 0s 6ms 678us
   Simulation Time (Total):         0h 4m 55s 736ms
   Simulation Time (Active):        0h 0m 0s 203ms
        Queue Processing Time:      0h 0m 0s 96ms
             Scheduling Time:       0h 0m 0s 0ms
             Computation Time:      0h 0m 0s 0ms
   System Clock:                    0.1GHz
   Runtime:                         1335824 cycles
   Runtime:                         13358.2 us
   Stalls:                          0 cycles
   Executed Nodes:                  1335823 cycles

   ========= Kernel Validation Stats ==========
   Kernel validation enabled:       NO
   Configured latency per check:    0 us

   --- Access Breakdown ---
   Total memory accesses (validated): 0
   Cache hits (0 latency):          0
   Validation requests (full lat):  0
     of which DMA-ctrl writes:      0
   Coalesced waits (partial lat):   0
   Validations denied:              0

   --- Latency Breakdown ---
   Validation request latency:      0 us
   Coalesced wait latency:          0 us
   TOTAL SECURITY OVERHEAD:         0 us
   Avg latency per validation:      0 us
   Avg latency per coalesced wait:  0 us
   Avg overhead per blocked access: 0 us

   --- Cache Statistics ---
   Processes with cached pages:     0
   Unique pages validated (total):  0
   Cache hit rate:                  0%

   ========= IOMMU Stats =====================
   IOMMU enabled:                   YES
   IOMMU SimObject:                 system.lenet5_clstr.iommu

   --- Access Breakdown ---
   Total IOMMU checks:              931203
   IOTLB hits:                      925302
   IOTLB misses (page walks):       5901
   IOTLB hit rate:                  99.3663%

   --- Latency Breakdown ---
   TOTAL IOMMU OVERHEAD:            3325.85 us
   Avg latency per access:          0.00357157 us

********************************************************************************
system.lenet5_clstr.fc0.llvm_interface
Total Area: 5707.55
Total Power Static: 605.723

Total Power Dynamic: 15765.7
   ========= Performance Analysis =============
   Setup Time:                      0h 0m 0s 0ms 748us
   Simulation Time (Total):         0h 4m 56s 396ms
   Simulation Time (Active):        0h 0m 0s 333ms
        Queue Processing Time:      0h 0m 0s 220ms
             Scheduling Time:       0h 0m 0s 67ms
             Computation Time:      0h 0m 0s 15ms
   System Clock:                    0.1GHz
   Runtime:                         1366170 cycles
   Runtime:                         13661.7 us
   Stalls:                          0 cycles
   Executed Nodes:                  1366169 cycles

   ========= Kernel Validation Stats ==========
   Kernel validation enabled:       NO
   Configured latency per check:    0 us

   --- Access Breakdown ---
   Total memory accesses (validated): 0
   Cache hits (0 latency):          0
   Validation requests (full lat):  0
     of which DMA-ctrl writes:      0
   Coalesced waits (partial lat):   0
   Validations denied:              0

   --- Latency Breakdown ---
   Validation request latency:      0 us
   Coalesced wait latency:          0 us
   TOTAL SECURITY OVERHEAD:         0 us
   Avg latency per validation:      0 us
   Avg latency per coalesced wait:  0 us
   Avg overhead per blocked access: 0 us

   --- Cache Statistics ---
   Processes with cached pages:     0
   Unique pages validated (total):  0
   Cache hit rate:                  0%

   ========= IOMMU Stats =====================
   IOMMU enabled:                   YES
   IOMMU SimObject:                 system.lenet5_clstr.iommu

   --- Access Breakdown ---
   Total IOMMU checks:              953363
   IOTLB hits:                      947452
   IOTLB misses (page walks):       5911
   IOTLB hit rate:                  99.38%

   --- Latency Breakdown ---
   TOTAL IOMMU OVERHEAD:            3372.65 us
   Avg latency per access:          0.00353764 us

********************************************************************************
system.lenet5_clstr.top.llvm_interface
Total Area: 251.85
Total Power Static: 54.8892

Total Power Dynamic: 269.735
   ========= Performance Analysis =============
   Setup Time:                      0h 0m 0s 7ms 814us
   Simulation Time (Total):         0h 4m 57s 118ms
   Simulation Time (Active):        0h 0m 1s 10ms
        Queue Processing Time:      0h 0m 0s 882ms
             Scheduling Time:       0h 0m 0s 339ms
             Computation Time:      0h 0m 0s 49ms
   System Clock:                    0.1GHz
   Runtime:                         1369898 cycles
   Runtime:                         13699 us
   Stalls:                          0 cycles
   Executed Nodes:                  1369897 cycles

   ========= Kernel Validation Stats ==========
   Kernel validation enabled:       NO
   Configured latency per check:    0 us

   --- Access Breakdown ---
   Total memory accesses (validated): 0
   Cache hits (0 latency):          0
   Validation requests (full lat):  0
     of which DMA-ctrl writes:      0
   Coalesced waits (partial lat):   0
   Validations denied:              0

   --- Latency Breakdown ---
   Validation request latency:      0 us
   Coalesced wait latency:          0 us
   TOTAL SECURITY OVERHEAD:         0 us
   Avg latency per validation:      0 us
   Avg latency per coalesced wait:  0 us
   Avg overhead per blocked access: 0 us

   --- Cache Statistics ---
   Processes with cached pages:     0
   Unique pages validated (total):  0
   Cache hit rate:                  0%

   ========= IOMMU Stats =====================
   IOMMU enabled:                   YES
   IOMMU SimObject:                 system.lenet5_clstr.iommu

   --- Access Breakdown ---
   Total IOMMU checks:              953415
   IOTLB hits:                      947502
   IOTLB misses (page walks):       5913
   IOTLB hit rate:                  99.3798%

   --- Latency Breakdown ---
   TOTAL IOMMU OVERHEAD:            3373.25 us
   Avg latency per access:          0.00353808 us

Exiting @ tick 13776360000 because m5_exit instruction encountered
