build/ARM/base/statistics.hh:277: warn: One of the stats is a legacy stat. Legacy stat is a stat that does not belong to any statistics::Group. Legacy stat is deprecated.
Global frequency set at 1000000000000 ticks per second
build/ARM/mem/mem_interface.cc:793: warn: DRAM device capacity (16384 Mbytes) does not match the address range assigned (4096 Mbytes)
build/ARM/sim/kernel_workload.cc:46: info: kernel located at: /gem5-SALAM/benchmarks/lenet/design_b/sw/main.elf
build/ARM/arch/arm/system.cc:95: warn: Highest ARM exception-level set to AArch64 but the workload is for AArch32. Assuming you wanted these to match.
build/ARM/base/vnc/vncserver.cc:163: warn: Sockets disabled, not accepting vnc client connections
build/ARM/dev/serial/terminal.cc:170: warn: Sockets disabled, not accepting terminal connections
build/ARM/base/remote_gdb.cc:377: warn: Sockets disabled, not accepting gdb connections
build/ARM/mem/coherent_xbar.cc:140: warn: CoherentXBar system.lenet5_clstr.coherency_bus has no snooping ports attached!
build/ARM/dev/arm/energy_ctrl.cc:252: warn: Existing EnergyCtrl, but no enabled DVFSHandler found.
gem5 Simulator System.  http://gem5.org
gem5 is copyrighted software; use the --copyright option for details.

gem5 version 21.1.0.1
gem5 compiled May  4 2026 18:12:38
gem5 started May  4 2026 18:13:30
gem5 executing on 3b7fb6fd27b8, pid 2580902
command line: /gem5-SALAM/build/ARM/gem5.opt --listener-mode=off --outdir=/gem5-SALAM/BM_ARM_OUT/run_all/lenet_b/iommu_e16_m1000ns /gem5-SALAM/configs/SALAM/fs_lenet_b.py --mem-size=4GB --mem-type=DDR4_2400_8x8 --machine-type=VExpress_GEM5_V1 --dtb-file=none --bare-metal --cpu-type=DerivO3CPU --caches --l2cache --kernel=/gem5-SALAM/benchmarks/lenet/design_b/sw/main.elf --disk-image=/gem5-SALAM/benchmarks/common/fake.iso --accpath=/gem5-SALAM/benchmarks/lenet/design_b --accbench=lenet_b --enable-iommu --iotlb-entries 16 --iotlb-hit-latency 2000 --iotlb-miss-latency 1000000

[HWAccConfig] IOMMU ENABLED: entries=16, hit_lat=2000, miss_lat=1000000
[HWAccConfig] IOMMU ENABLED: entries=16, hit_lat=2000, miss_lat=1000000
[HWAccConfig] IOMMU ENABLED: entries=16, hit_lat=2000, miss_lat=1000000
[HWAccConfig] IOMMU ENABLED: entries=16, hit_lat=2000, miss_lat=1000000
[HWAccConfig] IOMMU ENABLED: entries=16, hit_lat=2000, miss_lat=1000000
[HWAccConfig] IOMMU ENABLED: entries=16, hit_lat=2000, miss_lat=1000000
[HWAccConfig] IOMMU ENABLED: entries=16, hit_lat=2000, miss_lat=1000000
[HWAccConfig] IOMMU ENABLED: entries=16, hit_lat=2000, miss_lat=1000000
[HWAccConfig] IOMMU ENABLED: entries=16, hit_lat=2000, miss_lat=1000000
[HWAccConfig] IOMMU ENABLED: entries=16, hit_lat=2000, miss_lat=1000000
[HWAccConfig] IOMMU ENABLED: entries=16, hit_lat=2000, miss_lat=1000000
[HWAccConfig] IOMMU ENABLED: entries=16, hit_lat=2000, miss_lat=1000000
**** REAL SIMULATION ****
warn: iobus.slave is deprecated. `slave` is now called `cpu_side_ports`
warn: bridge.master is deprecated. `master` is now called `mem_side_port`
warn: membus.master is deprecated. `master` is now called `mem_side_ports`
warn: bridge.slave is deprecated. `slave` is now called `cpu_side_port`
warn: membus.slave is deprecated. `slave` is now called `cpu_side_ports`
warn: tol2bus.master is deprecated. `master` is now called `mem_side_ports`
warn: membus.slave is deprecated. `slave` is now called `cpu_side_ports`
warn: tol2bus.slave is deprecated. `slave` is now called `cpu_side_ports`
warn: tol2bus.slave is deprecated. `slave` is now called `cpu_side_ports`
warn: tol2bus.slave is deprecated. `slave` is now called `cpu_side_ports`
warn: tol2bus.slave is deprecated. `slave` is now called `cpu_side_ports`
warn: membus.slave is deprecated. `slave` is now called `cpu_side_ports`
warn: coherency_bus.master is deprecated. `master` is now called `mem_side_ports`
warn: No dot file generated. Please install pydot to generate the dot file and pdf.
build/ARM/sim/simulate.cc:107: info: Entering event queue @ 0.  Starting simulation...
********************************************************************************
system.lenet5_clstr.data_mover_0.llvm_interface
Total Area: 921.141
Total Power Static: 46.5935

Total Power Dynamic: 530.888
   ========= Performance Analysis =============
   Setup Time:                      0h 0m 0s 0ms 568us
   Simulation Time (Total):         0h 4m 7s 104ms
   Simulation Time (Active):        0h 0m 0s 331ms
        Queue Processing Time:      0h 0m 0s 255ms
             Scheduling Time:       0h 0m 0s 103ms
             Computation Time:      0h 0m 0s 15ms
   System Clock:                    0.1GHz
   Runtime:                         536991 cycles
   Runtime:                         5369.91 us
   Stalls:                          0 cycles
   Executed Nodes:                  536990 cycles

   ========= Kernel Validation Stats ==========
   Kernel validation enabled:       NO
   Configured latency per check:    0 us

   --- Access Breakdown ---
   Total memory accesses (validated): 0
   Cache hits (0 latency):          0
   Validation requests (full lat):  0
     of which DMA-ctrl writes:      0
   Coalesced waits (partial lat):   0
   Validations denied:              0

   --- Latency Breakdown ---
   Validation request latency:      0 us
   Coalesced wait latency:          0 us
   TOTAL SECURITY OVERHEAD:         0 us
   Avg latency per validation:      0 us
   Avg latency per coalesced wait:  0 us
   Avg overhead per blocked access: 0 us

   --- Cache Statistics ---
   Processes with cached pages:     0
   Unique pages validated (total):  0
   Cache hit rate:                  0%

   ========= IOMMU Stats =====================
   IOMMU enabled:                   YES
   IOMMU SimObject:                 system.lenet5_clstr.iommu

   --- Access Breakdown ---
   Total IOMMU checks:              499106
   IOTLB hits:                      499058
   IOTLB misses (page walks):       48
   IOTLB hit rate:                  99.9904%

   --- Latency Breakdown ---
   TOTAL IOMMU OVERHEAD:            1046.12 us
   Avg latency per access:          0.00209598 us

********************************************************************************
system.lenet5_clstr.conv0.llvm_interface
Total Area: 6604.76
Total Power Static: 7702.37

Total Power Dynamic: 186527
   ========= Performance Analysis =============
   Setup Time:                      0h 0m 0s 1ms 34us
   Simulation Time (Total):         0h 4m 7s 116ms
   Simulation Time (Active):        0h 0m 7s 271ms
        Queue Processing Time:      0h 0m 7s 177ms
             Scheduling Time:       0h 0m 4s 194ms
             Computation Time:      0h 0m 0s 762ms
   System Clock:                    0.1GHz
   Runtime:                         537092 cycles
   Runtime:                         5370.92 us
   Stalls:                          0 cycles
   Executed Nodes:                  537091 cycles

   ========= Kernel Validation Stats ==========
   Kernel validation enabled:       NO
   Configured latency per check:    0 us

   --- Access Breakdown ---
   Total memory accesses (validated): 0
   Cache hits (0 latency):          0
   Validation requests (full lat):  0
     of which DMA-ctrl writes:      0
   Coalesced waits (partial lat):   0
   Validations denied:              0

   --- Latency Breakdown ---
   Validation request latency:      0 us
   Coalesced wait latency:          0 us
   TOTAL SECURITY OVERHEAD:         0 us
   Avg latency per validation:      0 us
   Avg latency per coalesced wait:  0 us
   Avg overhead per blocked access: 0 us

   --- Cache Statistics ---
   Processes with cached pages:     0
   Unique pages validated (total):  0
   Cache hit rate:                  0%

   ========= IOMMU Stats =====================
   IOMMU enabled:                   YES
   IOMMU SimObject:                 system.lenet5_clstr.iommu

   --- Access Breakdown ---
   Total IOMMU checks:              499106
   IOTLB hits:                      499058
   IOTLB misses (page walks):       48
   IOTLB hit rate:                  99.9904%

   --- Latency Breakdown ---
   TOTAL IOMMU OVERHEAD:            1046.12 us
   Avg latency per access:          0.00209598 us

********************************************************************************
system.lenet5_clstr.pool0.llvm_interface
Total Area: 6693.54
Total Power Static: 119.603

Total Power Dynamic: 2263.76
   ========= Performance Analysis =============
   Setup Time:                      0h 0m 0s 3ms 947us
   Simulation Time (Total):         0h 4m 7s 89ms
   Simulation Time (Active):        0h 0m 0s 365ms
        Queue Processing Time:      0h 0m 0s 304ms
             Scheduling Time:       0h 0m 0s 124ms
             Computation Time:      0h 0m 0s 23ms
   System Clock:                    0.1GHz
   Runtime:                         536881 cycles
   Runtime:                         5368.81 us
   Stalls:                          0 cycles
   Executed Nodes:                  536880 cycles

   ========= Kernel Validation Stats ==========
   Kernel validation enabled:       NO
   Configured latency per check:    0 us

   --- Access Breakdown ---
   Total memory accesses (validated): 0
   Cache hits (0 latency):          0
   Validation requests (full lat):  0
     of which DMA-ctrl writes:      0
   Coalesced waits (partial lat):   0
   Validations denied:              0

   --- Latency Breakdown ---
   Validation request latency:      0 us
   Coalesced wait latency:          0 us
   TOTAL SECURITY OVERHEAD:         0 us
   Avg latency per validation:      0 us
   Avg latency per coalesced wait:  0 us
   Avg overhead per blocked access: 0 us

   --- Cache Statistics ---
   Processes with cached pages:     0
   Unique pages validated (total):  0
   Cache hit rate:                  0%

   ========= IOMMU Stats =====================
   IOMMU enabled:                   YES
   IOMMU SimObject:                 system.lenet5_clstr.iommu

   --- Access Breakdown ---
   Total IOMMU checks:              499107
   IOTLB hits:                      499059
   IOTLB misses (page walks):       48
   IOTLB hit rate:                  99.9904%

   --- Latency Breakdown ---
   TOTAL IOMMU OVERHEAD:            1046.12 us
   Avg latency per access:          0.00209598 us

********************************************************************************
system.lenet5_clstr.data_mover_1.llvm_interface
Total Area: 921.141
Total Power Static: 11.6632

Total Power Dynamic: 132.822
   ========= Performance Analysis =============
   Setup Time:                      0h 0m 0s 0ms 514us
   Simulation Time (Total):         0h 4m 7s 88ms
   Simulation Time (Active):        0h 0m 0s 178ms
        Queue Processing Time:      0h 0m 0s 117ms
             Scheduling Time:       0h 0m 0s 19ms
             Computation Time:      0h 0m 0s 3ms
   System Clock:                    0.1GHz
   Runtime:                         536875 cycles
   Runtime:                         5368.75 us
   Stalls:                          0 cycles
   Executed Nodes:                  536874 cycles

   ========= Kernel Validation Stats ==========
   Kernel validation enabled:       NO
   Configured latency per check:    0 us

   --- Access Breakdown ---
   Total memory accesses (validated): 0
   Cache hits (0 latency):          0
   Validation requests (full lat):  0
     of which DMA-ctrl writes:      0
   Coalesced waits (partial lat):   0
   Validations denied:              0

   --- Latency Breakdown ---
   Validation request latency:      0 us
   Coalesced wait latency:          0 us
   TOTAL SECURITY OVERHEAD:         0 us
   Avg latency per validation:      0 us
   Avg latency per coalesced wait:  0 us
   Avg overhead per blocked access: 0 us

   --- Cache Statistics ---
   Processes with cached pages:     0
   Unique pages validated (total):  0
   Cache hit rate:                  0%

   ========= IOMMU Stats =====================
   IOMMU enabled:                   YES
   IOMMU SimObject:                 system.lenet5_clstr.iommu

   --- Access Breakdown ---
   Total IOMMU checks:              499111
   IOTLB hits:                      499063
   IOTLB misses (page walks):       48
   IOTLB hit rate:                  99.9904%

   --- Latency Breakdown ---
   TOTAL IOMMU OVERHEAD:            1046.13 us
   Avg latency per access:          0.00209598 us

********************************************************************************
system.lenet5_clstr.conv1.llvm_interface
Total Area: 6784.2
Total Power Static: 15677.5

Total Power Dynamic: 376721
   ========= Performance Analysis =============
   Setup Time:                      0h 0m 0s 1ms 71us
   Simulation Time (Total):         0h 5m 17s 667ms
   Simulation Time (Active):        0h 0m 6s 517ms
        Queue Processing Time:      0h 0m 6s 402ms
             Scheduling Time:       0h 0m 3s 838ms
             Computation Time:      0h 0m 0s 710ms
   System Clock:                    0.1GHz
   Runtime:                         1045491 cycles
   Runtime:                         10454.9 us
   Stalls:                          0 cycles
   Executed Nodes:                  1045490 cycles

   ========= Kernel Validation Stats ==========
   Kernel validation enabled:       NO
   Configured latency per check:    0 us

   --- Access Breakdown ---
   Total memory accesses (validated): 0
   Cache hits (0 latency):          0
   Validation requests (full lat):  0
     of which DMA-ctrl writes:      0
   Coalesced waits (partial lat):   0
   Validations denied:              0

   --- Latency Breakdown ---
   Validation request latency:      0 us
   Coalesced wait latency:          0 us
   TOTAL SECURITY OVERHEAD:         0 us
   Avg latency per validation:      0 us
   Avg latency per coalesced wait:  0 us
   Avg overhead per blocked access: 0 us

   --- Cache Statistics ---
   Processes with cached pages:     0
   Unique pages validated (total):  0
   Cache hit rate:                  0%

   ========= IOMMU Stats =====================
   IOMMU enabled:                   YES
   IOMMU SimObject:                 system.lenet5_clstr.iommu

   --- Access Breakdown ---
   Total IOMMU checks:              822175
   IOTLB hits:                      822097
   IOTLB misses (page walks):       78
   IOTLB hit rate:                  99.9905%

   --- Latency Breakdown ---
   TOTAL IOMMU OVERHEAD:            1722.19 us
   Avg latency per access:          0.00209468 us

********************************************************************************
system.lenet5_clstr.data_mover_2.llvm_interface
Total Area: 921.141
Total Power Static: 15.4509

Total Power Dynamic: 178.201
   ========= Performance Analysis =============
   Setup Time:                      0h 0m 0s 0ms 687us
   Simulation Time (Total):         0h 5m 17s 653ms
   Simulation Time (Active):        0h 0m 0s 237ms
        Queue Processing Time:      0h 0m 0s 142ms
             Scheduling Time:       0h 0m 0s 21ms
             Computation Time:      0h 0m 0s 3ms
   System Clock:                    0.1GHz
   Runtime:                         1045391 cycles
   Runtime:                         10453.9 us
   Stalls:                          0 cycles
   Executed Nodes:                  1045390 cycles

   ========= Kernel Validation Stats ==========
   Kernel validation enabled:       NO
   Configured latency per check:    0 us

   --- Access Breakdown ---
   Total memory accesses (validated): 0
   Cache hits (0 latency):          0
   Validation requests (full lat):  0
     of which DMA-ctrl writes:      0
   Coalesced waits (partial lat):   0
   Validations denied:              0

   --- Latency Breakdown ---
   Validation request latency:      0 us
   Coalesced wait latency:          0 us
   TOTAL SECURITY OVERHEAD:         0 us
   Avg latency per validation:      0 us
   Avg latency per coalesced wait:  0 us
   Avg overhead per blocked access: 0 us

   --- Cache Statistics ---
   Processes with cached pages:     0
   Unique pages validated (total):  0
   Cache hit rate:                  0%

   ========= IOMMU Stats =====================
   IOMMU enabled:                   YES
   IOMMU SimObject:                 system.lenet5_clstr.iommu

   --- Access Breakdown ---
   Total IOMMU checks:              822176
   IOTLB hits:                      822098
   IOTLB misses (page walks):       78
   IOTLB hit rate:                  99.9905%

   --- Latency Breakdown ---
   TOTAL IOMMU OVERHEAD:            1722.2 us
   Avg latency per access:          0.00209468 us

********************************************************************************
system.lenet5_clstr.pool1.llvm_interface
Total Area: 6693.54
Total Power Static: 40.6797

Total Power Dynamic: 769.272
   ========= Performance Analysis =============
   Setup Time:                      0h 0m 0s 0ms 942us
   Simulation Time (Total):         0h 5m 17s 615ms
   Simulation Time (Active):        0h 0m 0s 265ms
        Queue Processing Time:      0h 0m 0s 159ms
             Scheduling Time:       0h 0m 0s 25ms
             Computation Time:      0h 0m 0s 4ms
   System Clock:                    0.1GHz
   Runtime:                         1045281 cycles
   Runtime:                         10452.8 us
   Stalls:                          0 cycles
   Executed Nodes:                  1045280 cycles

   ========= Kernel Validation Stats ==========
   Kernel validation enabled:       NO
   Configured latency per check:    0 us

   --- Access Breakdown ---
   Total memory accesses (validated): 0
   Cache hits (0 latency):          0
   Validation requests (full lat):  0
     of which DMA-ctrl writes:      0
   Coalesced waits (partial lat):   0
   Validations denied:              0

   --- Latency Breakdown ---
   Validation request latency:      0 us
   Coalesced wait latency:          0 us
   TOTAL SECURITY OVERHEAD:         0 us
   Avg latency per validation:      0 us
   Avg latency per coalesced wait:  0 us
   Avg overhead per blocked access: 0 us

   --- Cache Statistics ---
   Processes with cached pages:     0
   Unique pages validated (total):  0
   Cache hit rate:                  0%

   ========= IOMMU Stats =====================
   IOMMU enabled:                   YES
   IOMMU SimObject:                 system.lenet5_clstr.iommu

   --- Access Breakdown ---
   Total IOMMU checks:              822178
   IOTLB hits:                      822100
   IOTLB misses (page walks):       78
   IOTLB hit rate:                  99.9905%

   --- Latency Breakdown ---
   TOTAL IOMMU OVERHEAD:            1722.2 us
   Avg latency per access:          0.00209468 us

********************************************************************************
system.lenet5_clstr.data_mover_3.llvm_interface
Total Area: 921.141
Total Power Static: 3.86689

Total Power Dynamic: 44.586
   ========= Performance Analysis =============
   Setup Time:                      0h 0m 0s 0ms 636us
   Simulation Time (Total):         0h 5m 17s 610ms
   Simulation Time (Active):        0h 0m 0s 205ms
        Queue Processing Time:      0h 0m 0s 102ms
             Scheduling Time:       0h 0m 0s 4ms
             Computation Time:      0h 0m 0s 0ms
   System Clock:                    0.1GHz
   Runtime:                         1045275 cycles
   Runtime:                         10452.8 us
   Stalls:                          0 cycles
   Executed Nodes:                  1045274 cycles

   ========= Kernel Validation Stats ==========
   Kernel validation enabled:       NO
   Configured latency per check:    0 us

   --- Access Breakdown ---
   Total memory accesses (validated): 0
   Cache hits (0 latency):          0
   Validation requests (full lat):  0
     of which DMA-ctrl writes:      0
   Coalesced waits (partial lat):   0
   Validations denied:              0

   --- Latency Breakdown ---
   Validation request latency:      0 us
   Coalesced wait latency:          0 us
   TOTAL SECURITY OVERHEAD:         0 us
   Avg latency per validation:      0 us
   Avg latency per coalesced wait:  0 us
   Avg overhead per blocked access: 0 us

   --- Cache Statistics ---
   Processes with cached pages:     0
   Unique pages validated (total):  0
   Cache hit rate:                  0%

   ========= IOMMU Stats =====================
   IOMMU enabled:                   YES
   IOMMU SimObject:                 system.lenet5_clstr.iommu

   --- Access Breakdown ---
   Total IOMMU checks:              822178
   IOTLB hits:                      822100
   IOTLB misses (page walks):       78
   IOTLB hit rate:                  99.9905%

   --- Latency Breakdown ---
   TOTAL IOMMU OVERHEAD:            1722.2 us
   Avg latency per access:          0.00209468 us

********************************************************************************
system.lenet5_clstr.conv2.llvm_interface
Total Area: 6066.43
Total Power Static: 2891.65

Total Power Dynamic: 75108.6
   ========= Performance Analysis =============
   Setup Time:                      0h 0m 0s 0ms 900us
   Simulation Time (Total):         0h 5m 42s 950ms
   Simulation Time (Active):        0h 0m 1s 45ms
        Queue Processing Time:      0h 0m 0s 900ms
             Scheduling Time:       0h 0m 0s 481ms
             Computation Time:      0h 0m 0s 95ms
   System Clock:                    0.1GHz
   Runtime:                         1777653 cycles
   Runtime:                         17776.5 us
   Stalls:                          0 cycles
   Executed Nodes:                  1777652 cycles

   ========= Kernel Validation Stats ==========
   Kernel validation enabled:       NO
   Configured latency per check:    0 us

   --- Access Breakdown ---
   Total memory accesses (validated): 0
   Cache hits (0 latency):          0
   Validation requests (full lat):  0
     of which DMA-ctrl writes:      0
   Coalesced waits (partial lat):   0
   Validations denied:              0

   --- Latency Breakdown ---
   Validation request latency:      0 us
   Coalesced wait latency:          0 us
   TOTAL SECURITY OVERHEAD:         0 us
   Avg latency per validation:      0 us
   Avg latency per coalesced wait:  0 us
   Avg overhead per blocked access: 0 us

   --- Cache Statistics ---
   Processes with cached pages:     0
   Unique pages validated (total):  0
   Cache hit rate:                  0%

   ========= IOMMU Stats =====================
   IOMMU enabled:                   YES
   IOMMU SimObject:                 system.lenet5_clstr.iommu

   --- Access Breakdown ---
   Total IOMMU checks:              931257
   IOTLB hits:                      925356
   IOTLB misses (page walks):       5901
   IOTLB hit rate:                  99.3663%

   --- Latency Breakdown ---
   TOTAL IOMMU OVERHEAD:            7751.71 us
   Avg latency per access:          0.00832392 us

********************************************************************************
system.lenet5_clstr.data_mover_4.llvm_interface
Total Area: 562.255
Total Power Static: 1.13697

Total Power Dynamic: 13.2473
   ========= Performance Analysis =============
   Setup Time:                      0h 0m 0s 0ms 565us
   Simulation Time (Total):         0h 5m 42s 905ms
   Simulation Time (Active):        0h 0m 0s 291ms
        Queue Processing Time:      0h 0m 0s 144ms
             Scheduling Time:       0h 0m 0s 0ms
             Computation Time:      0h 0m 0s 0ms
   System Clock:                    0.1GHz
   Runtime:                         1777554 cycles
   Runtime:                         17775.5 us
   Stalls:                          0 cycles
   Executed Nodes:                  1777553 cycles

   ========= Kernel Validation Stats ==========
   Kernel validation enabled:       NO
   Configured latency per check:    0 us

   --- Access Breakdown ---
   Total memory accesses (validated): 0
   Cache hits (0 latency):          0
   Validation requests (full lat):  0
     of which DMA-ctrl writes:      0
   Coalesced waits (partial lat):   0
   Validations denied:              0

   --- Latency Breakdown ---
   Validation request latency:      0 us
   Coalesced wait latency:          0 us
   TOTAL SECURITY OVERHEAD:         0 us
   Avg latency per validation:      0 us
   Avg latency per coalesced wait:  0 us
   Avg overhead per blocked access: 0 us

   --- Cache Statistics ---
   Processes with cached pages:     0
   Unique pages validated (total):  0
   Cache hit rate:                  0%

   ========= IOMMU Stats =====================
   IOMMU enabled:                   YES
   IOMMU SimObject:                 system.lenet5_clstr.iommu

   --- Access Breakdown ---
   Total IOMMU checks:              931259
   IOTLB hits:                      925358
   IOTLB misses (page walks):       5901
   IOTLB hit rate:                  99.3663%

   --- Latency Breakdown ---
   TOTAL IOMMU OVERHEAD:            7751.72 us
   Avg latency per access:          0.00832391 us

********************************************************************************
system.lenet5_clstr.fc0.llvm_interface
Total Area: 5707.55
Total Power Static: 605.723

Total Power Dynamic: 15765.7
   ========= Performance Analysis =============
   Setup Time:                      0h 0m 0s 0ms 719us
   Simulation Time (Total):         0h 5m 43s 566ms
   Simulation Time (Active):        0h 0m 0s 408ms
        Queue Processing Time:      0h 0m 0s 263ms
             Scheduling Time:       0h 0m 0s 66ms
             Computation Time:      0h 0m 0s 14ms
   System Clock:                    0.1GHz
   Runtime:                         1808576 cycles
   Runtime:                         18085.8 us
   Stalls:                          0 cycles
   Executed Nodes:                  1808575 cycles

   ========= Kernel Validation Stats ==========
   Kernel validation enabled:       NO
   Configured latency per check:    0 us

   --- Access Breakdown ---
   Total memory accesses (validated): 0
   Cache hits (0 latency):          0
   Validation requests (full lat):  0
     of which DMA-ctrl writes:      0
   Coalesced waits (partial lat):   0
   Validations denied:              0

   --- Latency Breakdown ---
   Validation request latency:      0 us
   Coalesced wait latency:          0 us
   TOTAL SECURITY OVERHEAD:         0 us
   Avg latency per validation:      0 us
   Avg latency per coalesced wait:  0 us
   Avg overhead per blocked access: 0 us

   --- Cache Statistics ---
   Processes with cached pages:     0
   Unique pages validated (total):  0
   Cache hit rate:                  0%

   ========= IOMMU Stats =====================
   IOMMU enabled:                   YES
   IOMMU SimObject:                 system.lenet5_clstr.iommu

   --- Access Breakdown ---
   Total IOMMU checks:              953420
   IOTLB hits:                      947509
   IOTLB misses (page walks):       5911
   IOTLB hit rate:                  99.38%

   --- Latency Breakdown ---
   TOTAL IOMMU OVERHEAD:            7806.02 us
   Avg latency per access:          0.00818739 us

********************************************************************************
system.lenet5_clstr.top.llvm_interface
Total Area: 251.85
Total Power Static: 54.924

Total Power Dynamic: 269.906
   ========= Performance Analysis =============
   Setup Time:                      0h 0m 0s 7ms 616us
   Simulation Time (Total):         0h 5m 44s 172ms
   Simulation Time (Active):        0h 0m 1s 275ms
        Queue Processing Time:      0h 0m 1s 81ms
             Scheduling Time:       0h 0m 0s 449ms
             Computation Time:      0h 0m 0s 53ms
   System Clock:                    0.1GHz
   Runtime:                         1813526 cycles
   Runtime:                         18135.3 us
   Stalls:                          0 cycles
   Executed Nodes:                  1813525 cycles

   ========= Kernel Validation Stats ==========
   Kernel validation enabled:       NO
   Configured latency per check:    0 us

   --- Access Breakdown ---
   Total memory accesses (validated): 0
   Cache hits (0 latency):          0
   Validation requests (full lat):  0
     of which DMA-ctrl writes:      0
   Coalesced waits (partial lat):   0
   Validations denied:              0

   --- Latency Breakdown ---
   Validation request latency:      0 us
   Coalesced wait latency:          0 us
   TOTAL SECURITY OVERHEAD:         0 us
   Avg latency per validation:      0 us
   Avg latency per coalesced wait:  0 us
   Avg overhead per blocked access: 0 us

   --- Cache Statistics ---
   Processes with cached pages:     0
   Unique pages validated (total):  0
   Cache hit rate:                  0%

   ========= IOMMU Stats =====================
   IOMMU enabled:                   YES
   IOMMU SimObject:                 system.lenet5_clstr.iommu

   --- Access Breakdown ---
   Total IOMMU checks:              953472
   IOTLB hits:                      947559
   IOTLB misses (page walks):       5913
   IOTLB hit rate:                  99.3798%

   --- Latency Breakdown ---
   TOTAL IOMMU OVERHEAD:            7808.12 us
   Avg latency per access:          0.00818914 us

Exiting @ tick 18212293000 because m5_exit instruction encountered
