build/ARM/base/statistics.hh:277: warn: One of the stats is a legacy stat. Legacy stat is a stat that does not belong to any statistics::Group. Legacy stat is deprecated.
Global frequency set at 1000000000000 ticks per second
build/ARM/mem/mem_interface.cc:793: warn: DRAM device capacity (16384 Mbytes) does not match the address range assigned (4096 Mbytes)
build/ARM/sim/kernel_workload.cc:46: info: kernel located at: /gem5-SALAM/benchmarks/sys_validation/nw/sw/main.elf
build/ARM/arch/arm/system.cc:95: warn: Highest ARM exception-level set to AArch64 but the workload is for AArch32. Assuming you wanted these to match.
build/ARM/base/vnc/vncserver.cc:163: warn: Sockets disabled, not accepting vnc client connections
build/ARM/dev/serial/terminal.cc:170: warn: Sockets disabled, not accepting terminal connections
build/ARM/base/remote_gdb.cc:377: warn: Sockets disabled, not accepting gdb connections
build/ARM/mem/coherent_xbar.cc:140: warn: CoherentXBar system.nw_clstr.coherency_bus has no snooping ports attached!
build/ARM/dev/arm/energy_ctrl.cc:252: warn: Existing EnergyCtrl, but no enabled DVFSHandler found.
gem5 Simulator System.  http://gem5.org
gem5 is copyrighted software; use the --copyright option for details.

gem5 version 21.1.0.1
gem5 compiled May  6 2026 03:05:39
gem5 started May  6 2026 03:06:24
gem5 executing on 3b7fb6fd27b8, pid 3650358
command line: /gem5-SALAM/build/ARM/gem5.opt --listener-mode=off --outdir=/gem5-SALAM/BM_ARM_OUT/run_all/nw/aia-kd /gem5-SALAM/configs/SALAM/fs_nw.py --mem-size=4GB --mem-type=DDR4_2400_8x8 --machine-type=VExpress_GEM5_V1 --dtb-file=none --bare-metal --cpu-type=DerivO3CPU --caches --l2cache --kernel=/gem5-SALAM/benchmarks/sys_validation/nw/sw/main.elf --disk-image=/gem5-SALAM/benchmarks/common/fake.iso --accpath=/gem5-SALAM/benchmarks/sys_validation/nw --accbench=nw --enable-kernel-validation --kernel-validation-latency 8367000

[HWAccConfig] Kernel validation ENABLED: latency=8367000, int=172, pid=17
[HWAccConfig] Kernel validation ENABLED: latency=8367000, int=172, pid=17
**** REAL SIMULATION ****
warn: iobus.slave is deprecated. `slave` is now called `cpu_side_ports`
warn: bridge.master is deprecated. `master` is now called `mem_side_port`
warn: membus.master is deprecated. `master` is now called `mem_side_ports`
warn: bridge.slave is deprecated. `slave` is now called `cpu_side_port`
warn: membus.slave is deprecated. `slave` is now called `cpu_side_ports`
warn: tol2bus.master is deprecated. `master` is now called `mem_side_ports`
warn: membus.slave is deprecated. `slave` is now called `cpu_side_ports`
warn: tol2bus.slave is deprecated. `slave` is now called `cpu_side_ports`
warn: tol2bus.slave is deprecated. `slave` is now called `cpu_side_ports`
warn: tol2bus.slave is deprecated. `slave` is now called `cpu_side_ports`
warn: tol2bus.slave is deprecated. `slave` is now called `cpu_side_ports`
warn: membus.slave is deprecated. `slave` is now called `cpu_side_ports`
warn: coherency_bus.master is deprecated. `master` is now called `mem_side_ports`
warn: No dot file generated. Please install pydot to generate the dot file and pdf.
build/ARM/sim/simulate.cc:107: info: Entering event queue @ 0.  Starting simulation...
********************************************************************************
system.nw_clstr.nw.llvm_interface
Total Area: 26577.1
Total Power Static: 4058.15

Total Power Dynamic: 7686.08
   ========= Performance Analysis =============
   Setup Time:                      0h 0m 0s 2ms 796us
   Simulation Time (Total):         0h 0m 8s 332ms
   Simulation Time (Active):        0h 0m 2s 628ms
        Queue Processing Time:      0h 0m 2s 612ms
             Scheduling Time:       0h 0m 1s 511ms
             Computation Time:      0h 0m 0s 427ms
   System Clock:                    0.1GHz
   Runtime:                         84388 cycles
   Runtime:                         843.88 us
   Stalls:                          0 cycles
   Executed Nodes:                  84387 cycles

   ========= Kernel Validation Stats ==========
   Kernel validation enabled:       YES
   Configured latency per check:    8.367 us

   --- Access Breakdown ---
   Total memory accesses (validated): 115911
   Cache hits (0 latency):          115890
   Validation requests (full lat):  20
     of which DMA-ctrl writes:      0
   Coalesced waits (partial lat):   1
   Validations denied:              0

   --- Latency Breakdown ---
   Validation request latency:      167.34 us
   Coalesced wait latency:          8.346 us
   TOTAL SECURITY OVERHEAD:         175.686 us
   Avg latency per validation:      8.367 us
   Avg latency per coalesced wait:  8.346 us
   Avg overhead per blocked access: 8.366 us

   --- Cache Statistics ---
   Processes with cached pages:     1
   Unique pages validated (total):  21
   Cache hit rate:                  99.9819%

********************************************************************************
system.nw_clstr.top.llvm_interface
Total Area: 251.85
Total Power Static: 3.65415

Total Power Dynamic: 17.9571
   ========= Performance Analysis =============
   Setup Time:                      0h 0m 0s 1ms 387us
   Simulation Time (Total):         0h 0m 8s 890ms
   Simulation Time (Active):        0h 0m 0s 130ms
        Queue Processing Time:      0h 0m 0s 117ms
             Scheduling Time:       0h 0m 0s 53ms
             Computation Time:      0h 0m 0s 3ms
   System Clock:                    0.1GHz
   Runtime:                         94771 cycles
   Runtime:                         947.71 us
   Stalls:                          0 cycles
   Executed Nodes:                  94770 cycles

   ========= Kernel Validation Stats ==========
   Kernel validation enabled:       YES
   Configured latency per check:    8.367 us

   --- Access Breakdown ---
   Total memory accesses (validated): 5978
   Cache hits (0 latency):          5969
   Validation requests (full lat):  9
     of which DMA-ctrl writes:      8
   Coalesced waits (partial lat):   0
   Validations denied:              0

   --- Latency Breakdown ---
   Validation request latency:      108.771 us
   Coalesced wait latency:          0 us
   TOTAL SECURITY OVERHEAD:         108.771 us
   Avg latency per validation:      12.0857 us
   Avg latency per coalesced wait:  0 us
   Avg overhead per blocked access: 12.0857 us

   --- Cache Statistics ---
   Processes with cached pages:     1
   Unique pages validated (total):  21
   Cache hit rate:                  99.8494%

Exiting @ tick 1343090500 because m5_exit instruction encountered
