build/ARM/base/statistics.hh:277: warn: One of the stats is a legacy stat. Legacy stat is a stat that does not belong to any statistics::Group. Legacy stat is deprecated.
Global frequency set at 1000000000000 ticks per second
build/ARM/mem/mem_interface.cc:793: warn: DRAM device capacity (16384 Mbytes) does not match the address range assigned (4096 Mbytes)
build/ARM/sim/kernel_workload.cc:46: info: kernel located at: /gem5-SALAM/benchmarks/lenet/design_c/sw/main.elf
build/ARM/arch/arm/system.cc:95: warn: Highest ARM exception-level set to AArch64 but the workload is for AArch32. Assuming you wanted these to match.
build/ARM/base/vnc/vncserver.cc:163: warn: Sockets disabled, not accepting vnc client connections
build/ARM/dev/serial/terminal.cc:170: warn: Sockets disabled, not accepting terminal connections
build/ARM/base/remote_gdb.cc:377: warn: Sockets disabled, not accepting gdb connections
build/ARM/mem/coherent_xbar.cc:140: warn: CoherentXBar system.lenet5_clstr.coherency_bus has no snooping ports attached!
build/ARM/dev/arm/energy_ctrl.cc:252: warn: Existing EnergyCtrl, but no enabled DVFSHandler found.
gem5 Simulator System.  http://gem5.org
gem5 is copyrighted software; use the --copyright option for details.

gem5 version 21.1.0.1
gem5 compiled May  4 2026 18:12:38
gem5 started May  4 2026 18:13:29
gem5 executing on 3b7fb6fd27b8, pid 2580908
command line: /gem5-SALAM/build/ARM/gem5.opt --listener-mode=off --outdir=/gem5-SALAM/BM_ARM_OUT/run_all/lenet_c/iommu_e16_m250ns /gem5-SALAM/configs/SALAM/fs_lenet_c.py --mem-size=4GB --mem-type=DDR4_2400_8x8 --machine-type=VExpress_GEM5_V1 --dtb-file=none --bare-metal --cpu-type=DerivO3CPU --caches --l2cache --kernel=/gem5-SALAM/benchmarks/lenet/design_c/sw/main.elf --disk-image=/gem5-SALAM/benchmarks/common/fake.iso --accpath=/gem5-SALAM/benchmarks/lenet/design_c --accbench=lenet_c --enable-iommu --iotlb-entries 16 --iotlb-hit-latency 2000 --iotlb-miss-latency 250000

[HWAccConfig] IOMMU ENABLED: entries=16, hit_lat=2000, miss_lat=250000
[HWAccConfig] IOMMU ENABLED: entries=16, hit_lat=2000, miss_lat=250000
[HWAccConfig] IOMMU ENABLED: entries=16, hit_lat=2000, miss_lat=250000
[HWAccConfig] IOMMU ENABLED: entries=16, hit_lat=2000, miss_lat=250000
[HWAccConfig] IOMMU ENABLED: entries=16, hit_lat=2000, miss_lat=250000
[HWAccConfig] IOMMU ENABLED: entries=16, hit_lat=2000, miss_lat=250000
[HWAccConfig] IOMMU ENABLED: entries=16, hit_lat=2000, miss_lat=250000
[HWAccConfig] IOMMU ENABLED: entries=16, hit_lat=2000, miss_lat=250000
[HWAccConfig] IOMMU ENABLED: entries=16, hit_lat=2000, miss_lat=250000
[HWAccConfig] IOMMU ENABLED: entries=16, hit_lat=2000, miss_lat=250000
[HWAccConfig] IOMMU ENABLED: entries=16, hit_lat=2000, miss_lat=250000
[HWAccConfig] IOMMU ENABLED: entries=16, hit_lat=2000, miss_lat=250000
[HWAccConfig] IOMMU ENABLED: entries=16, hit_lat=2000, miss_lat=250000
**** REAL SIMULATION ****
warn: iobus.slave is deprecated. `slave` is now called `cpu_side_ports`
warn: bridge.master is deprecated. `master` is now called `mem_side_port`
warn: membus.master is deprecated. `master` is now called `mem_side_ports`
warn: bridge.slave is deprecated. `slave` is now called `cpu_side_port`
warn: membus.slave is deprecated. `slave` is now called `cpu_side_ports`
warn: tol2bus.master is deprecated. `master` is now called `mem_side_ports`
warn: membus.slave is deprecated. `slave` is now called `cpu_side_ports`
warn: tol2bus.slave is deprecated. `slave` is now called `cpu_side_ports`
warn: tol2bus.slave is deprecated. `slave` is now called `cpu_side_ports`
warn: tol2bus.slave is deprecated. `slave` is now called `cpu_side_ports`
warn: tol2bus.slave is deprecated. `slave` is now called `cpu_side_ports`
warn: membus.slave is deprecated. `slave` is now called `cpu_side_ports`
warn: coherency_bus.master is deprecated. `master` is now called `mem_side_ports`
warn: No dot file generated. Please install pydot to generate the dot file and pdf.
build/ARM/sim/simulate.cc:107: info: Entering event queue @ 0.  Starting simulation...
********************************************************************************
system.lenet5_clstr.data_mover_0.llvm_interface
Total Area: 2560.05
Total Power Static: 1249

Total Power Dynamic: 13797
   ========= Performance Analysis =============
   Setup Time:                      0h 0m 0s 1ms 292us
   Simulation Time (Total):         0h 3m 1s 803ms
   Simulation Time (Active):        0h 0m 3s 890ms
        Queue Processing Time:      0h 0m 3s 670ms
             Scheduling Time:       0h 0m 2s 130ms
             Computation Time:      0h 0m 0s 459ms
   System Clock:                    0.1GHz
   Runtime:                         1044366 cycles
   Runtime:                         10443.7 us
   Stalls:                          0 cycles
   Executed Nodes:                  1044365 cycles

   ========= Kernel Validation Stats ==========
   Kernel validation enabled:       NO
   Configured latency per check:    0 us

   --- Access Breakdown ---
   Total memory accesses (validated): 0
   Cache hits (0 latency):          0
   Validation requests (full lat):  0
     of which DMA-ctrl writes:      0
   Coalesced waits (partial lat):   0
   Validations denied:              0

   --- Latency Breakdown ---
   Validation request latency:      0 us
   Coalesced wait latency:          0 us
   TOTAL SECURITY OVERHEAD:         0 us
   Avg latency per validation:      0 us
   Avg latency per coalesced wait:  0 us
   Avg overhead per blocked access: 0 us

   --- Cache Statistics ---
   Processes with cached pages:     0
   Unique pages validated (total):  0
   Cache hit rate:                  0%

   ========= IOMMU Stats =====================
   IOMMU enabled:                   YES
   IOMMU SimObject:                 system.lenet5_clstr.iommu

   --- Access Breakdown ---
   Total IOMMU checks:              1564293
   IOTLB hits:                      1564237
   IOTLB misses (page walks):       56
   IOTLB hit rate:                  99.9964%

   --- Latency Breakdown ---
   TOTAL IOMMU OVERHEAD:            3142.47 us
   Avg latency per access:          0.00200888 us

********************************************************************************
system.lenet5_clstr.conv0.llvm_interface
Total Area: 6054.47
Total Power Static: 7131.27

Total Power Dynamic: 184286
   ========= Performance Analysis =============
   Setup Time:                      0h 0m 0s 0ms 676us
   Simulation Time (Total):         0h 3m 1s 802ms
   Simulation Time (Active):        0h 0m 5s 238ms
        Queue Processing Time:      0h 0m 5s 81ms
             Scheduling Time:       0h 0m 3s 141ms
             Computation Time:      0h 0m 0s 532ms
   System Clock:                    0.1GHz
   Runtime:                         1044358 cycles
   Runtime:                         10443.6 us
   Stalls:                          0 cycles
   Executed Nodes:                  1044357 cycles

   ========= Kernel Validation Stats ==========
   Kernel validation enabled:       NO
   Configured latency per check:    0 us

   --- Access Breakdown ---
   Total memory accesses (validated): 0
   Cache hits (0 latency):          0
   Validation requests (full lat):  0
     of which DMA-ctrl writes:      0
   Coalesced waits (partial lat):   0
   Validations denied:              0

   --- Latency Breakdown ---
   Validation request latency:      0 us
   Coalesced wait latency:          0 us
   TOTAL SECURITY OVERHEAD:         0 us
   Avg latency per validation:      0 us
   Avg latency per coalesced wait:  0 us
   Avg overhead per blocked access: 0 us

   --- Cache Statistics ---
   Processes with cached pages:     0
   Unique pages validated (total):  0
   Cache hit rate:                  0%

   ========= IOMMU Stats =====================
   IOMMU enabled:                   YES
   IOMMU SimObject:                 system.lenet5_clstr.iommu

   --- Access Breakdown ---
   Total IOMMU checks:              1564297
   IOTLB hits:                      1564241
   IOTLB misses (page walks):       56
   IOTLB hit rate:                  99.9964%

   --- Latency Breakdown ---
   TOTAL IOMMU OVERHEAD:            3142.48 us
   Avg latency per access:          0.00200888 us

********************************************************************************
system.lenet5_clstr.pool_mover_0.llvm_interface
Total Area: 780.105
Total Power Static: 38.3364

Total Power Dynamic: 304.907
   ========= Performance Analysis =============
   Setup Time:                      0h 0m 0s 0ms 631us
   Simulation Time (Total):         0h 3m 1s 795ms
   Simulation Time (Active):        0h 0m 0s 395ms
        Queue Processing Time:      0h 0m 0s 282ms
             Scheduling Time:       0h 0m 0s 96ms
             Computation Time:      0h 0m 0s 22ms
   System Clock:                    0.1GHz
   Runtime:                         1044348 cycles
   Runtime:                         10443.5 us
   Stalls:                          0 cycles
   Executed Nodes:                  1044347 cycles

   ========= Kernel Validation Stats ==========
   Kernel validation enabled:       NO
   Configured latency per check:    0 us

   --- Access Breakdown ---
   Total memory accesses (validated): 0
   Cache hits (0 latency):          0
   Validation requests (full lat):  0
     of which DMA-ctrl writes:      0
   Coalesced waits (partial lat):   0
   Validations denied:              0

   --- Latency Breakdown ---
   Validation request latency:      0 us
   Coalesced wait latency:          0 us
   TOTAL SECURITY OVERHEAD:         0 us
   Avg latency per validation:      0 us
   Avg latency per coalesced wait:  0 us
   Avg overhead per blocked access: 0 us

   --- Cache Statistics ---
   Processes with cached pages:     0
   Unique pages validated (total):  0
   Cache hit rate:                  0%

   ========= IOMMU Stats =====================
   IOMMU enabled:                   YES
   IOMMU SimObject:                 system.lenet5_clstr.iommu

   --- Access Breakdown ---
   Total IOMMU checks:              1564298
   IOTLB hits:                      1564242
   IOTLB misses (page walks):       56
   IOTLB hit rate:                  99.9964%

   --- Latency Breakdown ---
   TOTAL IOMMU OVERHEAD:            3142.48 us
   Avg latency per access:          0.00200888 us

********************************************************************************
system.lenet5_clstr.pool0.llvm_interface
Total Area: 6221.95
Total Power Static: 104.183

Total Power Dynamic: 2173.03
   ========= Performance Analysis =============
   Setup Time:                      0h 0m 0s 0ms 662us
   Simulation Time (Total):         0h 3m 11s 84ms
   Simulation Time (Active):        0h 0m 0s 465ms
        Queue Processing Time:      0h 0m 0s 304ms
             Scheduling Time:       0h 0m 0s 100ms
             Computation Time:      0h 0m 0s 28ms
   System Clock:                    0.1GHz
   Runtime:                         1117011 cycles
   Runtime:                         11170.1 us
   Stalls:                          0 cycles
   Executed Nodes:                  1117010 cycles

   ========= Kernel Validation Stats ==========
   Kernel validation enabled:       NO
   Configured latency per check:    0 us

   --- Access Breakdown ---
   Total memory accesses (validated): 0
   Cache hits (0 latency):          0
   Validation requests (full lat):  0
     of which DMA-ctrl writes:      0
   Coalesced waits (partial lat):   0
   Validations denied:              0

   --- Latency Breakdown ---
   Validation request latency:      0 us
   Coalesced wait latency:          0 us
   TOTAL SECURITY OVERHEAD:         0 us
   Avg latency per validation:      0 us
   Avg latency per coalesced wait:  0 us
   Avg overhead per blocked access: 0 us

   --- Cache Statistics ---
   Processes with cached pages:     0
   Unique pages validated (total):  0
   Cache hit rate:                  0%

   ========= IOMMU Stats =====================
   IOMMU enabled:                   YES
   IOMMU SimObject:                 system.lenet5_clstr.iommu

   --- Access Breakdown ---
   Total IOMMU checks:              1649261
   IOTLB hits:                      1649205
   IOTLB misses (page walks):       56
   IOTLB hit rate:                  99.9966%

   --- Latency Breakdown ---
   TOTAL IOMMU OVERHEAD:            3312.41 us
   Avg latency per access:          0.00200842 us

********************************************************************************
system.lenet5_clstr.data_mover_1.llvm_interface
Total Area: 3098.38
Total Power Static: 2424.96

Total Power Dynamic: 27394.9
   ========= Performance Analysis =============
   Setup Time:                      0h 0m 0s 1ms 542us
   Simulation Time (Total):         0h 3m 24s 303ms
   Simulation Time (Active):        0h 0m 5s 873ms
        Queue Processing Time:      0h 0m 5s 683ms
             Scheduling Time:       0h 0m 3s 358ms
             Computation Time:      0h 0m 0s 696ms
   System Clock:                    0.1GHz
   Runtime:                         1221344 cycles
   Runtime:                         12213.4 us
   Stalls:                          0 cycles
   Executed Nodes:                  1221343 cycles

   ========= Kernel Validation Stats ==========
   Kernel validation enabled:       NO
   Configured latency per check:    0 us

   --- Access Breakdown ---
   Total memory accesses (validated): 0
   Cache hits (0 latency):          0
   Validation requests (full lat):  0
     of which DMA-ctrl writes:      0
   Coalesced waits (partial lat):   0
   Validations denied:              0

   --- Latency Breakdown ---
   Validation request latency:      0 us
   Coalesced wait latency:          0 us
   TOTAL SECURITY OVERHEAD:         0 us
   Avg latency per validation:      0 us
   Avg latency per coalesced wait:  0 us
   Avg overhead per blocked access: 0 us

   --- Cache Statistics ---
   Processes with cached pages:     0
   Unique pages validated (total):  0
   Cache hit rate:                  0%

   ========= IOMMU Stats =====================
   IOMMU enabled:                   YES
   IOMMU SimObject:                 system.lenet5_clstr.iommu

   --- Access Breakdown ---
   Total IOMMU checks:              1772381
   IOTLB hits:                      1772325
   IOTLB misses (page walks):       56
   IOTLB hit rate:                  99.9968%

   --- Latency Breakdown ---
   TOTAL IOMMU OVERHEAD:            3558.65 us
   Avg latency per access:          0.00200784 us

********************************************************************************
system.lenet5_clstr.conv1.llvm_interface
Total Area: 6233.91
Total Power Static: 14530.9

Total Power Dynamic: 375959
   ========= Performance Analysis =============
   Setup Time:                      0h 0m 0s 6ms 977us
   Simulation Time (Total):         0h 3m 24s 295ms
   Simulation Time (Active):        0h 0m 8s 252ms
        Queue Processing Time:      0h 0m 8s 86ms
             Scheduling Time:       0h 0m 5s 107ms
             Computation Time:      0h 0m 0s 964ms
   System Clock:                    0.1GHz
   Runtime:                         1221336 cycles
   Runtime:                         12213.4 us
   Stalls:                          0 cycles
   Executed Nodes:                  1221335 cycles

   ========= Kernel Validation Stats ==========
   Kernel validation enabled:       NO
   Configured latency per check:    0 us

   --- Access Breakdown ---
   Total memory accesses (validated): 0
   Cache hits (0 latency):          0
   Validation requests (full lat):  0
     of which DMA-ctrl writes:      0
   Coalesced waits (partial lat):   0
   Validations denied:              0

   --- Latency Breakdown ---
   Validation request latency:      0 us
   Coalesced wait latency:          0 us
   TOTAL SECURITY OVERHEAD:         0 us
   Avg latency per validation:      0 us
   Avg latency per coalesced wait:  0 us
   Avg overhead per blocked access: 0 us

   --- Cache Statistics ---
   Processes with cached pages:     0
   Unique pages validated (total):  0
   Cache hit rate:                  0%

   ========= IOMMU Stats =====================
   IOMMU enabled:                   YES
   IOMMU SimObject:                 system.lenet5_clstr.iommu

   --- Access Breakdown ---
   Total IOMMU checks:              1772381
   IOTLB hits:                      1772325
   IOTLB misses (page walks):       56
   IOTLB hit rate:                  99.9968%

   --- Latency Breakdown ---
   TOTAL IOMMU OVERHEAD:            3558.65 us
   Avg latency per access:          0.00200784 us

********************************************************************************
system.lenet5_clstr.pool_mover_1.llvm_interface
Total Area: 780.105
Total Power Static: 12.6423

Total Power Dynamic: 101.338
   ========= Performance Analysis =============
   Setup Time:                      0h 0m 0s 6ms 681us
   Simulation Time (Total):         0h 3m 24s 287ms
   Simulation Time (Active):        0h 0m 0s 269ms
        Queue Processing Time:      0h 0m 0s 148ms
             Scheduling Time:       0h 0m 0s 23ms
             Computation Time:      0h 0m 0s 6ms
   System Clock:                    0.1GHz
   Runtime:                         1221312 cycles
   Runtime:                         12213.1 us
   Stalls:                          0 cycles
   Executed Nodes:                  1221311 cycles

   ========= Kernel Validation Stats ==========
   Kernel validation enabled:       NO
   Configured latency per check:    0 us

   --- Access Breakdown ---
   Total memory accesses (validated): 0
   Cache hits (0 latency):          0
   Validation requests (full lat):  0
     of which DMA-ctrl writes:      0
   Coalesced waits (partial lat):   0
   Validations denied:              0

   --- Latency Breakdown ---
   Validation request latency:      0 us
   Coalesced wait latency:          0 us
   TOTAL SECURITY OVERHEAD:         0 us
   Avg latency per validation:      0 us
   Avg latency per coalesced wait:  0 us
   Avg overhead per blocked access: 0 us

   --- Cache Statistics ---
   Processes with cached pages:     0
   Unique pages validated (total):  0
   Cache hit rate:                  0%

   ========= IOMMU Stats =====================
   IOMMU enabled:                   YES
   IOMMU SimObject:                 system.lenet5_clstr.iommu

   --- Access Breakdown ---
   Total IOMMU checks:              1772384
   IOTLB hits:                      1772328
   IOTLB misses (page walks):       56
   IOTLB hit rate:                  99.9968%

   --- Latency Breakdown ---
   TOTAL IOMMU OVERHEAD:            3558.66 us
   Avg latency per access:          0.00200784 us

********************************************************************************
system.lenet5_clstr.pool1.llvm_interface
Total Area: 6221.95
Total Power Static: 35.4349

Total Power Dynamic: 738.536
   ========= Performance Analysis =============
   Setup Time:                      0h 0m 0s 0ms 826us
   Simulation Time (Total):         0h 3m 24s 276ms
   Simulation Time (Active):        0h 0m 0s 292ms
        Queue Processing Time:      0h 0m 0s 163ms
             Scheduling Time:       0h 0m 0s 32ms
             Computation Time:      0h 0m 0s 5ms
   System Clock:                    0.1GHz
   Runtime:                         1221255 cycles
   Runtime:                         12212.6 us
   Stalls:                          0 cycles
   Executed Nodes:                  1221254 cycles

   ========= Kernel Validation Stats ==========
   Kernel validation enabled:       NO
   Configured latency per check:    0 us

   --- Access Breakdown ---
   Total memory accesses (validated): 0
   Cache hits (0 latency):          0
   Validation requests (full lat):  0
     of which DMA-ctrl writes:      0
   Coalesced waits (partial lat):   0
   Validations denied:              0

   --- Latency Breakdown ---
   Validation request latency:      0 us
   Coalesced wait latency:          0 us
   TOTAL SECURITY OVERHEAD:         0 us
   Avg latency per validation:      0 us
   Avg latency per coalesced wait:  0 us
   Avg overhead per blocked access: 0 us

   --- Cache Statistics ---
   Processes with cached pages:     0
   Unique pages validated (total):  0
   Cache hit rate:                  0%

   ========= IOMMU Stats =====================
   IOMMU enabled:                   YES
   IOMMU SimObject:                 system.lenet5_clstr.iommu

   --- Access Breakdown ---
   Total IOMMU checks:              1772384
   IOTLB hits:                      1772328
   IOTLB misses (page walks):       56
   IOTLB hit rate:                  99.9968%

   --- Latency Breakdown ---
   TOTAL IOMMU OVERHEAD:            3558.66 us
   Avg latency per access:          0.00200784 us

********************************************************************************
system.lenet5_clstr.data_mover_2.llvm_interface
Total Area: 1830.32
Total Power Static: 467.516

Total Power Dynamic: 5377.4
   ========= Performance Analysis =============
   Setup Time:                      0h 0m 0s 1ms 25us
   Simulation Time (Total):         0h 3m 42s 970ms
   Simulation Time (Active):        0h 0m 1s 144ms
        Queue Processing Time:      0h 0m 0s 987ms
             Scheduling Time:       0h 0m 0s 510ms
             Computation Time:      0h 0m 0s 112ms
   System Clock:                    0.1GHz
   Runtime:                         1510718 cycles
   Runtime:                         15107.2 us
   Stalls:                          0 cycles
   Executed Nodes:                  1510717 cycles

   ========= Kernel Validation Stats ==========
   Kernel validation enabled:       NO
   Configured latency per check:    0 us

   --- Access Breakdown ---
   Total memory accesses (validated): 0
   Cache hits (0 latency):          0
   Validation requests (full lat):  0
     of which DMA-ctrl writes:      0
   Coalesced waits (partial lat):   0
   Validations denied:              0

   --- Latency Breakdown ---
   Validation request latency:      0 us
   Coalesced wait latency:          0 us
   TOTAL SECURITY OVERHEAD:         0 us
   Avg latency per validation:      0 us
   Avg latency per coalesced wait:  0 us
   Avg overhead per blocked access: 0 us

   --- Cache Statistics ---
   Processes with cached pages:     0
   Unique pages validated (total):  0
   Cache hit rate:                  0%

   ========= IOMMU Stats =====================
   IOMMU enabled:                   YES
   IOMMU SimObject:                 system.lenet5_clstr.iommu

   --- Access Breakdown ---
   Total IOMMU checks:              2004983
   IOTLB hits:                      1999453
   IOTLB misses (page walks):       5530
   IOTLB hit rate:                  99.7242%

   --- Latency Breakdown ---
   TOTAL IOMMU OVERHEAD:            5381.41 us
   Avg latency per access:          0.00268402 us

********************************************************************************
system.lenet5_clstr.conv2.llvm_interface
Total Area: 5875.03
Total Power Static: 2891.36

Total Power Dynamic: 75102.9
   ========= Performance Analysis =============
   Setup Time:                      0h 0m 0s 0ms 827us
   Simulation Time (Total):         0h 3m 43s 87ms
   Simulation Time (Active):        0h 0m 1s 608ms
        Queue Processing Time:      0h 0m 1s 440ms
             Scheduling Time:       0h 0m 0s 821ms
             Computation Time:      0h 0m 0s 166ms
   System Clock:                    0.1GHz
   Runtime:                         1513097 cycles
   Runtime:                         15131 us
   Stalls:                          0 cycles
   Executed Nodes:                  1513096 cycles

   ========= Kernel Validation Stats ==========
   Kernel validation enabled:       NO
   Configured latency per check:    0 us

   --- Access Breakdown ---
   Total memory accesses (validated): 0
   Cache hits (0 latency):          0
   Validation requests (full lat):  0
     of which DMA-ctrl writes:      0
   Coalesced waits (partial lat):   0
   Validations denied:              0

   --- Latency Breakdown ---
   Validation request latency:      0 us
   Coalesced wait latency:          0 us
   TOTAL SECURITY OVERHEAD:         0 us
   Avg latency per validation:      0 us
   Avg latency per coalesced wait:  0 us
   Avg overhead per blocked access: 0 us

   --- Cache Statistics ---
   Processes with cached pages:     0
   Unique pages validated (total):  0
   Cache hit rate:                  0%

   ========= IOMMU Stats =====================
   IOMMU enabled:                   YES
   IOMMU SimObject:                 system.lenet5_clstr.iommu

   --- Access Breakdown ---
   Total IOMMU checks:              2006123
   IOTLB hits:                      2000547
   IOTLB misses (page walks):       5576
   IOTLB hit rate:                  99.7221%

   --- Latency Breakdown ---
   TOTAL IOMMU OVERHEAD:            5395.09 us
   Avg latency per access:          0.00268931 us

********************************************************************************
system.lenet5_clstr.data_mover_3.llvm_interface
Total Area: 1112.55
Total Power Static: 96.7562

Total Power Dynamic: 1121.45
   ========= Performance Analysis =============
   Setup Time:                      0h 0m 0s 0ms 714us
   Simulation Time (Total):         0h 3m 44s 977ms
   Simulation Time (Active):        0h 0m 0s 448ms
        Queue Processing Time:      0h 0m 0s 274ms
             Scheduling Time:       0h 0m 0s 78ms
             Computation Time:      0h 0m 0s 19ms
   System Clock:                    0.1GHz
   Runtime:                         1553664 cycles
   Runtime:                         15536.6 us
   Stalls:                          0 cycles
   Executed Nodes:                  1553663 cycles

   ========= Kernel Validation Stats ==========
   Kernel validation enabled:       NO
   Configured latency per check:    0 us

   --- Access Breakdown ---
   Total memory accesses (validated): 0
   Cache hits (0 latency):          0
   Validation requests (full lat):  0
     of which DMA-ctrl writes:      0
   Coalesced waits (partial lat):   0
   Validations denied:              0

   --- Latency Breakdown ---
   Validation request latency:      0 us
   Coalesced wait latency:          0 us
   TOTAL SECURITY OVERHEAD:         0 us
   Avg latency per validation:      0 us
   Avg latency per coalesced wait:  0 us
   Avg overhead per blocked access: 0 us

   --- Cache Statistics ---
   Processes with cached pages:     0
   Unique pages validated (total):  0
   Cache hit rate:                  0%

   ========= IOMMU Stats =====================
   IOMMU enabled:                   YES
   IOMMU SimObject:                 system.lenet5_clstr.iommu

   --- Access Breakdown ---
   Total IOMMU checks:              2056612
   IOTLB hits:                      2051025
   IOTLB misses (page walks):       5587
   IOTLB hit rate:                  99.7283%

   --- Latency Breakdown ---
   TOTAL IOMMU OVERHEAD:            5498.8 us
   Avg latency per access:          0.00267372 us

********************************************************************************
system.lenet5_clstr.fc0.llvm_interface
Total Area: 5516.14
Total Power Static: 605.722

Total Power Dynamic: 15761.6
   ========= Performance Analysis =============
   Setup Time:                      0h 0m 0s 6ms 734us
   Simulation Time (Total):         0h 3m 44s 960ms
   Simulation Time (Active):        0h 0m 0s 504ms
        Queue Processing Time:      0h 0m 0s 342ms
             Scheduling Time:       0h 0m 0s 128ms
             Computation Time:      0h 0m 0s 28ms
   System Clock:                    0.1GHz
   Runtime:                         1553630 cycles
   Runtime:                         15536.3 us
   Stalls:                          0 cycles
   Executed Nodes:                  1553629 cycles

   ========= Kernel Validation Stats ==========
   Kernel validation enabled:       NO
   Configured latency per check:    0 us

   --- Access Breakdown ---
   Total memory accesses (validated): 0
   Cache hits (0 latency):          0
   Validation requests (full lat):  0
     of which DMA-ctrl writes:      0
   Coalesced waits (partial lat):   0
   Validations denied:              0

   --- Latency Breakdown ---
   Validation request latency:      0 us
   Coalesced wait latency:          0 us
   TOTAL SECURITY OVERHEAD:         0 us
   Avg latency per validation:      0 us
   Avg latency per coalesced wait:  0 us
   Avg overhead per blocked access: 0 us

   --- Cache Statistics ---
   Processes with cached pages:     0
   Unique pages validated (total):  0
   Cache hit rate:                  0%

   ========= IOMMU Stats =====================
   IOMMU enabled:                   YES
   IOMMU SimObject:                 system.lenet5_clstr.iommu

   --- Access Breakdown ---
   Total IOMMU checks:              2056614
   IOTLB hits:                      2051027
   IOTLB misses (page walks):       5587
   IOTLB hit rate:                  99.7283%

   --- Latency Breakdown ---
   TOTAL IOMMU OVERHEAD:            5498.8 us
   Avg latency per access:          0.00267372 us

********************************************************************************
system.lenet5_clstr.top.llvm_interface
Total Area: 201.48
Total Power Static: 218.917

Total Power Dynamic: 1075.8
   ========= Performance Analysis =============
   Setup Time:                      0h 0m 0s 7ms 455us
   Simulation Time (Total):         0h 3m 46s 895ms
   Simulation Time (Active):        0h 0m 3s 461ms
        Queue Processing Time:      0h 0m 3s 215ms
             Scheduling Time:       0h 0m 1s 531ms
             Computation Time:      0h 0m 0s 188ms
   System Clock:                    0.1GHz
   Runtime:                         1575352 cycles
   Runtime:                         15753.5 us
   Stalls:                          0 cycles
   Executed Nodes:                  1575351 cycles

   ========= Kernel Validation Stats ==========
   Kernel validation enabled:       NO
   Configured latency per check:    0 us

   --- Access Breakdown ---
   Total memory accesses (validated): 0
   Cache hits (0 latency):          0
   Validation requests (full lat):  0
     of which DMA-ctrl writes:      0
   Coalesced waits (partial lat):   0
   Validations denied:              0

   --- Latency Breakdown ---
   Validation request latency:      0 us
   Coalesced wait latency:          0 us
   TOTAL SECURITY OVERHEAD:         0 us
   Avg latency per validation:      0 us
   Avg latency per coalesced wait:  0 us
   Avg overhead per blocked access: 0 us

   --- Cache Statistics ---
   Processes with cached pages:     0
   Unique pages validated (total):  0
   Cache hit rate:                  0%

   ========= IOMMU Stats =====================
   IOMMU enabled:                   YES
   IOMMU SimObject:                 system.lenet5_clstr.iommu

   --- Access Breakdown ---
   Total IOMMU checks:              2056616
   IOTLB hits:                      2051029
   IOTLB misses (page walks):       5587
   IOTLB hit rate:                  99.7283%

   --- Latency Breakdown ---
   TOTAL IOMMU OVERHEAD:            5498.81 us
   Avg latency per access:          0.00267372 us

Exiting @ tick 15803398000 because m5_exit instruction encountered
