build/ARM/base/statistics.hh:277: warn: One of the stats is a legacy stat. Legacy stat is a stat that does not belong to any statistics::Group. Legacy stat is deprecated.
Global frequency set at 1000000000000 ticks per second
build/ARM/mem/mem_interface.cc:793: warn: DRAM device capacity (16384 Mbytes) does not match the address range assigned (4096 Mbytes)
build/ARM/sim/kernel_workload.cc:46: info: kernel located at: /gem5-SALAM/benchmarks/lenet/design_b/sw/main.elf
build/ARM/arch/arm/system.cc:95: warn: Highest ARM exception-level set to AArch64 but the workload is for AArch32. Assuming you wanted these to match.
build/ARM/base/vnc/vncserver.cc:163: warn: Sockets disabled, not accepting vnc client connections
build/ARM/dev/serial/terminal.cc:170: warn: Sockets disabled, not accepting terminal connections
build/ARM/base/remote_gdb.cc:377: warn: Sockets disabled, not accepting gdb connections
build/ARM/mem/coherent_xbar.cc:140: warn: CoherentXBar system.lenet5_clstr.coherency_bus has no snooping ports attached!
build/ARM/dev/arm/energy_ctrl.cc:252: warn: Existing EnergyCtrl, but no enabled DVFSHandler found.
gem5 Simulator System.  http://gem5.org
gem5 is copyrighted software; use the --copyright option for details.

gem5 version 21.1.0.1
gem5 compiled May  6 2026 03:05:39
gem5 started May  6 2026 03:06:30
gem5 executing on 3b7fb6fd27b8, pid 3651013
command line: /gem5-SALAM/build/ARM/gem5.opt --listener-mode=off --outdir=/gem5-SALAM/BM_ARM_OUT/run_all/lenet_b/iommu_e32_m250ns /gem5-SALAM/configs/SALAM/fs_lenet_b.py --mem-size=4GB --mem-type=DDR4_2400_8x8 --machine-type=VExpress_GEM5_V1 --dtb-file=none --bare-metal --cpu-type=DerivO3CPU --caches --l2cache --kernel=/gem5-SALAM/benchmarks/lenet/design_b/sw/main.elf --disk-image=/gem5-SALAM/benchmarks/common/fake.iso --accpath=/gem5-SALAM/benchmarks/lenet/design_b --accbench=lenet_b --enable-iommu --iotlb-entries 32 --iotlb-hit-latency 2000 --iotlb-miss-latency 250000

[HWAccConfig] IOMMU ENABLED: entries=32, hit_lat=2000, miss_lat=250000
[HWAccConfig] IOMMU ENABLED: entries=32, hit_lat=2000, miss_lat=250000
[HWAccConfig] IOMMU ENABLED: entries=32, hit_lat=2000, miss_lat=250000
[HWAccConfig] IOMMU ENABLED: entries=32, hit_lat=2000, miss_lat=250000
[HWAccConfig] IOMMU ENABLED: entries=32, hit_lat=2000, miss_lat=250000
[HWAccConfig] IOMMU ENABLED: entries=32, hit_lat=2000, miss_lat=250000
[HWAccConfig] IOMMU ENABLED: entries=32, hit_lat=2000, miss_lat=250000
[HWAccConfig] IOMMU ENABLED: entries=32, hit_lat=2000, miss_lat=250000
[HWAccConfig] IOMMU ENABLED: entries=32, hit_lat=2000, miss_lat=250000
[HWAccConfig] IOMMU ENABLED: entries=32, hit_lat=2000, miss_lat=250000
[HWAccConfig] IOMMU ENABLED: entries=32, hit_lat=2000, miss_lat=250000
[HWAccConfig] IOMMU ENABLED: entries=32, hit_lat=2000, miss_lat=250000
**** REAL SIMULATION ****
warn: iobus.slave is deprecated. `slave` is now called `cpu_side_ports`
warn: bridge.master is deprecated. `master` is now called `mem_side_port`
warn: membus.master is deprecated. `master` is now called `mem_side_ports`
warn: bridge.slave is deprecated. `slave` is now called `cpu_side_port`
warn: membus.slave is deprecated. `slave` is now called `cpu_side_ports`
warn: tol2bus.master is deprecated. `master` is now called `mem_side_ports`
warn: membus.slave is deprecated. `slave` is now called `cpu_side_ports`
warn: tol2bus.slave is deprecated. `slave` is now called `cpu_side_ports`
warn: tol2bus.slave is deprecated. `slave` is now called `cpu_side_ports`
warn: tol2bus.slave is deprecated. `slave` is now called `cpu_side_ports`
warn: tol2bus.slave is deprecated. `slave` is now called `cpu_side_ports`
warn: membus.slave is deprecated. `slave` is now called `cpu_side_ports`
warn: coherency_bus.master is deprecated. `master` is now called `mem_side_ports`
warn: No dot file generated. Please install pydot to generate the dot file and pdf.
build/ARM/sim/simulate.cc:107: info: Entering event queue @ 0.  Starting simulation...
********************************************************************************
system.lenet5_clstr.data_mover_0.llvm_interface
Total Area: 921.141
Total Power Static: 46.5935

Total Power Dynamic: 530.888
   ========= Performance Analysis =============
   Setup Time:                      0h 0m 0s 0ms 651us
   Simulation Time (Total):         0h 3m 59s 860ms
   Simulation Time (Active):        0h 0m 0s 283ms
        Queue Processing Time:      0h 0m 0s 224ms
             Scheduling Time:       0h 0m 0s 96ms
             Computation Time:      0h 0m 0s 16ms
   System Clock:                    0.1GHz
   Runtime:                         533841 cycles
   Runtime:                         5338.41 us
   Stalls:                          0 cycles
   Executed Nodes:                  533840 cycles

   ========= Kernel Validation Stats ==========
   Kernel validation enabled:       NO
   Configured latency per check:    0 us

   --- Access Breakdown ---
   Total memory accesses (validated): 0
   Cache hits (0 latency):          0
   Validation requests (full lat):  0
     of which DMA-ctrl writes:      0
   Coalesced waits (partial lat):   0
   Validations denied:              0

   --- Latency Breakdown ---
   Validation request latency:      0 us
   Coalesced wait latency:          0 us
   TOTAL SECURITY OVERHEAD:         0 us
   Avg latency per validation:      0 us
   Avg latency per coalesced wait:  0 us
   Avg overhead per blocked access: 0 us

   --- Cache Statistics ---
   Processes with cached pages:     0
   Unique pages validated (total):  0
   Cache hit rate:                  0%

   ========= IOMMU Stats =====================
   IOMMU enabled:                   YES
   IOMMU SimObject:                 system.lenet5_clstr.iommu

   --- Access Breakdown ---
   Total IOMMU checks:              499153
   IOTLB hits:                      499109
   IOTLB misses (page walks):       44
   IOTLB hit rate:                  99.9912%

   --- Latency Breakdown ---
   TOTAL IOMMU OVERHEAD:            1009.22 us
   Avg latency per access:          0.00202186 us

********************************************************************************
system.lenet5_clstr.conv0.llvm_interface
Total Area: 6604.76
Total Power Static: 7702.37

Total Power Dynamic: 186527
   ========= Performance Analysis =============
   Setup Time:                      0h 0m 0s 7ms 58us
   Simulation Time (Total):         0h 3m 59s 862ms
   Simulation Time (Active):        0h 0m 6s 759ms
        Queue Processing Time:      0h 0m 6s 675ms
             Scheduling Time:       0h 0m 3s 698ms
             Computation Time:      0h 0m 0s 821ms
   System Clock:                    0.1GHz
   Runtime:                         533867 cycles
   Runtime:                         5338.67 us
   Stalls:                          0 cycles
   Executed Nodes:                  533866 cycles

   ========= Kernel Validation Stats ==========
   Kernel validation enabled:       NO
   Configured latency per check:    0 us

   --- Access Breakdown ---
   Total memory accesses (validated): 0
   Cache hits (0 latency):          0
   Validation requests (full lat):  0
     of which DMA-ctrl writes:      0
   Coalesced waits (partial lat):   0
   Validations denied:              0

   --- Latency Breakdown ---
   Validation request latency:      0 us
   Coalesced wait latency:          0 us
   TOTAL SECURITY OVERHEAD:         0 us
   Avg latency per validation:      0 us
   Avg latency per coalesced wait:  0 us
   Avg overhead per blocked access: 0 us

   --- Cache Statistics ---
   Processes with cached pages:     0
   Unique pages validated (total):  0
   Cache hit rate:                  0%

   ========= IOMMU Stats =====================
   IOMMU enabled:                   YES
   IOMMU SimObject:                 system.lenet5_clstr.iommu

   --- Access Breakdown ---
   Total IOMMU checks:              499153
   IOTLB hits:                      499109
   IOTLB misses (page walks):       44
   IOTLB hit rate:                  99.9912%

   --- Latency Breakdown ---
   TOTAL IOMMU OVERHEAD:            1009.22 us
   Avg latency per access:          0.00202186 us

********************************************************************************
system.lenet5_clstr.pool0.llvm_interface
Total Area: 6693.54
Total Power Static: 119.603

Total Power Dynamic: 2263.76
   ========= Performance Analysis =============
   Setup Time:                      0h 0m 0s 0ms 941us
   Simulation Time (Total):         0h 3m 59s 851ms
   Simulation Time (Active):        0h 0m 0s 326ms
        Queue Processing Time:      0h 0m 0s 276ms
             Scheduling Time:       0h 0m 0s 125ms
             Computation Time:      0h 0m 0s 20ms
   System Clock:                    0.1GHz
   Runtime:                         533807 cycles
   Runtime:                         5338.07 us
   Stalls:                          0 cycles
   Executed Nodes:                  533806 cycles

   ========= Kernel Validation Stats ==========
   Kernel validation enabled:       NO
   Configured latency per check:    0 us

   --- Access Breakdown ---
   Total memory accesses (validated): 0
   Cache hits (0 latency):          0
   Validation requests (full lat):  0
     of which DMA-ctrl writes:      0
   Coalesced waits (partial lat):   0
   Validations denied:              0

   --- Latency Breakdown ---
   Validation request latency:      0 us
   Coalesced wait latency:          0 us
   TOTAL SECURITY OVERHEAD:         0 us
   Avg latency per validation:      0 us
   Avg latency per coalesced wait:  0 us
   Avg overhead per blocked access: 0 us

   --- Cache Statistics ---
   Processes with cached pages:     0
   Unique pages validated (total):  0
   Cache hit rate:                  0%

   ========= IOMMU Stats =====================
   IOMMU enabled:                   YES
   IOMMU SimObject:                 system.lenet5_clstr.iommu

   --- Access Breakdown ---
   Total IOMMU checks:              499156
   IOTLB hits:                      499112
   IOTLB misses (page walks):       44
   IOTLB hit rate:                  99.9912%

   --- Latency Breakdown ---
   TOTAL IOMMU OVERHEAD:            1009.22 us
   Avg latency per access:          0.00202186 us

********************************************************************************
system.lenet5_clstr.data_mover_1.llvm_interface
Total Area: 921.141
Total Power Static: 11.6632

Total Power Dynamic: 132.822
   ========= Performance Analysis =============
   Setup Time:                      0h 0m 0s 0ms 558us
   Simulation Time (Total):         0h 3m 59s 845ms
   Simulation Time (Active):        0h 0m 0s 185ms
        Queue Processing Time:      0h 0m 0s 108ms
             Scheduling Time:       0h 0m 0s 19ms
             Computation Time:      0h 0m 0s 3ms
   System Clock:                    0.1GHz
   Runtime:                         533802 cycles
   Runtime:                         5338.02 us
   Stalls:                          0 cycles
   Executed Nodes:                  533801 cycles

   ========= Kernel Validation Stats ==========
   Kernel validation enabled:       NO
   Configured latency per check:    0 us

   --- Access Breakdown ---
   Total memory accesses (validated): 0
   Cache hits (0 latency):          0
   Validation requests (full lat):  0
     of which DMA-ctrl writes:      0
   Coalesced waits (partial lat):   0
   Validations denied:              0

   --- Latency Breakdown ---
   Validation request latency:      0 us
   Coalesced wait latency:          0 us
   TOTAL SECURITY OVERHEAD:         0 us
   Avg latency per validation:      0 us
   Avg latency per coalesced wait:  0 us
   Avg overhead per blocked access: 0 us

   --- Cache Statistics ---
   Processes with cached pages:     0
   Unique pages validated (total):  0
   Cache hit rate:                  0%

   ========= IOMMU Stats =====================
   IOMMU enabled:                   YES
   IOMMU SimObject:                 system.lenet5_clstr.iommu

   --- Access Breakdown ---
   Total IOMMU checks:              499162
   IOTLB hits:                      499118
   IOTLB misses (page walks):       44
   IOTLB hit rate:                  99.9912%

   --- Latency Breakdown ---
   TOTAL IOMMU OVERHEAD:            1009.24 us
   Avg latency per access:          0.00202186 us

********************************************************************************
system.lenet5_clstr.conv1.llvm_interface
Total Area: 6784.2
Total Power Static: 15677.5

Total Power Dynamic: 376721
   ========= Performance Analysis =============
   Setup Time:                      0h 0m 0s 0ms 988us
   Simulation Time (Total):         0h 5m 6s 816ms
   Simulation Time (Active):        0h 0m 6s 1ms
        Queue Processing Time:      0h 0m 5s 893ms
             Scheduling Time:       0h 0m 3s 476ms
             Computation Time:      0h 0m 0s 722ms
   System Clock:                    0.1GHz
   Runtime:                         1040147 cycles
   Runtime:                         10401.5 us
   Stalls:                          0 cycles
   Executed Nodes:                  1040146 cycles

   ========= Kernel Validation Stats ==========
   Kernel validation enabled:       NO
   Configured latency per check:    0 us

   --- Access Breakdown ---
   Total memory accesses (validated): 0
   Cache hits (0 latency):          0
   Validation requests (full lat):  0
     of which DMA-ctrl writes:      0
   Coalesced waits (partial lat):   0
   Validations denied:              0

   --- Latency Breakdown ---
   Validation request latency:      0 us
   Coalesced wait latency:          0 us
   TOTAL SECURITY OVERHEAD:         0 us
   Avg latency per validation:      0 us
   Avg latency per coalesced wait:  0 us
   Avg overhead per blocked access: 0 us

   --- Cache Statistics ---
   Processes with cached pages:     0
   Unique pages validated (total):  0
   Cache hit rate:                  0%

   ========= IOMMU Stats =====================
   IOMMU enabled:                   YES
   IOMMU SimObject:                 system.lenet5_clstr.iommu

   --- Access Breakdown ---
   Total IOMMU checks:              822169
   IOTLB hits:                      822096
   IOTLB misses (page walks):       73
   IOTLB hit rate:                  99.9911%

   --- Latency Breakdown ---
   TOTAL IOMMU OVERHEAD:            1662.44 us
   Avg latency per access:          0.00202202 us

********************************************************************************
system.lenet5_clstr.data_mover_2.llvm_interface
Total Area: 921.141
Total Power Static: 15.4509

Total Power Dynamic: 178.201
   ========= Performance Analysis =============
   Setup Time:                      0h 0m 0s 0ms 572us
   Simulation Time (Total):         0h 5m 6s 800ms
   Simulation Time (Active):        0h 0m 0s 222ms
        Queue Processing Time:      0h 0m 0s 120ms
             Scheduling Time:       0h 0m 0s 17ms
             Computation Time:      0h 0m 0s 3ms
   System Clock:                    0.1GHz
   Runtime:                         1040122 cycles
   Runtime:                         10401.2 us
   Stalls:                          0 cycles
   Executed Nodes:                  1040121 cycles

   ========= Kernel Validation Stats ==========
   Kernel validation enabled:       NO
   Configured latency per check:    0 us

   --- Access Breakdown ---
   Total memory accesses (validated): 0
   Cache hits (0 latency):          0
   Validation requests (full lat):  0
     of which DMA-ctrl writes:      0
   Coalesced waits (partial lat):   0
   Validations denied:              0

   --- Latency Breakdown ---
   Validation request latency:      0 us
   Coalesced wait latency:          0 us
   TOTAL SECURITY OVERHEAD:         0 us
   Avg latency per validation:      0 us
   Avg latency per coalesced wait:  0 us
   Avg overhead per blocked access: 0 us

   --- Cache Statistics ---
   Processes with cached pages:     0
   Unique pages validated (total):  0
   Cache hit rate:                  0%

   ========= IOMMU Stats =====================
   IOMMU enabled:                   YES
   IOMMU SimObject:                 system.lenet5_clstr.iommu

   --- Access Breakdown ---
   Total IOMMU checks:              822170
   IOTLB hits:                      822097
   IOTLB misses (page walks):       73
   IOTLB hit rate:                  99.9911%

   --- Latency Breakdown ---
   TOTAL IOMMU OVERHEAD:            1662.44 us
   Avg latency per access:          0.00202202 us

********************************************************************************
system.lenet5_clstr.pool1.llvm_interface
Total Area: 6693.54
Total Power Static: 40.6797

Total Power Dynamic: 769.272
   ========= Performance Analysis =============
   Setup Time:                      0h 0m 0s 6ms 918us
   Simulation Time (Total):         0h 5m 6s 755ms
   Simulation Time (Active):        0h 0m 0s 244ms
        Queue Processing Time:      0h 0m 0s 131ms
             Scheduling Time:       0h 0m 0s 20ms
             Computation Time:      0h 0m 0s 4ms
   System Clock:                    0.1GHz
   Runtime:                         1040087 cycles
   Runtime:                         10400.9 us
   Stalls:                          0 cycles
   Executed Nodes:                  1040086 cycles

   ========= Kernel Validation Stats ==========
   Kernel validation enabled:       NO
   Configured latency per check:    0 us

   --- Access Breakdown ---
   Total memory accesses (validated): 0
   Cache hits (0 latency):          0
   Validation requests (full lat):  0
     of which DMA-ctrl writes:      0
   Coalesced waits (partial lat):   0
   Validations denied:              0

   --- Latency Breakdown ---
   Validation request latency:      0 us
   Coalesced wait latency:          0 us
   TOTAL SECURITY OVERHEAD:         0 us
   Avg latency per validation:      0 us
   Avg latency per coalesced wait:  0 us
   Avg overhead per blocked access: 0 us

   --- Cache Statistics ---
   Processes with cached pages:     0
   Unique pages validated (total):  0
   Cache hit rate:                  0%

   ========= IOMMU Stats =====================
   IOMMU enabled:                   YES
   IOMMU SimObject:                 system.lenet5_clstr.iommu

   --- Access Breakdown ---
   Total IOMMU checks:              822170
   IOTLB hits:                      822097
   IOTLB misses (page walks):       73
   IOTLB hit rate:                  99.9911%

   --- Latency Breakdown ---
   TOTAL IOMMU OVERHEAD:            1662.44 us
   Avg latency per access:          0.00202202 us

********************************************************************************
system.lenet5_clstr.data_mover_3.llvm_interface
Total Area: 921.141
Total Power Static: 3.86689

Total Power Dynamic: 44.586
   ========= Performance Analysis =============
   Setup Time:                      0h 0m 0s 6ms 778us
   Simulation Time (Total):         0h 5m 6s 738ms
   Simulation Time (Active):        0h 0m 0s 224ms
        Queue Processing Time:      0h 0m 0s 125ms
             Scheduling Time:       0h 0m 0s 3ms
             Computation Time:      0h 0m 0s 0ms
   System Clock:                    0.1GHz
   Runtime:                         1040082 cycles
   Runtime:                         10400.8 us
   Stalls:                          0 cycles
   Executed Nodes:                  1040081 cycles

   ========= Kernel Validation Stats ==========
   Kernel validation enabled:       NO
   Configured latency per check:    0 us

   --- Access Breakdown ---
   Total memory accesses (validated): 0
   Cache hits (0 latency):          0
   Validation requests (full lat):  0
     of which DMA-ctrl writes:      0
   Coalesced waits (partial lat):   0
   Validations denied:              0

   --- Latency Breakdown ---
   Validation request latency:      0 us
   Coalesced wait latency:          0 us
   TOTAL SECURITY OVERHEAD:         0 us
   Avg latency per validation:      0 us
   Avg latency per coalesced wait:  0 us
   Avg overhead per blocked access: 0 us

   --- Cache Statistics ---
   Processes with cached pages:     0
   Unique pages validated (total):  0
   Cache hit rate:                  0%

   ========= IOMMU Stats =====================
   IOMMU enabled:                   YES
   IOMMU SimObject:                 system.lenet5_clstr.iommu

   --- Access Breakdown ---
   Total IOMMU checks:              822172
   IOTLB hits:                      822099
   IOTLB misses (page walks):       73
   IOTLB hit rate:                  99.9911%

   --- Latency Breakdown ---
   TOTAL IOMMU OVERHEAD:            1662.45 us
   Avg latency per access:          0.00202202 us

********************************************************************************
system.lenet5_clstr.conv2.llvm_interface
Total Area: 6066.43
Total Power Static: 2891.65

Total Power Dynamic: 75108.6
   ========= Performance Analysis =============
   Setup Time:                      0h 0m 0s 0ms 890us
   Simulation Time (Total):         0h 5m 19s 152ms
   Simulation Time (Active):        0h 0m 0s 955ms
        Queue Processing Time:      0h 0m 0s 834ms
             Scheduling Time:       0h 0m 0s 443ms
             Computation Time:      0h 0m 0s 90ms
   System Clock:                    0.1GHz
   Runtime:                         1329774 cycles
   Runtime:                         13297.7 us
   Stalls:                          0 cycles
   Executed Nodes:                  1329773 cycles

   ========= Kernel Validation Stats ==========
   Kernel validation enabled:       NO
   Configured latency per check:    0 us

   --- Access Breakdown ---
   Total memory accesses (validated): 0
   Cache hits (0 latency):          0
   Validation requests (full lat):  0
     of which DMA-ctrl writes:      0
   Coalesced waits (partial lat):   0
   Validations denied:              0

   --- Latency Breakdown ---
   Validation request latency:      0 us
   Coalesced wait latency:          0 us
   TOTAL SECURITY OVERHEAD:         0 us
   Avg latency per validation:      0 us
   Avg latency per coalesced wait:  0 us
   Avg overhead per blocked access: 0 us

   --- Cache Statistics ---
   Processes with cached pages:     0
   Unique pages validated (total):  0
   Cache hit rate:                  0%

   ========= IOMMU Stats =====================
   IOMMU enabled:                   YES
   IOMMU SimObject:                 system.lenet5_clstr.iommu

   --- Access Breakdown ---
   Total IOMMU checks:              931111
   IOTLB hits:                      925452
   IOTLB misses (page walks):       5659
   IOTLB hit rate:                  99.3922%

   --- Latency Breakdown ---
   TOTAL IOMMU OVERHEAD:            3265.65 us
   Avg latency per access:          0.00350727 us

********************************************************************************
system.lenet5_clstr.data_mover_4.llvm_interface
Total Area: 562.255
Total Power Static: 1.13697

Total Power Dynamic: 13.2473
   ========= Performance Analysis =============
   Setup Time:                      0h 0m 0s 0ms 562us
   Simulation Time (Total):         0h 5m 19s 109ms
   Simulation Time (Active):        0h 0m 0s 217ms
        Queue Processing Time:      0h 0m 0s 105ms
             Scheduling Time:       0h 0m 0s 0ms
             Computation Time:      0h 0m 0s 0ms
   System Clock:                    0.1GHz
   Runtime:                         1329750 cycles
   Runtime:                         13297.5 us
   Stalls:                          0 cycles
   Executed Nodes:                  1329749 cycles

   ========= Kernel Validation Stats ==========
   Kernel validation enabled:       NO
   Configured latency per check:    0 us

   --- Access Breakdown ---
   Total memory accesses (validated): 0
   Cache hits (0 latency):          0
   Validation requests (full lat):  0
     of which DMA-ctrl writes:      0
   Coalesced waits (partial lat):   0
   Validations denied:              0

   --- Latency Breakdown ---
   Validation request latency:      0 us
   Coalesced wait latency:          0 us
   TOTAL SECURITY OVERHEAD:         0 us
   Avg latency per validation:      0 us
   Avg latency per coalesced wait:  0 us
   Avg overhead per blocked access: 0 us

   --- Cache Statistics ---
   Processes with cached pages:     0
   Unique pages validated (total):  0
   Cache hit rate:                  0%

   ========= IOMMU Stats =====================
   IOMMU enabled:                   YES
   IOMMU SimObject:                 system.lenet5_clstr.iommu

   --- Access Breakdown ---
   Total IOMMU checks:              931113
   IOTLB hits:                      925454
   IOTLB misses (page walks):       5659
   IOTLB hit rate:                  99.3922%

   --- Latency Breakdown ---
   TOTAL IOMMU OVERHEAD:            3265.66 us
   Avg latency per access:          0.00350726 us

********************************************************************************
system.lenet5_clstr.fc0.llvm_interface
Total Area: 5707.55
Total Power Static: 605.723

Total Power Dynamic: 15765.7
   ========= Performance Analysis =============
   Setup Time:                      0h 0m 0s 0ms 658us
   Simulation Time (Total):         0h 5m 19s 768ms
   Simulation Time (Active):        0h 0m 0s 333ms
        Queue Processing Time:      0h 0m 0s 212ms
             Scheduling Time:       0h 0m 0s 65ms
             Computation Time:      0h 0m 0s 14ms
   System Clock:                    0.1GHz
   Runtime:                         1360096 cycles
   Runtime:                         13601 us
   Stalls:                          0 cycles
   Executed Nodes:                  1360095 cycles

   ========= Kernel Validation Stats ==========
   Kernel validation enabled:       NO
   Configured latency per check:    0 us

   --- Access Breakdown ---
   Total memory accesses (validated): 0
   Cache hits (0 latency):          0
   Validation requests (full lat):  0
     of which DMA-ctrl writes:      0
   Coalesced waits (partial lat):   0
   Validations denied:              0

   --- Latency Breakdown ---
   Validation request latency:      0 us
   Coalesced wait latency:          0 us
   TOTAL SECURITY OVERHEAD:         0 us
   Avg latency per validation:      0 us
   Avg latency per coalesced wait:  0 us
   Avg overhead per blocked access: 0 us

   --- Cache Statistics ---
   Processes with cached pages:     0
   Unique pages validated (total):  0
   Cache hit rate:                  0%

   ========= IOMMU Stats =====================
   IOMMU enabled:                   YES
   IOMMU SimObject:                 system.lenet5_clstr.iommu

   --- Access Breakdown ---
   Total IOMMU checks:              953273
   IOTLB hits:                      947604
   IOTLB misses (page walks):       5669
   IOTLB hit rate:                  99.4053%

   --- Latency Breakdown ---
   TOTAL IOMMU OVERHEAD:            3312.46 us
   Avg latency per access:          0.00347483 us

********************************************************************************
system.lenet5_clstr.top.llvm_interface
Total Area: 251.85
Total Power Static: 54.8342

Total Power Dynamic: 269.465
   ========= Performance Analysis =============
   Setup Time:                      0h 0m 0s 1ms 719us
   Simulation Time (Total):         0h 5m 20s 463ms
   Simulation Time (Active):        0h 0m 1s 64ms
        Queue Processing Time:      0h 0m 0s 941ms
             Scheduling Time:       0h 0m 0s 380ms
             Computation Time:      0h 0m 0s 47ms
   System Clock:                    0.1GHz
   Runtime:                         1363824 cycles
   Runtime:                         13638.2 us
   Stalls:                          0 cycles
   Executed Nodes:                  1363823 cycles

   ========= Kernel Validation Stats ==========
   Kernel validation enabled:       NO
   Configured latency per check:    0 us

   --- Access Breakdown ---
   Total memory accesses (validated): 0
   Cache hits (0 latency):          0
   Validation requests (full lat):  0
     of which DMA-ctrl writes:      0
   Coalesced waits (partial lat):   0
   Validations denied:              0

   --- Latency Breakdown ---
   Validation request latency:      0 us
   Coalesced wait latency:          0 us
   TOTAL SECURITY OVERHEAD:         0 us
   Avg latency per validation:      0 us
   Avg latency per coalesced wait:  0 us
   Avg overhead per blocked access: 0 us

   --- Cache Statistics ---
   Processes with cached pages:     0
   Unique pages validated (total):  0
   Cache hit rate:                  0%

   ========= IOMMU Stats =====================
   IOMMU enabled:                   YES
   IOMMU SimObject:                 system.lenet5_clstr.iommu

   --- Access Breakdown ---
   Total IOMMU checks:              953325
   IOTLB hits:                      947654
   IOTLB misses (page walks):       5671
   IOTLB hit rate:                  99.4051%

   --- Latency Breakdown ---
   TOTAL IOMMU OVERHEAD:            3313.06 us
   Avg latency per access:          0.00347527 us

Exiting @ tick 13715162000 because m5_exit instruction encountered
