build/ARM/base/statistics.hh:277: warn: One of the stats is a legacy stat. Legacy stat is a stat that does not belong to any statistics::Group. Legacy stat is deprecated.
Global frequency set at 1000000000000 ticks per second
build/ARM/mem/mem_interface.cc:793: warn: DRAM device capacity (16384 Mbytes) does not match the address range assigned (4096 Mbytes)
build/ARM/sim/kernel_workload.cc:46: info: kernel located at: /gem5-SALAM/benchmarks/lenet/design_a/sw/main.elf
build/ARM/arch/arm/system.cc:95: warn: Highest ARM exception-level set to AArch64 but the workload is for AArch32. Assuming you wanted these to match.
build/ARM/base/vnc/vncserver.cc:163: warn: Sockets disabled, not accepting vnc client connections
build/ARM/dev/serial/terminal.cc:170: warn: Sockets disabled, not accepting terminal connections
build/ARM/base/remote_gdb.cc:377: warn: Sockets disabled, not accepting gdb connections
build/ARM/mem/coherent_xbar.cc:140: warn: CoherentXBar system.lenet5_clstr.coherency_bus has no snooping ports attached!
build/ARM/dev/arm/energy_ctrl.cc:252: warn: Existing EnergyCtrl, but no enabled DVFSHandler found.
gem5 Simulator System.  http://gem5.org
gem5 is copyrighted software; use the --copyright option for details.

gem5 version 21.1.0.1
gem5 compiled May  6 2026 03:05:39
gem5 started May  6 2026 03:06:27
gem5 executing on 3b7fb6fd27b8, pid 3650888
command line: /gem5-SALAM/build/ARM/gem5.opt --listener-mode=off --outdir=/gem5-SALAM/BM_ARM_OUT/run_all/lenet_a/iommu_e8_m500ns /gem5-SALAM/configs/SALAM/fs_lenet_a.py --mem-size=4GB --mem-type=DDR4_2400_8x8 --machine-type=VExpress_GEM5_V1 --dtb-file=none --bare-metal --cpu-type=DerivO3CPU --caches --l2cache --kernel=/gem5-SALAM/benchmarks/lenet/design_a/sw/main.elf --disk-image=/gem5-SALAM/benchmarks/common/fake.iso --accpath=/gem5-SALAM/benchmarks/lenet/design_a --accbench=lenet_a --enable-iommu --iotlb-entries 8 --iotlb-hit-latency 2000 --iotlb-miss-latency 500000

[HWAccConfig] IOMMU ENABLED: entries=8, hit_lat=2000, miss_lat=500000
[HWAccConfig] IOMMU ENABLED: entries=8, hit_lat=2000, miss_lat=500000
[HWAccConfig] IOMMU ENABLED: entries=8, hit_lat=2000, miss_lat=500000
[HWAccConfig] IOMMU ENABLED: entries=8, hit_lat=2000, miss_lat=500000
[HWAccConfig] IOMMU ENABLED: entries=8, hit_lat=2000, miss_lat=500000
[HWAccConfig] IOMMU ENABLED: entries=8, hit_lat=2000, miss_lat=500000
[HWAccConfig] IOMMU ENABLED: entries=8, hit_lat=2000, miss_lat=500000
**** REAL SIMULATION ****
warn: iobus.slave is deprecated. `slave` is now called `cpu_side_ports`
warn: bridge.master is deprecated. `master` is now called `mem_side_port`
warn: membus.master is deprecated. `master` is now called `mem_side_ports`
warn: bridge.slave is deprecated. `slave` is now called `cpu_side_port`
warn: membus.slave is deprecated. `slave` is now called `cpu_side_ports`
warn: tol2bus.master is deprecated. `master` is now called `mem_side_ports`
warn: membus.slave is deprecated. `slave` is now called `cpu_side_ports`
warn: tol2bus.slave is deprecated. `slave` is now called `cpu_side_ports`
warn: tol2bus.slave is deprecated. `slave` is now called `cpu_side_ports`
warn: tol2bus.slave is deprecated. `slave` is now called `cpu_side_ports`
warn: tol2bus.slave is deprecated. `slave` is now called `cpu_side_ports`
warn: membus.slave is deprecated. `slave` is now called `cpu_side_ports`
warn: coherency_bus.master is deprecated. `master` is now called `mem_side_ports`
warn: No dot file generated. Please install pydot to generate the dot file and pdf.
build/ARM/sim/simulate.cc:107: info: Entering event queue @ 0.  Starting simulation...
********************************************************************************
system.lenet5_clstr.conv0.llvm_interface
Total Area: 6604.76
Total Power Static: 7702.37

Total Power Dynamic: 186527
   ========= Performance Analysis =============
   Setup Time:                      0h 0m 0s 8ms 20us
   Simulation Time (Total):         0h 0m 52s 141ms
   Simulation Time (Active):        0h 0m 7s 585ms
        Queue Processing Time:      0h 0m 7s 455ms
             Scheduling Time:       0h 0m 4s 534ms
             Computation Time:      0h 0m 0s 896ms
   System Clock:                    0.1GHz
   Runtime:                         533418 cycles
   Runtime:                         5334.18 us
   Stalls:                          0 cycles
   Executed Nodes:                  533417 cycles

   ========= Kernel Validation Stats ==========
   Kernel validation enabled:       NO
   Configured latency per check:    0 us

   --- Access Breakdown ---
   Total memory accesses (validated): 0
   Cache hits (0 latency):          0
   Validation requests (full lat):  0
     of which DMA-ctrl writes:      0
   Coalesced waits (partial lat):   0
   Validations denied:              0

   --- Latency Breakdown ---
   Validation request latency:      0 us
   Coalesced wait latency:          0 us
   TOTAL SECURITY OVERHEAD:         0 us
   Avg latency per validation:      0 us
   Avg latency per coalesced wait:  0 us
   Avg overhead per blocked access: 0 us

   --- Cache Statistics ---
   Processes with cached pages:     0
   Unique pages validated (total):  0
   Cache hit rate:                  0%

   ========= IOMMU Stats =====================
   IOMMU enabled:                   YES
   IOMMU SimObject:                 system.lenet5_clstr.iommu

   --- Access Breakdown ---
   Total IOMMU checks:              278657
   IOTLB hits:                      278649
   IOTLB misses (page walks):       8
   IOTLB hit rate:                  99.9971%

   --- Latency Breakdown ---
   TOTAL IOMMU OVERHEAD:            561.298 us
   Avg latency per access:          0.0020143 us

********************************************************************************
system.lenet5_clstr.pool0.llvm_interface
Total Area: 6693.54
Total Power Static: 119.603

Total Power Dynamic: 2263.76
   ========= Performance Analysis =============
   Setup Time:                      0h 0m 0s 0ms 895us
   Simulation Time (Total):         0h 0m 1s 6ms
   Simulation Time (Active):        0h 0m 0s 196ms
        Queue Processing Time:      0h 0m 0s 194ms
             Scheduling Time:       0h 0m 0s 112ms
             Computation Time:      0h 0m 0s 23ms
   System Clock:                    0.1GHz
   Runtime:                         15843 cycles
   Runtime:                         158.43 us
   Stalls:                          0 cycles
   Executed Nodes:                  15842 cycles

   ========= Kernel Validation Stats ==========
   Kernel validation enabled:       NO
   Configured latency per check:    0 us

   --- Access Breakdown ---
   Total memory accesses (validated): 0
   Cache hits (0 latency):          0
   Validation requests (full lat):  0
     of which DMA-ctrl writes:      0
   Coalesced waits (partial lat):   0
   Validations denied:              0

   --- Latency Breakdown ---
   Validation request latency:      0 us
   Coalesced wait latency:          0 us
   TOTAL SECURITY OVERHEAD:         0 us
   Avg latency per validation:      0 us
   Avg latency per coalesced wait:  0 us
   Avg overhead per blocked access: 0 us

   --- Cache Statistics ---
   Processes with cached pages:     0
   Unique pages validated (total):  0
   Cache hit rate:                  0%

   ========= IOMMU Stats =====================
   IOMMU enabled:                   YES
   IOMMU SimObject:                 system.lenet5_clstr.iommu

   --- Access Breakdown ---
   Total IOMMU checks:              290891
   IOTLB hits:                      290867
   IOTLB misses (page walks):       24
   IOTLB hit rate:                  99.9917%

   --- Latency Breakdown ---
   TOTAL IOMMU OVERHEAD:            593.734 us
   Avg latency per access:          0.00204109 us

********************************************************************************
system.lenet5_clstr.conv1.llvm_interface
Total Area: 6784.2
Total Power Static: 15677.5

Total Power Dynamic: 376721
   ========= Performance Analysis =============
   Setup Time:                      0h 0m 0s 1ms 93us
   Simulation Time (Total):         0h 1m 34s 874ms
   Simulation Time (Active):        0h 0m 8s 417ms
        Queue Processing Time:      0h 0m 8s 292ms
             Scheduling Time:       0h 0m 5s 156ms
             Computation Time:      0h 0m 1s 107ms
   System Clock:                    0.1GHz
   Runtime:                         861267 cycles
   Runtime:                         8612.67 us
   Stalls:                          0 cycles
   Executed Nodes:                  861266 cycles

   ========= Kernel Validation Stats ==========
   Kernel validation enabled:       NO
   Configured latency per check:    0 us

   --- Access Breakdown ---
   Total memory accesses (validated): 0
   Cache hits (0 latency):          0
   Validation requests (full lat):  0
     of which DMA-ctrl writes:      0
   Coalesced waits (partial lat):   0
   Validations denied:              0

   --- Latency Breakdown ---
   Validation request latency:      0 us
   Coalesced wait latency:          0 us
   TOTAL SECURITY OVERHEAD:         0 us
   Avg latency per validation:      0 us
   Avg latency per coalesced wait:  0 us
   Avg overhead per blocked access: 0 us

   --- Cache Statistics ---
   Processes with cached pages:     0
   Unique pages validated (total):  0
   Cache hit rate:                  0%

   ========= IOMMU Stats =====================
   IOMMU enabled:                   YES
   IOMMU SimObject:                 system.lenet5_clstr.iommu

   --- Access Breakdown ---
   Total IOMMU checks:              836768
   IOTLB hits:                      836736
   IOTLB misses (page walks):       32
   IOTLB hit rate:                  99.9962%

   --- Latency Breakdown ---
   TOTAL IOMMU OVERHEAD:            1689.47 us
   Avg latency per access:          0.00201904 us

********************************************************************************
system.lenet5_clstr.pool1.llvm_interface
Total Area: 6693.54
Total Power Static: 40.6797

Total Power Dynamic: 769.272
   ========= Performance Analysis =============
   Setup Time:                      0h 0m 0s 0ms 990us
   Simulation Time (Total):         0h 0m 0s 210ms
   Simulation Time (Active):        0h 0m 0s 39ms
        Queue Processing Time:      0h 0m 0s 39ms
             Scheduling Time:       0h 0m 0s 22ms
             Computation Time:      0h 0m 0s 4ms
   System Clock:                    0.1GHz
   Runtime:                         5330 cycles
   Runtime:                         53.3 us
   Stalls:                          0 cycles
   Executed Nodes:                  5329 cycles

   ========= Kernel Validation Stats ==========
   Kernel validation enabled:       NO
   Configured latency per check:    0 us

   --- Access Breakdown ---
   Total memory accesses (validated): 0
   Cache hits (0 latency):          0
   Validation requests (full lat):  0
     of which DMA-ctrl writes:      0
   Coalesced waits (partial lat):   0
   Validations denied:              0

   --- Latency Breakdown ---
   Validation request latency:      0 us
   Coalesced wait latency:          0 us
   TOTAL SECURITY OVERHEAD:         0 us
   Avg latency per validation:      0 us
   Avg latency per coalesced wait:  0 us
   Avg overhead per blocked access: 0 us

   --- Cache Statistics ---
   Processes with cached pages:     0
   Unique pages validated (total):  0
   Cache hit rate:                  0%

   ========= IOMMU Stats =====================
   IOMMU enabled:                   YES
   IOMMU SimObject:                 system.lenet5_clstr.iommu

   --- Access Breakdown ---
   Total IOMMU checks:              840970
   IOTLB hits:                      840934
   IOTLB misses (page walks):       36
   IOTLB hit rate:                  99.9957%

   --- Latency Breakdown ---
   TOTAL IOMMU OVERHEAD:            1699.87 us
   Avg latency per access:          0.00202132 us

********************************************************************************
system.lenet5_clstr.fc0.llvm_interface
Total Area: 6066.43
Total Power Static: 2891.65

Total Power Dynamic: 75108.6
   ========= Performance Analysis =============
   Setup Time:                      0h 0m 0s 0ms 931us
   Simulation Time (Total):         0h 0m 19s 440ms
   Simulation Time (Active):        0h 0m 1s 442ms
        Queue Processing Time:      0h 0m 1s 398ms
             Scheduling Time:       0h 0m 0s 875ms
             Computation Time:      0h 0m 0s 184ms
   System Clock:                    0.1GHz
   Runtime:                         439611 cycles
   Runtime:                         4396.11 us
   Stalls:                          0 cycles
   Executed Nodes:                  439610 cycles

   ========= Kernel Validation Stats ==========
   Kernel validation enabled:       NO
   Configured latency per check:    0 us

   --- Access Breakdown ---
   Total memory accesses (validated): 0
   Cache hits (0 latency):          0
   Validation requests (full lat):  0
     of which DMA-ctrl writes:      0
   Coalesced waits (partial lat):   0
   Validations denied:              0

   --- Latency Breakdown ---
   Validation request latency:      0 us
   Coalesced wait latency:          0 us
   TOTAL SECURITY OVERHEAD:         0 us
   Avg latency per validation:      0 us
   Avg latency per coalesced wait:  0 us
   Avg overhead per blocked access: 0 us

   --- Cache Statistics ---
   Processes with cached pages:     0
   Unique pages validated (total):  0
   Cache hit rate:                  0%

   ========= IOMMU Stats =====================
   IOMMU enabled:                   YES
   IOMMU SimObject:                 system.lenet5_clstr.iommu

   --- Access Breakdown ---
   Total IOMMU checks:              950764
   IOTLB hits:                      944967
   IOTLB misses (page walks):       5797
   IOTLB hit rate:                  99.3903%

   --- Latency Breakdown ---
   TOTAL IOMMU OVERHEAD:            4788.43 us
   Avg latency per access:          0.00503641 us

********************************************************************************
system.lenet5_clstr.fc1.llvm_interface
Total Area: 5707.55
Total Power Static: 605.723

Total Power Dynamic: 15765.7
   ========= Performance Analysis =============
   Setup Time:                      0h 0m 0s 0ms 701us
   Simulation Time (Total):         0h 0m 2s 358ms
   Simulation Time (Active):        0h 0m 0s 233ms
        Queue Processing Time:      0h 0m 0s 226ms
             Scheduling Time:       0h 0m 0s 134ms
             Computation Time:      0h 0m 0s 31ms
   System Clock:                    0.1GHz
   Runtime:                         72493 cycles
   Runtime:                         724.93 us
   Stalls:                          0 cycles
   Executed Nodes:                  72492 cycles

   ========= Kernel Validation Stats ==========
   Kernel validation enabled:       NO
   Configured latency per check:    0 us

   --- Access Breakdown ---
   Total memory accesses (validated): 0
   Cache hits (0 latency):          0
   Validation requests (full lat):  0
     of which DMA-ctrl writes:      0
   Coalesced waits (partial lat):   0
   Validations denied:              0

   --- Latency Breakdown ---
   Validation request latency:      0 us
   Coalesced wait latency:          0 us
   TOTAL SECURITY OVERHEAD:         0 us
   Avg latency per validation:      0 us
   Avg latency per coalesced wait:  0 us
   Avg overhead per blocked access: 0 us

   --- Cache Statistics ---
   Processes with cached pages:     0
   Unique pages validated (total):  0
   Cache hit rate:                  0%

   ========= IOMMU Stats =====================
   IOMMU enabled:                   YES
   IOMMU SimObject:                 system.lenet5_clstr.iommu

   --- Access Breakdown ---
   Total IOMMU checks:              973676
   IOTLB hits:                      967037
   IOTLB misses (page walks):       6639
   IOTLB hit rate:                  99.3182%

   --- Latency Breakdown ---
   TOTAL IOMMU OVERHEAD:            5253.57 us
   Avg latency per access:          0.00539561 us

********************************************************************************
system.lenet5_clstr.top.llvm_interface
Total Area: 1007.4
Total Power Static: 72.1717

Total Power Dynamic: 354.664
   ========= Performance Analysis =============
   Setup Time:                      0h 0m 0s 17ms 355us
   Simulation Time (Total):         0h 2m 50s 988ms
   Simulation Time (Active):        0h 0m 1s 730ms
        Queue Processing Time:      0h 0m 1s 500ms
             Scheduling Time:       0h 0m 0s 665ms
             Computation Time:      0h 0m 0s 93ms
   System Clock:                    0.1GHz
   Runtime:                         1947579 cycles
   Runtime:                         19475.8 us
   Stalls:                          0 cycles
   Executed Nodes:                  1947578 cycles

   ========= Kernel Validation Stats ==========
   Kernel validation enabled:       NO
   Configured latency per check:    0 us

   --- Access Breakdown ---
   Total memory accesses (validated): 0
   Cache hits (0 latency):          0
   Validation requests (full lat):  0
     of which DMA-ctrl writes:      0
   Coalesced waits (partial lat):   0
   Validations denied:              0

   --- Latency Breakdown ---
   Validation request latency:      0 us
   Coalesced wait latency:          0 us
   TOTAL SECURITY OVERHEAD:         0 us
   Avg latency per validation:      0 us
   Avg latency per coalesced wait:  0 us
   Avg overhead per blocked access: 0 us

   --- Cache Statistics ---
   Processes with cached pages:     0
   Unique pages validated (total):  0
   Cache hit rate:                  0%

   ========= IOMMU Stats =====================
   IOMMU enabled:                   YES
   IOMMU SimObject:                 system.lenet5_clstr.iommu

   --- Access Breakdown ---
   Total IOMMU checks:              973728
   IOTLB hits:                      967087
   IOTLB misses (page walks):       6641
   IOTLB hit rate:                  99.318%

   --- Latency Breakdown ---
   TOTAL IOMMU OVERHEAD:            5254.67 us
   Avg latency per access:          0.00539645 us

Exiting @ tick 19554584000 because m5_exit instruction encountered
