build/ARM/base/statistics.hh:277: warn: One of the stats is a legacy stat. Legacy stat is a stat that does not belong to any statistics::Group. Legacy stat is deprecated.
Global frequency set at 1000000000000 ticks per second
build/ARM/mem/mem_interface.cc:793: warn: DRAM device capacity (16384 Mbytes) does not match the address range assigned (4096 Mbytes)
build/ARM/sim/kernel_workload.cc:46: info: kernel located at: /gem5-SALAM/benchmarks/lenet/design_c/sw/main.elf
build/ARM/arch/arm/system.cc:95: warn: Highest ARM exception-level set to AArch64 but the workload is for AArch32. Assuming you wanted these to match.
build/ARM/base/vnc/vncserver.cc:163: warn: Sockets disabled, not accepting vnc client connections
build/ARM/dev/serial/terminal.cc:170: warn: Sockets disabled, not accepting terminal connections
build/ARM/base/remote_gdb.cc:377: warn: Sockets disabled, not accepting gdb connections
build/ARM/mem/coherent_xbar.cc:140: warn: CoherentXBar system.lenet5_clstr.coherency_bus has no snooping ports attached!
build/ARM/dev/arm/energy_ctrl.cc:252: warn: Existing EnergyCtrl, but no enabled DVFSHandler found.
gem5 Simulator System.  http://gem5.org
gem5 is copyrighted software; use the --copyright option for details.

gem5 version 21.1.0.1
gem5 compiled May  2 2026 19:55:51
gem5 started May  3 2026 00:10:53
gem5 executing on 3b7fb6fd27b8, pid 1113819
command line: /gem5-SALAM/build/ARM/gem5.opt --listener-mode=off --outdir=/gem5-SALAM/BM_ARM_OUT/run_all/lenet_c/iommu_e8_m100ns /gem5-SALAM/configs/SALAM/fs_lenet_c.py --mem-size=4GB --mem-type=DDR4_2400_8x8 --machine-type=VExpress_GEM5_V1 --dtb-file=none --bare-metal --cpu-type=DerivO3CPU --caches --l2cache --kernel=/gem5-SALAM/benchmarks/lenet/design_c/sw/main.elf --disk-image=/gem5-SALAM/benchmarks/common/fake.iso --accpath=/gem5-SALAM/benchmarks/lenet/design_c --accbench=lenet_c --enable-iommu --iotlb-entries 8 --iotlb-hit-latency 2000 --iotlb-miss-latency 100000

[HWAccConfig] IOMMU ENABLED: entries=8, hit_lat=2000, miss_lat=100000
[HWAccConfig] IOMMU ENABLED: entries=8, hit_lat=2000, miss_lat=100000
[HWAccConfig] IOMMU ENABLED: entries=8, hit_lat=2000, miss_lat=100000
[HWAccConfig] IOMMU ENABLED: entries=8, hit_lat=2000, miss_lat=100000
[HWAccConfig] IOMMU ENABLED: entries=8, hit_lat=2000, miss_lat=100000
[HWAccConfig] IOMMU ENABLED: entries=8, hit_lat=2000, miss_lat=100000
[HWAccConfig] IOMMU ENABLED: entries=8, hit_lat=2000, miss_lat=100000
[HWAccConfig] IOMMU ENABLED: entries=8, hit_lat=2000, miss_lat=100000
[HWAccConfig] IOMMU ENABLED: entries=8, hit_lat=2000, miss_lat=100000
[HWAccConfig] IOMMU ENABLED: entries=8, hit_lat=2000, miss_lat=100000
[HWAccConfig] IOMMU ENABLED: entries=8, hit_lat=2000, miss_lat=100000
[HWAccConfig] IOMMU ENABLED: entries=8, hit_lat=2000, miss_lat=100000
[HWAccConfig] IOMMU ENABLED: entries=8, hit_lat=2000, miss_lat=100000
**** REAL SIMULATION ****
warn: iobus.slave is deprecated. `slave` is now called `cpu_side_ports`
warn: bridge.master is deprecated. `master` is now called `mem_side_port`
warn: membus.master is deprecated. `master` is now called `mem_side_ports`
warn: bridge.slave is deprecated. `slave` is now called `cpu_side_port`
warn: membus.slave is deprecated. `slave` is now called `cpu_side_ports`
warn: tol2bus.master is deprecated. `master` is now called `mem_side_ports`
warn: membus.slave is deprecated. `slave` is now called `cpu_side_ports`
warn: tol2bus.slave is deprecated. `slave` is now called `cpu_side_ports`
warn: tol2bus.slave is deprecated. `slave` is now called `cpu_side_ports`
warn: tol2bus.slave is deprecated. `slave` is now called `cpu_side_ports`
warn: tol2bus.slave is deprecated. `slave` is now called `cpu_side_ports`
warn: membus.slave is deprecated. `slave` is now called `cpu_side_ports`
warn: coherency_bus.master is deprecated. `master` is now called `mem_side_ports`
warn: No dot file generated. Please install pydot to generate the dot file and pdf.
build/ARM/sim/simulate.cc:107: info: Entering event queue @ 0.  Starting simulation...
********************************************************************************
system.lenet5_clstr.data_mover_0.llvm_interface
Total Area: 2560.05
Total Power Static: 1249

Total Power Dynamic: 13797
   ========= Performance Analysis =============
   Setup Time:                      0h 0m 0s 1ms 384us
   Simulation Time (Total):         0h 2m 58s 737ms
   Simulation Time (Active):        0h 0m 3s 833ms
        Queue Processing Time:      0h 0m 3s 616ms
             Scheduling Time:       0h 0m 2s 96ms
             Computation Time:      0h 0m 0s 471ms
   System Clock:                    0.1GHz
   Runtime:                         1044448 cycles
   Runtime:                         10444.5 us
   Stalls:                          0 cycles
   Executed Nodes:                  1044447 cycles

   ========= Kernel Validation Stats ==========
   Kernel validation enabled:       NO
   Configured latency per check:    0 us

   --- Access Breakdown ---
   Total memory accesses (validated): 0
   Cache hits (0 latency):          0
   Validation requests (full lat):  0
   Coalesced waits (partial lat):   0
   Validations denied:              0

   --- Latency Breakdown ---
   Validation request latency:      0 us
   Coalesced wait latency:          0 us
   TOTAL SECURITY OVERHEAD:         0 us
   Avg latency per validation:      0 us
   Avg latency per coalesced wait:  0 us
   Avg overhead per blocked access: 0 us

   --- Cache Statistics ---
   Processes with cached pages:     0
   Unique pages validated (total):  0
   Cache hit rate:                  0%

   ========= IOMMU Stats =====================
   IOMMU enabled:                   YES
   IOMMU SimObject:                 system.lenet5_clstr.iommu

   --- Access Breakdown ---
   Total IOMMU checks:              1561116
   IOTLB hits:                      1561109
   IOTLB misses (page walks):       7
   IOTLB hit rate:                  99.9996%

   --- Latency Breakdown ---
   TOTAL IOMMU OVERHEAD:            3122.92 us
   Avg latency per access:          0.00200044 us

********************************************************************************
system.lenet5_clstr.conv0.llvm_interface
Total Area: 6054.47
Total Power Static: 7131.27

Total Power Dynamic: 184286
   ========= Performance Analysis =============
   Setup Time:                      0h 0m 0s 6ms 879us
   Simulation Time (Total):         0h 2m 58s 730ms
   Simulation Time (Active):        0h 0m 5s 290ms
        Queue Processing Time:      0h 0m 5s 149ms
             Scheduling Time:       0h 0m 3s 250ms
             Computation Time:      0h 0m 0s 614ms
   System Clock:                    0.1GHz
   Runtime:                         1044440 cycles
   Runtime:                         10444.4 us
   Stalls:                          0 cycles
   Executed Nodes:                  1044439 cycles

   ========= Kernel Validation Stats ==========
   Kernel validation enabled:       NO
   Configured latency per check:    0 us

   --- Access Breakdown ---
   Total memory accesses (validated): 0
   Cache hits (0 latency):          0
   Validation requests (full lat):  0
   Coalesced waits (partial lat):   0
   Validations denied:              0

   --- Latency Breakdown ---
   Validation request latency:      0 us
   Coalesced wait latency:          0 us
   TOTAL SECURITY OVERHEAD:         0 us
   Avg latency per validation:      0 us
   Avg latency per coalesced wait:  0 us
   Avg overhead per blocked access: 0 us

   --- Cache Statistics ---
   Processes with cached pages:     0
   Unique pages validated (total):  0
   Cache hit rate:                  0%

   ========= IOMMU Stats =====================
   IOMMU enabled:                   YES
   IOMMU SimObject:                 system.lenet5_clstr.iommu

   --- Access Breakdown ---
   Total IOMMU checks:              1561118
   IOTLB hits:                      1561111
   IOTLB misses (page walks):       7
   IOTLB hit rate:                  99.9996%

   --- Latency Breakdown ---
   TOTAL IOMMU OVERHEAD:            3122.92 us
   Avg latency per access:          0.00200044 us

********************************************************************************
system.lenet5_clstr.pool_mover_0.llvm_interface
Total Area: 780.105
Total Power Static: 38.3364

Total Power Dynamic: 304.907
   ========= Performance Analysis =============
   Setup Time:                      0h 0m 0s 0ms 591us
   Simulation Time (Total):         0h 2m 58s 729ms
   Simulation Time (Active):        0h 0m 0s 356ms
        Queue Processing Time:      0h 0m 0s 247ms
             Scheduling Time:       0h 0m 0s 85ms
             Computation Time:      0h 0m 0s 16ms
   System Clock:                    0.1GHz
   Runtime:                         1044430 cycles
   Runtime:                         10444.3 us
   Stalls:                          0 cycles
   Executed Nodes:                  1044429 cycles

   ========= Kernel Validation Stats ==========
   Kernel validation enabled:       NO
   Configured latency per check:    0 us

   --- Access Breakdown ---
   Total memory accesses (validated): 0
   Cache hits (0 latency):          0
   Validation requests (full lat):  0
   Coalesced waits (partial lat):   0
   Validations denied:              0

   --- Latency Breakdown ---
   Validation request latency:      0 us
   Coalesced wait latency:          0 us
   TOTAL SECURITY OVERHEAD:         0 us
   Avg latency per validation:      0 us
   Avg latency per coalesced wait:  0 us
   Avg overhead per blocked access: 0 us

   --- Cache Statistics ---
   Processes with cached pages:     0
   Unique pages validated (total):  0
   Cache hit rate:                  0%

   ========= IOMMU Stats =====================
   IOMMU enabled:                   YES
   IOMMU SimObject:                 system.lenet5_clstr.iommu

   --- Access Breakdown ---
   Total IOMMU checks:              1561119
   IOTLB hits:                      1561112
   IOTLB misses (page walks):       7
   IOTLB hit rate:                  99.9996%

   --- Latency Breakdown ---
   TOTAL IOMMU OVERHEAD:            3122.92 us
   Avg latency per access:          0.00200044 us

********************************************************************************
system.lenet5_clstr.pool0.llvm_interface
Total Area: 6221.95
Total Power Static: 104.183

Total Power Dynamic: 2173.03
   ========= Performance Analysis =============
   Setup Time:                      0h 0m 0s 3ms 811us
   Simulation Time (Total):         0h 3m 7s 247ms
   Simulation Time (Active):        0h 0m 0s 429ms
        Queue Processing Time:      0h 0m 0s 274ms
             Scheduling Time:       0h 0m 0s 92ms
             Computation Time:      0h 0m 0s 18ms
   System Clock:                    0.1GHz
   Runtime:                         1117067 cycles
   Runtime:                         11170.7 us
   Stalls:                          0 cycles
   Executed Nodes:                  1117066 cycles

   ========= Kernel Validation Stats ==========
   Kernel validation enabled:       NO
   Configured latency per check:    0 us

   --- Access Breakdown ---
   Total memory accesses (validated): 0
   Cache hits (0 latency):          0
   Validation requests (full lat):  0
   Coalesced waits (partial lat):   0
   Validations denied:              0

   --- Latency Breakdown ---
   Validation request latency:      0 us
   Coalesced wait latency:          0 us
   TOTAL SECURITY OVERHEAD:         0 us
   Avg latency per validation:      0 us
   Avg latency per coalesced wait:  0 us
   Avg overhead per blocked access: 0 us

   --- Cache Statistics ---
   Processes with cached pages:     0
   Unique pages validated (total):  0
   Cache hit rate:                  0%

   ========= IOMMU Stats =====================
   IOMMU enabled:                   YES
   IOMMU SimObject:                 system.lenet5_clstr.iommu

   --- Access Breakdown ---
   Total IOMMU checks:              1646054
   IOTLB hits:                      1646047
   IOTLB misses (page walks):       7
   IOTLB hit rate:                  99.9996%

   --- Latency Breakdown ---
   TOTAL IOMMU OVERHEAD:            3292.79 us
   Avg latency per access:          0.00200042 us

********************************************************************************
system.lenet5_clstr.data_mover_1.llvm_interface
Total Area: 3098.38
Total Power Static: 2424.96

Total Power Dynamic: 27394.9
   ========= Performance Analysis =============
   Setup Time:                      0h 0m 0s 1ms 561us
   Simulation Time (Total):         0h 3m 19s 534ms
   Simulation Time (Active):        0h 0m 5s 676ms
        Queue Processing Time:      0h 0m 5s 524ms
             Scheduling Time:       0h 0m 3s 274ms
             Computation Time:      0h 0m 0s 709ms
   System Clock:                    0.1GHz
   Runtime:                         1221400 cycles
   Runtime:                         12214 us
   Stalls:                          0 cycles
   Executed Nodes:                  1221399 cycles

   ========= Kernel Validation Stats ==========
   Kernel validation enabled:       NO
   Configured latency per check:    0 us

   --- Access Breakdown ---
   Total memory accesses (validated): 0
   Cache hits (0 latency):          0
   Validation requests (full lat):  0
   Coalesced waits (partial lat):   0
   Validations denied:              0

   --- Latency Breakdown ---
   Validation request latency:      0 us
   Coalesced wait latency:          0 us
   TOTAL SECURITY OVERHEAD:         0 us
   Avg latency per validation:      0 us
   Avg latency per coalesced wait:  0 us
   Avg overhead per blocked access: 0 us

   --- Cache Statistics ---
   Processes with cached pages:     0
   Unique pages validated (total):  0
   Cache hit rate:                  0%

   ========= IOMMU Stats =====================
   IOMMU enabled:                   YES
   IOMMU SimObject:                 system.lenet5_clstr.iommu

   --- Access Breakdown ---
   Total IOMMU checks:              1769174
   IOTLB hits:                      1769167
   IOTLB misses (page walks):       7
   IOTLB hit rate:                  99.9996%

   --- Latency Breakdown ---
   TOTAL IOMMU OVERHEAD:            3539.03 us
   Avg latency per access:          0.00200039 us

********************************************************************************
system.lenet5_clstr.conv1.llvm_interface
Total Area: 6233.91
Total Power Static: 14530.9

Total Power Dynamic: 375959
   ========= Performance Analysis =============
   Setup Time:                      0h 0m 0s 0ms 943us
   Simulation Time (Total):         0h 3m 19s 533ms
   Simulation Time (Active):        0h 0m 7s 907ms
        Queue Processing Time:      0h 0m 7s 746ms
             Scheduling Time:       0h 0m 4s 628ms
             Computation Time:      0h 0m 1s 29ms
   System Clock:                    0.1GHz
   Runtime:                         1221392 cycles
   Runtime:                         12213.9 us
   Stalls:                          0 cycles
   Executed Nodes:                  1221391 cycles

   ========= Kernel Validation Stats ==========
   Kernel validation enabled:       NO
   Configured latency per check:    0 us

   --- Access Breakdown ---
   Total memory accesses (validated): 0
   Cache hits (0 latency):          0
   Validation requests (full lat):  0
   Coalesced waits (partial lat):   0
   Validations denied:              0

   --- Latency Breakdown ---
   Validation request latency:      0 us
   Coalesced wait latency:          0 us
   TOTAL SECURITY OVERHEAD:         0 us
   Avg latency per validation:      0 us
   Avg latency per coalesced wait:  0 us
   Avg overhead per blocked access: 0 us

   --- Cache Statistics ---
   Processes with cached pages:     0
   Unique pages validated (total):  0
   Cache hit rate:                  0%

   ========= IOMMU Stats =====================
   IOMMU enabled:                   YES
   IOMMU SimObject:                 system.lenet5_clstr.iommu

   --- Access Breakdown ---
   Total IOMMU checks:              1769175
   IOTLB hits:                      1769168
   IOTLB misses (page walks):       7
   IOTLB hit rate:                  99.9996%

   --- Latency Breakdown ---
   TOTAL IOMMU OVERHEAD:            3539.04 us
   Avg latency per access:          0.00200039 us

********************************************************************************
system.lenet5_clstr.pool_mover_1.llvm_interface
Total Area: 780.105
Total Power Static: 12.6423

Total Power Dynamic: 101.338
   ========= Performance Analysis =============
   Setup Time:                      0h 0m 0s 3ms 575us
   Simulation Time (Total):         0h 3m 19s 528ms
   Simulation Time (Active):        0h 0m 0s 258ms
        Queue Processing Time:      0h 0m 0s 129ms
             Scheduling Time:       0h 0m 0s 19ms
             Computation Time:      0h 0m 0s 3ms
   System Clock:                    0.1GHz
   Runtime:                         1221382 cycles
   Runtime:                         12213.8 us
   Stalls:                          0 cycles
   Executed Nodes:                  1221381 cycles

   ========= Kernel Validation Stats ==========
   Kernel validation enabled:       NO
   Configured latency per check:    0 us

   --- Access Breakdown ---
   Total memory accesses (validated): 0
   Cache hits (0 latency):          0
   Validation requests (full lat):  0
   Coalesced waits (partial lat):   0
   Validations denied:              0

   --- Latency Breakdown ---
   Validation request latency:      0 us
   Coalesced wait latency:          0 us
   TOTAL SECURITY OVERHEAD:         0 us
   Avg latency per validation:      0 us
   Avg latency per coalesced wait:  0 us
   Avg overhead per blocked access: 0 us

   --- Cache Statistics ---
   Processes with cached pages:     0
   Unique pages validated (total):  0
   Cache hit rate:                  0%

   ========= IOMMU Stats =====================
   IOMMU enabled:                   YES
   IOMMU SimObject:                 system.lenet5_clstr.iommu

   --- Access Breakdown ---
   Total IOMMU checks:              1769176
   IOTLB hits:                      1769169
   IOTLB misses (page walks):       7
   IOTLB hit rate:                  99.9996%

   --- Latency Breakdown ---
   TOTAL IOMMU OVERHEAD:            3539.04 us
   Avg latency per access:          0.00200039 us

********************************************************************************
system.lenet5_clstr.pool1.llvm_interface
Total Area: 6221.95
Total Power Static: 35.4349

Total Power Dynamic: 738.536
   ========= Performance Analysis =============
   Setup Time:                      0h 0m 0s 0ms 777us
   Simulation Time (Total):         0h 3m 19s 526ms
   Simulation Time (Active):        0h 0m 0s 322ms
        Queue Processing Time:      0h 0m 0s 168ms
             Scheduling Time:       0h 0m 0s 29ms
             Computation Time:      0h 0m 0s 6ms
   System Clock:                    0.1GHz
   Runtime:                         1221363 cycles
   Runtime:                         12213.6 us
   Stalls:                          0 cycles
   Executed Nodes:                  1221362 cycles

   ========= Kernel Validation Stats ==========
   Kernel validation enabled:       NO
   Configured latency per check:    0 us

   --- Access Breakdown ---
   Total memory accesses (validated): 0
   Cache hits (0 latency):          0
   Validation requests (full lat):  0
   Coalesced waits (partial lat):   0
   Validations denied:              0

   --- Latency Breakdown ---
   Validation request latency:      0 us
   Coalesced wait latency:          0 us
   TOTAL SECURITY OVERHEAD:         0 us
   Avg latency per validation:      0 us
   Avg latency per coalesced wait:  0 us
   Avg overhead per blocked access: 0 us

   --- Cache Statistics ---
   Processes with cached pages:     0
   Unique pages validated (total):  0
   Cache hit rate:                  0%

   ========= IOMMU Stats =====================
   IOMMU enabled:                   YES
   IOMMU SimObject:                 system.lenet5_clstr.iommu

   --- Access Breakdown ---
   Total IOMMU checks:              1769178
   IOTLB hits:                      1769171
   IOTLB misses (page walks):       7
   IOTLB hit rate:                  99.9996%

   --- Latency Breakdown ---
   TOTAL IOMMU OVERHEAD:            3539.04 us
   Avg latency per access:          0.00200039 us

********************************************************************************
system.lenet5_clstr.data_mover_2.llvm_interface
Total Area: 1830.32
Total Power Static: 467.516

Total Power Dynamic: 5377.4
   ========= Performance Analysis =============
   Setup Time:                      0h 0m 0s 0ms 951us
   Simulation Time (Total):         0h 3m 37s 638ms
   Simulation Time (Active):        0h 0m 1s 135ms
        Queue Processing Time:      0h 0m 0s 972ms
             Scheduling Time:       0h 0m 0s 498ms
             Computation Time:      0h 0m 0s 113ms
   System Clock:                    0.1GHz
   Runtime:                         1464222 cycles
   Runtime:                         14642.2 us
   Stalls:                          0 cycles
   Executed Nodes:                  1464221 cycles

   ========= Kernel Validation Stats ==========
   Kernel validation enabled:       NO
   Configured latency per check:    0 us

   --- Access Breakdown ---
   Total memory accesses (validated): 0
   Cache hits (0 latency):          0
   Validation requests (full lat):  0
   Coalesced waits (partial lat):   0
   Validations denied:              0

   --- Latency Breakdown ---
   Validation request latency:      0 us
   Coalesced wait latency:          0 us
   TOTAL SECURITY OVERHEAD:         0 us
   Avg latency per validation:      0 us
   Avg latency per coalesced wait:  0 us
   Avg overhead per blocked access: 0 us

   --- Cache Statistics ---
   Processes with cached pages:     0
   Unique pages validated (total):  0
   Cache hit rate:                  0%

   ========= IOMMU Stats =====================
   IOMMU enabled:                   YES
   IOMMU SimObject:                 system.lenet5_clstr.iommu

   --- Access Breakdown ---
   Total IOMMU checks:              2011307
   IOTLB hits:                      2005780
   IOTLB misses (page walks):       5527
   IOTLB hit rate:                  99.7252%

   --- Latency Breakdown ---
   TOTAL IOMMU OVERHEAD:            4564.26 us
   Avg latency per access:          0.0022693 us

********************************************************************************
system.lenet5_clstr.conv2.llvm_interface
Total Area: 5875.03
Total Power Static: 2891.36

Total Power Dynamic: 75102.9
   ========= Performance Analysis =============
   Setup Time:                      0h 0m 0s 0ms 822us
   Simulation Time (Total):         0h 3m 37s 633ms
   Simulation Time (Active):        0h 0m 1s 534ms
        Queue Processing Time:      0h 0m 1s 361ms
             Scheduling Time:       0h 0m 0s 758ms
             Computation Time:      0h 0m 0s 157ms
   System Clock:                    0.1GHz
   Runtime:                         1464204 cycles
   Runtime:                         14642 us
   Stalls:                          0 cycles
   Executed Nodes:                  1464203 cycles

   ========= Kernel Validation Stats ==========
   Kernel validation enabled:       NO
   Configured latency per check:    0 us

   --- Access Breakdown ---
   Total memory accesses (validated): 0
   Cache hits (0 latency):          0
   Validation requests (full lat):  0
   Coalesced waits (partial lat):   0
   Validations denied:              0

   --- Latency Breakdown ---
   Validation request latency:      0 us
   Coalesced wait latency:          0 us
   TOTAL SECURITY OVERHEAD:         0 us
   Avg latency per validation:      0 us
   Avg latency per coalesced wait:  0 us
   Avg overhead per blocked access: 0 us

   --- Cache Statistics ---
   Processes with cached pages:     0
   Unique pages validated (total):  0
   Cache hit rate:                  0%

   ========= IOMMU Stats =====================
   IOMMU enabled:                   YES
   IOMMU SimObject:                 system.lenet5_clstr.iommu

   --- Access Breakdown ---
   Total IOMMU checks:              2011311
   IOTLB hits:                      2005784
   IOTLB misses (page walks):       5527
   IOTLB hit rate:                  99.7252%

   --- Latency Breakdown ---
   TOTAL IOMMU OVERHEAD:            4564.27 us
   Avg latency per access:          0.0022693 us

********************************************************************************
system.lenet5_clstr.data_mover_3.llvm_interface
Total Area: 1112.55
Total Power Static: 96.7562

Total Power Dynamic: 1121.45
   ========= Performance Analysis =============
   Setup Time:                      0h 0m 0s 0ms 603us
   Simulation Time (Total):         0h 3m 39s 268ms
   Simulation Time (Active):        0h 0m 0s 419ms
        Queue Processing Time:      0h 0m 0s 268ms
             Scheduling Time:       0h 0m 0s 77ms
             Computation Time:      0h 0m 0s 23ms
   System Clock:                    0.1GHz
   Runtime:                         1501833 cycles
   Runtime:                         15018.3 us
   Stalls:                          0 cycles
   Executed Nodes:                  1501832 cycles

   ========= Kernel Validation Stats ==========
   Kernel validation enabled:       NO
   Configured latency per check:    0 us

   --- Access Breakdown ---
   Total memory accesses (validated): 0
   Cache hits (0 latency):          0
   Validation requests (full lat):  0
   Coalesced waits (partial lat):   0
   Validations denied:              0

   --- Latency Breakdown ---
   Validation request latency:      0 us
   Coalesced wait latency:          0 us
   TOTAL SECURITY OVERHEAD:         0 us
   Avg latency per validation:      0 us
   Avg latency per coalesced wait:  0 us
   Avg overhead per blocked access: 0 us

   --- Cache Statistics ---
   Processes with cached pages:     0
   Unique pages validated (total):  0
   Cache hit rate:                  0%

   ========= IOMMU Stats =====================
   IOMMU enabled:                   YES
   IOMMU SimObject:                 system.lenet5_clstr.iommu

   --- Access Breakdown ---
   Total IOMMU checks:              2059386
   IOTLB hits:                      2053110
   IOTLB misses (page walks):       6276
   IOTLB hit rate:                  99.6952%

   --- Latency Breakdown ---
   TOTAL IOMMU OVERHEAD:            4733.82 us
   Avg latency per access:          0.00229866 us

********************************************************************************
system.lenet5_clstr.fc0.llvm_interface
Total Area: 5516.14
Total Power Static: 605.722

Total Power Dynamic: 15761.6
   ========= Performance Analysis =============
   Setup Time:                      0h 0m 0s 3ms 735us
   Simulation Time (Total):         0h 3m 39s 274ms
   Simulation Time (Active):        0h 0m 0s 505ms
        Queue Processing Time:      0h 0m 0s 340ms
             Scheduling Time:       0h 0m 0s 122ms
             Computation Time:      0h 0m 0s 26ms
   System Clock:                    0.1GHz
   Runtime:                         1502237 cycles
   Runtime:                         15022.4 us
   Stalls:                          0 cycles
   Executed Nodes:                  1502236 cycles

   ========= Kernel Validation Stats ==========
   Kernel validation enabled:       NO
   Configured latency per check:    0 us

   --- Access Breakdown ---
   Total memory accesses (validated): 0
   Cache hits (0 latency):          0
   Validation requests (full lat):  0
   Coalesced waits (partial lat):   0
   Validations denied:              0

   --- Latency Breakdown ---
   Validation request latency:      0 us
   Coalesced wait latency:          0 us
   TOTAL SECURITY OVERHEAD:         0 us
   Avg latency per validation:      0 us
   Avg latency per coalesced wait:  0 us
   Avg overhead per blocked access: 0 us

   --- Cache Statistics ---
   Processes with cached pages:     0
   Unique pages validated (total):  0
   Cache hit rate:                  0%

   ========= IOMMU Stats =====================
   IOMMU enabled:                   YES
   IOMMU SimObject:                 system.lenet5_clstr.iommu

   --- Access Breakdown ---
   Total IOMMU checks:              2059707
   IOTLB hits:                      2053423
   IOTLB misses (page walks):       6284
   IOTLB hit rate:                  99.6949%

   --- Latency Breakdown ---
   TOTAL IOMMU OVERHEAD:            4735.25 us
   Avg latency per access:          0.00229899 us

********************************************************************************
system.lenet5_clstr.top.llvm_interface
Total Area: 201.48
Total Power Static: 222.781

Total Power Dynamic: 1094.78
   ========= Performance Analysis =============
   Setup Time:                      0h 0m 0s 1ms 480us
   Simulation Time (Total):         0h 3m 40s 523ms
   Simulation Time (Active):        0h 0m 3s 458ms
        Queue Processing Time:      0h 0m 3s 228ms
             Scheduling Time:       0h 0m 1s 525ms
             Computation Time:      0h 0m 0s 178ms
   System Clock:                    0.1GHz
   Runtime:                         1522622 cycles
   Runtime:                         15226.2 us
   Stalls:                          0 cycles
   Executed Nodes:                  1522621 cycles

   ========= Kernel Validation Stats ==========
   Kernel validation enabled:       NO
   Configured latency per check:    0 us

   --- Access Breakdown ---
   Total memory accesses (validated): 0
   Cache hits (0 latency):          0
   Validation requests (full lat):  0
   Coalesced waits (partial lat):   0
   Validations denied:              0

   --- Latency Breakdown ---
   Validation request latency:      0 us
   Coalesced wait latency:          0 us
   TOTAL SECURITY OVERHEAD:         0 us
   Avg latency per validation:      0 us
   Avg latency per coalesced wait:  0 us
   Avg overhead per blocked access: 0 us

   --- Cache Statistics ---
   Processes with cached pages:     0
   Unique pages validated (total):  0
   Cache hit rate:                  0%

   ========= IOMMU Stats =====================
   IOMMU enabled:                   YES
   IOMMU SimObject:                 system.lenet5_clstr.iommu

   --- Access Breakdown ---
   Total IOMMU checks:              2059708
   IOTLB hits:                      2053424
   IOTLB misses (page walks):       6284
   IOTLB hit rate:                  99.6949%

   --- Latency Breakdown ---
   TOTAL IOMMU OVERHEAD:            4735.25 us
   Avg latency per access:          0.00229899 us

Exiting @ tick 15275425000 because m5_exit instruction encountered
