build/ARM/base/statistics.hh:277: warn: One of the stats is a legacy stat. Legacy stat is a stat that does not belong to any statistics::Group. Legacy stat is deprecated.
Global frequency set at 1000000000000 ticks per second
build/ARM/mem/mem_interface.cc:793: warn: DRAM device capacity (16384 Mbytes) does not match the address range assigned (4096 Mbytes)
build/ARM/sim/kernel_workload.cc:46: info: kernel located at: /gem5-SALAM/benchmarks/lenet/design_c/sw/main.elf
build/ARM/arch/arm/system.cc:95: warn: Highest ARM exception-level set to AArch64 but the workload is for AArch32. Assuming you wanted these to match.
build/ARM/base/vnc/vncserver.cc:163: warn: Sockets disabled, not accepting vnc client connections
build/ARM/dev/serial/terminal.cc:170: warn: Sockets disabled, not accepting terminal connections
build/ARM/base/remote_gdb.cc:377: warn: Sockets disabled, not accepting gdb connections
build/ARM/mem/coherent_xbar.cc:140: warn: CoherentXBar system.lenet5_clstr.coherency_bus has no snooping ports attached!
build/ARM/dev/arm/energy_ctrl.cc:252: warn: Existing EnergyCtrl, but no enabled DVFSHandler found.
gem5 Simulator System.  http://gem5.org
gem5 is copyrighted software; use the --copyright option for details.

gem5 version 21.1.0.1
gem5 compiled May  4 2026 18:12:38
gem5 started May  4 2026 18:13:30
gem5 executing on 3b7fb6fd27b8, pid 2580999
command line: /gem5-SALAM/build/ARM/gem5.opt --listener-mode=off --outdir=/gem5-SALAM/BM_ARM_OUT/run_all/lenet_c/iommu_e2048_m1000ns /gem5-SALAM/configs/SALAM/fs_lenet_c.py --mem-size=4GB --mem-type=DDR4_2400_8x8 --machine-type=VExpress_GEM5_V1 --dtb-file=none --bare-metal --cpu-type=DerivO3CPU --caches --l2cache --kernel=/gem5-SALAM/benchmarks/lenet/design_c/sw/main.elf --disk-image=/gem5-SALAM/benchmarks/common/fake.iso --accpath=/gem5-SALAM/benchmarks/lenet/design_c --accbench=lenet_c --enable-iommu --iotlb-entries 2048 --iotlb-hit-latency 2000 --iotlb-miss-latency 1000000

[HWAccConfig] IOMMU ENABLED: entries=2048, hit_lat=2000, miss_lat=1000000
[HWAccConfig] IOMMU ENABLED: entries=2048, hit_lat=2000, miss_lat=1000000
[HWAccConfig] IOMMU ENABLED: entries=2048, hit_lat=2000, miss_lat=1000000
[HWAccConfig] IOMMU ENABLED: entries=2048, hit_lat=2000, miss_lat=1000000
[HWAccConfig] IOMMU ENABLED: entries=2048, hit_lat=2000, miss_lat=1000000
[HWAccConfig] IOMMU ENABLED: entries=2048, hit_lat=2000, miss_lat=1000000
[HWAccConfig] IOMMU ENABLED: entries=2048, hit_lat=2000, miss_lat=1000000
[HWAccConfig] IOMMU ENABLED: entries=2048, hit_lat=2000, miss_lat=1000000
[HWAccConfig] IOMMU ENABLED: entries=2048, hit_lat=2000, miss_lat=1000000
[HWAccConfig] IOMMU ENABLED: entries=2048, hit_lat=2000, miss_lat=1000000
[HWAccConfig] IOMMU ENABLED: entries=2048, hit_lat=2000, miss_lat=1000000
[HWAccConfig] IOMMU ENABLED: entries=2048, hit_lat=2000, miss_lat=1000000
[HWAccConfig] IOMMU ENABLED: entries=2048, hit_lat=2000, miss_lat=1000000
**** REAL SIMULATION ****
warn: iobus.slave is deprecated. `slave` is now called `cpu_side_ports`
warn: bridge.master is deprecated. `master` is now called `mem_side_port`
warn: membus.master is deprecated. `master` is now called `mem_side_ports`
warn: bridge.slave is deprecated. `slave` is now called `cpu_side_port`
warn: membus.slave is deprecated. `slave` is now called `cpu_side_ports`
warn: tol2bus.master is deprecated. `master` is now called `mem_side_ports`
warn: membus.slave is deprecated. `slave` is now called `cpu_side_ports`
warn: tol2bus.slave is deprecated. `slave` is now called `cpu_side_ports`
warn: tol2bus.slave is deprecated. `slave` is now called `cpu_side_ports`
warn: tol2bus.slave is deprecated. `slave` is now called `cpu_side_ports`
warn: tol2bus.slave is deprecated. `slave` is now called `cpu_side_ports`
warn: membus.slave is deprecated. `slave` is now called `cpu_side_ports`
warn: coherency_bus.master is deprecated. `master` is now called `mem_side_ports`
warn: No dot file generated. Please install pydot to generate the dot file and pdf.
build/ARM/sim/simulate.cc:107: info: Entering event queue @ 0.  Starting simulation...
********************************************************************************
system.lenet5_clstr.data_mover_0.llvm_interface
Total Area: 2560.05
Total Power Static: 1249

Total Power Dynamic: 13797
   ========= Performance Analysis =============
   Setup Time:                      0h 0m 0s 1ms 270us
   Simulation Time (Total):         0h 3m 5s 146ms
   Simulation Time (Active):        0h 0m 3s 831ms
        Queue Processing Time:      0h 0m 3s 599ms
             Scheduling Time:       0h 0m 2s 75ms
             Computation Time:      0h 0m 0s 440ms
   System Clock:                    0.1GHz
   Runtime:                         1044988 cycles
   Runtime:                         10449.9 us
   Stalls:                          0 cycles
   Executed Nodes:                  1044987 cycles

   ========= Kernel Validation Stats ==========
   Kernel validation enabled:       NO
   Configured latency per check:    0 us

   --- Access Breakdown ---
   Total memory accesses (validated): 0
   Cache hits (0 latency):          0
   Validation requests (full lat):  0
     of which DMA-ctrl writes:      0
   Coalesced waits (partial lat):   0
   Validations denied:              0

   --- Latency Breakdown ---
   Validation request latency:      0 us
   Coalesced wait latency:          0 us
   TOTAL SECURITY OVERHEAD:         0 us
   Avg latency per validation:      0 us
   Avg latency per coalesced wait:  0 us
   Avg overhead per blocked access: 0 us

   --- Cache Statistics ---
   Processes with cached pages:     0
   Unique pages validated (total):  0
   Cache hit rate:                  0%

   ========= IOMMU Stats =====================
   IOMMU enabled:                   YES
   IOMMU SimObject:                 system.lenet5_clstr.iommu

   --- Access Breakdown ---
   Total IOMMU checks:              1564366
   IOTLB hits:                      1564311
   IOTLB misses (page walks):       55
   IOTLB hit rate:                  99.9965%

   --- Latency Breakdown ---
   TOTAL IOMMU OVERHEAD:            3183.62 us
   Avg latency per access:          0.00203509 us

********************************************************************************
system.lenet5_clstr.conv0.llvm_interface
Total Area: 6054.47
Total Power Static: 7131.27

Total Power Dynamic: 184286
   ========= Performance Analysis =============
   Setup Time:                      0h 0m 0s 0ms 766us
   Simulation Time (Total):         0h 3m 5s 142ms
   Simulation Time (Active):        0h 0m 5s 345ms
        Queue Processing Time:      0h 0m 5s 186ms
             Scheduling Time:       0h 0m 3s 217ms
             Computation Time:      0h 0m 0s 604ms
   System Clock:                    0.1GHz
   Runtime:                         1044980 cycles
   Runtime:                         10449.8 us
   Stalls:                          0 cycles
   Executed Nodes:                  1044979 cycles

   ========= Kernel Validation Stats ==========
   Kernel validation enabled:       NO
   Configured latency per check:    0 us

   --- Access Breakdown ---
   Total memory accesses (validated): 0
   Cache hits (0 latency):          0
   Validation requests (full lat):  0
     of which DMA-ctrl writes:      0
   Coalesced waits (partial lat):   0
   Validations denied:              0

   --- Latency Breakdown ---
   Validation request latency:      0 us
   Coalesced wait latency:          0 us
   TOTAL SECURITY OVERHEAD:         0 us
   Avg latency per validation:      0 us
   Avg latency per coalesced wait:  0 us
   Avg overhead per blocked access: 0 us

   --- Cache Statistics ---
   Processes with cached pages:     0
   Unique pages validated (total):  0
   Cache hit rate:                  0%

   ========= IOMMU Stats =====================
   IOMMU enabled:                   YES
   IOMMU SimObject:                 system.lenet5_clstr.iommu

   --- Access Breakdown ---
   Total IOMMU checks:              1564368
   IOTLB hits:                      1564313
   IOTLB misses (page walks):       55
   IOTLB hit rate:                  99.9965%

   --- Latency Breakdown ---
   TOTAL IOMMU OVERHEAD:            3183.63 us
   Avg latency per access:          0.00203509 us

********************************************************************************
system.lenet5_clstr.pool_mover_0.llvm_interface
Total Area: 780.105
Total Power Static: 38.3364

Total Power Dynamic: 304.907
   ========= Performance Analysis =============
   Setup Time:                      0h 0m 0s 0ms 409us
   Simulation Time (Total):         0h 3m 5s 142ms
   Simulation Time (Active):        0h 0m 0s 346ms
        Queue Processing Time:      0h 0m 0s 234ms
             Scheduling Time:       0h 0m 0s 79ms
             Computation Time:      0h 0m 0s 12ms
   System Clock:                    0.1GHz
   Runtime:                         1044970 cycles
   Runtime:                         10449.7 us
   Stalls:                          0 cycles
   Executed Nodes:                  1044969 cycles

   ========= Kernel Validation Stats ==========
   Kernel validation enabled:       NO
   Configured latency per check:    0 us

   --- Access Breakdown ---
   Total memory accesses (validated): 0
   Cache hits (0 latency):          0
   Validation requests (full lat):  0
     of which DMA-ctrl writes:      0
   Coalesced waits (partial lat):   0
   Validations denied:              0

   --- Latency Breakdown ---
   Validation request latency:      0 us
   Coalesced wait latency:          0 us
   TOTAL SECURITY OVERHEAD:         0 us
   Avg latency per validation:      0 us
   Avg latency per coalesced wait:  0 us
   Avg overhead per blocked access: 0 us

   --- Cache Statistics ---
   Processes with cached pages:     0
   Unique pages validated (total):  0
   Cache hit rate:                  0%

   ========= IOMMU Stats =====================
   IOMMU enabled:                   YES
   IOMMU SimObject:                 system.lenet5_clstr.iommu

   --- Access Breakdown ---
   Total IOMMU checks:              1564369
   IOTLB hits:                      1564314
   IOTLB misses (page walks):       55
   IOTLB hit rate:                  99.9965%

   --- Latency Breakdown ---
   TOTAL IOMMU OVERHEAD:            3183.63 us
   Avg latency per access:          0.00203509 us

********************************************************************************
system.lenet5_clstr.pool0.llvm_interface
Total Area: 6221.95
Total Power Static: 104.183

Total Power Dynamic: 2173.03
   ========= Performance Analysis =============
   Setup Time:                      0h 0m 0s 10ms 819us
   Simulation Time (Total):         0h 3m 14s 547ms
   Simulation Time (Active):        0h 0m 0s 467ms
        Queue Processing Time:      0h 0m 0s 304ms
             Scheduling Time:       0h 0m 0s 113ms
             Computation Time:      0h 0m 0s 33ms
   System Clock:                    0.1GHz
   Runtime:                         1117607 cycles
   Runtime:                         11176.1 us
   Stalls:                          0 cycles
   Executed Nodes:                  1117606 cycles

   ========= Kernel Validation Stats ==========
   Kernel validation enabled:       NO
   Configured latency per check:    0 us

   --- Access Breakdown ---
   Total memory accesses (validated): 0
   Cache hits (0 latency):          0
   Validation requests (full lat):  0
     of which DMA-ctrl writes:      0
   Coalesced waits (partial lat):   0
   Validations denied:              0

   --- Latency Breakdown ---
   Validation request latency:      0 us
   Coalesced wait latency:          0 us
   TOTAL SECURITY OVERHEAD:         0 us
   Avg latency per validation:      0 us
   Avg latency per coalesced wait:  0 us
   Avg overhead per blocked access: 0 us

   --- Cache Statistics ---
   Processes with cached pages:     0
   Unique pages validated (total):  0
   Cache hit rate:                  0%

   ========= IOMMU Stats =====================
   IOMMU enabled:                   YES
   IOMMU SimObject:                 system.lenet5_clstr.iommu

   --- Access Breakdown ---
   Total IOMMU checks:              1649304
   IOTLB hits:                      1649249
   IOTLB misses (page walks):       55
   IOTLB hit rate:                  99.9967%

   --- Latency Breakdown ---
   TOTAL IOMMU OVERHEAD:            3353.5 us
   Avg latency per access:          0.00203328 us

********************************************************************************
system.lenet5_clstr.data_mover_1.llvm_interface
Total Area: 3098.38
Total Power Static: 2424.96

Total Power Dynamic: 27394.9
   ========= Performance Analysis =============
   Setup Time:                      0h 0m 0s 7ms 753us
   Simulation Time (Total):         0h 3m 27s 774ms
   Simulation Time (Active):        0h 0m 5s 907ms
        Queue Processing Time:      0h 0m 5s 720ms
             Scheduling Time:       0h 0m 3s 451ms
             Computation Time:      0h 0m 0s 698ms
   System Clock:                    0.1GHz
   Runtime:                         1221940 cycles
   Runtime:                         12219.4 us
   Stalls:                          0 cycles
   Executed Nodes:                  1221939 cycles

   ========= Kernel Validation Stats ==========
   Kernel validation enabled:       NO
   Configured latency per check:    0 us

   --- Access Breakdown ---
   Total memory accesses (validated): 0
   Cache hits (0 latency):          0
   Validation requests (full lat):  0
     of which DMA-ctrl writes:      0
   Coalesced waits (partial lat):   0
   Validations denied:              0

   --- Latency Breakdown ---
   Validation request latency:      0 us
   Coalesced wait latency:          0 us
   TOTAL SECURITY OVERHEAD:         0 us
   Avg latency per validation:      0 us
   Avg latency per coalesced wait:  0 us
   Avg overhead per blocked access: 0 us

   --- Cache Statistics ---
   Processes with cached pages:     0
   Unique pages validated (total):  0
   Cache hit rate:                  0%

   ========= IOMMU Stats =====================
   IOMMU enabled:                   YES
   IOMMU SimObject:                 system.lenet5_clstr.iommu

   --- Access Breakdown ---
   Total IOMMU checks:              1772424
   IOTLB hits:                      1772369
   IOTLB misses (page walks):       55
   IOTLB hit rate:                  99.9969%

   --- Latency Breakdown ---
   TOTAL IOMMU OVERHEAD:            3599.74 us
   Avg latency per access:          0.00203097 us

********************************************************************************
system.lenet5_clstr.conv1.llvm_interface
Total Area: 6233.91
Total Power Static: 14530.9

Total Power Dynamic: 375959
   ========= Performance Analysis =============
   Setup Time:                      0h 0m 0s 0ms 989us
   Simulation Time (Total):         0h 3m 27s 772ms
   Simulation Time (Active):        0h 0m 8s 440ms
        Queue Processing Time:      0h 0m 8s 261ms
             Scheduling Time:       0h 0m 5s 27ms
             Computation Time:      0h 0m 1s 25ms
   System Clock:                    0.1GHz
   Runtime:                         1221932 cycles
   Runtime:                         12219.3 us
   Stalls:                          0 cycles
   Executed Nodes:                  1221931 cycles

   ========= Kernel Validation Stats ==========
   Kernel validation enabled:       NO
   Configured latency per check:    0 us

   --- Access Breakdown ---
   Total memory accesses (validated): 0
   Cache hits (0 latency):          0
   Validation requests (full lat):  0
     of which DMA-ctrl writes:      0
   Coalesced waits (partial lat):   0
   Validations denied:              0

   --- Latency Breakdown ---
   Validation request latency:      0 us
   Coalesced wait latency:          0 us
   TOTAL SECURITY OVERHEAD:         0 us
   Avg latency per validation:      0 us
   Avg latency per coalesced wait:  0 us
   Avg overhead per blocked access: 0 us

   --- Cache Statistics ---
   Processes with cached pages:     0
   Unique pages validated (total):  0
   Cache hit rate:                  0%

   ========= IOMMU Stats =====================
   IOMMU enabled:                   YES
   IOMMU SimObject:                 system.lenet5_clstr.iommu

   --- Access Breakdown ---
   Total IOMMU checks:              1772425
   IOTLB hits:                      1772370
   IOTLB misses (page walks):       55
   IOTLB hit rate:                  99.9969%

   --- Latency Breakdown ---
   TOTAL IOMMU OVERHEAD:            3599.74 us
   Avg latency per access:          0.00203097 us

********************************************************************************
system.lenet5_clstr.pool_mover_1.llvm_interface
Total Area: 780.105
Total Power Static: 12.6423

Total Power Dynamic: 101.338
   ========= Performance Analysis =============
   Setup Time:                      0h 0m 0s 0ms 725us
   Simulation Time (Total):         0h 3m 27s 747ms
   Simulation Time (Active):        0h 0m 0s 293ms
        Queue Processing Time:      0h 0m 0s 134ms
             Scheduling Time:       0h 0m 0s 20ms
             Computation Time:      0h 0m 0s 3ms
   System Clock:                    0.1GHz
   Runtime:                         1221832 cycles
   Runtime:                         12218.3 us
   Stalls:                          0 cycles
   Executed Nodes:                  1221831 cycles

   ========= Kernel Validation Stats ==========
   Kernel validation enabled:       NO
   Configured latency per check:    0 us

   --- Access Breakdown ---
   Total memory accesses (validated): 0
   Cache hits (0 latency):          0
   Validation requests (full lat):  0
     of which DMA-ctrl writes:      0
   Coalesced waits (partial lat):   0
   Validations denied:              0

   --- Latency Breakdown ---
   Validation request latency:      0 us
   Coalesced wait latency:          0 us
   TOTAL SECURITY OVERHEAD:         0 us
   Avg latency per validation:      0 us
   Avg latency per coalesced wait:  0 us
   Avg overhead per blocked access: 0 us

   --- Cache Statistics ---
   Processes with cached pages:     0
   Unique pages validated (total):  0
   Cache hit rate:                  0%

   ========= IOMMU Stats =====================
   IOMMU enabled:                   YES
   IOMMU SimObject:                 system.lenet5_clstr.iommu

   --- Access Breakdown ---
   Total IOMMU checks:              1772426
   IOTLB hits:                      1772371
   IOTLB misses (page walks):       55
   IOTLB hit rate:                  99.9969%

   --- Latency Breakdown ---
   TOTAL IOMMU OVERHEAD:            3599.74 us
   Avg latency per access:          0.00203097 us

********************************************************************************
system.lenet5_clstr.pool1.llvm_interface
Total Area: 6221.95
Total Power Static: 35.4349

Total Power Dynamic: 738.536
   ========= Performance Analysis =============
   Setup Time:                      0h 0m 0s 3ms 992us
   Simulation Time (Total):         0h 3m 27s 728ms
   Simulation Time (Active):        0h 0m 0s 299ms
        Queue Processing Time:      0h 0m 0s 170ms
             Scheduling Time:       0h 0m 0s 31ms
             Computation Time:      0h 0m 0s 6ms
   System Clock:                    0.1GHz
   Runtime:                         1221723 cycles
   Runtime:                         12217.2 us
   Stalls:                          0 cycles
   Executed Nodes:                  1221722 cycles

   ========= Kernel Validation Stats ==========
   Kernel validation enabled:       NO
   Configured latency per check:    0 us

   --- Access Breakdown ---
   Total memory accesses (validated): 0
   Cache hits (0 latency):          0
   Validation requests (full lat):  0
     of which DMA-ctrl writes:      0
   Coalesced waits (partial lat):   0
   Validations denied:              0

   --- Latency Breakdown ---
   Validation request latency:      0 us
   Coalesced wait latency:          0 us
   TOTAL SECURITY OVERHEAD:         0 us
   Avg latency per validation:      0 us
   Avg latency per coalesced wait:  0 us
   Avg overhead per blocked access: 0 us

   --- Cache Statistics ---
   Processes with cached pages:     0
   Unique pages validated (total):  0
   Cache hit rate:                  0%

   ========= IOMMU Stats =====================
   IOMMU enabled:                   YES
   IOMMU SimObject:                 system.lenet5_clstr.iommu

   --- Access Breakdown ---
   Total IOMMU checks:              1772428
   IOTLB hits:                      1772373
   IOTLB misses (page walks):       55
   IOTLB hit rate:                  99.9969%

   --- Latency Breakdown ---
   TOTAL IOMMU OVERHEAD:            3599.75 us
   Avg latency per access:          0.00203097 us

********************************************************************************
system.lenet5_clstr.data_mover_2.llvm_interface
Total Area: 1830.32
Total Power Static: 467.516

Total Power Dynamic: 5377.4
   ========= Performance Analysis =============
   Setup Time:                      0h 0m 0s 0ms 982us
   Simulation Time (Total):         0h 3m 39s 634ms
   Simulation Time (Active):        0h 0m 0s 826ms
        Queue Processing Time:      0h 0m 0s 680ms
             Scheduling Time:       0h 0m 0s 345ms
             Computation Time:      0h 0m 0s 72ms
   System Clock:                    0.1GHz
   Runtime:                         1425658 cycles
   Runtime:                         14256.6 us
   Stalls:                          0 cycles
   Executed Nodes:                  1425657 cycles

   ========= Kernel Validation Stats ==========
   Kernel validation enabled:       NO
   Configured latency per check:    0 us

   --- Access Breakdown ---
   Total memory accesses (validated): 0
   Cache hits (0 latency):          0
   Validation requests (full lat):  0
     of which DMA-ctrl writes:      0
   Coalesced waits (partial lat):   0
   Validations denied:              0

   --- Latency Breakdown ---
   Validation request latency:      0 us
   Coalesced wait latency:          0 us
   TOTAL SECURITY OVERHEAD:         0 us
   Avg latency per validation:      0 us
   Avg latency per coalesced wait:  0 us
   Avg overhead per blocked access: 0 us

   --- Cache Statistics ---
   Processes with cached pages:     0
   Unique pages validated (total):  0
   Cache hit rate:                  0%

   ========= IOMMU Stats =====================
   IOMMU enabled:                   YES
   IOMMU SimObject:                 system.lenet5_clstr.iommu

   --- Access Breakdown ---
   Total IOMMU checks:              2014644
   IOTLB hits:                      2014543
   IOTLB misses (page walks):       101
   IOTLB hit rate:                  99.995%

   --- Latency Breakdown ---
   TOTAL IOMMU OVERHEAD:            4130.09 us
   Avg latency per access:          0.00205003 us

********************************************************************************
system.lenet5_clstr.conv2.llvm_interface
Total Area: 5875.03
Total Power Static: 2891.36

Total Power Dynamic: 75102.9
   ========= Performance Analysis =============
   Setup Time:                      0h 0m 0s 0ms 885us
   Simulation Time (Total):         0h 3m 39s 618ms
   Simulation Time (Active):        0h 0m 1s 126ms
        Queue Processing Time:      0h 0m 0s 970ms
             Scheduling Time:       0h 0m 0s 535ms
             Computation Time:      0h 0m 0s 105ms
   System Clock:                    0.1GHz
   Runtime:                         1425550 cycles
   Runtime:                         14255.5 us
   Stalls:                          0 cycles
   Executed Nodes:                  1425549 cycles

   ========= Kernel Validation Stats ==========
   Kernel validation enabled:       NO
   Configured latency per check:    0 us

   --- Access Breakdown ---
   Total memory accesses (validated): 0
   Cache hits (0 latency):          0
   Validation requests (full lat):  0
     of which DMA-ctrl writes:      0
   Coalesced waits (partial lat):   0
   Validations denied:              0

   --- Latency Breakdown ---
   Validation request latency:      0 us
   Coalesced wait latency:          0 us
   TOTAL SECURITY OVERHEAD:         0 us
   Avg latency per validation:      0 us
   Avg latency per coalesced wait:  0 us
   Avg overhead per blocked access: 0 us

   --- Cache Statistics ---
   Processes with cached pages:     0
   Unique pages validated (total):  0
   Cache hit rate:                  0%

   ========= IOMMU Stats =====================
   IOMMU enabled:                   YES
   IOMMU SimObject:                 system.lenet5_clstr.iommu

   --- Access Breakdown ---
   Total IOMMU checks:              2014648
   IOTLB hits:                      2014547
   IOTLB misses (page walks):       101
   IOTLB hit rate:                  99.995%

   --- Latency Breakdown ---
   TOTAL IOMMU OVERHEAD:            4130.09 us
   Avg latency per access:          0.00205003 us

********************************************************************************
system.lenet5_clstr.data_mover_3.llvm_interface
Total Area: 1112.55
Total Power Static: 96.7562

Total Power Dynamic: 1121.45
   ========= Performance Analysis =============
   Setup Time:                      0h 0m 0s 0ms 731us
   Simulation Time (Total):         0h 3m 40s 745ms
   Simulation Time (Active):        0h 0m 0s 350ms
        Queue Processing Time:      0h 0m 0s 197ms
             Scheduling Time:       0h 0m 0s 45ms
             Computation Time:      0h 0m 0s 11ms
   System Clock:                    0.1GHz
   Runtime:                         1466974 cycles
   Runtime:                         14669.7 us
   Stalls:                          0 cycles
   Executed Nodes:                  1466973 cycles

   ========= Kernel Validation Stats ==========
   Kernel validation enabled:       NO
   Configured latency per check:    0 us

   --- Access Breakdown ---
   Total memory accesses (validated): 0
   Cache hits (0 latency):          0
   Validation requests (full lat):  0
     of which DMA-ctrl writes:      0
   Coalesced waits (partial lat):   0
   Validations denied:              0

   --- Latency Breakdown ---
   Validation request latency:      0 us
   Coalesced wait latency:          0 us
   TOTAL SECURITY OVERHEAD:         0 us
   Avg latency per validation:      0 us
   Avg latency per coalesced wait:  0 us
   Avg overhead per blocked access: 0 us

   --- Cache Statistics ---
   Processes with cached pages:     0
   Unique pages validated (total):  0
   Cache hit rate:                  0%

   ========= IOMMU Stats =====================
   IOMMU enabled:                   YES
   IOMMU SimObject:                 system.lenet5_clstr.iommu

   --- Access Breakdown ---
   Total IOMMU checks:              2065145
   IOTLB hits:                      2065033
   IOTLB misses (page walks):       112
   IOTLB hit rate:                  99.9946%

   --- Latency Breakdown ---
   TOTAL IOMMU OVERHEAD:            4242.07 us
   Avg latency per access:          0.00205413 us

********************************************************************************
system.lenet5_clstr.fc0.llvm_interface
Total Area: 5516.14
Total Power Static: 605.722

Total Power Dynamic: 15761.6
   ========= Performance Analysis =============
   Setup Time:                      0h 0m 0s 0ms 691us
   Simulation Time (Total):         0h 3m 40s 720ms
   Simulation Time (Active):        0h 0m 0s 410ms
        Queue Processing Time:      0h 0m 0s 252ms
             Scheduling Time:       0h 0m 0s 73ms
             Computation Time:      0h 0m 0s 15ms
   System Clock:                    0.1GHz
   Runtime:                         1466866 cycles
   Runtime:                         14668.7 us
   Stalls:                          0 cycles
   Executed Nodes:                  1466865 cycles

   ========= Kernel Validation Stats ==========
   Kernel validation enabled:       NO
   Configured latency per check:    0 us

   --- Access Breakdown ---
   Total memory accesses (validated): 0
   Cache hits (0 latency):          0
   Validation requests (full lat):  0
     of which DMA-ctrl writes:      0
   Coalesced waits (partial lat):   0
   Validations denied:              0

   --- Latency Breakdown ---
   Validation request latency:      0 us
   Coalesced wait latency:          0 us
   TOTAL SECURITY OVERHEAD:         0 us
   Avg latency per validation:      0 us
   Avg latency per coalesced wait:  0 us
   Avg overhead per blocked access: 0 us

   --- Cache Statistics ---
   Processes with cached pages:     0
   Unique pages validated (total):  0
   Cache hit rate:                  0%

   ========= IOMMU Stats =====================
   IOMMU enabled:                   YES
   IOMMU SimObject:                 system.lenet5_clstr.iommu

   --- Access Breakdown ---
   Total IOMMU checks:              2065146
   IOTLB hits:                      2065034
   IOTLB misses (page walks):       112
   IOTLB hit rate:                  99.9946%

   --- Latency Breakdown ---
   TOTAL IOMMU OVERHEAD:            4242.07 us
   Avg latency per access:          0.00205412 us

********************************************************************************
system.lenet5_clstr.top.llvm_interface
Total Area: 201.48
Total Power Static: 224.132

Total Power Dynamic: 1101.42
   ========= Performance Analysis =============
   Setup Time:                      0h 0m 0s 7ms 591us
   Simulation Time (Total):         0h 3m 42s 736ms
   Simulation Time (Active):        0h 0m 3s 316ms
        Queue Processing Time:      0h 0m 3s 121ms
             Scheduling Time:       0h 0m 1s 472ms
             Computation Time:      0h 0m 0s 181ms
   System Clock:                    0.1GHz
   Runtime:                         1492551 cycles
   Runtime:                         14925.5 us
   Stalls:                          0 cycles
   Executed Nodes:                  1492550 cycles

   ========= Kernel Validation Stats ==========
   Kernel validation enabled:       NO
   Configured latency per check:    0 us

   --- Access Breakdown ---
   Total memory accesses (validated): 0
   Cache hits (0 latency):          0
   Validation requests (full lat):  0
     of which DMA-ctrl writes:      0
   Coalesced waits (partial lat):   0
   Validations denied:              0

   --- Latency Breakdown ---
   Validation request latency:      0 us
   Coalesced wait latency:          0 us
   TOTAL SECURITY OVERHEAD:         0 us
   Avg latency per validation:      0 us
   Avg latency per coalesced wait:  0 us
   Avg overhead per blocked access: 0 us

   --- Cache Statistics ---
   Processes with cached pages:     0
   Unique pages validated (total):  0
   Cache hit rate:                  0%

   ========= IOMMU Stats =====================
   IOMMU enabled:                   YES
   IOMMU SimObject:                 system.lenet5_clstr.iommu

   --- Access Breakdown ---
   Total IOMMU checks:              2065149
   IOTLB hits:                      2065037
   IOTLB misses (page walks):       112
   IOTLB hit rate:                  99.9946%

   --- Latency Breakdown ---
   TOTAL IOMMU OVERHEAD:            4242.07 us
   Avg latency per access:          0.00205412 us

Exiting @ tick 14975496000 because m5_exit instruction encountered
