build/ARM/base/statistics.hh:277: warn: One of the stats is a legacy stat. Legacy stat is a stat that does not belong to any statistics::Group. Legacy stat is deprecated.
Global frequency set at 1000000000000 ticks per second
build/ARM/mem/mem_interface.cc:793: warn: DRAM device capacity (16384 Mbytes) does not match the address range assigned (4096 Mbytes)
build/ARM/sim/kernel_workload.cc:46: info: kernel located at: /gem5-SALAM/benchmarks/lenet/design_b/sw/main.elf
build/ARM/arch/arm/system.cc:95: warn: Highest ARM exception-level set to AArch64 but the workload is for AArch32. Assuming you wanted these to match.
build/ARM/base/vnc/vncserver.cc:163: warn: Sockets disabled, not accepting vnc client connections
build/ARM/dev/serial/terminal.cc:170: warn: Sockets disabled, not accepting terminal connections
build/ARM/base/remote_gdb.cc:377: warn: Sockets disabled, not accepting gdb connections
build/ARM/mem/coherent_xbar.cc:140: warn: CoherentXBar system.lenet5_clstr.coherency_bus has no snooping ports attached!
build/ARM/dev/arm/energy_ctrl.cc:252: warn: Existing EnergyCtrl, but no enabled DVFSHandler found.
gem5 Simulator System.  http://gem5.org
gem5 is copyrighted software; use the --copyright option for details.

gem5 version 21.1.0.1
gem5 compiled May  4 2026 18:12:38
gem5 started May  4 2026 18:13:29
gem5 executing on 3b7fb6fd27b8, pid 2580883
command line: /gem5-SALAM/build/ARM/gem5.opt --listener-mode=off --outdir=/gem5-SALAM/BM_ARM_OUT/run_all/lenet_b/aia-kd /gem5-SALAM/configs/SALAM/fs_lenet_b.py --mem-size=4GB --mem-type=DDR4_2400_8x8 --machine-type=VExpress_GEM5_V1 --dtb-file=none --bare-metal --cpu-type=DerivO3CPU --caches --l2cache --kernel=/gem5-SALAM/benchmarks/lenet/design_b/sw/main.elf --disk-image=/gem5-SALAM/benchmarks/common/fake.iso --accpath=/gem5-SALAM/benchmarks/lenet/design_b --accbench=lenet_b --enable-kernel-validation --kernel-validation-latency 8367000

[HWAccConfig] Kernel validation ENABLED: latency=8367000, int=172, pid=17
[HWAccConfig] Kernel validation ENABLED: latency=8367000, int=172, pid=17
[HWAccConfig] Kernel validation ENABLED: latency=8367000, int=172, pid=17
[HWAccConfig] Kernel validation ENABLED: latency=8367000, int=172, pid=17
[HWAccConfig] Kernel validation ENABLED: latency=8367000, int=172, pid=17
[HWAccConfig] Kernel validation ENABLED: latency=8367000, int=172, pid=17
[HWAccConfig] Kernel validation ENABLED: latency=8367000, int=172, pid=17
[HWAccConfig] Kernel validation ENABLED: latency=8367000, int=172, pid=17
[HWAccConfig] Kernel validation ENABLED: latency=8367000, int=172, pid=17
[HWAccConfig] Kernel validation ENABLED: latency=8367000, int=172, pid=17
[HWAccConfig] Kernel validation ENABLED: latency=8367000, int=172, pid=17
[HWAccConfig] Kernel validation ENABLED: latency=8367000, int=172, pid=17
**** REAL SIMULATION ****
warn: iobus.slave is deprecated. `slave` is now called `cpu_side_ports`
warn: bridge.master is deprecated. `master` is now called `mem_side_port`
warn: membus.master is deprecated. `master` is now called `mem_side_ports`
warn: bridge.slave is deprecated. `slave` is now called `cpu_side_port`
warn: membus.slave is deprecated. `slave` is now called `cpu_side_ports`
warn: tol2bus.master is deprecated. `master` is now called `mem_side_ports`
warn: membus.slave is deprecated. `slave` is now called `cpu_side_ports`
warn: tol2bus.slave is deprecated. `slave` is now called `cpu_side_ports`
warn: tol2bus.slave is deprecated. `slave` is now called `cpu_side_ports`
warn: tol2bus.slave is deprecated. `slave` is now called `cpu_side_ports`
warn: tol2bus.slave is deprecated. `slave` is now called `cpu_side_ports`
warn: membus.slave is deprecated. `slave` is now called `cpu_side_ports`
warn: coherency_bus.master is deprecated. `master` is now called `mem_side_ports`
warn: No dot file generated. Please install pydot to generate the dot file and pdf.
build/ARM/sim/simulate.cc:107: info: Entering event queue @ 0.  Starting simulation...
********************************************************************************
system.lenet5_clstr.conv0.llvm_interface
Total Area: 6604.76
Total Power Static: 7702.37

Total Power Dynamic: 186527
   ========= Performance Analysis =============
   Setup Time:                      0h 0m 0s 0ms 904us
   Simulation Time (Total):         0h 3m 59s 85ms
   Simulation Time (Active):        0h 0m 6s 692ms
        Queue Processing Time:      0h 0m 6s 599ms
             Scheduling Time:       0h 0m 3s 815ms
             Computation Time:      0h 0m 0s 755ms
   System Clock:                    0.1GHz
   Runtime:                         540369 cycles
   Runtime:                         5403.69 us
   Stalls:                          0 cycles
   Executed Nodes:                  540368 cycles

   ========= Kernel Validation Stats ==========
   Kernel validation enabled:       YES
   Configured latency per check:    8.367 us

   --- Access Breakdown ---
   Total memory accesses (validated): 239904
   Cache hits (0 latency):          239900
   Validation requests (full lat):  1
     of which DMA-ctrl writes:      0
   Coalesced waits (partial lat):   3
   Validations denied:              0

   --- Latency Breakdown ---
   Validation request latency:      50.191 us
   Coalesced wait latency:          21.841 us
   TOTAL SECURITY OVERHEAD:         72.032 us
   Avg latency per validation:      50.191 us
   Avg latency per coalesced wait:  7.28033 us
   Avg overhead per blocked access: 18.008 us

   --- Cache Statistics ---
   Processes with cached pages:     1
   Unique pages validated (total):  39
   Cache hit rate:                  99.9983%

********************************************************************************
system.lenet5_clstr.data_mover_0.llvm_interface
Total Area: 921.141
Total Power Static: 46.5935

Total Power Dynamic: 530.888
   ========= Performance Analysis =============
   Setup Time:                      0h 0m 0s 0ms 477us
   Simulation Time (Total):         0h 3m 59s 84ms
   Simulation Time (Active):        0h 0m 0s 310ms
        Queue Processing Time:      0h 0m 0s 236ms
             Scheduling Time:       0h 0m 0s 93ms
             Computation Time:      0h 0m 0s 22ms
   System Clock:                    0.1GHz
   Runtime:                         540359 cycles
   Runtime:                         5403.59 us
   Stalls:                          0 cycles
   Executed Nodes:                  540358 cycles

   ========= Kernel Validation Stats ==========
   Kernel validation enabled:       YES
   Configured latency per check:    8.367 us

   --- Access Breakdown ---
   Total memory accesses (validated): 9408
   Cache hits (0 latency):          9402
   Validation requests (full lat):  3
     of which DMA-ctrl writes:      0
   Coalesced waits (partial lat):   3
   Validations denied:              0

   --- Latency Breakdown ---
   Validation request latency:      25.101 us
   Coalesced wait latency:          64.825 us
   TOTAL SECURITY OVERHEAD:         89.926 us
   Avg latency per validation:      8.367 us
   Avg latency per coalesced wait:  21.6083 us
   Avg overhead per blocked access: 14.9877 us

   --- Cache Statistics ---
   Processes with cached pages:     1
   Unique pages validated (total):  39
   Cache hit rate:                  99.9362%

********************************************************************************
system.lenet5_clstr.pool0.llvm_interface
Total Area: 6693.54
Total Power Static: 119.603

Total Power Dynamic: 2263.76
   ========= Performance Analysis =============
   Setup Time:                      0h 0m 0s 3ms 856us
   Simulation Time (Total):         0h 3m 58s 961ms
   Simulation Time (Active):        0h 0m 0s 338ms
        Queue Processing Time:      0h 0m 0s 279ms
             Scheduling Time:       0h 0m 0s 125ms
             Computation Time:      0h 0m 0s 19ms
   System Clock:                    0.1GHz
   Runtime:                         539513 cycles
   Runtime:                         5395.13 us
   Stalls:                          0 cycles
   Executed Nodes:                  539512 cycles

   ========= Kernel Validation Stats ==========
   Kernel validation enabled:       YES
   Configured latency per check:    8.367 us

   --- Access Breakdown ---
   Total memory accesses (validated): 5880
   Cache hits (0 latency):          5876
   Validation requests (full lat):  4
     of which DMA-ctrl writes:      0
   Coalesced waits (partial lat):   0
   Validations denied:              0

   --- Latency Breakdown ---
   Validation request latency:      33.468 us
   Coalesced wait latency:          0 us
   TOTAL SECURITY OVERHEAD:         33.468 us
   Avg latency per validation:      8.367 us
   Avg latency per coalesced wait:  0 us
   Avg overhead per blocked access: 8.367 us

   --- Cache Statistics ---
   Processes with cached pages:     1
   Unique pages validated (total):  39
   Cache hit rate:                  99.932%

********************************************************************************
system.lenet5_clstr.data_mover_1.llvm_interface
Total Area: 921.141
Total Power Static: 11.6632

Total Power Dynamic: 132.822
   ========= Performance Analysis =============
   Setup Time:                      0h 0m 0s 0ms 743us
   Simulation Time (Total):         0h 3m 58s 855ms
   Simulation Time (Active):        0h 0m 0s 196ms
        Queue Processing Time:      0h 0m 0s 130ms
             Scheduling Time:       0h 0m 0s 25ms
             Computation Time:      0h 0m 0s 3ms
   System Clock:                    0.1GHz
   Runtime:                         538672 cycles
   Runtime:                         5386.72 us
   Stalls:                          0 cycles
   Executed Nodes:                  538671 cycles

   ========= Kernel Validation Stats ==========
   Kernel validation enabled:       YES
   Configured latency per check:    8.367 us

   --- Access Breakdown ---
   Total memory accesses (validated): 2352
   Cache hits (0 latency):          2351
   Validation requests (full lat):  1
     of which DMA-ctrl writes:      0
   Coalesced waits (partial lat):   0
   Validations denied:              0

   --- Latency Breakdown ---
   Validation request latency:      41.508 us
   Coalesced wait latency:          0 us
   TOTAL SECURITY OVERHEAD:         41.508 us
   Avg latency per validation:      41.508 us
   Avg latency per coalesced wait:  0 us
   Avg overhead per blocked access: 41.508 us

   --- Cache Statistics ---
   Processes with cached pages:     1
   Unique pages validated (total):  39
   Cache hit rate:                  99.9575%

********************************************************************************
system.lenet5_clstr.conv1.llvm_interface
Total Area: 6784.2
Total Power Static: 15677.5

Total Power Dynamic: 376721
   ========= Performance Analysis =============
   Setup Time:                      0h 0m 0s 1ms 87us
   Simulation Time (Total):         0h 5m 4s 833ms
   Simulation Time (Active):        0h 0m 6s 380ms
        Queue Processing Time:      0h 0m 6s 272ms
             Scheduling Time:       0h 0m 3s 698ms
             Computation Time:      0h 0m 0s 752ms
   System Clock:                    0.1GHz
   Runtime:                         1041024 cycles
   Runtime:                         10410.2 us
   Stalls:                          0 cycles
   Executed Nodes:                  1041023 cycles

   ========= Kernel Validation Stats ==========
   Kernel validation enabled:       YES
   Configured latency per check:    8.367 us

   --- Access Breakdown ---
   Total memory accesses (validated): 481600
   Cache hits (0 latency):          481597
   Validation requests (full lat):  3
     of which DMA-ctrl writes:      0
   Coalesced waits (partial lat):   0
   Validations denied:              0

   --- Latency Breakdown ---
   Validation request latency:      49.769 us
   Coalesced wait latency:          0 us
   TOTAL SECURITY OVERHEAD:         49.769 us
   Avg latency per validation:      16.5897 us
   Avg latency per coalesced wait:  0 us
   Avg overhead per blocked access: 16.5897 us

   --- Cache Statistics ---
   Processes with cached pages:     1
   Unique pages validated (total):  67
   Cache hit rate:                  99.9994%

********************************************************************************
system.lenet5_clstr.data_mover_2.llvm_interface
Total Area: 921.141
Total Power Static: 15.4509

Total Power Dynamic: 178.201
   ========= Performance Analysis =============
   Setup Time:                      0h 0m 0s 0ms 761us
   Simulation Time (Total):         0h 5m 4s 238ms
   Simulation Time (Active):        0h 0m 0s 251ms
        Queue Processing Time:      0h 0m 0s 150ms
             Scheduling Time:       0h 0m 0s 21ms
             Computation Time:      0h 0m 0s 3ms
   System Clock:                    0.1GHz
   Runtime:                         1039342 cycles
   Runtime:                         10393.4 us
   Stalls:                          0 cycles
   Executed Nodes:                  1039341 cycles

   ========= Kernel Validation Stats ==========
   Kernel validation enabled:       YES
   Configured latency per check:    8.367 us

   --- Access Breakdown ---
   Total memory accesses (validated): 3200
   Cache hits (0 latency):          3198
   Validation requests (full lat):  1
     of which DMA-ctrl writes:      0
   Coalesced waits (partial lat):   1
   Validations denied:              0

   --- Latency Breakdown ---
   Validation request latency:      24.562 us
   Coalesced wait latency:          3.097 us
   TOTAL SECURITY OVERHEAD:         27.659 us
   Avg latency per validation:      24.562 us
   Avg latency per coalesced wait:  3.097 us
   Avg overhead per blocked access: 13.8295 us

   --- Cache Statistics ---
   Processes with cached pages:     1
   Unique pages validated (total):  67
   Cache hit rate:                  99.9375%

********************************************************************************
system.lenet5_clstr.pool1.llvm_interface
Total Area: 6693.54
Total Power Static: 40.6797

Total Power Dynamic: 769.272
   ========= Performance Analysis =============
   Setup Time:                      0h 0m 0s 0ms 971us
   Simulation Time (Total):         0h 5m 3s 557ms
   Simulation Time (Active):        0h 0m 0s 236ms
        Queue Processing Time:      0h 0m 0s 125ms
             Scheduling Time:       0h 0m 0s 22ms
             Computation Time:      0h 0m 0s 4ms
   System Clock:                    0.1GHz
   Runtime:                         1036823 cycles
   Runtime:                         10368.2 us
   Stalls:                          0 cycles
   Executed Nodes:                  1036822 cycles

   ========= Kernel Validation Stats ==========
   Kernel validation enabled:       YES
   Configured latency per check:    8.367 us

   --- Access Breakdown ---
   Total memory accesses (validated): 2000
   Cache hits (0 latency):          1999
   Validation requests (full lat):  1
     of which DMA-ctrl writes:      0
   Coalesced waits (partial lat):   0
   Validations denied:              0

   --- Latency Breakdown ---
   Validation request latency:      8.367 us
   Coalesced wait latency:          0 us
   TOTAL SECURITY OVERHEAD:         8.367 us
   Avg latency per validation:      8.367 us
   Avg latency per coalesced wait:  0 us
   Avg overhead per blocked access: 8.367 us

   --- Cache Statistics ---
   Processes with cached pages:     1
   Unique pages validated (total):  67
   Cache hit rate:                  99.95%

********************************************************************************
system.lenet5_clstr.data_mover_3.llvm_interface
Total Area: 921.141
Total Power Static: 3.86689

Total Power Dynamic: 44.586
   ========= Performance Analysis =============
   Setup Time:                      0h 0m 0s 0ms 699us
   Simulation Time (Total):         0h 5m 1s 166ms
   Simulation Time (Active):        0h 0m 0s 213ms
        Queue Processing Time:      0h 0m 0s 112ms
             Scheduling Time:       0h 0m 0s 4ms
             Computation Time:      0h 0m 0s 0ms
   System Clock:                    0.1GHz
   Runtime:                         1034308 cycles
   Runtime:                         10343.1 us
   Stalls:                          0 cycles
   Executed Nodes:                  1034307 cycles

   ========= Kernel Validation Stats ==========
   Kernel validation enabled:       YES
   Configured latency per check:    8.367 us

   --- Access Breakdown ---
   Total memory accesses (validated): 800
   Cache hits (0 latency):          800
   Validation requests (full lat):  0
     of which DMA-ctrl writes:      0
   Coalesced waits (partial lat):   0
   Validations denied:              0

   --- Latency Breakdown ---
   Validation request latency:      0 us
   Coalesced wait latency:          0 us
   TOTAL SECURITY OVERHEAD:         0 us
   Avg latency per validation:      0 us
   Avg latency per coalesced wait:  0 us
   Avg overhead per blocked access: 0 us

   --- Cache Statistics ---
   Processes with cached pages:     1
   Unique pages validated (total):  67
   Cache hit rate:                  100%

********************************************************************************
system.lenet5_clstr.conv2.llvm_interface
Total Area: 6066.43
Total Power Static: 2891.65

Total Power Dynamic: 75108.6
   ========= Performance Analysis =============
   Setup Time:                      0h 0m 0s 7ms 152us
   Simulation Time (Total):         0h 5m 5s 300ms
   Simulation Time (Active):        0h 0m 0s 942ms
        Queue Processing Time:      0h 0m 0s 839ms
             Scheduling Time:       0h 0m 0s 452ms
             Computation Time:      0h 0m 0s 90ms
   System Clock:                    0.1GHz
   Runtime:                         1181251 cycles
   Runtime:                         11812.5 us
   Stalls:                          0 cycles
   Executed Nodes:                  1181250 cycles

   ========= Kernel Validation Stats ==========
   Kernel validation enabled:       YES
   Configured latency per check:    8.367 us

   --- Access Breakdown ---
   Total memory accesses (validated): 96120
   Cache hits (0 latency):          96073
   Validation requests (full lat):  47
     of which DMA-ctrl writes:      0
   Coalesced waits (partial lat):   0
   Validations denied:              0

   --- Latency Breakdown ---
   Validation request latency:      393.249 us
   Coalesced wait latency:          0 us
   TOTAL SECURITY OVERHEAD:         393.249 us
   Avg latency per validation:      8.367 us
   Avg latency per coalesced wait:  0 us
   Avg overhead per blocked access: 8.367 us

   --- Cache Statistics ---
   Processes with cached pages:     1
   Unique pages validated (total):  77
   Cache hit rate:                  99.9511%

********************************************************************************
system.lenet5_clstr.data_mover_4.llvm_interface
Total Area: 562.255
Total Power Static: 1.13697

Total Power Dynamic: 13.2473
   ========= Performance Analysis =============
   Setup Time:                      0h 0m 0s 0ms 658us
   Simulation Time (Total):         0h 5m 0s 653ms
   Simulation Time (Active):        0h 0m 0s 211ms
        Queue Processing Time:      0h 0m 0s 115ms
             Scheduling Time:       0h 0m 0s 0ms
             Computation Time:      0h 0m 0s 0ms
   System Clock:                    0.1GHz
   Runtime:                         1177894 cycles
   Runtime:                         11778.9 us
   Stalls:                          0 cycles
   Executed Nodes:                  1177893 cycles

   ========= Kernel Validation Stats ==========
   Kernel validation enabled:       YES
   Configured latency per check:    8.367 us

   --- Access Breakdown ---
   Total memory accesses (validated): 240
   Cache hits (0 latency):          240
   Validation requests (full lat):  0
     of which DMA-ctrl writes:      0
   Coalesced waits (partial lat):   0
   Validations denied:              0

   --- Latency Breakdown ---
   Validation request latency:      0 us
   Coalesced wait latency:          0 us
   TOTAL SECURITY OVERHEAD:         0 us
   Avg latency per validation:      0 us
   Avg latency per coalesced wait:  0 us
   Avg overhead per blocked access: 0 us

   --- Cache Statistics ---
   Processes with cached pages:     1
   Unique pages validated (total):  77
   Cache hit rate:                  100%

********************************************************************************
system.lenet5_clstr.fc0.llvm_interface
Total Area: 5707.55
Total Power Static: 605.723

Total Power Dynamic: 15765.7
   ========= Performance Analysis =============
   Setup Time:                      0h 0m 0s 0ms 728us
   Simulation Time (Total):         0h 4m 55s 854ms
   Simulation Time (Active):        0h 0m 0s 307ms
        Queue Processing Time:      0h 0m 0s 209ms
             Scheduling Time:       0h 0m 0s 68ms
             Computation Time:      0h 0m 0s 14ms
   System Clock:                    0.1GHz
   Runtime:                         1203833 cycles
   Runtime:                         12038.3 us
   Stalls:                          0 cycles
   Executed Nodes:                  1203832 cycles

   ========= Kernel Validation Stats ==========
   Kernel validation enabled:       YES
   Configured latency per check:    8.367 us

   --- Access Breakdown ---
   Total memory accesses (validated): 20244
   Cache hits (0 latency):          20234
   Validation requests (full lat):  10
     of which DMA-ctrl writes:      0
   Coalesced waits (partial lat):   0
   Validations denied:              0

   --- Latency Breakdown ---
   Validation request latency:      83.67 us
   Coalesced wait latency:          0 us
   TOTAL SECURITY OVERHEAD:         83.67 us
   Avg latency per validation:      8.367 us
   Avg latency per coalesced wait:  0 us
   Avg overhead per blocked access: 8.367 us

   --- Cache Statistics ---
   Processes with cached pages:     1
   Unique pages validated (total):  77
   Cache hit rate:                  99.9506%

********************************************************************************
system.lenet5_clstr.top.llvm_interface
Total Area: 251.85
Total Power Static: 52.373

Total Power Dynamic: 257.37
   ========= Performance Analysis =============
   Setup Time:                      0h 0m 0s 7ms 757us
   Simulation Time (Total):         0h 5m 17s 416ms
   Simulation Time (Active):        0h 0m 1s 30ms
        Queue Processing Time:      0h 0m 0s 905ms
             Scheduling Time:       0h 0m 0s 350ms
             Computation Time:      0h 0m 0s 43ms
   System Clock:                    0.1GHz
   Runtime:                         1259416 cycles
   Runtime:                         12594.2 us
   Stalls:                          0 cycles
   Executed Nodes:                  1259415 cycles

   ========= Kernel Validation Stats ==========
   Kernel validation enabled:       YES
   Configured latency per check:    8.367 us

   --- Access Breakdown ---
   Total memory accesses (validated): 85721
   Cache hits (0 latency):          85694
   Validation requests (full lat):  22
     of which DMA-ctrl writes:      16
   Coalesced waits (partial lat):   5
   Validations denied:              0

   --- Latency Breakdown ---
   Validation request latency:      468.552 us
   Coalesced wait latency:          125.505 us
   TOTAL SECURITY OVERHEAD:         594.057 us
   Avg latency per validation:      21.2978 us
   Avg latency per coalesced wait:  25.101 us
   Avg overhead per blocked access: 22.0021 us

   --- Cache Statistics ---
   Processes with cached pages:     1
   Unique pages validated (total):  77
   Cache hit rate:                  99.9685%

Exiting @ tick 12671512000 because m5_exit instruction encountered
