build/ARM/base/statistics.hh:277: warn: One of the stats is a legacy stat. Legacy stat is a stat that does not belong to any statistics::Group. Legacy stat is deprecated.
Global frequency set at 1000000000000 ticks per second
build/ARM/mem/mem_interface.cc:793: warn: DRAM device capacity (16384 Mbytes) does not match the address range assigned (4096 Mbytes)
build/ARM/sim/kernel_workload.cc:46: info: kernel located at: /gem5-SALAM/benchmarks/lenet/design_b/sw/main.elf
build/ARM/arch/arm/system.cc:95: warn: Highest ARM exception-level set to AArch64 but the workload is for AArch32. Assuming you wanted these to match.
build/ARM/base/vnc/vncserver.cc:163: warn: Sockets disabled, not accepting vnc client connections
build/ARM/dev/serial/terminal.cc:170: warn: Sockets disabled, not accepting terminal connections
build/ARM/base/remote_gdb.cc:377: warn: Sockets disabled, not accepting gdb connections
build/ARM/mem/coherent_xbar.cc:140: warn: CoherentXBar system.lenet5_clstr.coherency_bus has no snooping ports attached!
build/ARM/dev/arm/energy_ctrl.cc:252: warn: Existing EnergyCtrl, but no enabled DVFSHandler found.
gem5 Simulator System.  http://gem5.org
gem5 is copyrighted software; use the --copyright option for details.

gem5 version 21.1.0.1
gem5 compiled May  4 2026 18:12:38
gem5 started May  4 2026 18:13:29
gem5 executing on 3b7fb6fd27b8, pid 2580885
command line: /gem5-SALAM/build/ARM/gem5.opt --listener-mode=off --outdir=/gem5-SALAM/BM_ARM_OUT/run_all/lenet_b/plain /gem5-SALAM/configs/SALAM/fs_lenet_b.py --mem-size=4GB --mem-type=DDR4_2400_8x8 --machine-type=VExpress_GEM5_V1 --dtb-file=none --bare-metal --cpu-type=DerivO3CPU --caches --l2cache --kernel=/gem5-SALAM/benchmarks/lenet/design_b/sw/main.elf --disk-image=/gem5-SALAM/benchmarks/common/fake.iso --accpath=/gem5-SALAM/benchmarks/lenet/design_b --accbench=lenet_b

**** REAL SIMULATION ****
warn: iobus.slave is deprecated. `slave` is now called `cpu_side_ports`
warn: bridge.master is deprecated. `master` is now called `mem_side_port`
warn: membus.master is deprecated. `master` is now called `mem_side_ports`
warn: bridge.slave is deprecated. `slave` is now called `cpu_side_port`
warn: membus.slave is deprecated. `slave` is now called `cpu_side_ports`
warn: tol2bus.master is deprecated. `master` is now called `mem_side_ports`
warn: membus.slave is deprecated. `slave` is now called `cpu_side_ports`
warn: tol2bus.slave is deprecated. `slave` is now called `cpu_side_ports`
warn: tol2bus.slave is deprecated. `slave` is now called `cpu_side_ports`
warn: tol2bus.slave is deprecated. `slave` is now called `cpu_side_ports`
warn: tol2bus.slave is deprecated. `slave` is now called `cpu_side_ports`
warn: membus.slave is deprecated. `slave` is now called `cpu_side_ports`
warn: coherency_bus.master is deprecated. `master` is now called `mem_side_ports`
warn: No dot file generated. Please install pydot to generate the dot file and pdf.
build/ARM/sim/simulate.cc:107: info: Entering event queue @ 0.  Starting simulation...
********************************************************************************
system.lenet5_clstr.conv0.llvm_interface
Total Area: 6604.76
Total Power Static: 7702.37

Total Power Dynamic: 186527
   ========= Performance Analysis =============
   Setup Time:                      0h 0m 0s 3ms 993us
   Simulation Time (Total):         0h 4m 8s 162ms
   Simulation Time (Active):        0h 0m 7s 83ms
        Queue Processing Time:      0h 0m 6s 995ms
             Scheduling Time:       0h 0m 4s 32ms
             Computation Time:      0h 0m 0s 795ms
   System Clock:                    0.1GHz
   Runtime:                         533176 cycles
   Runtime:                         5331.76 us
   Stalls:                          0 cycles
   Executed Nodes:                  533175 cycles

   ========= Kernel Validation Stats ==========
   Kernel validation enabled:       NO
   Configured latency per check:    0 us

   --- Access Breakdown ---
   Total memory accesses (validated): 0
   Cache hits (0 latency):          0
   Validation requests (full lat):  0
     of which DMA-ctrl writes:      0
   Coalesced waits (partial lat):   0
   Validations denied:              0

   --- Latency Breakdown ---
   Validation request latency:      0 us
   Coalesced wait latency:          0 us
   TOTAL SECURITY OVERHEAD:         0 us
   Avg latency per validation:      0 us
   Avg latency per coalesced wait:  0 us
   Avg overhead per blocked access: 0 us

   --- Cache Statistics ---
   Processes with cached pages:     0
   Unique pages validated (total):  0
   Cache hit rate:                  0%

********************************************************************************
system.lenet5_clstr.data_mover_0.llvm_interface
Total Area: 921.141
Total Power Static: 46.5935

Total Power Dynamic: 530.888
   ========= Performance Analysis =============
   Setup Time:                      0h 0m 0s 0ms 553us
   Simulation Time (Total):         0h 4m 8s 161ms
   Simulation Time (Active):        0h 0m 0s 309ms
        Queue Processing Time:      0h 0m 0s 252ms
             Scheduling Time:       0h 0m 0s 107ms
             Computation Time:      0h 0m 0s 18ms
   System Clock:                    0.1GHz
   Runtime:                         533166 cycles
   Runtime:                         5331.66 us
   Stalls:                          0 cycles
   Executed Nodes:                  533165 cycles

   ========= Kernel Validation Stats ==========
   Kernel validation enabled:       NO
   Configured latency per check:    0 us

   --- Access Breakdown ---
   Total memory accesses (validated): 0
   Cache hits (0 latency):          0
   Validation requests (full lat):  0
     of which DMA-ctrl writes:      0
   Coalesced waits (partial lat):   0
   Validations denied:              0

   --- Latency Breakdown ---
   Validation request latency:      0 us
   Coalesced wait latency:          0 us
   TOTAL SECURITY OVERHEAD:         0 us
   Avg latency per validation:      0 us
   Avg latency per coalesced wait:  0 us
   Avg overhead per blocked access: 0 us

   --- Cache Statistics ---
   Processes with cached pages:     0
   Unique pages validated (total):  0
   Cache hit rate:                  0%

********************************************************************************
system.lenet5_clstr.pool0.llvm_interface
Total Area: 6693.54
Total Power Static: 119.603

Total Power Dynamic: 2263.76
   ========= Performance Analysis =============
   Setup Time:                      0h 0m 0s 0ms 811us
   Simulation Time (Total):         0h 4m 8s 157ms
   Simulation Time (Active):        0h 0m 0s 361ms
        Queue Processing Time:      0h 0m 0s 298ms
             Scheduling Time:       0h 0m 0s 125ms
             Computation Time:      0h 0m 0s 22ms
   System Clock:                    0.1GHz
   Runtime:                         533157 cycles
   Runtime:                         5331.57 us
   Stalls:                          0 cycles
   Executed Nodes:                  533156 cycles

   ========= Kernel Validation Stats ==========
   Kernel validation enabled:       NO
   Configured latency per check:    0 us

   --- Access Breakdown ---
   Total memory accesses (validated): 0
   Cache hits (0 latency):          0
   Validation requests (full lat):  0
     of which DMA-ctrl writes:      0
   Coalesced waits (partial lat):   0
   Validations denied:              0

   --- Latency Breakdown ---
   Validation request latency:      0 us
   Coalesced wait latency:          0 us
   TOTAL SECURITY OVERHEAD:         0 us
   Avg latency per validation:      0 us
   Avg latency per coalesced wait:  0 us
   Avg overhead per blocked access: 0 us

   --- Cache Statistics ---
   Processes with cached pages:     0
   Unique pages validated (total):  0
   Cache hit rate:                  0%

********************************************************************************
system.lenet5_clstr.data_mover_1.llvm_interface
Total Area: 921.141
Total Power Static: 11.6632

Total Power Dynamic: 132.822
   ========= Performance Analysis =============
   Setup Time:                      0h 0m 0s 0ms 550us
   Simulation Time (Total):         0h 4m 8s 157ms
   Simulation Time (Active):        0h 0m 0s 170ms
        Queue Processing Time:      0h 0m 0s 108ms
             Scheduling Time:       0h 0m 0s 23ms
             Computation Time:      0h 0m 0s 4ms
   System Clock:                    0.1GHz
   Runtime:                         533152 cycles
   Runtime:                         5331.52 us
   Stalls:                          0 cycles
   Executed Nodes:                  533151 cycles

   ========= Kernel Validation Stats ==========
   Kernel validation enabled:       NO
   Configured latency per check:    0 us

   --- Access Breakdown ---
   Total memory accesses (validated): 0
   Cache hits (0 latency):          0
   Validation requests (full lat):  0
     of which DMA-ctrl writes:      0
   Coalesced waits (partial lat):   0
   Validations denied:              0

   --- Latency Breakdown ---
   Validation request latency:      0 us
   Coalesced wait latency:          0 us
   TOTAL SECURITY OVERHEAD:         0 us
   Avg latency per validation:      0 us
   Avg latency per coalesced wait:  0 us
   Avg overhead per blocked access: 0 us

   --- Cache Statistics ---
   Processes with cached pages:     0
   Unique pages validated (total):  0
   Cache hit rate:                  0%

********************************************************************************
system.lenet5_clstr.conv1.llvm_interface
Total Area: 6784.2
Total Power Static: 15677.5

Total Power Dynamic: 376721
   ========= Performance Analysis =============
   Setup Time:                      0h 0m 0s 0ms 963us
   Simulation Time (Total):         0h 5m 49s 962ms
   Simulation Time (Active):        0h 0m 8s 837ms
        Queue Processing Time:      0h 0m 8s 727ms
             Scheduling Time:       0h 0m 5s 315ms
             Computation Time:      0h 0m 1s 16ms
   System Clock:                    0.1GHz
   Runtime:                         1038632 cycles
   Runtime:                         10386.3 us
   Stalls:                          0 cycles
   Executed Nodes:                  1038631 cycles

   ========= Kernel Validation Stats ==========
   Kernel validation enabled:       NO
   Configured latency per check:    0 us

   --- Access Breakdown ---
   Total memory accesses (validated): 0
   Cache hits (0 latency):          0
   Validation requests (full lat):  0
     of which DMA-ctrl writes:      0
   Coalesced waits (partial lat):   0
   Validations denied:              0

   --- Latency Breakdown ---
   Validation request latency:      0 us
   Coalesced wait latency:          0 us
   TOTAL SECURITY OVERHEAD:         0 us
   Avg latency per validation:      0 us
   Avg latency per coalesced wait:  0 us
   Avg overhead per blocked access: 0 us

   --- Cache Statistics ---
   Processes with cached pages:     0
   Unique pages validated (total):  0
   Cache hit rate:                  0%

********************************************************************************
system.lenet5_clstr.data_mover_2.llvm_interface
Total Area: 921.141
Total Power Static: 15.4509

Total Power Dynamic: 178.201
   ========= Performance Analysis =============
   Setup Time:                      0h 0m 0s 0ms 671us
   Simulation Time (Total):         0h 5m 49s 945ms
   Simulation Time (Active):        0h 0m 0s 243ms
        Queue Processing Time:      0h 0m 0s 142ms
             Scheduling Time:       0h 0m 0s 25ms
             Computation Time:      0h 0m 0s 5ms
   System Clock:                    0.1GHz
   Runtime:                         1038622 cycles
   Runtime:                         10386.2 us
   Stalls:                          0 cycles
   Executed Nodes:                  1038621 cycles

   ========= Kernel Validation Stats ==========
   Kernel validation enabled:       NO
   Configured latency per check:    0 us

   --- Access Breakdown ---
   Total memory accesses (validated): 0
   Cache hits (0 latency):          0
   Validation requests (full lat):  0
     of which DMA-ctrl writes:      0
   Coalesced waits (partial lat):   0
   Validations denied:              0

   --- Latency Breakdown ---
   Validation request latency:      0 us
   Coalesced wait latency:          0 us
   TOTAL SECURITY OVERHEAD:         0 us
   Avg latency per validation:      0 us
   Avg latency per coalesced wait:  0 us
   Avg overhead per blocked access: 0 us

   --- Cache Statistics ---
   Processes with cached pages:     0
   Unique pages validated (total):  0
   Cache hit rate:                  0%

********************************************************************************
system.lenet5_clstr.pool1.llvm_interface
Total Area: 6693.54
Total Power Static: 40.6797

Total Power Dynamic: 769.272
   ========= Performance Analysis =============
   Setup Time:                      0h 0m 0s 6ms 890us
   Simulation Time (Total):         0h 5m 49s 928ms
   Simulation Time (Active):        0h 0m 0s 260ms
        Queue Processing Time:      0h 0m 0s 154ms
             Scheduling Time:       0h 0m 0s 33ms
             Computation Time:      0h 0m 0s 6ms
   System Clock:                    0.1GHz
   Runtime:                         1038613 cycles
   Runtime:                         10386.1 us
   Stalls:                          0 cycles
   Executed Nodes:                  1038612 cycles

   ========= Kernel Validation Stats ==========
   Kernel validation enabled:       NO
   Configured latency per check:    0 us

   --- Access Breakdown ---
   Total memory accesses (validated): 0
   Cache hits (0 latency):          0
   Validation requests (full lat):  0
     of which DMA-ctrl writes:      0
   Coalesced waits (partial lat):   0
   Validations denied:              0

   --- Latency Breakdown ---
   Validation request latency:      0 us
   Coalesced wait latency:          0 us
   TOTAL SECURITY OVERHEAD:         0 us
   Avg latency per validation:      0 us
   Avg latency per coalesced wait:  0 us
   Avg overhead per blocked access: 0 us

   --- Cache Statistics ---
   Processes with cached pages:     0
   Unique pages validated (total):  0
   Cache hit rate:                  0%

********************************************************************************
system.lenet5_clstr.data_mover_3.llvm_interface
Total Area: 921.141
Total Power Static: 3.86689

Total Power Dynamic: 44.586
   ========= Performance Analysis =============
   Setup Time:                      0h 0m 0s 0ms 640us
   Simulation Time (Total):         0h 5m 49s 917ms
   Simulation Time (Active):        0h 0m 0s 204ms
        Queue Processing Time:      0h 0m 0s 112ms
             Scheduling Time:       0h 0m 0s 6ms
             Computation Time:      0h 0m 0s 1ms
   System Clock:                    0.1GHz
   Runtime:                         1038608 cycles
   Runtime:                         10386.1 us
   Stalls:                          0 cycles
   Executed Nodes:                  1038607 cycles

   ========= Kernel Validation Stats ==========
   Kernel validation enabled:       NO
   Configured latency per check:    0 us

   --- Access Breakdown ---
   Total memory accesses (validated): 0
   Cache hits (0 latency):          0
   Validation requests (full lat):  0
     of which DMA-ctrl writes:      0
   Coalesced waits (partial lat):   0
   Validations denied:              0

   --- Latency Breakdown ---
   Validation request latency:      0 us
   Coalesced wait latency:          0 us
   TOTAL SECURITY OVERHEAD:         0 us
   Avg latency per validation:      0 us
   Avg latency per coalesced wait:  0 us
   Avg overhead per blocked access: 0 us

   --- Cache Statistics ---
   Processes with cached pages:     0
   Unique pages validated (total):  0
   Cache hit rate:                  0%

********************************************************************************
system.lenet5_clstr.conv2.llvm_interface
Total Area: 6066.43
Total Power Static: 2891.65

Total Power Dynamic: 75108.6
   ========= Performance Analysis =============
   Setup Time:                      0h 0m 0s 0ms 861us
   Simulation Time (Total):         0h 5m 57s 849ms
   Simulation Time (Active):        0h 0m 0s 922ms
        Queue Processing Time:      0h 0m 0s 804ms
             Scheduling Time:       0h 0m 0s 436ms
             Computation Time:      0h 0m 0s 85ms
   System Clock:                    0.1GHz
   Runtime:                         1188899 cycles
   Runtime:                         11889 us
   Stalls:                          0 cycles
   Executed Nodes:                  1188898 cycles

   ========= Kernel Validation Stats ==========
   Kernel validation enabled:       NO
   Configured latency per check:    0 us

   --- Access Breakdown ---
   Total memory accesses (validated): 0
   Cache hits (0 latency):          0
   Validation requests (full lat):  0
     of which DMA-ctrl writes:      0
   Coalesced waits (partial lat):   0
   Validations denied:              0

   --- Latency Breakdown ---
   Validation request latency:      0 us
   Coalesced wait latency:          0 us
   TOTAL SECURITY OVERHEAD:         0 us
   Avg latency per validation:      0 us
   Avg latency per coalesced wait:  0 us
   Avg overhead per blocked access: 0 us

   --- Cache Statistics ---
   Processes with cached pages:     0
   Unique pages validated (total):  0
   Cache hit rate:                  0%

********************************************************************************
system.lenet5_clstr.data_mover_4.llvm_interface
Total Area: 562.255
Total Power Static: 1.13697

Total Power Dynamic: 13.2473
   ========= Performance Analysis =============
   Setup Time:                      0h 0m 0s 0ms 505us
   Simulation Time (Total):         0h 5m 57s 830ms
   Simulation Time (Active):        0h 0m 0s 208ms
        Queue Processing Time:      0h 0m 0s 95ms
             Scheduling Time:       0h 0m 0s 0ms
             Computation Time:      0h 0m 0s 0ms
   System Clock:                    0.1GHz
   Runtime:                         1188890 cycles
   Runtime:                         11888.9 us
   Stalls:                          0 cycles
   Executed Nodes:                  1188889 cycles

   ========= Kernel Validation Stats ==========
   Kernel validation enabled:       NO
   Configured latency per check:    0 us

   --- Access Breakdown ---
   Total memory accesses (validated): 0
   Cache hits (0 latency):          0
   Validation requests (full lat):  0
     of which DMA-ctrl writes:      0
   Coalesced waits (partial lat):   0
   Validations denied:              0

   --- Latency Breakdown ---
   Validation request latency:      0 us
   Coalesced wait latency:          0 us
   TOTAL SECURITY OVERHEAD:         0 us
   Avg latency per validation:      0 us
   Avg latency per coalesced wait:  0 us
   Avg overhead per blocked access: 0 us

   --- Cache Statistics ---
   Processes with cached pages:     0
   Unique pages validated (total):  0
   Cache hit rate:                  0%

********************************************************************************
system.lenet5_clstr.fc0.llvm_interface
Total Area: 5707.55
Total Power Static: 605.723

Total Power Dynamic: 15765.7
   ========= Performance Analysis =============
   Setup Time:                      0h 0m 0s 0ms 682us
   Simulation Time (Total):         0h 5m 58s 497ms
   Simulation Time (Active):        0h 0m 0s 329ms
        Queue Processing Time:      0h 0m 0s 221ms
             Scheduling Time:       0h 0m 0s 66ms
             Computation Time:      0h 0m 0s 14ms
   System Clock:                    0.1GHz
   Runtime:                         1219013 cycles
   Runtime:                         12190.1 us
   Stalls:                          0 cycles
   Executed Nodes:                  1219012 cycles

   ========= Kernel Validation Stats ==========
   Kernel validation enabled:       NO
   Configured latency per check:    0 us

   --- Access Breakdown ---
   Total memory accesses (validated): 0
   Cache hits (0 latency):          0
   Validation requests (full lat):  0
     of which DMA-ctrl writes:      0
   Coalesced waits (partial lat):   0
   Validations denied:              0

   --- Latency Breakdown ---
   Validation request latency:      0 us
   Coalesced wait latency:          0 us
   TOTAL SECURITY OVERHEAD:         0 us
   Avg latency per validation:      0 us
   Avg latency per coalesced wait:  0 us
   Avg overhead per blocked access: 0 us

   --- Cache Statistics ---
   Processes with cached pages:     0
   Unique pages validated (total):  0
   Cache hit rate:                  0%

********************************************************************************
system.lenet5_clstr.top.llvm_interface
Total Area: 251.85
Total Power Static: 53.3491

Total Power Dynamic: 262.166
   ========= Performance Analysis =============
   Setup Time:                      0h 0m 0s 1ms 573us
   Simulation Time (Total):         0h 5m 58s 830ms
   Simulation Time (Active):        0h 0m 1s 338ms
        Queue Processing Time:      0h 0m 1s 218ms
             Scheduling Time:       0h 0m 0s 526ms
             Computation Time:      0h 0m 0s 64ms
   System Clock:                    0.1GHz
   Runtime:                         1222372 cycles
   Runtime:                         12223.7 us
   Stalls:                          0 cycles
   Executed Nodes:                  1222371 cycles

   ========= Kernel Validation Stats ==========
   Kernel validation enabled:       NO
   Configured latency per check:    0 us

   --- Access Breakdown ---
   Total memory accesses (validated): 0
   Cache hits (0 latency):          0
   Validation requests (full lat):  0
     of which DMA-ctrl writes:      0
   Coalesced waits (partial lat):   0
   Validations denied:              0

   --- Latency Breakdown ---
   Validation request latency:      0 us
   Coalesced wait latency:          0 us
   TOTAL SECURITY OVERHEAD:         0 us
   Avg latency per validation:      0 us
   Avg latency per coalesced wait:  0 us
   Avg overhead per blocked access: 0 us

   --- Cache Statistics ---
   Processes with cached pages:     0
   Unique pages validated (total):  0
   Cache hit rate:                  0%

Exiting @ tick 12301273000 because m5_exit instruction encountered
