build/ARM/base/statistics.hh:277: warn: One of the stats is a legacy stat. Legacy stat is a stat that does not belong to any statistics::Group. Legacy stat is deprecated.
Global frequency set at 1000000000000 ticks per second
build/ARM/mem/mem_interface.cc:793: warn: DRAM device capacity (16384 Mbytes) does not match the address range assigned (4096 Mbytes)
build/ARM/sim/kernel_workload.cc:46: info: kernel located at: /gem5-SALAM/benchmarks/lenet/design_c/sw/main.elf
build/ARM/arch/arm/system.cc:95: warn: Highest ARM exception-level set to AArch64 but the workload is for AArch32. Assuming you wanted these to match.
build/ARM/base/vnc/vncserver.cc:163: warn: Sockets disabled, not accepting vnc client connections
build/ARM/dev/serial/terminal.cc:170: warn: Sockets disabled, not accepting terminal connections
build/ARM/base/remote_gdb.cc:377: warn: Sockets disabled, not accepting gdb connections
build/ARM/mem/coherent_xbar.cc:140: warn: CoherentXBar system.lenet5_clstr.coherency_bus has no snooping ports attached!
build/ARM/dev/arm/energy_ctrl.cc:252: warn: Existing EnergyCtrl, but no enabled DVFSHandler found.
gem5 Simulator System.  http://gem5.org
gem5 is copyrighted software; use the --copyright option for details.

gem5 version 21.1.0.1
gem5 compiled May  6 2026 03:05:39
gem5 started May  6 2026 03:06:29
gem5 executing on 3b7fb6fd27b8, pid 3651003
command line: /gem5-SALAM/build/ARM/gem5.opt --listener-mode=off --outdir=/gem5-SALAM/BM_ARM_OUT/run_all/lenet_c/iommu_e8_m1000ns /gem5-SALAM/configs/SALAM/fs_lenet_c.py --mem-size=4GB --mem-type=DDR4_2400_8x8 --machine-type=VExpress_GEM5_V1 --dtb-file=none --bare-metal --cpu-type=DerivO3CPU --caches --l2cache --kernel=/gem5-SALAM/benchmarks/lenet/design_c/sw/main.elf --disk-image=/gem5-SALAM/benchmarks/common/fake.iso --accpath=/gem5-SALAM/benchmarks/lenet/design_c --accbench=lenet_c --enable-iommu --iotlb-entries 8 --iotlb-hit-latency 2000 --iotlb-miss-latency 1000000

[HWAccConfig] IOMMU ENABLED: entries=8, hit_lat=2000, miss_lat=1000000
[HWAccConfig] IOMMU ENABLED: entries=8, hit_lat=2000, miss_lat=1000000
[HWAccConfig] IOMMU ENABLED: entries=8, hit_lat=2000, miss_lat=1000000
[HWAccConfig] IOMMU ENABLED: entries=8, hit_lat=2000, miss_lat=1000000
[HWAccConfig] IOMMU ENABLED: entries=8, hit_lat=2000, miss_lat=1000000
[HWAccConfig] IOMMU ENABLED: entries=8, hit_lat=2000, miss_lat=1000000
[HWAccConfig] IOMMU ENABLED: entries=8, hit_lat=2000, miss_lat=1000000
[HWAccConfig] IOMMU ENABLED: entries=8, hit_lat=2000, miss_lat=1000000
[HWAccConfig] IOMMU ENABLED: entries=8, hit_lat=2000, miss_lat=1000000
[HWAccConfig] IOMMU ENABLED: entries=8, hit_lat=2000, miss_lat=1000000
[HWAccConfig] IOMMU ENABLED: entries=8, hit_lat=2000, miss_lat=1000000
[HWAccConfig] IOMMU ENABLED: entries=8, hit_lat=2000, miss_lat=1000000
[HWAccConfig] IOMMU ENABLED: entries=8, hit_lat=2000, miss_lat=1000000
**** REAL SIMULATION ****
warn: iobus.slave is deprecated. `slave` is now called `cpu_side_ports`
warn: bridge.master is deprecated. `master` is now called `mem_side_port`
warn: membus.master is deprecated. `master` is now called `mem_side_ports`
warn: bridge.slave is deprecated. `slave` is now called `cpu_side_port`
warn: membus.slave is deprecated. `slave` is now called `cpu_side_ports`
warn: tol2bus.master is deprecated. `master` is now called `mem_side_ports`
warn: membus.slave is deprecated. `slave` is now called `cpu_side_ports`
warn: tol2bus.slave is deprecated. `slave` is now called `cpu_side_ports`
warn: tol2bus.slave is deprecated. `slave` is now called `cpu_side_ports`
warn: tol2bus.slave is deprecated. `slave` is now called `cpu_side_ports`
warn: tol2bus.slave is deprecated. `slave` is now called `cpu_side_ports`
warn: membus.slave is deprecated. `slave` is now called `cpu_side_ports`
warn: coherency_bus.master is deprecated. `master` is now called `mem_side_ports`
warn: No dot file generated. Please install pydot to generate the dot file and pdf.
build/ARM/sim/simulate.cc:107: info: Entering event queue @ 0.  Starting simulation...
********************************************************************************
system.lenet5_clstr.data_mover_0.llvm_interface
Total Area: 2560.05
Total Power Static: 1249

Total Power Dynamic: 13797
   ========= Performance Analysis =============
   Setup Time:                      0h 0m 0s 1ms 365us
   Simulation Time (Total):         0h 2m 57s 180ms
   Simulation Time (Active):        0h 0m 3s 828ms
        Queue Processing Time:      0h 0m 3s 634ms
             Scheduling Time:       0h 0m 2s 35ms
             Computation Time:      0h 0m 0s 499ms
   System Clock:                    0.1GHz
   Runtime:                         1044728 cycles
   Runtime:                         10447.3 us
   Stalls:                          0 cycles
   Executed Nodes:                  1044727 cycles

   ========= Kernel Validation Stats ==========
   Kernel validation enabled:       NO
   Configured latency per check:    0 us

   --- Access Breakdown ---
   Total memory accesses (validated): 0
   Cache hits (0 latency):          0
   Validation requests (full lat):  0
     of which DMA-ctrl writes:      0
   Coalesced waits (partial lat):   0
   Validations denied:              0

   --- Latency Breakdown ---
   Validation request latency:      0 us
   Coalesced wait latency:          0 us
   TOTAL SECURITY OVERHEAD:         0 us
   Avg latency per validation:      0 us
   Avg latency per coalesced wait:  0 us
   Avg overhead per blocked access: 0 us

   --- Cache Statistics ---
   Processes with cached pages:     0
   Unique pages validated (total):  0
   Cache hit rate:                  0%

   ========= IOMMU Stats =====================
   IOMMU enabled:                   YES
   IOMMU SimObject:                 system.lenet5_clstr.iommu

   --- Access Breakdown ---
   Total IOMMU checks:              1564215
   IOTLB hits:                      1564159
   IOTLB misses (page walks):       56
   IOTLB hit rate:                  99.9964%

   --- Latency Breakdown ---
   TOTAL IOMMU OVERHEAD:            3184.32 us
   Avg latency per access:          0.00203573 us

********************************************************************************
system.lenet5_clstr.conv0.llvm_interface
Total Area: 6054.47
Total Power Static: 7131.27

Total Power Dynamic: 184286
   ========= Performance Analysis =============
   Setup Time:                      0h 0m 0s 0ms 831us
   Simulation Time (Total):         0h 2m 57s 176ms
   Simulation Time (Active):        0h 0m 5s 232ms
        Queue Processing Time:      0h 0m 5s 88ms
             Scheduling Time:       0h 0m 3s 176ms
             Computation Time:      0h 0m 0s 613ms
   System Clock:                    0.1GHz
   Runtime:                         1044720 cycles
   Runtime:                         10447.2 us
   Stalls:                          0 cycles
   Executed Nodes:                  1044719 cycles

   ========= Kernel Validation Stats ==========
   Kernel validation enabled:       NO
   Configured latency per check:    0 us

   --- Access Breakdown ---
   Total memory accesses (validated): 0
   Cache hits (0 latency):          0
   Validation requests (full lat):  0
     of which DMA-ctrl writes:      0
   Coalesced waits (partial lat):   0
   Validations denied:              0

   --- Latency Breakdown ---
   Validation request latency:      0 us
   Coalesced wait latency:          0 us
   TOTAL SECURITY OVERHEAD:         0 us
   Avg latency per validation:      0 us
   Avg latency per coalesced wait:  0 us
   Avg overhead per blocked access: 0 us

   --- Cache Statistics ---
   Processes with cached pages:     0
   Unique pages validated (total):  0
   Cache hit rate:                  0%

   ========= IOMMU Stats =====================
   IOMMU enabled:                   YES
   IOMMU SimObject:                 system.lenet5_clstr.iommu

   --- Access Breakdown ---
   Total IOMMU checks:              1564218
   IOTLB hits:                      1564162
   IOTLB misses (page walks):       56
   IOTLB hit rate:                  99.9964%

   --- Latency Breakdown ---
   TOTAL IOMMU OVERHEAD:            3184.32 us
   Avg latency per access:          0.00203573 us

********************************************************************************
system.lenet5_clstr.pool_mover_0.llvm_interface
Total Area: 780.105
Total Power Static: 38.3364

Total Power Dynamic: 304.907
   ========= Performance Analysis =============
   Setup Time:                      0h 0m 0s 0ms 527us
   Simulation Time (Total):         0h 2m 57s 174ms
   Simulation Time (Active):        0h 0m 0s 374ms
        Queue Processing Time:      0h 0m 0s 258ms
             Scheduling Time:       0h 0m 0s 99ms
             Computation Time:      0h 0m 0s 13ms
   System Clock:                    0.1GHz
   Runtime:                         1044710 cycles
   Runtime:                         10447.1 us
   Stalls:                          0 cycles
   Executed Nodes:                  1044709 cycles

   ========= Kernel Validation Stats ==========
   Kernel validation enabled:       NO
   Configured latency per check:    0 us

   --- Access Breakdown ---
   Total memory accesses (validated): 0
   Cache hits (0 latency):          0
   Validation requests (full lat):  0
     of which DMA-ctrl writes:      0
   Coalesced waits (partial lat):   0
   Validations denied:              0

   --- Latency Breakdown ---
   Validation request latency:      0 us
   Coalesced wait latency:          0 us
   TOTAL SECURITY OVERHEAD:         0 us
   Avg latency per validation:      0 us
   Avg latency per coalesced wait:  0 us
   Avg overhead per blocked access: 0 us

   --- Cache Statistics ---
   Processes with cached pages:     0
   Unique pages validated (total):  0
   Cache hit rate:                  0%

   ========= IOMMU Stats =====================
   IOMMU enabled:                   YES
   IOMMU SimObject:                 system.lenet5_clstr.iommu

   --- Access Breakdown ---
   Total IOMMU checks:              1564220
   IOTLB hits:                      1564164
   IOTLB misses (page walks):       56
   IOTLB hit rate:                  99.9964%

   --- Latency Breakdown ---
   TOTAL IOMMU OVERHEAD:            3184.33 us
   Avg latency per access:          0.00203573 us

********************************************************************************
system.lenet5_clstr.pool0.llvm_interface
Total Area: 6221.95
Total Power Static: 104.183

Total Power Dynamic: 2173.03
   ========= Performance Analysis =============
   Setup Time:                      0h 0m 0s 0ms 759us
   Simulation Time (Total):         0h 3m 5s 692ms
   Simulation Time (Active):        0h 0m 0s 432ms
        Queue Processing Time:      0h 0m 0s 275ms
             Scheduling Time:       0h 0m 0s 97ms
             Computation Time:      0h 0m 0s 20ms
   System Clock:                    0.1GHz
   Runtime:                         1117417 cycles
   Runtime:                         11174.2 us
   Stalls:                          0 cycles
   Executed Nodes:                  1117416 cycles

   ========= Kernel Validation Stats ==========
   Kernel validation enabled:       NO
   Configured latency per check:    0 us

   --- Access Breakdown ---
   Total memory accesses (validated): 0
   Cache hits (0 latency):          0
   Validation requests (full lat):  0
     of which DMA-ctrl writes:      0
   Coalesced waits (partial lat):   0
   Validations denied:              0

   --- Latency Breakdown ---
   Validation request latency:      0 us
   Coalesced wait latency:          0 us
   TOTAL SECURITY OVERHEAD:         0 us
   Avg latency per validation:      0 us
   Avg latency per coalesced wait:  0 us
   Avg overhead per blocked access: 0 us

   --- Cache Statistics ---
   Processes with cached pages:     0
   Unique pages validated (total):  0
   Cache hit rate:                  0%

   ========= IOMMU Stats =====================
   IOMMU enabled:                   YES
   IOMMU SimObject:                 system.lenet5_clstr.iommu

   --- Access Breakdown ---
   Total IOMMU checks:              1649233
   IOTLB hits:                      1649177
   IOTLB misses (page walks):       56
   IOTLB hit rate:                  99.9966%

   --- Latency Breakdown ---
   TOTAL IOMMU OVERHEAD:            3354.35 us
   Avg latency per access:          0.00203389 us

********************************************************************************
system.lenet5_clstr.data_mover_1.llvm_interface
Total Area: 3098.38
Total Power Static: 2424.96

Total Power Dynamic: 27394.9
   ========= Performance Analysis =============
   Setup Time:                      0h 0m 0s 7ms 621us
   Simulation Time (Total):         0h 3m 18s 23ms
   Simulation Time (Active):        0h 0m 5s 690ms
        Queue Processing Time:      0h 0m 5s 519ms
             Scheduling Time:       0h 0m 3s 172ms
             Computation Time:      0h 0m 0s 742ms
   System Clock:                    0.1GHz
   Runtime:                         1221750 cycles
   Runtime:                         12217.5 us
   Stalls:                          0 cycles
   Executed Nodes:                  1221749 cycles

   ========= Kernel Validation Stats ==========
   Kernel validation enabled:       NO
   Configured latency per check:    0 us

   --- Access Breakdown ---
   Total memory accesses (validated): 0
   Cache hits (0 latency):          0
   Validation requests (full lat):  0
     of which DMA-ctrl writes:      0
   Coalesced waits (partial lat):   0
   Validations denied:              0

   --- Latency Breakdown ---
   Validation request latency:      0 us
   Coalesced wait latency:          0 us
   TOTAL SECURITY OVERHEAD:         0 us
   Avg latency per validation:      0 us
   Avg latency per coalesced wait:  0 us
   Avg overhead per blocked access: 0 us

   --- Cache Statistics ---
   Processes with cached pages:     0
   Unique pages validated (total):  0
   Cache hit rate:                  0%

   ========= IOMMU Stats =====================
   IOMMU enabled:                   YES
   IOMMU SimObject:                 system.lenet5_clstr.iommu

   --- Access Breakdown ---
   Total IOMMU checks:              1772353
   IOTLB hits:                      1772297
   IOTLB misses (page walks):       56
   IOTLB hit rate:                  99.9968%

   --- Latency Breakdown ---
   TOTAL IOMMU OVERHEAD:            3600.59 us
   Avg latency per access:          0.00203153 us

********************************************************************************
system.lenet5_clstr.conv1.llvm_interface
Total Area: 6233.91
Total Power Static: 14530.9

Total Power Dynamic: 375959
   ========= Performance Analysis =============
   Setup Time:                      0h 0m 0s 0ms 895us
   Simulation Time (Total):         0h 3m 18s 22ms
   Simulation Time (Active):        0h 0m 7s 891ms
        Queue Processing Time:      0h 0m 7s 715ms
             Scheduling Time:       0h 0m 4s 792ms
             Computation Time:      0h 0m 0s 961ms
   System Clock:                    0.1GHz
   Runtime:                         1221742 cycles
   Runtime:                         12217.4 us
   Stalls:                          0 cycles
   Executed Nodes:                  1221741 cycles

   ========= Kernel Validation Stats ==========
   Kernel validation enabled:       NO
   Configured latency per check:    0 us

   --- Access Breakdown ---
   Total memory accesses (validated): 0
   Cache hits (0 latency):          0
   Validation requests (full lat):  0
     of which DMA-ctrl writes:      0
   Coalesced waits (partial lat):   0
   Validations denied:              0

   --- Latency Breakdown ---
   Validation request latency:      0 us
   Coalesced wait latency:          0 us
   TOTAL SECURITY OVERHEAD:         0 us
   Avg latency per validation:      0 us
   Avg latency per coalesced wait:  0 us
   Avg overhead per blocked access: 0 us

   --- Cache Statistics ---
   Processes with cached pages:     0
   Unique pages validated (total):  0
   Cache hit rate:                  0%

   ========= IOMMU Stats =====================
   IOMMU enabled:                   YES
   IOMMU SimObject:                 system.lenet5_clstr.iommu

   --- Access Breakdown ---
   Total IOMMU checks:              1772355
   IOTLB hits:                      1772299
   IOTLB misses (page walks):       56
   IOTLB hit rate:                  99.9968%

   --- Latency Breakdown ---
   TOTAL IOMMU OVERHEAD:            3600.6 us
   Avg latency per access:          0.00203153 us

********************************************************************************
system.lenet5_clstr.pool_mover_1.llvm_interface
Total Area: 780.105
Total Power Static: 12.6423

Total Power Dynamic: 101.338
   ========= Performance Analysis =============
   Setup Time:                      0h 0m 0s 3ms 663us
   Simulation Time (Total):         0h 3m 18s 3ms
   Simulation Time (Active):        0h 0m 0s 302ms
        Queue Processing Time:      0h 0m 0s 155ms
             Scheduling Time:       0h 0m 0s 20ms
             Computation Time:      0h 0m 0s 3ms
   System Clock:                    0.1GHz
   Runtime:                         1221642 cycles
   Runtime:                         12216.4 us
   Stalls:                          0 cycles
   Executed Nodes:                  1221641 cycles

   ========= Kernel Validation Stats ==========
   Kernel validation enabled:       NO
   Configured latency per check:    0 us

   --- Access Breakdown ---
   Total memory accesses (validated): 0
   Cache hits (0 latency):          0
   Validation requests (full lat):  0
     of which DMA-ctrl writes:      0
   Coalesced waits (partial lat):   0
   Validations denied:              0

   --- Latency Breakdown ---
   Validation request latency:      0 us
   Coalesced wait latency:          0 us
   TOTAL SECURITY OVERHEAD:         0 us
   Avg latency per validation:      0 us
   Avg latency per coalesced wait:  0 us
   Avg overhead per blocked access: 0 us

   --- Cache Statistics ---
   Processes with cached pages:     0
   Unique pages validated (total):  0
   Cache hit rate:                  0%

   ========= IOMMU Stats =====================
   IOMMU enabled:                   YES
   IOMMU SimObject:                 system.lenet5_clstr.iommu

   --- Access Breakdown ---
   Total IOMMU checks:              1772356
   IOTLB hits:                      1772300
   IOTLB misses (page walks):       56
   IOTLB hit rate:                  99.9968%

   --- Latency Breakdown ---
   TOTAL IOMMU OVERHEAD:            3600.6 us
   Avg latency per access:          0.00203153 us

********************************************************************************
system.lenet5_clstr.pool1.llvm_interface
Total Area: 6221.95
Total Power Static: 35.4349

Total Power Dynamic: 738.536
   ========= Performance Analysis =============
   Setup Time:                      0h 0m 0s 0ms 915us
   Simulation Time (Total):         0h 3m 17s 971ms
   Simulation Time (Active):        0h 0m 0s 296ms
        Queue Processing Time:      0h 0m 0s 158ms
             Scheduling Time:       0h 0m 0s 28ms
             Computation Time:      0h 0m 0s 5ms
   System Clock:                    0.1GHz
   Runtime:                         1221435 cycles
   Runtime:                         12214.4 us
   Stalls:                          0 cycles
   Executed Nodes:                  1221434 cycles

   ========= Kernel Validation Stats ==========
   Kernel validation enabled:       NO
   Configured latency per check:    0 us

   --- Access Breakdown ---
   Total memory accesses (validated): 0
   Cache hits (0 latency):          0
   Validation requests (full lat):  0
     of which DMA-ctrl writes:      0
   Coalesced waits (partial lat):   0
   Validations denied:              0

   --- Latency Breakdown ---
   Validation request latency:      0 us
   Coalesced wait latency:          0 us
   TOTAL SECURITY OVERHEAD:         0 us
   Avg latency per validation:      0 us
   Avg latency per coalesced wait:  0 us
   Avg overhead per blocked access: 0 us

   --- Cache Statistics ---
   Processes with cached pages:     0
   Unique pages validated (total):  0
   Cache hit rate:                  0%

   ========= IOMMU Stats =====================
   IOMMU enabled:                   YES
   IOMMU SimObject:                 system.lenet5_clstr.iommu

   --- Access Breakdown ---
   Total IOMMU checks:              1772356
   IOTLB hits:                      1772300
   IOTLB misses (page walks):       56
   IOTLB hit rate:                  99.9968%

   --- Latency Breakdown ---
   TOTAL IOMMU OVERHEAD:            3600.6 us
   Avg latency per access:          0.00203153 us

********************************************************************************
system.lenet5_clstr.data_mover_2.llvm_interface
Total Area: 1830.32
Total Power Static: 467.516

Total Power Dynamic: 5377.4
   ========= Performance Analysis =============
   Setup Time:                      0h 0m 0s 1ms 59us
   Simulation Time (Total):         0h 3m 49s 270ms
   Simulation Time (Active):        0h 0m 1s 52ms
        Queue Processing Time:      0h 0m 0s 862ms
             Scheduling Time:       0h 0m 0s 427ms
             Computation Time:      0h 0m 0s 95ms
   System Clock:                    0.1GHz
   Runtime:                         1961094 cycles
   Runtime:                         19610.9 us
   Stalls:                          0 cycles
   Executed Nodes:                  1961093 cycles

   ========= Kernel Validation Stats ==========
   Kernel validation enabled:       NO
   Configured latency per check:    0 us

   --- Access Breakdown ---
   Total memory accesses (validated): 0
   Cache hits (0 latency):          0
   Validation requests (full lat):  0
     of which DMA-ctrl writes:      0
   Coalesced waits (partial lat):   0
   Validations denied:              0

   --- Latency Breakdown ---
   Validation request latency:      0 us
   Coalesced wait latency:          0 us
   TOTAL SECURITY OVERHEAD:         0 us
   Avg latency per validation:      0 us
   Avg latency per coalesced wait:  0 us
   Avg overhead per blocked access: 0 us

   --- Cache Statistics ---
   Processes with cached pages:     0
   Unique pages validated (total):  0
   Cache hit rate:                  0%

   ========= IOMMU Stats =====================
   IOMMU enabled:                   YES
   IOMMU SimObject:                 system.lenet5_clstr.iommu

   --- Access Breakdown ---
   Total IOMMU checks:              2014486
   IOTLB hits:                      2008910
   IOTLB misses (page walks):       5576
   IOTLB hit rate:                  99.7232%

   --- Latency Breakdown ---
   TOTAL IOMMU OVERHEAD:            9593.82 us
   Avg latency per access:          0.00476242 us

********************************************************************************
system.lenet5_clstr.conv2.llvm_interface
Total Area: 5875.03
Total Power Static: 2891.36

Total Power Dynamic: 75102.9
   ========= Performance Analysis =============
   Setup Time:                      0h 0m 0s 3ms 923us
   Simulation Time (Total):         0h 3m 49s 253ms
   Simulation Time (Active):        0h 0m 1s 464ms
        Queue Processing Time:      0h 0m 1s 253ms
             Scheduling Time:       0h 0m 0s 685ms
             Computation Time:      0h 0m 0s 141ms
   System Clock:                    0.1GHz
   Runtime:                         1960986 cycles
   Runtime:                         19609.9 us
   Stalls:                          0 cycles
   Executed Nodes:                  1960985 cycles

   ========= Kernel Validation Stats ==========
   Kernel validation enabled:       NO
   Configured latency per check:    0 us

   --- Access Breakdown ---
   Total memory accesses (validated): 0
   Cache hits (0 latency):          0
   Validation requests (full lat):  0
     of which DMA-ctrl writes:      0
   Coalesced waits (partial lat):   0
   Validations denied:              0

   --- Latency Breakdown ---
   Validation request latency:      0 us
   Coalesced wait latency:          0 us
   TOTAL SECURITY OVERHEAD:         0 us
   Avg latency per validation:      0 us
   Avg latency per coalesced wait:  0 us
   Avg overhead per blocked access: 0 us

   --- Cache Statistics ---
   Processes with cached pages:     0
   Unique pages validated (total):  0
   Cache hit rate:                  0%

   ========= IOMMU Stats =====================
   IOMMU enabled:                   YES
   IOMMU SimObject:                 system.lenet5_clstr.iommu

   --- Access Breakdown ---
   Total IOMMU checks:              2014490
   IOTLB hits:                      2008914
   IOTLB misses (page walks):       5576
   IOTLB hit rate:                  99.7232%

   --- Latency Breakdown ---
   TOTAL IOMMU OVERHEAD:            9593.83 us
   Avg latency per access:          0.00476241 us

********************************************************************************
system.lenet5_clstr.data_mover_3.llvm_interface
Total Area: 1112.55
Total Power Static: 96.7562

Total Power Dynamic: 1121.45
   ========= Performance Analysis =============
   Setup Time:                      0h 0m 0s 6ms 735us
   Simulation Time (Total):         0h 3m 52s 447ms
   Simulation Time (Active):        0h 0m 0s 487ms
        Queue Processing Time:      0h 0m 0s 294ms
             Scheduling Time:       0h 0m 0s 79ms
             Computation Time:      0h 0m 0s 20ms
   System Clock:                    0.1GHz
   Runtime:                         2066515 cycles
   Runtime:                         20665.2 us
   Stalls:                          0 cycles
   Executed Nodes:                  2066514 cycles

   ========= Kernel Validation Stats ==========
   Kernel validation enabled:       NO
   Configured latency per check:    0 us

   --- Access Breakdown ---
   Total memory accesses (validated): 0
   Cache hits (0 latency):          0
   Validation requests (full lat):  0
     of which DMA-ctrl writes:      0
   Coalesced waits (partial lat):   0
   Validations denied:              0

   --- Latency Breakdown ---
   Validation request latency:      0 us
   Coalesced wait latency:          0 us
   TOTAL SECURITY OVERHEAD:         0 us
   Avg latency per validation:      0 us
   Avg latency per coalesced wait:  0 us
   Avg overhead per blocked access: 0 us

   --- Cache Statistics ---
   Processes with cached pages:     0
   Unique pages validated (total):  0
   Cache hit rate:                  0%

   ========= IOMMU Stats =====================
   IOMMU enabled:                   YES
   IOMMU SimObject:                 system.lenet5_clstr.iommu

   --- Access Breakdown ---
   Total IOMMU checks:              2062571
   IOTLB hits:                      2056241
   IOTLB misses (page walks):       6330
   IOTLB hit rate:                  99.6931%

   --- Latency Breakdown ---
   TOTAL IOMMU OVERHEAD:            10442.5 us
   Avg latency per access:          0.00506285 us

********************************************************************************
system.lenet5_clstr.fc0.llvm_interface
Total Area: 5516.14
Total Power Static: 605.722

Total Power Dynamic: 15761.6
   ========= Performance Analysis =============
   Setup Time:                      0h 0m 0s 0ms 695us
   Simulation Time (Total):         0h 3m 52s 448ms
   Simulation Time (Active):        0h 0m 0s 573ms
        Queue Processing Time:      0h 0m 0s 379ms
             Scheduling Time:       0h 0m 0s 127ms
             Computation Time:      0h 0m 0s 28ms
   System Clock:                    0.1GHz
   Runtime:                         2067549 cycles
   Runtime:                         20675.5 us
   Stalls:                          0 cycles
   Executed Nodes:                  2067548 cycles

   ========= Kernel Validation Stats ==========
   Kernel validation enabled:       NO
   Configured latency per check:    0 us

   --- Access Breakdown ---
   Total memory accesses (validated): 0
   Cache hits (0 latency):          0
   Validation requests (full lat):  0
     of which DMA-ctrl writes:      0
   Coalesced waits (partial lat):   0
   Validations denied:              0

   --- Latency Breakdown ---
   Validation request latency:      0 us
   Coalesced wait latency:          0 us
   TOTAL SECURITY OVERHEAD:         0 us
   Avg latency per validation:      0 us
   Avg latency per coalesced wait:  0 us
   Avg overhead per blocked access: 0 us

   --- Cache Statistics ---
   Processes with cached pages:     0
   Unique pages validated (total):  0
   Cache hit rate:                  0%

   ========= IOMMU Stats =====================
   IOMMU enabled:                   YES
   IOMMU SimObject:                 system.lenet5_clstr.iommu

   --- Access Breakdown ---
   Total IOMMU checks:              2062892
   IOTLB hits:                      2056554
   IOTLB misses (page walks):       6338
   IOTLB hit rate:                  99.6928%

   --- Latency Breakdown ---
   TOTAL IOMMU OVERHEAD:            10451.1 us
   Avg latency per access:          0.00506624 us

********************************************************************************
system.lenet5_clstr.top.llvm_interface
Total Area: 201.48
Total Power Static: 222.754

Total Power Dynamic: 1094.65
   ========= Performance Analysis =============
   Setup Time:                      0h 0m 0s 4ms 634us
   Simulation Time (Total):         0h 3m 54s 359ms
   Simulation Time (Active):        0h 0m 3s 323ms
        Queue Processing Time:      0h 0m 3s 50ms
             Scheduling Time:       0h 0m 1s 375ms
             Computation Time:      0h 0m 0s 187ms
   System Clock:                    0.1GHz
   Runtime:                         2093432 cycles
   Runtime:                         20934.3 us
   Stalls:                          0 cycles
   Executed Nodes:                  2093431 cycles

   ========= Kernel Validation Stats ==========
   Kernel validation enabled:       NO
   Configured latency per check:    0 us

   --- Access Breakdown ---
   Total memory accesses (validated): 0
   Cache hits (0 latency):          0
   Validation requests (full lat):  0
     of which DMA-ctrl writes:      0
   Coalesced waits (partial lat):   0
   Validations denied:              0

   --- Latency Breakdown ---
   Validation request latency:      0 us
   Coalesced wait latency:          0 us
   TOTAL SECURITY OVERHEAD:         0 us
   Avg latency per validation:      0 us
   Avg latency per coalesced wait:  0 us
   Avg overhead per blocked access: 0 us

   --- Cache Statistics ---
   Processes with cached pages:     0
   Unique pages validated (total):  0
   Cache hit rate:                  0%

   ========= IOMMU Stats =====================
   IOMMU enabled:                   YES
   IOMMU SimObject:                 system.lenet5_clstr.iommu

   --- Access Breakdown ---
   Total IOMMU checks:              2062895
   IOTLB hits:                      2056556
   IOTLB misses (page walks):       6339
   IOTLB hit rate:                  99.6927%

   --- Latency Breakdown ---
   TOTAL IOMMU OVERHEAD:            10452.1 us
   Avg latency per access:          0.00506672 us

Exiting @ tick 20984130000 because m5_exit instruction encountered
