build/ARM/base/statistics.hh:277: warn: One of the stats is a legacy stat. Legacy stat is a stat that does not belong to any statistics::Group. Legacy stat is deprecated.
Global frequency set at 1000000000000 ticks per second
build/ARM/mem/mem_interface.cc:793: warn: DRAM device capacity (16384 Mbytes) does not match the address range assigned (4096 Mbytes)
build/ARM/sim/kernel_workload.cc:46: info: kernel located at: /gem5-SALAM/benchmarks/sys_validation/mergesort/sw/main.elf
build/ARM/arch/arm/system.cc:95: warn: Highest ARM exception-level set to AArch64 but the workload is for AArch32. Assuming you wanted these to match.
build/ARM/base/vnc/vncserver.cc:163: warn: Sockets disabled, not accepting vnc client connections
build/ARM/dev/serial/terminal.cc:170: warn: Sockets disabled, not accepting terminal connections
build/ARM/base/remote_gdb.cc:377: warn: Sockets disabled, not accepting gdb connections
build/ARM/mem/coherent_xbar.cc:140: warn: CoherentXBar system.merge_clstr.coherency_bus has no snooping ports attached!
build/ARM/dev/arm/energy_ctrl.cc:252: warn: Existing EnergyCtrl, but no enabled DVFSHandler found.
gem5 Simulator System.  http://gem5.org
gem5 is copyrighted software; use the --copyright option for details.

gem5 version 21.1.0.1
gem5 compiled May  2 2026 19:55:51
gem5 started May  3 2026 00:10:49
gem5 executing on 3b7fb6fd27b8, pid 1112974
command line: /gem5-SALAM/build/ARM/gem5.opt --listener-mode=off --outdir=/gem5-SALAM/BM_ARM_OUT/run_all/mergesort/aia-kd /gem5-SALAM/configs/SALAM/fs_mergesort.py --mem-size=4GB --mem-type=DDR4_2400_8x8 --machine-type=VExpress_GEM5_V1 --dtb-file=none --bare-metal --cpu-type=DerivO3CPU --caches --l2cache --kernel=/gem5-SALAM/benchmarks/sys_validation/mergesort/sw/main.elf --disk-image=/gem5-SALAM/benchmarks/common/fake.iso --accpath=/gem5-SALAM/benchmarks/sys_validation/mergesort --accbench=mergesort --enable-kernel-validation --kernel-validation-latency 8367000

[HWAccConfig] Kernel validation ENABLED: latency=8367000, int=172, pid=17
[HWAccConfig] Kernel validation ENABLED: latency=8367000, int=172, pid=17
**** REAL SIMULATION ****
warn: iobus.slave is deprecated. `slave` is now called `cpu_side_ports`
warn: bridge.master is deprecated. `master` is now called `mem_side_port`
warn: membus.master is deprecated. `master` is now called `mem_side_ports`
warn: bridge.slave is deprecated. `slave` is now called `cpu_side_port`
warn: membus.slave is deprecated. `slave` is now called `cpu_side_ports`
warn: tol2bus.master is deprecated. `master` is now called `mem_side_ports`
warn: membus.slave is deprecated. `slave` is now called `cpu_side_ports`
warn: tol2bus.slave is deprecated. `slave` is now called `cpu_side_ports`
warn: tol2bus.slave is deprecated. `slave` is now called `cpu_side_ports`
warn: tol2bus.slave is deprecated. `slave` is now called `cpu_side_ports`
warn: tol2bus.slave is deprecated. `slave` is now called `cpu_side_ports`
warn: membus.slave is deprecated. `slave` is now called `cpu_side_ports`
warn: coherency_bus.master is deprecated. `master` is now called `mem_side_ports`
warn: No dot file generated. Please install pydot to generate the dot file and pdf.
build/ARM/sim/simulate.cc:107: info: Entering event queue @ 0.  Starting simulation...
********************************************************************************
system.merge_clstr.mergesort.llvm_interface
Total Area: 3773.34
Total Power Static: 516.447

Total Power Dynamic: 6743.72
   ========= Performance Analysis =============
   Setup Time:                      0h 0m 0s 1ms 287us
   Simulation Time (Total):         0h 0m 12s 511ms
   Simulation Time (Active):        0h 0m 5s 841ms
        Queue Processing Time:      0h 0m 5s 752ms
             Scheduling Time:       0h 0m 1s 938ms
             Computation Time:      0h 0m 0s 360ms
   System Clock:                    0.1GHz
   Runtime:                         109818 cycles
   Runtime:                         1098.18 us
   Stalls:                          0 cycles
   Executed Nodes:                  109817 cycles

   ========= Kernel Validation Stats ==========
   Kernel validation enabled:       YES
   Configured latency per check:    8.367 us

   --- Access Breakdown ---
   Total memory accesses (validated): 112640
   Cache hits (0 latency):          112636
   Validation requests (full lat):  4
   Coalesced waits (partial lat):   0
   Validations denied:              0

   --- Latency Breakdown ---
   Validation request latency:      33.468 us
   Coalesced wait latency:          0 us
   TOTAL SECURITY OVERHEAD:         33.468 us
   Avg latency per validation:      8.367 us
   Avg latency per coalesced wait:  0 us
   Avg overhead per blocked access: 8.367 us

   --- Cache Statistics ---
   Processes with cached pages:     1
   Unique pages validated (total):  5
   Cache hit rate:                  99.9964%

********************************************************************************
system.merge_clstr.top.llvm_interface
Total Area: 151.11
Total Power Static: 4.86547

Total Power Dynamic: 23.9098
   ========= Performance Analysis =============
   Setup Time:                      0h 0m 0s 7ms 184us
   Simulation Time (Total):         0h 0m 12s 686ms
   Simulation Time (Active):        0h 0m 0s 207ms
        Queue Processing Time:      0h 0m 0s 178ms
             Scheduling Time:       0h 0m 0s 72ms
             Computation Time:      0h 0m 0s 10ms
   System Clock:                    0.1GHz
   Runtime:                         112392 cycles
   Runtime:                         1123.92 us
   Stalls:                          0 cycles
   Executed Nodes:                  112391 cycles

   ========= Kernel Validation Stats ==========
   Kernel validation enabled:       YES
   Configured latency per check:    8.367 us

   --- Access Breakdown ---
   Total memory accesses (validated): 7970
   Cache hits (0 latency):          7965
   Validation requests (full lat):  1
   Coalesced waits (partial lat):   4
   Validations denied:              0

   --- Latency Breakdown ---
   Validation request latency:      8.367 us
   Coalesced wait latency:          33.468 us
   TOTAL SECURITY OVERHEAD:         41.835 us
   Avg latency per validation:      8.367 us
   Avg latency per coalesced wait:  8.367 us
   Avg overhead per blocked access: 8.367 us

   --- Cache Statistics ---
   Processes with cached pages:     1
   Unique pages validated (total):  5
   Cache hit rate:                  99.9373%

Exiting @ tick 3479624000 because m5_exit instruction encountered
