build/ARM/base/statistics.hh:277: warn: One of the stats is a legacy stat. Legacy stat is a stat that does not belong to any statistics::Group. Legacy stat is deprecated.
Global frequency set at 1000000000000 ticks per second
build/ARM/mem/mem_interface.cc:793: warn: DRAM device capacity (16384 Mbytes) does not match the address range assigned (4096 Mbytes)
build/ARM/sim/kernel_workload.cc:46: info: kernel located at: /gem5-SALAM/benchmarks/lenet/design_b/sw/main.elf
build/ARM/arch/arm/system.cc:95: warn: Highest ARM exception-level set to AArch64 but the workload is for AArch32. Assuming you wanted these to match.
build/ARM/base/vnc/vncserver.cc:163: warn: Sockets disabled, not accepting vnc client connections
build/ARM/dev/serial/terminal.cc:170: warn: Sockets disabled, not accepting terminal connections
build/ARM/base/remote_gdb.cc:377: warn: Sockets disabled, not accepting gdb connections
build/ARM/mem/coherent_xbar.cc:140: warn: CoherentXBar system.lenet5_clstr.coherency_bus has no snooping ports attached!
build/ARM/dev/arm/energy_ctrl.cc:252: warn: Existing EnergyCtrl, but no enabled DVFSHandler found.
gem5 Simulator System.  http://gem5.org
gem5 is copyrighted software; use the --copyright option for details.

gem5 version 21.1.0.1
gem5 compiled May  2 2026 19:55:51
gem5 started May  3 2026 00:10:54
gem5 executing on 3b7fb6fd27b8, pid 1113843
command line: /gem5-SALAM/build/ARM/gem5.opt --listener-mode=off --outdir=/gem5-SALAM/BM_ARM_OUT/run_all/lenet_b/iommu_e16_m100ns /gem5-SALAM/configs/SALAM/fs_lenet_b.py --mem-size=4GB --mem-type=DDR4_2400_8x8 --machine-type=VExpress_GEM5_V1 --dtb-file=none --bare-metal --cpu-type=DerivO3CPU --caches --l2cache --kernel=/gem5-SALAM/benchmarks/lenet/design_b/sw/main.elf --disk-image=/gem5-SALAM/benchmarks/common/fake.iso --accpath=/gem5-SALAM/benchmarks/lenet/design_b --accbench=lenet_b --enable-iommu --iotlb-entries 16 --iotlb-hit-latency 2000 --iotlb-miss-latency 100000

[HWAccConfig] IOMMU ENABLED: entries=16, hit_lat=2000, miss_lat=100000
[HWAccConfig] IOMMU ENABLED: entries=16, hit_lat=2000, miss_lat=100000
[HWAccConfig] IOMMU ENABLED: entries=16, hit_lat=2000, miss_lat=100000
[HWAccConfig] IOMMU ENABLED: entries=16, hit_lat=2000, miss_lat=100000
[HWAccConfig] IOMMU ENABLED: entries=16, hit_lat=2000, miss_lat=100000
[HWAccConfig] IOMMU ENABLED: entries=16, hit_lat=2000, miss_lat=100000
[HWAccConfig] IOMMU ENABLED: entries=16, hit_lat=2000, miss_lat=100000
[HWAccConfig] IOMMU ENABLED: entries=16, hit_lat=2000, miss_lat=100000
[HWAccConfig] IOMMU ENABLED: entries=16, hit_lat=2000, miss_lat=100000
[HWAccConfig] IOMMU ENABLED: entries=16, hit_lat=2000, miss_lat=100000
[HWAccConfig] IOMMU ENABLED: entries=16, hit_lat=2000, miss_lat=100000
[HWAccConfig] IOMMU ENABLED: entries=16, hit_lat=2000, miss_lat=100000
**** REAL SIMULATION ****
warn: iobus.slave is deprecated. `slave` is now called `cpu_side_ports`
warn: bridge.master is deprecated. `master` is now called `mem_side_port`
warn: membus.master is deprecated. `master` is now called `mem_side_ports`
warn: bridge.slave is deprecated. `slave` is now called `cpu_side_port`
warn: membus.slave is deprecated. `slave` is now called `cpu_side_ports`
warn: tol2bus.master is deprecated. `master` is now called `mem_side_ports`
warn: membus.slave is deprecated. `slave` is now called `cpu_side_ports`
warn: tol2bus.slave is deprecated. `slave` is now called `cpu_side_ports`
warn: tol2bus.slave is deprecated. `slave` is now called `cpu_side_ports`
warn: tol2bus.slave is deprecated. `slave` is now called `cpu_side_ports`
warn: tol2bus.slave is deprecated. `slave` is now called `cpu_side_ports`
warn: membus.slave is deprecated. `slave` is now called `cpu_side_ports`
warn: coherency_bus.master is deprecated. `master` is now called `mem_side_ports`
warn: No dot file generated. Please install pydot to generate the dot file and pdf.
build/ARM/sim/simulate.cc:107: info: Entering event queue @ 0.  Starting simulation...
********************************************************************************
system.lenet5_clstr.data_mover_0.llvm_interface
Total Area: 921.141
Total Power Static: 46.5935

Total Power Dynamic: 530.888
   ========= Performance Analysis =============
   Setup Time:                      0h 0m 0s 0ms 683us
   Simulation Time (Total):         0h 3m 51s 570ms
   Simulation Time (Active):        0h 0m 0s 297ms
        Queue Processing Time:      0h 0m 0s 248ms
             Scheduling Time:       0h 0m 0s 110ms
             Computation Time:      0h 0m 0s 15ms
   System Clock:                    0.1GHz
   Runtime:                         533109 cycles
   Runtime:                         5331.09 us
   Stalls:                          0 cycles
   Executed Nodes:                  533108 cycles

   ========= Kernel Validation Stats ==========
   Kernel validation enabled:       NO
   Configured latency per check:    0 us

   --- Access Breakdown ---
   Total memory accesses (validated): 0
   Cache hits (0 latency):          0
   Validation requests (full lat):  0
   Coalesced waits (partial lat):   0
   Validations denied:              0

   --- Latency Breakdown ---
   Validation request latency:      0 us
   Coalesced wait latency:          0 us
   TOTAL SECURITY OVERHEAD:         0 us
   Avg latency per validation:      0 us
   Avg latency per coalesced wait:  0 us
   Avg overhead per blocked access: 0 us

   --- Cache Statistics ---
   Processes with cached pages:     0
   Unique pages validated (total):  0
   Cache hit rate:                  0%

   ========= IOMMU Stats =====================
   IOMMU enabled:                   YES
   IOMMU SimObject:                 system.lenet5_clstr.iommu

   --- Access Breakdown ---
   Total IOMMU checks:              497217
   IOTLB hits:                      497174
   IOTLB misses (page walks):       43
   IOTLB hit rate:                  99.9914%

   --- Latency Breakdown ---
   TOTAL IOMMU OVERHEAD:            998.648 us
   Avg latency per access:          0.00200848 us

********************************************************************************
system.lenet5_clstr.conv0.llvm_interface
Total Area: 6604.76
Total Power Static: 7702.37

Total Power Dynamic: 186527
   ========= Performance Analysis =============
   Setup Time:                      0h 0m 0s 0ms 966us
   Simulation Time (Total):         0h 3m 51s 577ms
   Simulation Time (Active):        0h 0m 6s 510ms
        Queue Processing Time:      0h 0m 6s 428ms
             Scheduling Time:       0h 0m 3s 701ms
             Computation Time:      0h 0m 0s 728ms
   System Clock:                    0.1GHz
   Runtime:                         533120 cycles
   Runtime:                         5331.2 us
   Stalls:                          0 cycles
   Executed Nodes:                  533119 cycles

   ========= Kernel Validation Stats ==========
   Kernel validation enabled:       NO
   Configured latency per check:    0 us

   --- Access Breakdown ---
   Total memory accesses (validated): 0
   Cache hits (0 latency):          0
   Validation requests (full lat):  0
   Coalesced waits (partial lat):   0
   Validations denied:              0

   --- Latency Breakdown ---
   Validation request latency:      0 us
   Coalesced wait latency:          0 us
   TOTAL SECURITY OVERHEAD:         0 us
   Avg latency per validation:      0 us
   Avg latency per coalesced wait:  0 us
   Avg overhead per blocked access: 0 us

   --- Cache Statistics ---
   Processes with cached pages:     0
   Unique pages validated (total):  0
   Cache hit rate:                  0%

   ========= IOMMU Stats =====================
   IOMMU enabled:                   YES
   IOMMU SimObject:                 system.lenet5_clstr.iommu

   --- Access Breakdown ---
   Total IOMMU checks:              497217
   IOTLB hits:                      497174
   IOTLB misses (page walks):       43
   IOTLB hit rate:                  99.9914%

   --- Latency Breakdown ---
   TOTAL IOMMU OVERHEAD:            998.648 us
   Avg latency per access:          0.00200848 us

********************************************************************************
system.lenet5_clstr.pool0.llvm_interface
Total Area: 6693.54
Total Power Static: 119.603

Total Power Dynamic: 2263.76
   ========= Performance Analysis =============
   Setup Time:                      0h 0m 0s 0ms 960us
   Simulation Time (Total):         0h 3m 51s 561ms
   Simulation Time (Active):        0h 0m 0s 319ms
        Queue Processing Time:      0h 0m 0s 266ms
             Scheduling Time:       0h 0m 0s 113ms
             Computation Time:      0h 0m 0s 19ms
   System Clock:                    0.1GHz
   Runtime:                         533089 cycles
   Runtime:                         5330.89 us
   Stalls:                          0 cycles
   Executed Nodes:                  533088 cycles

   ========= Kernel Validation Stats ==========
   Kernel validation enabled:       NO
   Configured latency per check:    0 us

   --- Access Breakdown ---
   Total memory accesses (validated): 0
   Cache hits (0 latency):          0
   Validation requests (full lat):  0
   Coalesced waits (partial lat):   0
   Validations denied:              0

   --- Latency Breakdown ---
   Validation request latency:      0 us
   Coalesced wait latency:          0 us
   TOTAL SECURITY OVERHEAD:         0 us
   Avg latency per validation:      0 us
   Avg latency per coalesced wait:  0 us
   Avg overhead per blocked access: 0 us

   --- Cache Statistics ---
   Processes with cached pages:     0
   Unique pages validated (total):  0
   Cache hit rate:                  0%

   ========= IOMMU Stats =====================
   IOMMU enabled:                   YES
   IOMMU SimObject:                 system.lenet5_clstr.iommu

   --- Access Breakdown ---
   Total IOMMU checks:              497217
   IOTLB hits:                      497174
   IOTLB misses (page walks):       43
   IOTLB hit rate:                  99.9914%

   --- Latency Breakdown ---
   TOTAL IOMMU OVERHEAD:            998.648 us
   Avg latency per access:          0.00200848 us

********************************************************************************
system.lenet5_clstr.data_mover_1.llvm_interface
Total Area: 921.141
Total Power Static: 11.6632

Total Power Dynamic: 132.822
   ========= Performance Analysis =============
   Setup Time:                      0h 0m 0s 0ms 556us
   Simulation Time (Total):         0h 3m 51s 560ms
   Simulation Time (Active):        0h 0m 0s 166ms
        Queue Processing Time:      0h 0m 0s 108ms
             Scheduling Time:       0h 0m 0s 19ms
             Computation Time:      0h 0m 0s 3ms
   System Clock:                    0.1GHz
   Runtime:                         533082 cycles
   Runtime:                         5330.82 us
   Stalls:                          0 cycles
   Executed Nodes:                  533081 cycles

   ========= Kernel Validation Stats ==========
   Kernel validation enabled:       NO
   Configured latency per check:    0 us

   --- Access Breakdown ---
   Total memory accesses (validated): 0
   Cache hits (0 latency):          0
   Validation requests (full lat):  0
   Coalesced waits (partial lat):   0
   Validations denied:              0

   --- Latency Breakdown ---
   Validation request latency:      0 us
   Coalesced wait latency:          0 us
   TOTAL SECURITY OVERHEAD:         0 us
   Avg latency per validation:      0 us
   Avg latency per coalesced wait:  0 us
   Avg overhead per blocked access: 0 us

   --- Cache Statistics ---
   Processes with cached pages:     0
   Unique pages validated (total):  0
   Cache hit rate:                  0%

   ========= IOMMU Stats =====================
   IOMMU enabled:                   YES
   IOMMU SimObject:                 system.lenet5_clstr.iommu

   --- Access Breakdown ---
   Total IOMMU checks:              497220
   IOTLB hits:                      497177
   IOTLB misses (page walks):       43
   IOTLB hit rate:                  99.9914%

   --- Latency Breakdown ---
   TOTAL IOMMU OVERHEAD:            998.654 us
   Avg latency per access:          0.00200848 us

********************************************************************************
system.lenet5_clstr.conv1.llvm_interface
Total Area: 6784.2
Total Power Static: 15677.5

Total Power Dynamic: 376721
   ========= Performance Analysis =============
   Setup Time:                      0h 0m 0s 1ms 133us
   Simulation Time (Total):         0h 5m 0s 201ms
   Simulation Time (Active):        0h 0m 6s 406ms
        Queue Processing Time:      0h 0m 6s 301ms
             Scheduling Time:       0h 0m 3s 778ms
             Computation Time:      0h 0m 0s 723ms
   System Clock:                    0.1GHz
   Runtime:                         1039239 cycles
   Runtime:                         10392.4 us
   Stalls:                          0 cycles
   Executed Nodes:                  1039238 cycles

   ========= Kernel Validation Stats ==========
   Kernel validation enabled:       NO
   Configured latency per check:    0 us

   --- Access Breakdown ---
   Total memory accesses (validated): 0
   Cache hits (0 latency):          0
   Validation requests (full lat):  0
   Coalesced waits (partial lat):   0
   Validations denied:              0

   --- Latency Breakdown ---
   Validation request latency:      0 us
   Coalesced wait latency:          0 us
   TOTAL SECURITY OVERHEAD:         0 us
   Avg latency per validation:      0 us
   Avg latency per coalesced wait:  0 us
   Avg overhead per blocked access: 0 us

   --- Cache Statistics ---
   Processes with cached pages:     0
   Unique pages validated (total):  0
   Cache hit rate:                  0%

   ========= IOMMU Stats =====================
   IOMMU enabled:                   YES
   IOMMU SimObject:                 system.lenet5_clstr.iommu

   --- Access Breakdown ---
   Total IOMMU checks:              820384
   IOTLB hits:                      820311
   IOTLB misses (page walks):       73
   IOTLB hit rate:                  99.9911%

   --- Latency Breakdown ---
   TOTAL IOMMU OVERHEAD:            1647.92 us
   Avg latency per access:          0.00200872 us

********************************************************************************
system.lenet5_clstr.data_mover_2.llvm_interface
Total Area: 921.141
Total Power Static: 15.4509

Total Power Dynamic: 178.201
   ========= Performance Analysis =============
   Setup Time:                      0h 0m 0s 0ms 727us
   Simulation Time (Total):         0h 5m 0s 192ms
   Simulation Time (Active):        0h 0m 0s 204ms
        Queue Processing Time:      0h 0m 0s 122ms
             Scheduling Time:       0h 0m 0s 20ms
             Computation Time:      0h 0m 0s 3ms
   System Clock:                    0.1GHz
   Runtime:                         1039229 cycles
   Runtime:                         10392.3 us
   Stalls:                          0 cycles
   Executed Nodes:                  1039228 cycles

   ========= Kernel Validation Stats ==========
   Kernel validation enabled:       NO
   Configured latency per check:    0 us

   --- Access Breakdown ---
   Total memory accesses (validated): 0
   Cache hits (0 latency):          0
   Validation requests (full lat):  0
   Coalesced waits (partial lat):   0
   Validations denied:              0

   --- Latency Breakdown ---
   Validation request latency:      0 us
   Coalesced wait latency:          0 us
   TOTAL SECURITY OVERHEAD:         0 us
   Avg latency per validation:      0 us
   Avg latency per coalesced wait:  0 us
   Avg overhead per blocked access: 0 us

   --- Cache Statistics ---
   Processes with cached pages:     0
   Unique pages validated (total):  0
   Cache hit rate:                  0%

   ========= IOMMU Stats =====================
   IOMMU enabled:                   YES
   IOMMU SimObject:                 system.lenet5_clstr.iommu

   --- Access Breakdown ---
   Total IOMMU checks:              820385
   IOTLB hits:                      820312
   IOTLB misses (page walks):       73
   IOTLB hit rate:                  99.9911%

   --- Latency Breakdown ---
   TOTAL IOMMU OVERHEAD:            1647.92 us
   Avg latency per access:          0.00200872 us

********************************************************************************
system.lenet5_clstr.pool1.llvm_interface
Total Area: 6693.54
Total Power Static: 40.6797

Total Power Dynamic: 769.272
   ========= Performance Analysis =============
   Setup Time:                      0h 0m 0s 0ms 944us
   Simulation Time (Total):         0h 5m 0s 164ms
   Simulation Time (Active):        0h 0m 0s 253ms
        Queue Processing Time:      0h 0m 0s 151ms
             Scheduling Time:       0h 0m 0s 23ms
             Computation Time:      0h 0m 0s 4ms
   System Clock:                    0.1GHz
   Runtime:                         1039209 cycles
   Runtime:                         10392.1 us
   Stalls:                          0 cycles
   Executed Nodes:                  1039208 cycles

   ========= Kernel Validation Stats ==========
   Kernel validation enabled:       NO
   Configured latency per check:    0 us

   --- Access Breakdown ---
   Total memory accesses (validated): 0
   Cache hits (0 latency):          0
   Validation requests (full lat):  0
   Coalesced waits (partial lat):   0
   Validations denied:              0

   --- Latency Breakdown ---
   Validation request latency:      0 us
   Coalesced wait latency:          0 us
   TOTAL SECURITY OVERHEAD:         0 us
   Avg latency per validation:      0 us
   Avg latency per coalesced wait:  0 us
   Avg overhead per blocked access: 0 us

   --- Cache Statistics ---
   Processes with cached pages:     0
   Unique pages validated (total):  0
   Cache hit rate:                  0%

   ========= IOMMU Stats =====================
   IOMMU enabled:                   YES
   IOMMU SimObject:                 system.lenet5_clstr.iommu

   --- Access Breakdown ---
   Total IOMMU checks:              820387
   IOTLB hits:                      820314
   IOTLB misses (page walks):       73
   IOTLB hit rate:                  99.9911%

   --- Latency Breakdown ---
   TOTAL IOMMU OVERHEAD:            1647.93 us
   Avg latency per access:          0.00200872 us

********************************************************************************
system.lenet5_clstr.data_mover_3.llvm_interface
Total Area: 921.141
Total Power Static: 3.86689

Total Power Dynamic: 44.586
   ========= Performance Analysis =============
   Setup Time:                      0h 0m 0s 0ms 642us
   Simulation Time (Total):         0h 5m 0s 160ms
   Simulation Time (Active):        0h 0m 0s 192ms
        Queue Processing Time:      0h 0m 0s 104ms
             Scheduling Time:       0h 0m 0s 4ms
             Computation Time:      0h 0m 0s 0ms
   System Clock:                    0.1GHz
   Runtime:                         1039203 cycles
   Runtime:                         10392 us
   Stalls:                          0 cycles
   Executed Nodes:                  1039202 cycles

   ========= Kernel Validation Stats ==========
   Kernel validation enabled:       NO
   Configured latency per check:    0 us

   --- Access Breakdown ---
   Total memory accesses (validated): 0
   Cache hits (0 latency):          0
   Validation requests (full lat):  0
   Coalesced waits (partial lat):   0
   Validations denied:              0

   --- Latency Breakdown ---
   Validation request latency:      0 us
   Coalesced wait latency:          0 us
   TOTAL SECURITY OVERHEAD:         0 us
   Avg latency per validation:      0 us
   Avg latency per coalesced wait:  0 us
   Avg overhead per blocked access: 0 us

   --- Cache Statistics ---
   Processes with cached pages:     0
   Unique pages validated (total):  0
   Cache hit rate:                  0%

   ========= IOMMU Stats =====================
   IOMMU enabled:                   YES
   IOMMU SimObject:                 system.lenet5_clstr.iommu

   --- Access Breakdown ---
   Total IOMMU checks:              820387
   IOTLB hits:                      820314
   IOTLB misses (page walks):       73
   IOTLB hit rate:                  99.9911%

   --- Latency Breakdown ---
   TOTAL IOMMU OVERHEAD:            1647.93 us
   Avg latency per access:          0.00200872 us

********************************************************************************
system.lenet5_clstr.conv2.llvm_interface
Total Area: 6066.43
Total Power Static: 2891.65

Total Power Dynamic: 75108.6
   ========= Performance Analysis =============
   Setup Time:                      0h 0m 0s 0ms 838us
   Simulation Time (Total):         0h 5m 10s 116ms
   Simulation Time (Active):        0h 0m 0s 938ms
        Queue Processing Time:      0h 0m 0s 834ms
             Scheduling Time:       0h 0m 0s 461ms
             Computation Time:      0h 0m 0s 89ms
   System Clock:                    0.1GHz
   Runtime:                         1247601 cycles
   Runtime:                         12476 us
   Stalls:                          0 cycles
   Executed Nodes:                  1247600 cycles

   ========= Kernel Validation Stats ==========
   Kernel validation enabled:       NO
   Configured latency per check:    0 us

   --- Access Breakdown ---
   Total memory accesses (validated): 0
   Cache hits (0 latency):          0
   Validation requests (full lat):  0
   Coalesced waits (partial lat):   0
   Validations denied:              0

   --- Latency Breakdown ---
   Validation request latency:      0 us
   Coalesced wait latency:          0 us
   TOTAL SECURITY OVERHEAD:         0 us
   Avg latency per validation:      0 us
   Avg latency per coalesced wait:  0 us
   Avg overhead per blocked access: 0 us

   --- Cache Statistics ---
   Processes with cached pages:     0
   Unique pages validated (total):  0
   Cache hit rate:                  0%

   ========= IOMMU Stats =====================
   IOMMU enabled:                   YES
   IOMMU SimObject:                 system.lenet5_clstr.iommu

   --- Access Breakdown ---
   Total IOMMU checks:              929350
   IOTLB hits:                      923454
   IOTLB misses (page walks):       5896
   IOTLB hit rate:                  99.3656%

   --- Latency Breakdown ---
   TOTAL IOMMU OVERHEAD:            2436.51 us
   Avg latency per access:          0.00262173 us

********************************************************************************
system.lenet5_clstr.data_mover_4.llvm_interface
Total Area: 562.255
Total Power Static: 1.13697

Total Power Dynamic: 13.2473
   ========= Performance Analysis =============
   Setup Time:                      0h 0m 0s 0ms 528us
   Simulation Time (Total):         0h 5m 10s 111ms
   Simulation Time (Active):        0h 0m 0s 230ms
        Queue Processing Time:      0h 0m 0s 119ms
             Scheduling Time:       0h 0m 0s 0ms
             Computation Time:      0h 0m 0s 0ms
   System Clock:                    0.1GHz
   Runtime:                         1247592 cycles
   Runtime:                         12475.9 us
   Stalls:                          0 cycles
   Executed Nodes:                  1247591 cycles

   ========= Kernel Validation Stats ==========
   Kernel validation enabled:       NO
   Configured latency per check:    0 us

   --- Access Breakdown ---
   Total memory accesses (validated): 0
   Cache hits (0 latency):          0
   Validation requests (full lat):  0
   Coalesced waits (partial lat):   0
   Validations denied:              0

   --- Latency Breakdown ---
   Validation request latency:      0 us
   Coalesced wait latency:          0 us
   TOTAL SECURITY OVERHEAD:         0 us
   Avg latency per validation:      0 us
   Avg latency per coalesced wait:  0 us
   Avg overhead per blocked access: 0 us

   --- Cache Statistics ---
   Processes with cached pages:     0
   Unique pages validated (total):  0
   Cache hit rate:                  0%

   ========= IOMMU Stats =====================
   IOMMU enabled:                   YES
   IOMMU SimObject:                 system.lenet5_clstr.iommu

   --- Access Breakdown ---
   Total IOMMU checks:              929352
   IOTLB hits:                      923456
   IOTLB misses (page walks):       5896
   IOTLB hit rate:                  99.3656%

   --- Latency Breakdown ---
   TOTAL IOMMU OVERHEAD:            2436.51 us
   Avg latency per access:          0.00262173 us

********************************************************************************
system.lenet5_clstr.fc0.llvm_interface
Total Area: 5707.55
Total Power Static: 605.723

Total Power Dynamic: 15765.7
   ========= Performance Analysis =============
   Setup Time:                      0h 0m 0s 0ms 706us
   Simulation Time (Total):         0h 5m 10s 804ms
   Simulation Time (Active):        0h 0m 0s 333ms
        Queue Processing Time:      0h 0m 0s 216ms
             Scheduling Time:       0h 0m 0s 67ms
             Computation Time:      0h 0m 0s 14ms
   System Clock:                    0.1GHz
   Runtime:                         1277804 cycles
   Runtime:                         12778 us
   Stalls:                          0 cycles
   Executed Nodes:                  1277803 cycles

   ========= Kernel Validation Stats ==========
   Kernel validation enabled:       NO
   Configured latency per check:    0 us

   --- Access Breakdown ---
   Total memory accesses (validated): 0
   Cache hits (0 latency):          0
   Validation requests (full lat):  0
   Coalesced waits (partial lat):   0
   Validations denied:              0

   --- Latency Breakdown ---
   Validation request latency:      0 us
   Coalesced wait latency:          0 us
   TOTAL SECURITY OVERHEAD:         0 us
   Avg latency per validation:      0 us
   Avg latency per coalesced wait:  0 us
   Avg overhead per blocked access: 0 us

   --- Cache Statistics ---
   Processes with cached pages:     0
   Unique pages validated (total):  0
   Cache hit rate:                  0%

   ========= IOMMU Stats =====================
   IOMMU enabled:                   YES
   IOMMU SimObject:                 system.lenet5_clstr.iommu

   --- Access Breakdown ---
   Total IOMMU checks:              951513
   IOTLB hits:                      945607
   IOTLB misses (page walks):       5906
   IOTLB hit rate:                  99.3793%

   --- Latency Breakdown ---
   TOTAL IOMMU OVERHEAD:            2481.81 us
   Avg latency per access:          0.00260828 us

********************************************************************************
system.lenet5_clstr.top.llvm_interface
Total Area: 251.85
Total Power Static: 54.8507

Total Power Dynamic: 269.546
   ========= Performance Analysis =============
   Setup Time:                      0h 0m 0s 1ms 544us
   Simulation Time (Total):         0h 5m 11s 187ms
   Simulation Time (Active):        0h 0m 1s 86ms
        Queue Processing Time:      0h 0m 0s 958ms
             Scheduling Time:       0h 0m 0s 398ms
             Computation Time:      0h 0m 0s 50ms
   System Clock:                    0.1GHz
   Runtime:                         1281239 cycles
   Runtime:                         12812.4 us
   Stalls:                          0 cycles
   Executed Nodes:                  1281238 cycles

   ========= Kernel Validation Stats ==========
   Kernel validation enabled:       NO
   Configured latency per check:    0 us

   --- Access Breakdown ---
   Total memory accesses (validated): 0
   Cache hits (0 latency):          0
   Validation requests (full lat):  0
   Coalesced waits (partial lat):   0
   Validations denied:              0

   --- Latency Breakdown ---
   Validation request latency:      0 us
   Coalesced wait latency:          0 us
   TOTAL SECURITY OVERHEAD:         0 us
   Avg latency per validation:      0 us
   Avg latency per coalesced wait:  0 us
   Avg overhead per blocked access: 0 us

   --- Cache Statistics ---
   Processes with cached pages:     0
   Unique pages validated (total):  0
   Cache hit rate:                  0%

   ========= IOMMU Stats =====================
   IOMMU enabled:                   YES
   IOMMU SimObject:                 system.lenet5_clstr.iommu

   --- Access Breakdown ---
   Total IOMMU checks:              951523
   IOTLB hits:                      945616
   IOTLB misses (page walks):       5907
   IOTLB hit rate:                  99.3792%

   --- Latency Breakdown ---
   TOTAL IOMMU OVERHEAD:            2481.93 us
   Avg latency per access:          0.00260838 us

Exiting @ tick 12889741000 because m5_exit instruction encountered
