build/ARM/base/statistics.hh:277: warn: One of the stats is a legacy stat. Legacy stat is a stat that does not belong to any statistics::Group. Legacy stat is deprecated.
Global frequency set at 1000000000000 ticks per second
build/ARM/mem/mem_interface.cc:793: warn: DRAM device capacity (16384 Mbytes) does not match the address range assigned (4096 Mbytes)
build/ARM/sim/kernel_workload.cc:46: info: kernel located at: /gem5-SALAM/benchmarks/lenet/design_c/sw/main.elf
build/ARM/arch/arm/system.cc:95: warn: Highest ARM exception-level set to AArch64 but the workload is for AArch32. Assuming you wanted these to match.
build/ARM/base/vnc/vncserver.cc:163: warn: Sockets disabled, not accepting vnc client connections
build/ARM/dev/serial/terminal.cc:170: warn: Sockets disabled, not accepting terminal connections
build/ARM/base/remote_gdb.cc:377: warn: Sockets disabled, not accepting gdb connections
build/ARM/mem/coherent_xbar.cc:140: warn: CoherentXBar system.lenet5_clstr.coherency_bus has no snooping ports attached!
build/ARM/dev/arm/energy_ctrl.cc:252: warn: Existing EnergyCtrl, but no enabled DVFSHandler found.
gem5 Simulator System.  http://gem5.org
gem5 is copyrighted software; use the --copyright option for details.

gem5 version 21.1.0.1
gem5 compiled May  4 2026 18:12:38
gem5 started May  4 2026 18:13:30
gem5 executing on 3b7fb6fd27b8, pid 2580965
command line: /gem5-SALAM/build/ARM/gem5.opt --listener-mode=off --outdir=/gem5-SALAM/BM_ARM_OUT/run_all/lenet_c/iommu_e64_m250ns /gem5-SALAM/configs/SALAM/fs_lenet_c.py --mem-size=4GB --mem-type=DDR4_2400_8x8 --machine-type=VExpress_GEM5_V1 --dtb-file=none --bare-metal --cpu-type=DerivO3CPU --caches --l2cache --kernel=/gem5-SALAM/benchmarks/lenet/design_c/sw/main.elf --disk-image=/gem5-SALAM/benchmarks/common/fake.iso --accpath=/gem5-SALAM/benchmarks/lenet/design_c --accbench=lenet_c --enable-iommu --iotlb-entries 64 --iotlb-hit-latency 2000 --iotlb-miss-latency 250000

[HWAccConfig] IOMMU ENABLED: entries=64, hit_lat=2000, miss_lat=250000
[HWAccConfig] IOMMU ENABLED: entries=64, hit_lat=2000, miss_lat=250000
[HWAccConfig] IOMMU ENABLED: entries=64, hit_lat=2000, miss_lat=250000
[HWAccConfig] IOMMU ENABLED: entries=64, hit_lat=2000, miss_lat=250000
[HWAccConfig] IOMMU ENABLED: entries=64, hit_lat=2000, miss_lat=250000
[HWAccConfig] IOMMU ENABLED: entries=64, hit_lat=2000, miss_lat=250000
[HWAccConfig] IOMMU ENABLED: entries=64, hit_lat=2000, miss_lat=250000
[HWAccConfig] IOMMU ENABLED: entries=64, hit_lat=2000, miss_lat=250000
[HWAccConfig] IOMMU ENABLED: entries=64, hit_lat=2000, miss_lat=250000
[HWAccConfig] IOMMU ENABLED: entries=64, hit_lat=2000, miss_lat=250000
[HWAccConfig] IOMMU ENABLED: entries=64, hit_lat=2000, miss_lat=250000
[HWAccConfig] IOMMU ENABLED: entries=64, hit_lat=2000, miss_lat=250000
[HWAccConfig] IOMMU ENABLED: entries=64, hit_lat=2000, miss_lat=250000
**** REAL SIMULATION ****
warn: iobus.slave is deprecated. `slave` is now called `cpu_side_ports`
warn: bridge.master is deprecated. `master` is now called `mem_side_port`
warn: membus.master is deprecated. `master` is now called `mem_side_ports`
warn: bridge.slave is deprecated. `slave` is now called `cpu_side_port`
warn: membus.slave is deprecated. `slave` is now called `cpu_side_ports`
warn: tol2bus.master is deprecated. `master` is now called `mem_side_ports`
warn: membus.slave is deprecated. `slave` is now called `cpu_side_ports`
warn: tol2bus.slave is deprecated. `slave` is now called `cpu_side_ports`
warn: tol2bus.slave is deprecated. `slave` is now called `cpu_side_ports`
warn: tol2bus.slave is deprecated. `slave` is now called `cpu_side_ports`
warn: tol2bus.slave is deprecated. `slave` is now called `cpu_side_ports`
warn: membus.slave is deprecated. `slave` is now called `cpu_side_ports`
warn: coherency_bus.master is deprecated. `master` is now called `mem_side_ports`
warn: No dot file generated. Please install pydot to generate the dot file and pdf.
build/ARM/sim/simulate.cc:107: info: Entering event queue @ 0.  Starting simulation...
********************************************************************************
system.lenet5_clstr.data_mover_0.llvm_interface
Total Area: 2560.05
Total Power Static: 1249

Total Power Dynamic: 13797
   ========= Performance Analysis =============
   Setup Time:                      0h 0m 0s 1ms 170us
   Simulation Time (Total):         0h 2m 58s 153ms
   Simulation Time (Active):        0h 0m 3s 827ms
        Queue Processing Time:      0h 0m 3s 620ms
             Scheduling Time:       0h 0m 2s 98ms
             Computation Time:      0h 0m 0s 465ms
   System Clock:                    0.1GHz
   Runtime:                         1044340 cycles
   Runtime:                         10443.4 us
   Stalls:                          0 cycles
   Executed Nodes:                  1044339 cycles

   ========= Kernel Validation Stats ==========
   Kernel validation enabled:       NO
   Configured latency per check:    0 us

   --- Access Breakdown ---
   Total memory accesses (validated): 0
   Cache hits (0 latency):          0
   Validation requests (full lat):  0
     of which DMA-ctrl writes:      0
   Coalesced waits (partial lat):   0
   Validations denied:              0

   --- Latency Breakdown ---
   Validation request latency:      0 us
   Coalesced wait latency:          0 us
   TOTAL SECURITY OVERHEAD:         0 us
   Avg latency per validation:      0 us
   Avg latency per coalesced wait:  0 us
   Avg overhead per blocked access: 0 us

   --- Cache Statistics ---
   Processes with cached pages:     0
   Unique pages validated (total):  0
   Cache hit rate:                  0%

   ========= IOMMU Stats =====================
   IOMMU enabled:                   YES
   IOMMU SimObject:                 system.lenet5_clstr.iommu

   --- Access Breakdown ---
   Total IOMMU checks:              1564292
   IOTLB hits:                      1564237
   IOTLB misses (page walks):       55
   IOTLB hit rate:                  99.9965%

   --- Latency Breakdown ---
   TOTAL IOMMU OVERHEAD:            3142.22 us
   Avg latency per access:          0.00200872 us

********************************************************************************
system.lenet5_clstr.conv0.llvm_interface
Total Area: 6054.47
Total Power Static: 7131.27

Total Power Dynamic: 184286
   ========= Performance Analysis =============
   Setup Time:                      0h 0m 0s 0ms 855us
   Simulation Time (Total):         0h 2m 58s 149ms
   Simulation Time (Active):        0h 0m 4s 987ms
        Queue Processing Time:      0h 0m 4s 847ms
             Scheduling Time:       0h 0m 3s 47ms
             Computation Time:      0h 0m 0s 586ms
   System Clock:                    0.1GHz
   Runtime:                         1044332 cycles
   Runtime:                         10443.3 us
   Stalls:                          0 cycles
   Executed Nodes:                  1044331 cycles

   ========= Kernel Validation Stats ==========
   Kernel validation enabled:       NO
   Configured latency per check:    0 us

   --- Access Breakdown ---
   Total memory accesses (validated): 0
   Cache hits (0 latency):          0
   Validation requests (full lat):  0
     of which DMA-ctrl writes:      0
   Coalesced waits (partial lat):   0
   Validations denied:              0

   --- Latency Breakdown ---
   Validation request latency:      0 us
   Coalesced wait latency:          0 us
   TOTAL SECURITY OVERHEAD:         0 us
   Avg latency per validation:      0 us
   Avg latency per coalesced wait:  0 us
   Avg overhead per blocked access: 0 us

   --- Cache Statistics ---
   Processes with cached pages:     0
   Unique pages validated (total):  0
   Cache hit rate:                  0%

   ========= IOMMU Stats =====================
   IOMMU enabled:                   YES
   IOMMU SimObject:                 system.lenet5_clstr.iommu

   --- Access Breakdown ---
   Total IOMMU checks:              1564296
   IOTLB hits:                      1564241
   IOTLB misses (page walks):       55
   IOTLB hit rate:                  99.9965%

   --- Latency Breakdown ---
   TOTAL IOMMU OVERHEAD:            3142.23 us
   Avg latency per access:          0.00200872 us

********************************************************************************
system.lenet5_clstr.pool_mover_0.llvm_interface
Total Area: 780.105
Total Power Static: 38.3364

Total Power Dynamic: 304.907
   ========= Performance Analysis =============
   Setup Time:                      0h 0m 0s 0ms 518us
   Simulation Time (Total):         0h 2m 58s 148ms
   Simulation Time (Active):        0h 0m 0s 379ms
        Queue Processing Time:      0h 0m 0s 250ms
             Scheduling Time:       0h 0m 0s 92ms
             Computation Time:      0h 0m 0s 10ms
   System Clock:                    0.1GHz
   Runtime:                         1044322 cycles
   Runtime:                         10443.2 us
   Stalls:                          0 cycles
   Executed Nodes:                  1044321 cycles

   ========= Kernel Validation Stats ==========
   Kernel validation enabled:       NO
   Configured latency per check:    0 us

   --- Access Breakdown ---
   Total memory accesses (validated): 0
   Cache hits (0 latency):          0
   Validation requests (full lat):  0
     of which DMA-ctrl writes:      0
   Coalesced waits (partial lat):   0
   Validations denied:              0

   --- Latency Breakdown ---
   Validation request latency:      0 us
   Coalesced wait latency:          0 us
   TOTAL SECURITY OVERHEAD:         0 us
   Avg latency per validation:      0 us
   Avg latency per coalesced wait:  0 us
   Avg overhead per blocked access: 0 us

   --- Cache Statistics ---
   Processes with cached pages:     0
   Unique pages validated (total):  0
   Cache hit rate:                  0%

   ========= IOMMU Stats =====================
   IOMMU enabled:                   YES
   IOMMU SimObject:                 system.lenet5_clstr.iommu

   --- Access Breakdown ---
   Total IOMMU checks:              1564297
   IOTLB hits:                      1564242
   IOTLB misses (page walks):       55
   IOTLB hit rate:                  99.9965%

   --- Latency Breakdown ---
   TOTAL IOMMU OVERHEAD:            3142.23 us
   Avg latency per access:          0.00200872 us

********************************************************************************
system.lenet5_clstr.pool0.llvm_interface
Total Area: 6221.95
Total Power Static: 104.183

Total Power Dynamic: 2173.03
   ========= Performance Analysis =============
   Setup Time:                      0h 0m 0s 0ms 811us
   Simulation Time (Total):         0h 3m 3s 351ms
   Simulation Time (Active):        0h 0m 0s 425ms
        Queue Processing Time:      0h 0m 0s 278ms
             Scheduling Time:       0h 0m 0s 106ms
             Computation Time:      0h 0m 0s 19ms
   System Clock:                    0.1GHz
   Runtime:                         1116985 cycles
   Runtime:                         11169.9 us
   Stalls:                          0 cycles
   Executed Nodes:                  1116984 cycles

   ========= Kernel Validation Stats ==========
   Kernel validation enabled:       NO
   Configured latency per check:    0 us

   --- Access Breakdown ---
   Total memory accesses (validated): 0
   Cache hits (0 latency):          0
   Validation requests (full lat):  0
     of which DMA-ctrl writes:      0
   Coalesced waits (partial lat):   0
   Validations denied:              0

   --- Latency Breakdown ---
   Validation request latency:      0 us
   Coalesced wait latency:          0 us
   TOTAL SECURITY OVERHEAD:         0 us
   Avg latency per validation:      0 us
   Avg latency per coalesced wait:  0 us
   Avg overhead per blocked access: 0 us

   --- Cache Statistics ---
   Processes with cached pages:     0
   Unique pages validated (total):  0
   Cache hit rate:                  0%

   ========= IOMMU Stats =====================
   IOMMU enabled:                   YES
   IOMMU SimObject:                 system.lenet5_clstr.iommu

   --- Access Breakdown ---
   Total IOMMU checks:              1649260
   IOTLB hits:                      1649205
   IOTLB misses (page walks):       55
   IOTLB hit rate:                  99.9967%

   --- Latency Breakdown ---
   TOTAL IOMMU OVERHEAD:            3312.16 us
   Avg latency per access:          0.00200827 us

********************************************************************************
system.lenet5_clstr.data_mover_1.llvm_interface
Total Area: 3098.38
Total Power Static: 2424.96

Total Power Dynamic: 27394.9
   ========= Performance Analysis =============
   Setup Time:                      0h 0m 0s 4ms 420us
   Simulation Time (Total):         0h 3m 10s 835ms
   Simulation Time (Active):        0h 0m 5s 498ms
        Queue Processing Time:      0h 0m 5s 346ms
             Scheduling Time:       0h 0m 3s 65ms
             Computation Time:      0h 0m 0s 686ms
   System Clock:                    0.1GHz
   Runtime:                         1221318 cycles
   Runtime:                         12213.2 us
   Stalls:                          0 cycles
   Executed Nodes:                  1221317 cycles

   ========= Kernel Validation Stats ==========
   Kernel validation enabled:       NO
   Configured latency per check:    0 us

   --- Access Breakdown ---
   Total memory accesses (validated): 0
   Cache hits (0 latency):          0
   Validation requests (full lat):  0
     of which DMA-ctrl writes:      0
   Coalesced waits (partial lat):   0
   Validations denied:              0

   --- Latency Breakdown ---
   Validation request latency:      0 us
   Coalesced wait latency:          0 us
   TOTAL SECURITY OVERHEAD:         0 us
   Avg latency per validation:      0 us
   Avg latency per coalesced wait:  0 us
   Avg overhead per blocked access: 0 us

   --- Cache Statistics ---
   Processes with cached pages:     0
   Unique pages validated (total):  0
   Cache hit rate:                  0%

   ========= IOMMU Stats =====================
   IOMMU enabled:                   YES
   IOMMU SimObject:                 system.lenet5_clstr.iommu

   --- Access Breakdown ---
   Total IOMMU checks:              1772380
   IOTLB hits:                      1772325
   IOTLB misses (page walks):       55
   IOTLB hit rate:                  99.9969%

   --- Latency Breakdown ---
   TOTAL IOMMU OVERHEAD:            3558.4 us
   Avg latency per access:          0.0020077 us

********************************************************************************
system.lenet5_clstr.conv1.llvm_interface
Total Area: 6233.91
Total Power Static: 14530.9

Total Power Dynamic: 375959
   ========= Performance Analysis =============
   Setup Time:                      0h 0m 0s 0ms 908us
   Simulation Time (Total):         0h 3m 10s 834ms
   Simulation Time (Active):        0h 0m 7s 702ms
        Queue Processing Time:      0h 0m 7s 532ms
             Scheduling Time:       0h 0m 4s 693ms
             Computation Time:      0h 0m 0s 941ms
   System Clock:                    0.1GHz
   Runtime:                         1221310 cycles
   Runtime:                         12213.1 us
   Stalls:                          0 cycles
   Executed Nodes:                  1221309 cycles

   ========= Kernel Validation Stats ==========
   Kernel validation enabled:       NO
   Configured latency per check:    0 us

   --- Access Breakdown ---
   Total memory accesses (validated): 0
   Cache hits (0 latency):          0
   Validation requests (full lat):  0
     of which DMA-ctrl writes:      0
   Coalesced waits (partial lat):   0
   Validations denied:              0

   --- Latency Breakdown ---
   Validation request latency:      0 us
   Coalesced wait latency:          0 us
   TOTAL SECURITY OVERHEAD:         0 us
   Avg latency per validation:      0 us
   Avg latency per coalesced wait:  0 us
   Avg overhead per blocked access: 0 us

   --- Cache Statistics ---
   Processes with cached pages:     0
   Unique pages validated (total):  0
   Cache hit rate:                  0%

   ========= IOMMU Stats =====================
   IOMMU enabled:                   YES
   IOMMU SimObject:                 system.lenet5_clstr.iommu

   --- Access Breakdown ---
   Total IOMMU checks:              1772380
   IOTLB hits:                      1772325
   IOTLB misses (page walks):       55
   IOTLB hit rate:                  99.9969%

   --- Latency Breakdown ---
   TOTAL IOMMU OVERHEAD:            3558.4 us
   Avg latency per access:          0.0020077 us

********************************************************************************
system.lenet5_clstr.pool_mover_1.llvm_interface
Total Area: 780.105
Total Power Static: 12.6423

Total Power Dynamic: 101.338
   ========= Performance Analysis =============
   Setup Time:                      0h 0m 0s 0ms 647us
   Simulation Time (Total):         0h 3m 10s 828ms
   Simulation Time (Active):        0h 0m 0s 262ms
        Queue Processing Time:      0h 0m 0s 138ms
             Scheduling Time:       0h 0m 0s 22ms
             Computation Time:      0h 0m 0s 2ms
   System Clock:                    0.1GHz
   Runtime:                         1221286 cycles
   Runtime:                         12212.9 us
   Stalls:                          0 cycles
   Executed Nodes:                  1221285 cycles

   ========= Kernel Validation Stats ==========
   Kernel validation enabled:       NO
   Configured latency per check:    0 us

   --- Access Breakdown ---
   Total memory accesses (validated): 0
   Cache hits (0 latency):          0
   Validation requests (full lat):  0
     of which DMA-ctrl writes:      0
   Coalesced waits (partial lat):   0
   Validations denied:              0

   --- Latency Breakdown ---
   Validation request latency:      0 us
   Coalesced wait latency:          0 us
   TOTAL SECURITY OVERHEAD:         0 us
   Avg latency per validation:      0 us
   Avg latency per coalesced wait:  0 us
   Avg overhead per blocked access: 0 us

   --- Cache Statistics ---
   Processes with cached pages:     0
   Unique pages validated (total):  0
   Cache hit rate:                  0%

   ========= IOMMU Stats =====================
   IOMMU enabled:                   YES
   IOMMU SimObject:                 system.lenet5_clstr.iommu

   --- Access Breakdown ---
   Total IOMMU checks:              1772383
   IOTLB hits:                      1772328
   IOTLB misses (page walks):       55
   IOTLB hit rate:                  99.9969%

   --- Latency Breakdown ---
   TOTAL IOMMU OVERHEAD:            3558.41 us
   Avg latency per access:          0.0020077 us

********************************************************************************
system.lenet5_clstr.pool1.llvm_interface
Total Area: 6221.95
Total Power Static: 35.4349

Total Power Dynamic: 738.536
   ========= Performance Analysis =============
   Setup Time:                      0h 0m 0s 0ms 735us
   Simulation Time (Total):         0h 3m 10s 813ms
   Simulation Time (Active):        0h 0m 0s 294ms
        Queue Processing Time:      0h 0m 0s 165ms
             Scheduling Time:       0h 0m 0s 30ms
             Computation Time:      0h 0m 0s 5ms
   System Clock:                    0.1GHz
   Runtime:                         1221251 cycles
   Runtime:                         12212.5 us
   Stalls:                          0 cycles
   Executed Nodes:                  1221250 cycles

   ========= Kernel Validation Stats ==========
   Kernel validation enabled:       NO
   Configured latency per check:    0 us

   --- Access Breakdown ---
   Total memory accesses (validated): 0
   Cache hits (0 latency):          0
   Validation requests (full lat):  0
     of which DMA-ctrl writes:      0
   Coalesced waits (partial lat):   0
   Validations denied:              0

   --- Latency Breakdown ---
   Validation request latency:      0 us
   Coalesced wait latency:          0 us
   TOTAL SECURITY OVERHEAD:         0 us
   Avg latency per validation:      0 us
   Avg latency per coalesced wait:  0 us
   Avg overhead per blocked access: 0 us

   --- Cache Statistics ---
   Processes with cached pages:     0
   Unique pages validated (total):  0
   Cache hit rate:                  0%

   ========= IOMMU Stats =====================
   IOMMU enabled:                   YES
   IOMMU SimObject:                 system.lenet5_clstr.iommu

   --- Access Breakdown ---
   Total IOMMU checks:              1772383
   IOTLB hits:                      1772328
   IOTLB misses (page walks):       55
   IOTLB hit rate:                  99.9969%

   --- Latency Breakdown ---
   TOTAL IOMMU OVERHEAD:            3558.41 us
   Avg latency per access:          0.0020077 us

********************************************************************************
system.lenet5_clstr.data_mover_2.llvm_interface
Total Area: 1830.32
Total Power Static: 467.516

Total Power Dynamic: 5377.4
   ========= Performance Analysis =============
   Setup Time:                      0h 0m 0s 13ms 16us
   Simulation Time (Total):         0h 3m 21s 123ms
   Simulation Time (Active):        0h 0m 0s 781ms
        Queue Processing Time:      0h 0m 0s 627ms
             Scheduling Time:       0h 0m 0s 303ms
             Computation Time:      0h 0m 0s 66ms
   System Clock:                    0.1GHz
   Runtime:                         1421408 cycles
   Runtime:                         14214.1 us
   Stalls:                          0 cycles
   Executed Nodes:                  1421407 cycles

   ========= Kernel Validation Stats ==========
   Kernel validation enabled:       NO
   Configured latency per check:    0 us

   --- Access Breakdown ---
   Total memory accesses (validated): 0
   Cache hits (0 latency):          0
   Validation requests (full lat):  0
     of which DMA-ctrl writes:      0
   Coalesced waits (partial lat):   0
   Validations denied:              0

   --- Latency Breakdown ---
   Validation request latency:      0 us
   Coalesced wait latency:          0 us
   TOTAL SECURITY OVERHEAD:         0 us
   Avg latency per validation:      0 us
   Avg latency per coalesced wait:  0 us
   Avg overhead per blocked access: 0 us

   --- Cache Statistics ---
   Processes with cached pages:     0
   Unique pages validated (total):  0
   Cache hit rate:                  0%

   ========= IOMMU Stats =====================
   IOMMU enabled:                   YES
   IOMMU SimObject:                 system.lenet5_clstr.iommu

   --- Access Breakdown ---
   Total IOMMU checks:              2014519
   IOTLB hits:                      2014418
   IOTLB misses (page walks):       101
   IOTLB hit rate:                  99.995%

   --- Latency Breakdown ---
   TOTAL IOMMU OVERHEAD:            4054.09 us
   Avg latency per access:          0.00201243 us

********************************************************************************
system.lenet5_clstr.conv2.llvm_interface
Total Area: 5875.03
Total Power Static: 2891.36

Total Power Dynamic: 75102.9
   ========= Performance Analysis =============
   Setup Time:                      0h 0m 0s 0ms 894us
   Simulation Time (Total):         0h 3m 21s 114ms
   Simulation Time (Active):        0h 0m 1s 1ms
        Queue Processing Time:      0h 0m 0s 849ms
             Scheduling Time:       0h 0m 0s 463ms
             Computation Time:      0h 0m 0s 91ms
   System Clock:                    0.1GHz
   Runtime:                         1421374 cycles
   Runtime:                         14213.7 us
   Stalls:                          0 cycles
   Executed Nodes:                  1421373 cycles

   ========= Kernel Validation Stats ==========
   Kernel validation enabled:       NO
   Configured latency per check:    0 us

   --- Access Breakdown ---
   Total memory accesses (validated): 0
   Cache hits (0 latency):          0
   Validation requests (full lat):  0
     of which DMA-ctrl writes:      0
   Coalesced waits (partial lat):   0
   Validations denied:              0

   --- Latency Breakdown ---
   Validation request latency:      0 us
   Coalesced wait latency:          0 us
   TOTAL SECURITY OVERHEAD:         0 us
   Avg latency per validation:      0 us
   Avg latency per coalesced wait:  0 us
   Avg overhead per blocked access: 0 us

   --- Cache Statistics ---
   Processes with cached pages:     0
   Unique pages validated (total):  0
   Cache hit rate:                  0%

   ========= IOMMU Stats =====================
   IOMMU enabled:                   YES
   IOMMU SimObject:                 system.lenet5_clstr.iommu

   --- Access Breakdown ---
   Total IOMMU checks:              2014521
   IOTLB hits:                      2014420
   IOTLB misses (page walks):       101
   IOTLB hit rate:                  99.995%

   --- Latency Breakdown ---
   TOTAL IOMMU OVERHEAD:            4054.09 us
   Avg latency per access:          0.00201243 us

********************************************************************************
system.lenet5_clstr.data_mover_3.llvm_interface
Total Area: 1112.55
Total Power Static: 96.7562

Total Power Dynamic: 1121.45
   ========= Performance Analysis =============
   Setup Time:                      0h 0m 0s 3ms 728us
   Simulation Time (Total):         0h 3m 22s 250ms
   Simulation Time (Active):        0h 0m 0s 347ms
        Queue Processing Time:      0h 0m 0s 196ms
             Scheduling Time:       0h 0m 0s 46ms
             Computation Time:      0h 0m 0s 11ms
   System Clock:                    0.1GHz
   Runtime:                         1461940 cycles
   Runtime:                         14619.4 us
   Stalls:                          0 cycles
   Executed Nodes:                  1461939 cycles

   ========= Kernel Validation Stats ==========
   Kernel validation enabled:       NO
   Configured latency per check:    0 us

   --- Access Breakdown ---
   Total memory accesses (validated): 0
   Cache hits (0 latency):          0
   Validation requests (full lat):  0
     of which DMA-ctrl writes:      0
   Coalesced waits (partial lat):   0
   Validations denied:              0

   --- Latency Breakdown ---
   Validation request latency:      0 us
   Coalesced wait latency:          0 us
   TOTAL SECURITY OVERHEAD:         0 us
   Avg latency per validation:      0 us
   Avg latency per coalesced wait:  0 us
   Avg overhead per blocked access: 0 us

   --- Cache Statistics ---
   Processes with cached pages:     0
   Unique pages validated (total):  0
   Cache hit rate:                  0%

   ========= IOMMU Stats =====================
   IOMMU enabled:                   YES
   IOMMU SimObject:                 system.lenet5_clstr.iommu

   --- Access Breakdown ---
   Total IOMMU checks:              2065009
   IOTLB hits:                      2064897
   IOTLB misses (page walks):       112
   IOTLB hit rate:                  99.9946%

   --- Latency Breakdown ---
   TOTAL IOMMU OVERHEAD:            4157.79 us
   Avg latency per access:          0.00201345 us

********************************************************************************
system.lenet5_clstr.fc0.llvm_interface
Total Area: 5516.14
Total Power Static: 605.722

Total Power Dynamic: 15761.6
   ========= Performance Analysis =============
   Setup Time:                      0h 0m 0s 0ms 726us
   Simulation Time (Total):         0h 3m 22s 242ms
   Simulation Time (Active):        0h 0m 0s 379ms
        Queue Processing Time:      0h 0m 0s 234ms
             Scheduling Time:       0h 0m 0s 75ms
             Computation Time:      0h 0m 0s 16ms
   System Clock:                    0.1GHz
   Runtime:                         1461906 cycles
   Runtime:                         14619.1 us
   Stalls:                          0 cycles
   Executed Nodes:                  1461905 cycles

   ========= Kernel Validation Stats ==========
   Kernel validation enabled:       NO
   Configured latency per check:    0 us

   --- Access Breakdown ---
   Total memory accesses (validated): 0
   Cache hits (0 latency):          0
   Validation requests (full lat):  0
     of which DMA-ctrl writes:      0
   Coalesced waits (partial lat):   0
   Validations denied:              0

   --- Latency Breakdown ---
   Validation request latency:      0 us
   Coalesced wait latency:          0 us
   TOTAL SECURITY OVERHEAD:         0 us
   Avg latency per validation:      0 us
   Avg latency per coalesced wait:  0 us
   Avg overhead per blocked access: 0 us

   --- Cache Statistics ---
   Processes with cached pages:     0
   Unique pages validated (total):  0
   Cache hit rate:                  0%

   ========= IOMMU Stats =====================
   IOMMU enabled:                   YES
   IOMMU SimObject:                 system.lenet5_clstr.iommu

   --- Access Breakdown ---
   Total IOMMU checks:              2065011
   IOTLB hits:                      2064899
   IOTLB misses (page walks):       112
   IOTLB hit rate:                  99.9946%

   --- Latency Breakdown ---
   TOTAL IOMMU OVERHEAD:            4157.8 us
   Avg latency per access:          0.00201345 us

********************************************************************************
system.lenet5_clstr.top.llvm_interface
Total Area: 201.48
Total Power Static: 224.049

Total Power Dynamic: 1101.01
   ========= Performance Analysis =============
   Setup Time:                      0h 0m 0s 7ms 598us
   Simulation Time (Total):         0h 3m 24s 152ms
   Simulation Time (Active):        0h 0m 3s 125ms
        Queue Processing Time:      0h 0m 2s 943ms
             Scheduling Time:       0h 0m 1s 412ms
             Computation Time:      0h 0m 0s 169ms
   System Clock:                    0.1GHz
   Runtime:                         1483606 cycles
   Runtime:                         14836.1 us
   Stalls:                          0 cycles
   Executed Nodes:                  1483605 cycles

   ========= Kernel Validation Stats ==========
   Kernel validation enabled:       NO
   Configured latency per check:    0 us

   --- Access Breakdown ---
   Total memory accesses (validated): 0
   Cache hits (0 latency):          0
   Validation requests (full lat):  0
     of which DMA-ctrl writes:      0
   Coalesced waits (partial lat):   0
   Validations denied:              0

   --- Latency Breakdown ---
   Validation request latency:      0 us
   Coalesced wait latency:          0 us
   TOTAL SECURITY OVERHEAD:         0 us
   Avg latency per validation:      0 us
   Avg latency per coalesced wait:  0 us
   Avg overhead per blocked access: 0 us

   --- Cache Statistics ---
   Processes with cached pages:     0
   Unique pages validated (total):  0
   Cache hit rate:                  0%

   ========= IOMMU Stats =====================
   IOMMU enabled:                   YES
   IOMMU SimObject:                 system.lenet5_clstr.iommu

   --- Access Breakdown ---
   Total IOMMU checks:              2065013
   IOTLB hits:                      2064901
   IOTLB misses (page walks):       112
   IOTLB hit rate:                  99.9946%

   --- Latency Breakdown ---
   TOTAL IOMMU OVERHEAD:            4157.8 us
   Avg latency per access:          0.00201345 us

Exiting @ tick 14886011000 because m5_exit instruction encountered
