build/ARM/base/statistics.hh:277: warn: One of the stats is a legacy stat. Legacy stat is a stat that does not belong to any statistics::Group. Legacy stat is deprecated.
Global frequency set at 1000000000000 ticks per second
build/ARM/mem/mem_interface.cc:793: warn: DRAM device capacity (16384 Mbytes) does not match the address range assigned (4096 Mbytes)
build/ARM/sim/kernel_workload.cc:46: info: kernel located at: /gem5-SALAM/benchmarks/lenet/design_b/sw/main.elf
build/ARM/arch/arm/system.cc:95: warn: Highest ARM exception-level set to AArch64 but the workload is for AArch32. Assuming you wanted these to match.
build/ARM/base/vnc/vncserver.cc:163: warn: Sockets disabled, not accepting vnc client connections
build/ARM/dev/serial/terminal.cc:170: warn: Sockets disabled, not accepting terminal connections
build/ARM/base/remote_gdb.cc:377: warn: Sockets disabled, not accepting gdb connections
build/ARM/mem/coherent_xbar.cc:140: warn: CoherentXBar system.lenet5_clstr.coherency_bus has no snooping ports attached!
build/ARM/dev/arm/energy_ctrl.cc:252: warn: Existing EnergyCtrl, but no enabled DVFSHandler found.
gem5 Simulator System.  http://gem5.org
gem5 is copyrighted software; use the --copyright option for details.

gem5 version 21.1.0.1
gem5 compiled May  6 2026 03:05:39
gem5 started May  6 2026 03:06:29
gem5 executing on 3b7fb6fd27b8, pid 3650986
command line: /gem5-SALAM/build/ARM/gem5.opt --listener-mode=off --outdir=/gem5-SALAM/BM_ARM_OUT/run_all/lenet_b/iommu_e8_m250ns /gem5-SALAM/configs/SALAM/fs_lenet_b.py --mem-size=4GB --mem-type=DDR4_2400_8x8 --machine-type=VExpress_GEM5_V1 --dtb-file=none --bare-metal --cpu-type=DerivO3CPU --caches --l2cache --kernel=/gem5-SALAM/benchmarks/lenet/design_b/sw/main.elf --disk-image=/gem5-SALAM/benchmarks/common/fake.iso --accpath=/gem5-SALAM/benchmarks/lenet/design_b --accbench=lenet_b --enable-iommu --iotlb-entries 8 --iotlb-hit-latency 2000 --iotlb-miss-latency 250000

[HWAccConfig] IOMMU ENABLED: entries=8, hit_lat=2000, miss_lat=250000
[HWAccConfig] IOMMU ENABLED: entries=8, hit_lat=2000, miss_lat=250000
[HWAccConfig] IOMMU ENABLED: entries=8, hit_lat=2000, miss_lat=250000
[HWAccConfig] IOMMU ENABLED: entries=8, hit_lat=2000, miss_lat=250000
[HWAccConfig] IOMMU ENABLED: entries=8, hit_lat=2000, miss_lat=250000
[HWAccConfig] IOMMU ENABLED: entries=8, hit_lat=2000, miss_lat=250000
[HWAccConfig] IOMMU ENABLED: entries=8, hit_lat=2000, miss_lat=250000
[HWAccConfig] IOMMU ENABLED: entries=8, hit_lat=2000, miss_lat=250000
[HWAccConfig] IOMMU ENABLED: entries=8, hit_lat=2000, miss_lat=250000
[HWAccConfig] IOMMU ENABLED: entries=8, hit_lat=2000, miss_lat=250000
[HWAccConfig] IOMMU ENABLED: entries=8, hit_lat=2000, miss_lat=250000
[HWAccConfig] IOMMU ENABLED: entries=8, hit_lat=2000, miss_lat=250000
**** REAL SIMULATION ****
warn: iobus.slave is deprecated. `slave` is now called `cpu_side_ports`
warn: bridge.master is deprecated. `master` is now called `mem_side_port`
warn: membus.master is deprecated. `master` is now called `mem_side_ports`
warn: bridge.slave is deprecated. `slave` is now called `cpu_side_port`
warn: membus.slave is deprecated. `slave` is now called `cpu_side_ports`
warn: tol2bus.master is deprecated. `master` is now called `mem_side_ports`
warn: membus.slave is deprecated. `slave` is now called `cpu_side_ports`
warn: tol2bus.slave is deprecated. `slave` is now called `cpu_side_ports`
warn: tol2bus.slave is deprecated. `slave` is now called `cpu_side_ports`
warn: tol2bus.slave is deprecated. `slave` is now called `cpu_side_ports`
warn: tol2bus.slave is deprecated. `slave` is now called `cpu_side_ports`
warn: membus.slave is deprecated. `slave` is now called `cpu_side_ports`
warn: coherency_bus.master is deprecated. `master` is now called `mem_side_ports`
warn: No dot file generated. Please install pydot to generate the dot file and pdf.
build/ARM/sim/simulate.cc:107: info: Entering event queue @ 0.  Starting simulation...
********************************************************************************
system.lenet5_clstr.conv0.llvm_interface
Total Area: 6604.76
Total Power Static: 7702.37

Total Power Dynamic: 186527
   ========= Performance Analysis =============
   Setup Time:                      0h 0m 0s 0ms 994us
   Simulation Time (Total):         0h 4m 28s 606ms
   Simulation Time (Active):        0h 0m 6s 793ms
        Queue Processing Time:      0h 0m 6s 693ms
             Scheduling Time:       0h 0m 3s 856ms
             Computation Time:      0h 0m 0s 764ms
   System Clock:                    0.1GHz
   Runtime:                         684210 cycles
   Runtime:                         6842.1 us
   Stalls:                          0 cycles
   Executed Nodes:                  684209 cycles

   ========= Kernel Validation Stats ==========
   Kernel validation enabled:       NO
   Configured latency per check:    0 us

   --- Access Breakdown ---
   Total memory accesses (validated): 0
   Cache hits (0 latency):          0
   Validation requests (full lat):  0
     of which DMA-ctrl writes:      0
   Coalesced waits (partial lat):   0
   Validations denied:              0

   --- Latency Breakdown ---
   Validation request latency:      0 us
   Coalesced wait latency:          0 us
   TOTAL SECURITY OVERHEAD:         0 us
   Avg latency per validation:      0 us
   Avg latency per coalesced wait:  0 us
   Avg overhead per blocked access: 0 us

   --- Cache Statistics ---
   Processes with cached pages:     0
   Unique pages validated (total):  0
   Cache hit rate:                  0%

   ========= IOMMU Stats =====================
   IOMMU enabled:                   YES
   IOMMU SimObject:                 system.lenet5_clstr.iommu

   --- Access Breakdown ---
   Total IOMMU checks:              494276
   IOTLB hits:                      487372
   IOTLB misses (page walks):       6904
   IOTLB hit rate:                  98.6032%

   --- Latency Breakdown ---
   TOTAL IOMMU OVERHEAD:            2700.74 us
   Avg latency per access:          0.00546404 us

********************************************************************************
system.lenet5_clstr.data_mover_0.llvm_interface
Total Area: 921.141
Total Power Static: 46.5935

Total Power Dynamic: 530.888
   ========= Performance Analysis =============
   Setup Time:                      0h 0m 0s 0ms 537us
   Simulation Time (Total):         0h 4m 28s 604ms
   Simulation Time (Active):        0h 0m 0s 332ms
        Queue Processing Time:      0h 0m 0s 251ms
             Scheduling Time:       0h 0m 0s 103ms
             Computation Time:      0h 0m 0s 16ms
   System Clock:                    0.1GHz
   Runtime:                         684184 cycles
   Runtime:                         6841.84 us
   Stalls:                          0 cycles
   Executed Nodes:                  684183 cycles

   ========= Kernel Validation Stats ==========
   Kernel validation enabled:       NO
   Configured latency per check:    0 us

   --- Access Breakdown ---
   Total memory accesses (validated): 0
   Cache hits (0 latency):          0
   Validation requests (full lat):  0
     of which DMA-ctrl writes:      0
   Coalesced waits (partial lat):   0
   Validations denied:              0

   --- Latency Breakdown ---
   Validation request latency:      0 us
   Coalesced wait latency:          0 us
   TOTAL SECURITY OVERHEAD:         0 us
   Avg latency per validation:      0 us
   Avg latency per coalesced wait:  0 us
   Avg overhead per blocked access: 0 us

   --- Cache Statistics ---
   Processes with cached pages:     0
   Unique pages validated (total):  0
   Cache hit rate:                  0%

   ========= IOMMU Stats =====================
   IOMMU enabled:                   YES
   IOMMU SimObject:                 system.lenet5_clstr.iommu

   --- Access Breakdown ---
   Total IOMMU checks:              494276
   IOTLB hits:                      487372
   IOTLB misses (page walks):       6904
   IOTLB hit rate:                  98.6032%

   --- Latency Breakdown ---
   TOTAL IOMMU OVERHEAD:            2700.74 us
   Avg latency per access:          0.00546404 us

********************************************************************************
system.lenet5_clstr.pool0.llvm_interface
Total Area: 6693.54
Total Power Static: 119.603

Total Power Dynamic: 2263.76
   ========= Performance Analysis =============
   Setup Time:                      0h 0m 0s 0ms 829us
   Simulation Time (Total):         0h 4m 28s 601ms
   Simulation Time (Active):        0h 0m 0s 345ms
        Queue Processing Time:      0h 0m 0s 280ms
             Scheduling Time:       0h 0m 0s 116ms
             Computation Time:      0h 0m 0s 27ms
   System Clock:                    0.1GHz
   Runtime:                         684150 cycles
   Runtime:                         6841.5 us
   Stalls:                          0 cycles
   Executed Nodes:                  684149 cycles

   ========= Kernel Validation Stats ==========
   Kernel validation enabled:       NO
   Configured latency per check:    0 us

   --- Access Breakdown ---
   Total memory accesses (validated): 0
   Cache hits (0 latency):          0
   Validation requests (full lat):  0
     of which DMA-ctrl writes:      0
   Coalesced waits (partial lat):   0
   Validations denied:              0

   --- Latency Breakdown ---
   Validation request latency:      0 us
   Coalesced wait latency:          0 us
   TOTAL SECURITY OVERHEAD:         0 us
   Avg latency per validation:      0 us
   Avg latency per coalesced wait:  0 us
   Avg overhead per blocked access: 0 us

   --- Cache Statistics ---
   Processes with cached pages:     0
   Unique pages validated (total):  0
   Cache hit rate:                  0%

   ========= IOMMU Stats =====================
   IOMMU enabled:                   YES
   IOMMU SimObject:                 system.lenet5_clstr.iommu

   --- Access Breakdown ---
   Total IOMMU checks:              494280
   IOTLB hits:                      487376
   IOTLB misses (page walks):       6904
   IOTLB hit rate:                  98.6032%

   --- Latency Breakdown ---
   TOTAL IOMMU OVERHEAD:            2700.75 us
   Avg latency per access:          0.00546401 us

********************************************************************************
system.lenet5_clstr.data_mover_1.llvm_interface
Total Area: 921.141
Total Power Static: 11.6632

Total Power Dynamic: 132.822
   ========= Performance Analysis =============
   Setup Time:                      0h 0m 0s 0ms 537us
   Simulation Time (Total):         0h 4m 28s 601ms
   Simulation Time (Active):        0h 0m 0s 204ms
        Queue Processing Time:      0h 0m 0s 118ms
             Scheduling Time:       0h 0m 0s 22ms
             Computation Time:      0h 0m 0s 9ms
   System Clock:                    0.1GHz
   Runtime:                         684144 cycles
   Runtime:                         6841.44 us
   Stalls:                          0 cycles
   Executed Nodes:                  684143 cycles

   ========= Kernel Validation Stats ==========
   Kernel validation enabled:       NO
   Configured latency per check:    0 us

   --- Access Breakdown ---
   Total memory accesses (validated): 0
   Cache hits (0 latency):          0
   Validation requests (full lat):  0
     of which DMA-ctrl writes:      0
   Coalesced waits (partial lat):   0
   Validations denied:              0

   --- Latency Breakdown ---
   Validation request latency:      0 us
   Coalesced wait latency:          0 us
   TOTAL SECURITY OVERHEAD:         0 us
   Avg latency per validation:      0 us
   Avg latency per coalesced wait:  0 us
   Avg overhead per blocked access: 0 us

   --- Cache Statistics ---
   Processes with cached pages:     0
   Unique pages validated (total):  0
   Cache hit rate:                  0%

   ========= IOMMU Stats =====================
   IOMMU enabled:                   YES
   IOMMU SimObject:                 system.lenet5_clstr.iommu

   --- Access Breakdown ---
   Total IOMMU checks:              494282
   IOTLB hits:                      487378
   IOTLB misses (page walks):       6904
   IOTLB hit rate:                  98.6032%

   --- Latency Breakdown ---
   TOTAL IOMMU OVERHEAD:            2700.76 us
   Avg latency per access:          0.005464 us

********************************************************************************
system.lenet5_clstr.data_mover_2.llvm_interface
Total Area: 921.141
Total Power Static: 15.4509

Total Power Dynamic: 178.201
   ========= Performance Analysis =============
   Setup Time:                      0h 0m 0s 0ms 729us
   Simulation Time (Total):         0h 5m 40s 557ms
   Simulation Time (Active):        0h 0m 0s 278ms
        Queue Processing Time:      0h 0m 0s 153ms
             Scheduling Time:       0h 0m 0s 20ms
             Computation Time:      0h 0m 0s 3ms
   System Clock:                    0.1GHz
   Runtime:                         1238225 cycles
   Runtime:                         12382.2 us
   Stalls:                          0 cycles
   Executed Nodes:                  1238224 cycles

   ========= Kernel Validation Stats ==========
   Kernel validation enabled:       NO
   Configured latency per check:    0 us

   --- Access Breakdown ---
   Total memory accesses (validated): 0
   Cache hits (0 latency):          0
   Validation requests (full lat):  0
     of which DMA-ctrl writes:      0
   Coalesced waits (partial lat):   0
   Validations denied:              0

   --- Latency Breakdown ---
   Validation request latency:      0 us
   Coalesced wait latency:          0 us
   TOTAL SECURITY OVERHEAD:         0 us
   Avg latency per validation:      0 us
   Avg latency per coalesced wait:  0 us
   Avg overhead per blocked access: 0 us

   --- Cache Statistics ---
   Processes with cached pages:     0
   Unique pages validated (total):  0
   Cache hit rate:                  0%

   ========= IOMMU Stats =====================
   IOMMU enabled:                   YES
   IOMMU SimObject:                 system.lenet5_clstr.iommu

   --- Access Breakdown ---
   Total IOMMU checks:              826272
   IOTLB hits:                      817893
   IOTLB misses (page walks):       8379
   IOTLB hit rate:                  98.9859%

   --- Latency Breakdown ---
   TOTAL IOMMU OVERHEAD:            3730.54 us
   Avg latency per access:          0.0045149 us

********************************************************************************
system.lenet5_clstr.conv1.llvm_interface
Total Area: 6784.2
Total Power Static: 15677.5

Total Power Dynamic: 376721
   ========= Performance Analysis =============
   Setup Time:                      0h 0m 0s 1ms 6us
   Simulation Time (Total):         0h 5m 40s 574ms
   Simulation Time (Active):        0h 0m 5s 976ms
        Queue Processing Time:      0h 0m 5s 856ms
             Scheduling Time:       0h 0m 3s 515ms
             Computation Time:      0h 0m 0s 696ms
   System Clock:                    0.1GHz
   Runtime:                         1238251 cycles
   Runtime:                         12382.5 us
   Stalls:                          0 cycles
   Executed Nodes:                  1238250 cycles

   ========= Kernel Validation Stats ==========
   Kernel validation enabled:       NO
   Configured latency per check:    0 us

   --- Access Breakdown ---
   Total memory accesses (validated): 0
   Cache hits (0 latency):          0
   Validation requests (full lat):  0
     of which DMA-ctrl writes:      0
   Coalesced waits (partial lat):   0
   Validations denied:              0

   --- Latency Breakdown ---
   Validation request latency:      0 us
   Coalesced wait latency:          0 us
   TOTAL SECURITY OVERHEAD:         0 us
   Avg latency per validation:      0 us
   Avg latency per coalesced wait:  0 us
   Avg overhead per blocked access: 0 us

   --- Cache Statistics ---
   Processes with cached pages:     0
   Unique pages validated (total):  0
   Cache hit rate:                  0%

   ========= IOMMU Stats =====================
   IOMMU enabled:                   YES
   IOMMU SimObject:                 system.lenet5_clstr.iommu

   --- Access Breakdown ---
   Total IOMMU checks:              826272
   IOTLB hits:                      817893
   IOTLB misses (page walks):       8379
   IOTLB hit rate:                  98.9859%

   --- Latency Breakdown ---
   TOTAL IOMMU OVERHEAD:            3730.54 us
   Avg latency per access:          0.0045149 us

********************************************************************************
system.lenet5_clstr.pool1.llvm_interface
Total Area: 6693.54
Total Power Static: 40.6797

Total Power Dynamic: 769.272
   ========= Performance Analysis =============
   Setup Time:                      0h 0m 0s 0ms 980us
   Simulation Time (Total):         0h 5m 40s 512ms
   Simulation Time (Active):        0h 0m 0s 251ms
        Queue Processing Time:      0h 0m 0s 142ms
             Scheduling Time:       0h 0m 0s 24ms
             Computation Time:      0h 0m 0s 4ms
   System Clock:                    0.1GHz
   Runtime:                         1238191 cycles
   Runtime:                         12381.9 us
   Stalls:                          0 cycles
   Executed Nodes:                  1238190 cycles

   ========= Kernel Validation Stats ==========
   Kernel validation enabled:       NO
   Configured latency per check:    0 us

   --- Access Breakdown ---
   Total memory accesses (validated): 0
   Cache hits (0 latency):          0
   Validation requests (full lat):  0
     of which DMA-ctrl writes:      0
   Coalesced waits (partial lat):   0
   Validations denied:              0

   --- Latency Breakdown ---
   Validation request latency:      0 us
   Coalesced wait latency:          0 us
   TOTAL SECURITY OVERHEAD:         0 us
   Avg latency per validation:      0 us
   Avg latency per coalesced wait:  0 us
   Avg overhead per blocked access: 0 us

   --- Cache Statistics ---
   Processes with cached pages:     0
   Unique pages validated (total):  0
   Cache hit rate:                  0%

   ========= IOMMU Stats =====================
   IOMMU enabled:                   YES
   IOMMU SimObject:                 system.lenet5_clstr.iommu

   --- Access Breakdown ---
   Total IOMMU checks:              826272
   IOTLB hits:                      817893
   IOTLB misses (page walks):       8379
   IOTLB hit rate:                  98.9859%

   --- Latency Breakdown ---
   TOTAL IOMMU OVERHEAD:            3730.54 us
   Avg latency per access:          0.0045149 us

********************************************************************************
system.lenet5_clstr.data_mover_3.llvm_interface
Total Area: 921.141
Total Power Static: 3.86689

Total Power Dynamic: 44.586
   ========= Performance Analysis =============
   Setup Time:                      0h 0m 0s 0ms 723us
   Simulation Time (Total):         0h 5m 40s 496ms
   Simulation Time (Active):        0h 0m 0s 234ms
        Queue Processing Time:      0h 0m 0s 129ms
             Scheduling Time:       0h 0m 0s 4ms
             Computation Time:      0h 0m 0s 0ms
   System Clock:                    0.1GHz
   Runtime:                         1238211 cycles
   Runtime:                         12382.1 us
   Stalls:                          0 cycles
   Executed Nodes:                  1238210 cycles

   ========= Kernel Validation Stats ==========
   Kernel validation enabled:       NO
   Configured latency per check:    0 us

   --- Access Breakdown ---
   Total memory accesses (validated): 0
   Cache hits (0 latency):          0
   Validation requests (full lat):  0
     of which DMA-ctrl writes:      0
   Coalesced waits (partial lat):   0
   Validations denied:              0

   --- Latency Breakdown ---
   Validation request latency:      0 us
   Coalesced wait latency:          0 us
   TOTAL SECURITY OVERHEAD:         0 us
   Avg latency per validation:      0 us
   Avg latency per coalesced wait:  0 us
   Avg overhead per blocked access: 0 us

   --- Cache Statistics ---
   Processes with cached pages:     0
   Unique pages validated (total):  0
   Cache hit rate:                  0%

   ========= IOMMU Stats =====================
   IOMMU enabled:                   YES
   IOMMU SimObject:                 system.lenet5_clstr.iommu

   --- Access Breakdown ---
   Total IOMMU checks:              826275
   IOTLB hits:                      817895
   IOTLB misses (page walks):       8380
   IOTLB hit rate:                  98.9858%

   --- Latency Breakdown ---
   TOTAL IOMMU OVERHEAD:            3730.79 us
   Avg latency per access:          0.00451519 us

********************************************************************************
system.lenet5_clstr.conv2.llvm_interface
Total Area: 6066.43
Total Power Static: 2891.65

Total Power Dynamic: 75108.6
   ========= Performance Analysis =============
   Setup Time:                      0h 0m 0s 0ms 948us
   Simulation Time (Total):         0h 5m 52s 662ms
   Simulation Time (Active):        0h 0m 1s 0ms
        Queue Processing Time:      0h 0m 0s 863ms
             Scheduling Time:       0h 0m 0s 448ms
             Computation Time:      0h 0m 0s 91ms
   System Clock:                    0.1GHz
   Runtime:                         1533826 cycles
   Runtime:                         15338.3 us
   Stalls:                          0 cycles
   Executed Nodes:                  1533825 cycles

   ========= Kernel Validation Stats ==========
   Kernel validation enabled:       NO
   Configured latency per check:    0 us

   --- Access Breakdown ---
   Total memory accesses (validated): 0
   Cache hits (0 latency):          0
   Validation requests (full lat):  0
     of which DMA-ctrl writes:      0
   Coalesced waits (partial lat):   0
   Validations denied:              0

   --- Latency Breakdown ---
   Validation request latency:      0 us
   Coalesced wait latency:          0 us
   TOTAL SECURITY OVERHEAD:         0 us
   Avg latency per validation:      0 us
   Avg latency per coalesced wait:  0 us
   Avg overhead per blocked access: 0 us

   --- Cache Statistics ---
   Processes with cached pages:     0
   Unique pages validated (total):  0
   Cache hit rate:                  0%

   ========= IOMMU Stats =====================
   IOMMU enabled:                   YES
   IOMMU SimObject:                 system.lenet5_clstr.iommu

   --- Access Breakdown ---
   Total IOMMU checks:              935298
   IOTLB hits:                      921095
   IOTLB misses (page walks):       14203
   IOTLB hit rate:                  98.4814%

   --- Latency Breakdown ---
   TOTAL IOMMU OVERHEAD:            5392.94 us
   Avg latency per access:          0.00576601 us

********************************************************************************
system.lenet5_clstr.data_mover_4.llvm_interface
Total Area: 562.255
Total Power Static: 1.13697

Total Power Dynamic: 13.2473
   ========= Performance Analysis =============
   Setup Time:                      0h 0m 0s 0ms 602us
   Simulation Time (Total):         0h 5m 52s 623ms
   Simulation Time (Active):        0h 0m 0s 241ms
        Queue Processing Time:      0h 0m 0s 117ms
             Scheduling Time:       0h 0m 0s 0ms
             Computation Time:      0h 0m 0s 0ms
   System Clock:                    0.1GHz
   Runtime:                         1533802 cycles
   Runtime:                         15338 us
   Stalls:                          0 cycles
   Executed Nodes:                  1533801 cycles

   ========= Kernel Validation Stats ==========
   Kernel validation enabled:       NO
   Configured latency per check:    0 us

   --- Access Breakdown ---
   Total memory accesses (validated): 0
   Cache hits (0 latency):          0
   Validation requests (full lat):  0
     of which DMA-ctrl writes:      0
   Coalesced waits (partial lat):   0
   Validations denied:              0

   --- Latency Breakdown ---
   Validation request latency:      0 us
   Coalesced wait latency:          0 us
   TOTAL SECURITY OVERHEAD:         0 us
   Avg latency per validation:      0 us
   Avg latency per coalesced wait:  0 us
   Avg overhead per blocked access: 0 us

   --- Cache Statistics ---
   Processes with cached pages:     0
   Unique pages validated (total):  0
   Cache hit rate:                  0%

   ========= IOMMU Stats =====================
   IOMMU enabled:                   YES
   IOMMU SimObject:                 system.lenet5_clstr.iommu

   --- Access Breakdown ---
   Total IOMMU checks:              935300
   IOTLB hits:                      921097
   IOTLB misses (page walks):       14203
   IOTLB hit rate:                  98.4814%

   --- Latency Breakdown ---
   TOTAL IOMMU OVERHEAD:            5392.94 us
   Avg latency per access:          0.005766 us

********************************************************************************
system.lenet5_clstr.fc0.llvm_interface
Total Area: 5707.55
Total Power Static: 605.723

Total Power Dynamic: 15765.7
   ========= Performance Analysis =============
   Setup Time:                      0h 0m 0s 0ms 763us
   Simulation Time (Total):         0h 5m 53s 611ms
   Simulation Time (Active):        0h 0m 0s 362ms
        Queue Processing Time:      0h 0m 0s 231ms
             Scheduling Time:       0h 0m 0s 65ms
             Computation Time:      0h 0m 0s 14ms
   System Clock:                    0.1GHz
   Runtime:                         1584673 cycles
   Runtime:                         15846.7 us
   Stalls:                          0 cycles
   Executed Nodes:                  1584672 cycles

   ========= Kernel Validation Stats ==========
   Kernel validation enabled:       NO
   Configured latency per check:    0 us

   --- Access Breakdown ---
   Total memory accesses (validated): 0
   Cache hits (0 latency):          0
   Validation requests (full lat):  0
     of which DMA-ctrl writes:      0
   Coalesced waits (partial lat):   0
   Validations denied:              0

   --- Latency Breakdown ---
   Validation request latency:      0 us
   Coalesced wait latency:          0 us
   TOTAL SECURITY OVERHEAD:         0 us
   Avg latency per validation:      0 us
   Avg latency per coalesced wait:  0 us
   Avg overhead per blocked access: 0 us

   --- Cache Statistics ---
   Processes with cached pages:     0
   Unique pages validated (total):  0
   Cache hit rate:                  0%

   ========= IOMMU Stats =====================
   IOMMU enabled:                   YES
   IOMMU SimObject:                 system.lenet5_clstr.iommu

   --- Access Breakdown ---
   Total IOMMU checks:              957794
   IOTLB hits:                      942760
   IOTLB misses (page walks):       15034
   IOTLB hit rate:                  98.4304%

   --- Latency Breakdown ---
   TOTAL IOMMU OVERHEAD:            5644.02 us
   Avg latency per access:          0.00589273 us

********************************************************************************
system.lenet5_clstr.top.llvm_interface
Total Area: 251.85
Total Power Static: 57.5973

Total Power Dynamic: 283.043
   ========= Performance Analysis =============
   Setup Time:                      0h 0m 0s 1ms 654us
   Simulation Time (Total):         0h 5m 54s 14ms
   Simulation Time (Active):        0h 0m 1s 217ms
        Queue Processing Time:      0h 0m 1s 56ms
             Scheduling Time:       0h 0m 0s 447ms
             Computation Time:      0h 0m 0s 52ms
   System Clock:                    0.1GHz
   Runtime:                         1588394 cycles
   Runtime:                         15883.9 us
   Stalls:                          0 cycles
   Executed Nodes:                  1588393 cycles

   ========= Kernel Validation Stats ==========
   Kernel validation enabled:       NO
   Configured latency per check:    0 us

   --- Access Breakdown ---
   Total memory accesses (validated): 0
   Cache hits (0 latency):          0
   Validation requests (full lat):  0
     of which DMA-ctrl writes:      0
   Coalesced waits (partial lat):   0
   Validations denied:              0

   --- Latency Breakdown ---
   Validation request latency:      0 us
   Coalesced wait latency:          0 us
   TOTAL SECURITY OVERHEAD:         0 us
   Avg latency per validation:      0 us
   Avg latency per coalesced wait:  0 us
   Avg overhead per blocked access: 0 us

   --- Cache Statistics ---
   Processes with cached pages:     0
   Unique pages validated (total):  0
   Cache hit rate:                  0%

   ========= IOMMU Stats =====================
   IOMMU enabled:                   YES
   IOMMU SimObject:                 system.lenet5_clstr.iommu

   --- Access Breakdown ---
   Total IOMMU checks:              957846
   IOTLB hits:                      942810
   IOTLB misses (page walks):       15036
   IOTLB hit rate:                  98.4302%

   --- Latency Breakdown ---
   TOTAL IOMMU OVERHEAD:            5644.62 us
   Avg latency per access:          0.00589303 us

Exiting @ tick 15961771000 because m5_exit instruction encountered
