build/ARM/base/statistics.hh:277: warn: One of the stats is a legacy stat. Legacy stat is a stat that does not belong to any statistics::Group. Legacy stat is deprecated.
Global frequency set at 1000000000000 ticks per second
build/ARM/mem/mem_interface.cc:793: warn: DRAM device capacity (16384 Mbytes) does not match the address range assigned (4096 Mbytes)
build/ARM/sim/kernel_workload.cc:46: info: kernel located at: /gem5-SALAM/benchmarks/lenet/design_c/sw/main.elf
build/ARM/arch/arm/system.cc:95: warn: Highest ARM exception-level set to AArch64 but the workload is for AArch32. Assuming you wanted these to match.
build/ARM/base/vnc/vncserver.cc:163: warn: Sockets disabled, not accepting vnc client connections
build/ARM/dev/serial/terminal.cc:170: warn: Sockets disabled, not accepting terminal connections
build/ARM/base/remote_gdb.cc:377: warn: Sockets disabled, not accepting gdb connections
build/ARM/mem/coherent_xbar.cc:140: warn: CoherentXBar system.lenet5_clstr.coherency_bus has no snooping ports attached!
build/ARM/dev/arm/energy_ctrl.cc:252: warn: Existing EnergyCtrl, but no enabled DVFSHandler found.
gem5 Simulator System.  http://gem5.org
gem5 is copyrighted software; use the --copyright option for details.

gem5 version 21.1.0.1
gem5 compiled May  2 2026 19:55:51
gem5 started May  3 2026 00:10:55
gem5 executing on 3b7fb6fd27b8, pid 1113890
command line: /gem5-SALAM/build/ARM/gem5.opt --listener-mode=off --outdir=/gem5-SALAM/BM_ARM_OUT/run_all/lenet_c/iommu_e2048_m100ns /gem5-SALAM/configs/SALAM/fs_lenet_c.py --mem-size=4GB --mem-type=DDR4_2400_8x8 --machine-type=VExpress_GEM5_V1 --dtb-file=none --bare-metal --cpu-type=DerivO3CPU --caches --l2cache --kernel=/gem5-SALAM/benchmarks/lenet/design_c/sw/main.elf --disk-image=/gem5-SALAM/benchmarks/common/fake.iso --accpath=/gem5-SALAM/benchmarks/lenet/design_c --accbench=lenet_c --enable-iommu --iotlb-entries 2048 --iotlb-hit-latency 2000 --iotlb-miss-latency 100000

[HWAccConfig] IOMMU ENABLED: entries=2048, hit_lat=2000, miss_lat=100000
[HWAccConfig] IOMMU ENABLED: entries=2048, hit_lat=2000, miss_lat=100000
[HWAccConfig] IOMMU ENABLED: entries=2048, hit_lat=2000, miss_lat=100000
[HWAccConfig] IOMMU ENABLED: entries=2048, hit_lat=2000, miss_lat=100000
[HWAccConfig] IOMMU ENABLED: entries=2048, hit_lat=2000, miss_lat=100000
[HWAccConfig] IOMMU ENABLED: entries=2048, hit_lat=2000, miss_lat=100000
[HWAccConfig] IOMMU ENABLED: entries=2048, hit_lat=2000, miss_lat=100000
[HWAccConfig] IOMMU ENABLED: entries=2048, hit_lat=2000, miss_lat=100000
[HWAccConfig] IOMMU ENABLED: entries=2048, hit_lat=2000, miss_lat=100000
[HWAccConfig] IOMMU ENABLED: entries=2048, hit_lat=2000, miss_lat=100000
[HWAccConfig] IOMMU ENABLED: entries=2048, hit_lat=2000, miss_lat=100000
[HWAccConfig] IOMMU ENABLED: entries=2048, hit_lat=2000, miss_lat=100000
[HWAccConfig] IOMMU ENABLED: entries=2048, hit_lat=2000, miss_lat=100000
**** REAL SIMULATION ****
warn: iobus.slave is deprecated. `slave` is now called `cpu_side_ports`
warn: bridge.master is deprecated. `master` is now called `mem_side_port`
warn: membus.master is deprecated. `master` is now called `mem_side_ports`
warn: bridge.slave is deprecated. `slave` is now called `cpu_side_port`
warn: membus.slave is deprecated. `slave` is now called `cpu_side_ports`
warn: tol2bus.master is deprecated. `master` is now called `mem_side_ports`
warn: membus.slave is deprecated. `slave` is now called `cpu_side_ports`
warn: tol2bus.slave is deprecated. `slave` is now called `cpu_side_ports`
warn: tol2bus.slave is deprecated. `slave` is now called `cpu_side_ports`
warn: tol2bus.slave is deprecated. `slave` is now called `cpu_side_ports`
warn: tol2bus.slave is deprecated. `slave` is now called `cpu_side_ports`
warn: membus.slave is deprecated. `slave` is now called `cpu_side_ports`
warn: coherency_bus.master is deprecated. `master` is now called `mem_side_ports`
warn: No dot file generated. Please install pydot to generate the dot file and pdf.
build/ARM/sim/simulate.cc:107: info: Entering event queue @ 0.  Starting simulation...
********************************************************************************
system.lenet5_clstr.data_mover_0.llvm_interface
Total Area: 2560.05
Total Power Static: 1249

Total Power Dynamic: 13797
   ========= Performance Analysis =============
   Setup Time:                      0h 0m 0s 1ms 238us
   Simulation Time (Total):         0h 2m 54s 446ms
   Simulation Time (Active):        0h 0m 3s 611ms
        Queue Processing Time:      0h 0m 3s 389ms
             Scheduling Time:       0h 0m 1s 903ms
             Computation Time:      0h 0m 0s 429ms
   System Clock:                    0.1GHz
   Runtime:                         1044448 cycles
   Runtime:                         10444.5 us
   Stalls:                          0 cycles
   Executed Nodes:                  1044447 cycles

   ========= Kernel Validation Stats ==========
   Kernel validation enabled:       NO
   Configured latency per check:    0 us

   --- Access Breakdown ---
   Total memory accesses (validated): 0
   Cache hits (0 latency):          0
   Validation requests (full lat):  0
   Coalesced waits (partial lat):   0
   Validations denied:              0

   --- Latency Breakdown ---
   Validation request latency:      0 us
   Coalesced wait latency:          0 us
   TOTAL SECURITY OVERHEAD:         0 us
   Avg latency per validation:      0 us
   Avg latency per coalesced wait:  0 us
   Avg overhead per blocked access: 0 us

   --- Cache Statistics ---
   Processes with cached pages:     0
   Unique pages validated (total):  0
   Cache hit rate:                  0%

   ========= IOMMU Stats =====================
   IOMMU enabled:                   YES
   IOMMU SimObject:                 system.lenet5_clstr.iommu

   --- Access Breakdown ---
   Total IOMMU checks:              1561116
   IOTLB hits:                      1561109
   IOTLB misses (page walks):       7
   IOTLB hit rate:                  99.9996%

   --- Latency Breakdown ---
   TOTAL IOMMU OVERHEAD:            3122.92 us
   Avg latency per access:          0.00200044 us

********************************************************************************
system.lenet5_clstr.conv0.llvm_interface
Total Area: 6054.47
Total Power Static: 7131.27

Total Power Dynamic: 184286
   ========= Performance Analysis =============
   Setup Time:                      0h 0m 0s 0ms 843us
   Simulation Time (Total):         0h 2m 54s 439ms
   Simulation Time (Active):        0h 0m 4s 983ms
        Queue Processing Time:      0h 0m 4s 821ms
             Scheduling Time:       0h 0m 2s 915ms
             Computation Time:      0h 0m 0s 608ms
   System Clock:                    0.1GHz
   Runtime:                         1044440 cycles
   Runtime:                         10444.4 us
   Stalls:                          0 cycles
   Executed Nodes:                  1044439 cycles

   ========= Kernel Validation Stats ==========
   Kernel validation enabled:       NO
   Configured latency per check:    0 us

   --- Access Breakdown ---
   Total memory accesses (validated): 0
   Cache hits (0 latency):          0
   Validation requests (full lat):  0
   Coalesced waits (partial lat):   0
   Validations denied:              0

   --- Latency Breakdown ---
   Validation request latency:      0 us
   Coalesced wait latency:          0 us
   TOTAL SECURITY OVERHEAD:         0 us
   Avg latency per validation:      0 us
   Avg latency per coalesced wait:  0 us
   Avg overhead per blocked access: 0 us

   --- Cache Statistics ---
   Processes with cached pages:     0
   Unique pages validated (total):  0
   Cache hit rate:                  0%

   ========= IOMMU Stats =====================
   IOMMU enabled:                   YES
   IOMMU SimObject:                 system.lenet5_clstr.iommu

   --- Access Breakdown ---
   Total IOMMU checks:              1561118
   IOTLB hits:                      1561111
   IOTLB misses (page walks):       7
   IOTLB hit rate:                  99.9996%

   --- Latency Breakdown ---
   TOTAL IOMMU OVERHEAD:            3122.92 us
   Avg latency per access:          0.00200044 us

********************************************************************************
system.lenet5_clstr.pool_mover_0.llvm_interface
Total Area: 780.105
Total Power Static: 38.3364

Total Power Dynamic: 304.907
   ========= Performance Analysis =============
   Setup Time:                      0h 0m 0s 0ms 454us
   Simulation Time (Total):         0h 2m 54s 439ms
   Simulation Time (Active):        0h 0m 0s 310ms
        Queue Processing Time:      0h 0m 0s 193ms
             Scheduling Time:       0h 0m 0s 71ms
             Computation Time:      0h 0m 0s 9ms
   System Clock:                    0.1GHz
   Runtime:                         1044430 cycles
   Runtime:                         10444.3 us
   Stalls:                          0 cycles
   Executed Nodes:                  1044429 cycles

   ========= Kernel Validation Stats ==========
   Kernel validation enabled:       NO
   Configured latency per check:    0 us

   --- Access Breakdown ---
   Total memory accesses (validated): 0
   Cache hits (0 latency):          0
   Validation requests (full lat):  0
   Coalesced waits (partial lat):   0
   Validations denied:              0

   --- Latency Breakdown ---
   Validation request latency:      0 us
   Coalesced wait latency:          0 us
   TOTAL SECURITY OVERHEAD:         0 us
   Avg latency per validation:      0 us
   Avg latency per coalesced wait:  0 us
   Avg overhead per blocked access: 0 us

   --- Cache Statistics ---
   Processes with cached pages:     0
   Unique pages validated (total):  0
   Cache hit rate:                  0%

   ========= IOMMU Stats =====================
   IOMMU enabled:                   YES
   IOMMU SimObject:                 system.lenet5_clstr.iommu

   --- Access Breakdown ---
   Total IOMMU checks:              1561119
   IOTLB hits:                      1561112
   IOTLB misses (page walks):       7
   IOTLB hit rate:                  99.9996%

   --- Latency Breakdown ---
   TOTAL IOMMU OVERHEAD:            3122.92 us
   Avg latency per access:          0.00200044 us

********************************************************************************
system.lenet5_clstr.pool0.llvm_interface
Total Area: 6221.95
Total Power Static: 104.183

Total Power Dynamic: 2173.03
   ========= Performance Analysis =============
   Setup Time:                      0h 0m 0s 0ms 835us
   Simulation Time (Total):         0h 3m 3s 520ms
   Simulation Time (Active):        0h 0m 0s 451ms
        Queue Processing Time:      0h 0m 0s 297ms
             Scheduling Time:       0h 0m 0s 106ms
             Computation Time:      0h 0m 0s 32ms
   System Clock:                    0.1GHz
   Runtime:                         1117067 cycles
   Runtime:                         11170.7 us
   Stalls:                          0 cycles
   Executed Nodes:                  1117066 cycles

   ========= Kernel Validation Stats ==========
   Kernel validation enabled:       NO
   Configured latency per check:    0 us

   --- Access Breakdown ---
   Total memory accesses (validated): 0
   Cache hits (0 latency):          0
   Validation requests (full lat):  0
   Coalesced waits (partial lat):   0
   Validations denied:              0

   --- Latency Breakdown ---
   Validation request latency:      0 us
   Coalesced wait latency:          0 us
   TOTAL SECURITY OVERHEAD:         0 us
   Avg latency per validation:      0 us
   Avg latency per coalesced wait:  0 us
   Avg overhead per blocked access: 0 us

   --- Cache Statistics ---
   Processes with cached pages:     0
   Unique pages validated (total):  0
   Cache hit rate:                  0%

   ========= IOMMU Stats =====================
   IOMMU enabled:                   YES
   IOMMU SimObject:                 system.lenet5_clstr.iommu

   --- Access Breakdown ---
   Total IOMMU checks:              1646054
   IOTLB hits:                      1646047
   IOTLB misses (page walks):       7
   IOTLB hit rate:                  99.9996%

   --- Latency Breakdown ---
   TOTAL IOMMU OVERHEAD:            3292.79 us
   Avg latency per access:          0.00200042 us

********************************************************************************
system.lenet5_clstr.data_mover_1.llvm_interface
Total Area: 3098.38
Total Power Static: 2424.96

Total Power Dynamic: 27394.9
   ========= Performance Analysis =============
   Setup Time:                      0h 0m 0s 7ms 510us
   Simulation Time (Total):         0h 3m 16s 628ms
   Simulation Time (Active):        0h 0m 5s 718ms
        Queue Processing Time:      0h 0m 5s 546ms
             Scheduling Time:       0h 0m 3s 304ms
             Computation Time:      0h 0m 0s 714ms
   System Clock:                    0.1GHz
   Runtime:                         1221400 cycles
   Runtime:                         12214 us
   Stalls:                          0 cycles
   Executed Nodes:                  1221399 cycles

   ========= Kernel Validation Stats ==========
   Kernel validation enabled:       NO
   Configured latency per check:    0 us

   --- Access Breakdown ---
   Total memory accesses (validated): 0
   Cache hits (0 latency):          0
   Validation requests (full lat):  0
   Coalesced waits (partial lat):   0
   Validations denied:              0

   --- Latency Breakdown ---
   Validation request latency:      0 us
   Coalesced wait latency:          0 us
   TOTAL SECURITY OVERHEAD:         0 us
   Avg latency per validation:      0 us
   Avg latency per coalesced wait:  0 us
   Avg overhead per blocked access: 0 us

   --- Cache Statistics ---
   Processes with cached pages:     0
   Unique pages validated (total):  0
   Cache hit rate:                  0%

   ========= IOMMU Stats =====================
   IOMMU enabled:                   YES
   IOMMU SimObject:                 system.lenet5_clstr.iommu

   --- Access Breakdown ---
   Total IOMMU checks:              1769174
   IOTLB hits:                      1769167
   IOTLB misses (page walks):       7
   IOTLB hit rate:                  99.9996%

   --- Latency Breakdown ---
   TOTAL IOMMU OVERHEAD:            3539.03 us
   Avg latency per access:          0.00200039 us

********************************************************************************
system.lenet5_clstr.conv1.llvm_interface
Total Area: 6233.91
Total Power Static: 14530.9

Total Power Dynamic: 375959
   ========= Performance Analysis =============
   Setup Time:                      0h 0m 0s 0ms 854us
   Simulation Time (Total):         0h 3m 16s 627ms
   Simulation Time (Active):        0h 0m 8s 68ms
        Queue Processing Time:      0h 0m 7s 888ms
             Scheduling Time:       0h 0m 4s 818ms
             Computation Time:      0h 0m 1s 0ms
   System Clock:                    0.1GHz
   Runtime:                         1221392 cycles
   Runtime:                         12213.9 us
   Stalls:                          0 cycles
   Executed Nodes:                  1221391 cycles

   ========= Kernel Validation Stats ==========
   Kernel validation enabled:       NO
   Configured latency per check:    0 us

   --- Access Breakdown ---
   Total memory accesses (validated): 0
   Cache hits (0 latency):          0
   Validation requests (full lat):  0
   Coalesced waits (partial lat):   0
   Validations denied:              0

   --- Latency Breakdown ---
   Validation request latency:      0 us
   Coalesced wait latency:          0 us
   TOTAL SECURITY OVERHEAD:         0 us
   Avg latency per validation:      0 us
   Avg latency per coalesced wait:  0 us
   Avg overhead per blocked access: 0 us

   --- Cache Statistics ---
   Processes with cached pages:     0
   Unique pages validated (total):  0
   Cache hit rate:                  0%

   ========= IOMMU Stats =====================
   IOMMU enabled:                   YES
   IOMMU SimObject:                 system.lenet5_clstr.iommu

   --- Access Breakdown ---
   Total IOMMU checks:              1769175
   IOTLB hits:                      1769168
   IOTLB misses (page walks):       7
   IOTLB hit rate:                  99.9996%

   --- Latency Breakdown ---
   TOTAL IOMMU OVERHEAD:            3539.04 us
   Avg latency per access:          0.00200039 us

********************************************************************************
system.lenet5_clstr.pool_mover_1.llvm_interface
Total Area: 780.105
Total Power Static: 12.6423

Total Power Dynamic: 101.338
   ========= Performance Analysis =============
   Setup Time:                      0h 0m 0s 6ms 599us
   Simulation Time (Total):         0h 3m 16s 620ms
   Simulation Time (Active):        0h 0m 0s 264ms
        Queue Processing Time:      0h 0m 0s 132ms
             Scheduling Time:       0h 0m 0s 18ms
             Computation Time:      0h 0m 0s 3ms
   System Clock:                    0.1GHz
   Runtime:                         1221382 cycles
   Runtime:                         12213.8 us
   Stalls:                          0 cycles
   Executed Nodes:                  1221381 cycles

   ========= Kernel Validation Stats ==========
   Kernel validation enabled:       NO
   Configured latency per check:    0 us

   --- Access Breakdown ---
   Total memory accesses (validated): 0
   Cache hits (0 latency):          0
   Validation requests (full lat):  0
   Coalesced waits (partial lat):   0
   Validations denied:              0

   --- Latency Breakdown ---
   Validation request latency:      0 us
   Coalesced wait latency:          0 us
   TOTAL SECURITY OVERHEAD:         0 us
   Avg latency per validation:      0 us
   Avg latency per coalesced wait:  0 us
   Avg overhead per blocked access: 0 us

   --- Cache Statistics ---
   Processes with cached pages:     0
   Unique pages validated (total):  0
   Cache hit rate:                  0%

   ========= IOMMU Stats =====================
   IOMMU enabled:                   YES
   IOMMU SimObject:                 system.lenet5_clstr.iommu

   --- Access Breakdown ---
   Total IOMMU checks:              1769176
   IOTLB hits:                      1769169
   IOTLB misses (page walks):       7
   IOTLB hit rate:                  99.9996%

   --- Latency Breakdown ---
   TOTAL IOMMU OVERHEAD:            3539.04 us
   Avg latency per access:          0.00200039 us

********************************************************************************
system.lenet5_clstr.pool1.llvm_interface
Total Area: 6221.95
Total Power Static: 35.4349

Total Power Dynamic: 738.536
   ========= Performance Analysis =============
   Setup Time:                      0h 0m 0s 0ms 725us
   Simulation Time (Total):         0h 3m 16s 618ms
   Simulation Time (Active):        0h 0m 0s 291ms
        Queue Processing Time:      0h 0m 0s 151ms
             Scheduling Time:       0h 0m 0s 31ms
             Computation Time:      0h 0m 0s 6ms
   System Clock:                    0.1GHz
   Runtime:                         1221363 cycles
   Runtime:                         12213.6 us
   Stalls:                          0 cycles
   Executed Nodes:                  1221362 cycles

   ========= Kernel Validation Stats ==========
   Kernel validation enabled:       NO
   Configured latency per check:    0 us

   --- Access Breakdown ---
   Total memory accesses (validated): 0
   Cache hits (0 latency):          0
   Validation requests (full lat):  0
   Coalesced waits (partial lat):   0
   Validations denied:              0

   --- Latency Breakdown ---
   Validation request latency:      0 us
   Coalesced wait latency:          0 us
   TOTAL SECURITY OVERHEAD:         0 us
   Avg latency per validation:      0 us
   Avg latency per coalesced wait:  0 us
   Avg overhead per blocked access: 0 us

   --- Cache Statistics ---
   Processes with cached pages:     0
   Unique pages validated (total):  0
   Cache hit rate:                  0%

   ========= IOMMU Stats =====================
   IOMMU enabled:                   YES
   IOMMU SimObject:                 system.lenet5_clstr.iommu

   --- Access Breakdown ---
   Total IOMMU checks:              1769178
   IOTLB hits:                      1769171
   IOTLB misses (page walks):       7
   IOTLB hit rate:                  99.9996%

   --- Latency Breakdown ---
   TOTAL IOMMU OVERHEAD:            3539.04 us
   Avg latency per access:          0.00200039 us

********************************************************************************
system.lenet5_clstr.data_mover_2.llvm_interface
Total Area: 1830.32
Total Power Static: 467.516

Total Power Dynamic: 5377.4
   ========= Performance Analysis =============
   Setup Time:                      0h 0m 0s 1ms 0us
   Simulation Time (Total):         0h 3m 34s 229ms
   Simulation Time (Active):        0h 0m 1s 117ms
        Queue Processing Time:      0h 0m 0s 971ms
             Scheduling Time:       0h 0m 0s 513ms
             Computation Time:      0h 0m 0s 114ms
   System Clock:                    0.1GHz
   Runtime:                         1421158 cycles
   Runtime:                         14211.6 us
   Stalls:                          0 cycles
   Executed Nodes:                  1421157 cycles

   ========= Kernel Validation Stats ==========
   Kernel validation enabled:       NO
   Configured latency per check:    0 us

   --- Access Breakdown ---
   Total memory accesses (validated): 0
   Cache hits (0 latency):          0
   Validation requests (full lat):  0
   Coalesced waits (partial lat):   0
   Validations denied:              0

   --- Latency Breakdown ---
   Validation request latency:      0 us
   Coalesced wait latency:          0 us
   TOTAL SECURITY OVERHEAD:         0 us
   Avg latency per validation:      0 us
   Avg latency per coalesced wait:  0 us
   Avg overhead per blocked access: 0 us

   --- Cache Statistics ---
   Processes with cached pages:     0
   Unique pages validated (total):  0
   Cache hit rate:                  0%

   ========= IOMMU Stats =====================
   IOMMU enabled:                   YES
   IOMMU SimObject:                 system.lenet5_clstr.iommu

   --- Access Breakdown ---
   Total IOMMU checks:              2011394
   IOTLB hits:                      2011341
   IOTLB misses (page walks):       53
   IOTLB hit rate:                  99.9974%

   --- Latency Breakdown ---
   TOTAL IOMMU OVERHEAD:            4027.98 us
   Avg latency per access:          0.00200258 us

********************************************************************************
system.lenet5_clstr.conv2.llvm_interface
Total Area: 5875.03
Total Power Static: 2891.36

Total Power Dynamic: 75102.9
   ========= Performance Analysis =============
   Setup Time:                      0h 0m 0s 0ms 823us
   Simulation Time (Total):         0h 3m 34s 221ms
   Simulation Time (Active):        0h 0m 1s 507ms
        Queue Processing Time:      0h 0m 1s 361ms
             Scheduling Time:       0h 0m 0s 781ms
             Computation Time:      0h 0m 0s 159ms
   System Clock:                    0.1GHz
   Runtime:                         1421140 cycles
   Runtime:                         14211.4 us
   Stalls:                          0 cycles
   Executed Nodes:                  1421139 cycles

   ========= Kernel Validation Stats ==========
   Kernel validation enabled:       NO
   Configured latency per check:    0 us

   --- Access Breakdown ---
   Total memory accesses (validated): 0
   Cache hits (0 latency):          0
   Validation requests (full lat):  0
   Coalesced waits (partial lat):   0
   Validations denied:              0

   --- Latency Breakdown ---
   Validation request latency:      0 us
   Coalesced wait latency:          0 us
   TOTAL SECURITY OVERHEAD:         0 us
   Avg latency per validation:      0 us
   Avg latency per coalesced wait:  0 us
   Avg overhead per blocked access: 0 us

   --- Cache Statistics ---
   Processes with cached pages:     0
   Unique pages validated (total):  0
   Cache hit rate:                  0%

   ========= IOMMU Stats =====================
   IOMMU enabled:                   YES
   IOMMU SimObject:                 system.lenet5_clstr.iommu

   --- Access Breakdown ---
   Total IOMMU checks:              2011398
   IOTLB hits:                      2011345
   IOTLB misses (page walks):       53
   IOTLB hit rate:                  99.9974%

   --- Latency Breakdown ---
   TOTAL IOMMU OVERHEAD:            4027.99 us
   Avg latency per access:          0.00200258 us

********************************************************************************
system.lenet5_clstr.data_mover_3.llvm_interface
Total Area: 1112.55
Total Power Static: 96.7562

Total Power Dynamic: 1121.45
   ========= Performance Analysis =============
   Setup Time:                      0h 0m 0s 6ms 652us
   Simulation Time (Total):         0h 3m 36s 167ms
   Simulation Time (Active):        0h 0m 0s 401ms
        Queue Processing Time:      0h 0m 0s 247ms
             Scheduling Time:       0h 0m 0s 80ms
             Computation Time:      0h 0m 0s 20ms
   System Clock:                    0.1GHz
   Runtime:                         1461565 cycles
   Runtime:                         14615.6 us
   Stalls:                          0 cycles
   Executed Nodes:                  1461564 cycles

   ========= Kernel Validation Stats ==========
   Kernel validation enabled:       NO
   Configured latency per check:    0 us

   --- Access Breakdown ---
   Total memory accesses (validated): 0
   Cache hits (0 latency):          0
   Validation requests (full lat):  0
   Coalesced waits (partial lat):   0
   Validations denied:              0

   --- Latency Breakdown ---
   Validation request latency:      0 us
   Coalesced wait latency:          0 us
   TOTAL SECURITY OVERHEAD:         0 us
   Avg latency per validation:      0 us
   Avg latency per coalesced wait:  0 us
   Avg overhead per blocked access: 0 us

   --- Cache Statistics ---
   Processes with cached pages:     0
   Unique pages validated (total):  0
   Cache hit rate:                  0%

   ========= IOMMU Stats =====================
   IOMMU enabled:                   YES
   IOMMU SimObject:                 system.lenet5_clstr.iommu

   --- Access Breakdown ---
   Total IOMMU checks:              2061889
   IOTLB hits:                      2061826
   IOTLB misses (page walks):       63
   IOTLB hit rate:                  99.9969%

   --- Latency Breakdown ---
   TOTAL IOMMU OVERHEAD:            4129.95 us
   Avg latency per access:          0.00200299 us

********************************************************************************
system.lenet5_clstr.fc0.llvm_interface
Total Area: 5516.14
Total Power Static: 605.722

Total Power Dynamic: 15761.6
   ========= Performance Analysis =============
   Setup Time:                      0h 0m 0s 6ms 699us
   Simulation Time (Total):         0h 3m 36s 158ms
   Simulation Time (Active):        0h 0m 0s 489ms
        Queue Processing Time:      0h 0m 0s 334ms
             Scheduling Time:       0h 0m 0s 128ms
             Computation Time:      0h 0m 0s 28ms
   System Clock:                    0.1GHz
   Runtime:                         1461546 cycles
   Runtime:                         14615.5 us
   Stalls:                          0 cycles
   Executed Nodes:                  1461545 cycles

   ========= Kernel Validation Stats ==========
   Kernel validation enabled:       NO
   Configured latency per check:    0 us

   --- Access Breakdown ---
   Total memory accesses (validated): 0
   Cache hits (0 latency):          0
   Validation requests (full lat):  0
   Coalesced waits (partial lat):   0
   Validations denied:              0

   --- Latency Breakdown ---
   Validation request latency:      0 us
   Coalesced wait latency:          0 us
   TOTAL SECURITY OVERHEAD:         0 us
   Avg latency per validation:      0 us
   Avg latency per coalesced wait:  0 us
   Avg overhead per blocked access: 0 us

   --- Cache Statistics ---
   Processes with cached pages:     0
   Unique pages validated (total):  0
   Cache hit rate:                  0%

   ========= IOMMU Stats =====================
   IOMMU enabled:                   YES
   IOMMU SimObject:                 system.lenet5_clstr.iommu

   --- Access Breakdown ---
   Total IOMMU checks:              2061891
   IOTLB hits:                      2061828
   IOTLB misses (page walks):       63
   IOTLB hit rate:                  99.9969%

   --- Latency Breakdown ---
   TOTAL IOMMU OVERHEAD:            4129.96 us
   Avg latency per access:          0.00200299 us

********************************************************************************
system.lenet5_clstr.top.llvm_interface
Total Area: 201.48
Total Power Static: 224.115

Total Power Dynamic: 1101.34
   ========= Performance Analysis =============
   Setup Time:                      0h 0m 0s 1ms 620us
   Simulation Time (Total):         0h 3m 37s 950ms
   Simulation Time (Active):        0h 0m 3s 386ms
        Queue Processing Time:      0h 0m 3s 196ms
             Scheduling Time:       0h 0m 1s 506ms
             Computation Time:      0h 0m 0s 197ms
   System Clock:                    0.1GHz
   Runtime:                         1481931 cycles
   Runtime:                         14819.3 us
   Stalls:                          0 cycles
   Executed Nodes:                  1481930 cycles

   ========= Kernel Validation Stats ==========
   Kernel validation enabled:       NO
   Configured latency per check:    0 us

   --- Access Breakdown ---
   Total memory accesses (validated): 0
   Cache hits (0 latency):          0
   Validation requests (full lat):  0
   Coalesced waits (partial lat):   0
   Validations denied:              0

   --- Latency Breakdown ---
   Validation request latency:      0 us
   Coalesced wait latency:          0 us
   TOTAL SECURITY OVERHEAD:         0 us
   Avg latency per validation:      0 us
   Avg latency per coalesced wait:  0 us
   Avg overhead per blocked access: 0 us

   --- Cache Statistics ---
   Processes with cached pages:     0
   Unique pages validated (total):  0
   Cache hit rate:                  0%

   ========= IOMMU Stats =====================
   IOMMU enabled:                   YES
   IOMMU SimObject:                 system.lenet5_clstr.iommu

   --- Access Breakdown ---
   Total IOMMU checks:              2061892
   IOTLB hits:                      2061829
   IOTLB misses (page walks):       63
   IOTLB hit rate:                  99.9969%

   --- Latency Breakdown ---
   TOTAL IOMMU OVERHEAD:            4129.96 us
   Avg latency per access:          0.00200299 us

Exiting @ tick 14869121000 because m5_exit instruction encountered
