
# /usr/bin/python3 /gem5-SALAM/tools/SALAM-Configurator/systembuilder.py --sys-name lenet_a --bench-path benchmarks/lenet/design_a --config-name config.yml

# make -C /gem5-SALAM/benchmarks/lenet/design_a clean
make: Entering directory '/gem5-SALAM/benchmarks/lenet/design_a'
make[1]: Entering directory '/gem5-SALAM/benchmarks/lenet/design_a/hw'
make[2]: Entering directory '/gem5-SALAM/benchmarks/lenet/design_a/hw/source'
rm -f ../ir/*.ll
make[2]: Leaving directory '/gem5-SALAM/benchmarks/lenet/design_a/hw/source'
make[1]: Leaving directory '/gem5-SALAM/benchmarks/lenet/design_a/hw'
make[1]: Entering directory '/gem5-SALAM/benchmarks/lenet/design_a/sw'
rm -f *.o *.elf
make[1]: Leaving directory '/gem5-SALAM/benchmarks/lenet/design_a/sw'
make: Leaving directory '/gem5-SALAM/benchmarks/lenet/design_a'

# make -C /gem5-SALAM/benchmarks/lenet/design_a
make: Entering directory '/gem5-SALAM/benchmarks/lenet/design_a'
make[1]: Entering directory '/gem5-SALAM/benchmarks/lenet/design_a/hw'
make[2]: Entering directory '/gem5-SALAM/benchmarks/lenet/design_a/hw/source'
rm -f ../ir/*.ll
clang -O1 -S -target armv7-pc-none-eabi -emit-llvm -o top.ll top.c
rm -f ../ir/*.ll
clang -O1 -S -target armv7-pc-none-eabi -emit-llvm -o conv0.ll conv0.c
rm -f ../ir/*.ll
clang -O1 -S -target armv7-pc-none-eabi -emit-llvm -o conv1.ll conv1.c
rm -f ../ir/*.ll
clang -O1 -S -target armv7-pc-none-eabi -emit-llvm -o pool0.ll pool0.c
rm -f ../ir/*.ll
clang -O1 -S -target armv7-pc-none-eabi -emit-llvm -o pool1.ll pool1.c
rm -f ../ir/*.ll
clang -O1 -S -target armv7-pc-none-eabi -emit-llvm -o fc0.ll fc0.c
rm -f ../ir/*.ll
clang -O1 -S -target armv7-pc-none-eabi -emit-llvm -o fc1.ll fc1.c
mkdir -p ../ir
mv top.ll conv0.ll conv1.ll pool0.ll pool1.ll fc0.ll fc1.ll ../ir/
make[2]: Leaving directory '/gem5-SALAM/benchmarks/lenet/design_a/hw/source'
make[1]: Leaving directory '/gem5-SALAM/benchmarks/lenet/design_a/hw'
make[1]: Entering directory '/gem5-SALAM/benchmarks/lenet/design_a/sw'
rm -f *.o *.elf
/usr/bin/arm-none-eabi-cpp boot.s  | /usr/bin/arm-none-eabi-as -EL -o boot.o
/usr/bin/arm-none-eabi-g++ -g -O3 -lunistd -I . -fno-exceptions   -c -o main.o main.cpp
/usr/bin/arm-none-eabi-gcc    -c -o isr.o isr.c
/usr/bin/arm-none-eabi-gcc -nostartfiles -Xlinker -Tboot.ld -o main.elf boot.o ../../../common/syscalls.o main.o isr.o -nostartfiles
make[1]: Leaving directory '/gem5-SALAM/benchmarks/lenet/design_a/sw'
make: Leaving directory '/gem5-SALAM/benchmarks/lenet/design_a'
