
# /usr/bin/python3 /gem5-SALAM/tools/SALAM-Configurator/systembuilder.py --sys-name nw --bench-path benchmarks/sys_validation/nw --config-name config.yml

# make -C /gem5-SALAM/benchmarks/sys_validation/nw clean
make: Entering directory '/gem5-SALAM/benchmarks/sys_validation/nw'
make[1]: Entering directory '/gem5-SALAM/benchmarks/sys_validation/nw/hw'
rm -f *.ll
make[1]: Leaving directory '/gem5-SALAM/benchmarks/sys_validation/nw/hw'
make[1]: Entering directory '/gem5-SALAM/benchmarks/sys_validation/nw/sw'
rm -f *.o *.elf
make[1]: Leaving directory '/gem5-SALAM/benchmarks/sys_validation/nw/sw'
make: Leaving directory '/gem5-SALAM/benchmarks/sys_validation/nw'

# make -C /gem5-SALAM/benchmarks/sys_validation/nw
make: Entering directory '/gem5-SALAM/benchmarks/sys_validation/nw'
make[1]: Entering directory '/gem5-SALAM/benchmarks/sys_validation/nw/hw'
clang -O1 -S -target armv7-pc-none-eabi -emit-llvm nw.c top.c
make[1]: Leaving directory '/gem5-SALAM/benchmarks/sys_validation/nw/hw'
make[1]: Entering directory '/gem5-SALAM/benchmarks/sys_validation/nw/sw'
/usr/bin/arm-none-eabi-cpp boot.s  | /usr/bin/arm-none-eabi-as -EL -o boot.o
/usr/bin/arm-none-eabi-gcc    -c -o data.o data.c
/usr/bin/arm-none-eabi-g++ -g -O3 -lunistd -I . -fno-exceptions   -c -o main.o main.cpp
/usr/bin/arm-none-eabi-gcc    -c -o isr.o isr.c
/usr/bin/arm-none-eabi-gcc -nostartfiles -Xlinker -Tboot.ld -o main.elf boot.o ../../../common/syscalls.o data.o main.o isr.o -nostartfiles
make[1]: Leaving directory '/gem5-SALAM/benchmarks/sys_validation/nw/sw'
make: Leaving directory '/gem5-SALAM/benchmarks/sys_validation/nw'
