
# /usr/bin/python3 /gem5-SALAM/tools/SALAM-Configurator/systembuilder.py --sys-name spmv --bench-path benchmarks/sys_validation/spmv --config-name config.yml

# make -C /gem5-SALAM/benchmarks/sys_validation/spmv clean
make: Entering directory '/gem5-SALAM/benchmarks/sys_validation/spmv'
make[1]: Entering directory '/gem5-SALAM/benchmarks/sys_validation/spmv/sw'
rm -f *.o *.elf
make[1]: Leaving directory '/gem5-SALAM/benchmarks/sys_validation/spmv/sw'
make[1]: Entering directory '/gem5-SALAM/benchmarks/sys_validation/spmv/hw'
rm -f *.ll
make[1]: Leaving directory '/gem5-SALAM/benchmarks/sys_validation/spmv/hw'
make: Leaving directory '/gem5-SALAM/benchmarks/sys_validation/spmv'

# make -C /gem5-SALAM/benchmarks/sys_validation/spmv
make: Entering directory '/gem5-SALAM/benchmarks/sys_validation/spmv'
make[1]: Entering directory '/gem5-SALAM/benchmarks/sys_validation/spmv/sw'
rm -f *.o *.elf
/usr/bin/arm-none-eabi-cpp boot.s  | /usr/bin/arm-none-eabi-as -EL -o boot.o
/usr/bin/arm-none-eabi-gcc    -c -o ../../../common/syscalls.o ../../../common/syscalls.c
../../../common/syscalls.c: In function '_exit':
../../../common/syscalls.c:110:1: warning: 'noreturn' function does return
  110 | }
      | ^
/usr/bin/arm-none-eabi-gcc    -c -o data.o data.c
/usr/bin/arm-none-eabi-g++ -g -O3 -lunistd -I . -fno-exceptions   -c -o main.o main.cpp
/usr/bin/arm-none-eabi-gcc    -c -o isr.o isr.c
/usr/bin/arm-none-eabi-gcc -nostartfiles -Xlinker -Tboot.ld -o main.elf boot.o ../../../common/syscalls.o data.o main.o isr.o -nostartfiles
make[1]: Leaving directory '/gem5-SALAM/benchmarks/sys_validation/spmv/sw'
make[1]: Entering directory '/gem5-SALAM/benchmarks/sys_validation/spmv/hw'
clang -O1 -S -m32 -fno-slp-vectorize -fno-vectorize -fno-unroll-loops -fno-inline -fno-builtin -emit-llvm spmv.c top.c
make[1]: Leaving directory '/gem5-SALAM/benchmarks/sys_validation/spmv/hw'
make: Leaving directory '/gem5-SALAM/benchmarks/sys_validation/spmv'
