build/ARM/base/statistics.hh:277: warn: One of the stats is a legacy stat. Legacy stat is a stat that does not belong to any statistics::Group. Legacy stat is deprecated.
Global frequency set at 1000000000000 ticks per second
build/ARM/mem/mem_interface.cc:793: warn: DRAM device capacity (16384 Mbytes) does not match the address range assigned (4096 Mbytes)
build/ARM/sim/kernel_workload.cc:46: info: kernel located at: /gem5-SALAM/benchmarks/lenet/design_a/sw/main.elf
build/ARM/arch/arm/system.cc:95: warn: Highest ARM exception-level set to AArch64 but the workload is for AArch32. Assuming you wanted these to match.
build/ARM/base/vnc/vncserver.cc:163: warn: Sockets disabled, not accepting vnc client connections
build/ARM/dev/serial/terminal.cc:170: warn: Sockets disabled, not accepting terminal connections
build/ARM/base/remote_gdb.cc:377: warn: Sockets disabled, not accepting gdb connections
build/ARM/mem/coherent_xbar.cc:140: warn: CoherentXBar system.lenet5_clstr.coherency_bus has no snooping ports attached!
build/ARM/dev/arm/energy_ctrl.cc:252: warn: Existing EnergyCtrl, but no enabled DVFSHandler found.
gem5 Simulator System.  http://gem5.org
gem5 is copyrighted software; use the --copyright option for details.

gem5 version 21.1.0.1
gem5 compiled May  4 2026 18:12:38
gem5 started May  4 2026 18:13:29
gem5 executing on 3b7fb6fd27b8, pid 2580889
command line: /gem5-SALAM/build/ARM/gem5.opt --listener-mode=off --outdir=/gem5-SALAM/BM_ARM_OUT/run_all/lenet_a/iommu_e256_m500ns /gem5-SALAM/configs/SALAM/fs_lenet_a.py --mem-size=4GB --mem-type=DDR4_2400_8x8 --machine-type=VExpress_GEM5_V1 --dtb-file=none --bare-metal --cpu-type=DerivO3CPU --caches --l2cache --kernel=/gem5-SALAM/benchmarks/lenet/design_a/sw/main.elf --disk-image=/gem5-SALAM/benchmarks/common/fake.iso --accpath=/gem5-SALAM/benchmarks/lenet/design_a --accbench=lenet_a --enable-iommu --iotlb-entries 256 --iotlb-hit-latency 2000 --iotlb-miss-latency 500000

[HWAccConfig] IOMMU ENABLED: entries=256, hit_lat=2000, miss_lat=500000
[HWAccConfig] IOMMU ENABLED: entries=256, hit_lat=2000, miss_lat=500000
[HWAccConfig] IOMMU ENABLED: entries=256, hit_lat=2000, miss_lat=500000
[HWAccConfig] IOMMU ENABLED: entries=256, hit_lat=2000, miss_lat=500000
[HWAccConfig] IOMMU ENABLED: entries=256, hit_lat=2000, miss_lat=500000
[HWAccConfig] IOMMU ENABLED: entries=256, hit_lat=2000, miss_lat=500000
[HWAccConfig] IOMMU ENABLED: entries=256, hit_lat=2000, miss_lat=500000
**** REAL SIMULATION ****
warn: iobus.slave is deprecated. `slave` is now called `cpu_side_ports`
warn: bridge.master is deprecated. `master` is now called `mem_side_port`
warn: membus.master is deprecated. `master` is now called `mem_side_ports`
warn: bridge.slave is deprecated. `slave` is now called `cpu_side_port`
warn: membus.slave is deprecated. `slave` is now called `cpu_side_ports`
warn: tol2bus.master is deprecated. `master` is now called `mem_side_ports`
warn: membus.slave is deprecated. `slave` is now called `cpu_side_ports`
warn: tol2bus.slave is deprecated. `slave` is now called `cpu_side_ports`
warn: tol2bus.slave is deprecated. `slave` is now called `cpu_side_ports`
warn: tol2bus.slave is deprecated. `slave` is now called `cpu_side_ports`
warn: tol2bus.slave is deprecated. `slave` is now called `cpu_side_ports`
warn: membus.slave is deprecated. `slave` is now called `cpu_side_ports`
warn: coherency_bus.master is deprecated. `master` is now called `mem_side_ports`
warn: No dot file generated. Please install pydot to generate the dot file and pdf.
build/ARM/sim/simulate.cc:107: info: Entering event queue @ 0.  Starting simulation...
********************************************************************************
system.lenet5_clstr.conv0.llvm_interface
Total Area: 6604.76
Total Power Static: 7702.37

Total Power Dynamic: 186527
   ========= Performance Analysis =============
   Setup Time:                      0h 0m 0s 6ms 977us
   Simulation Time (Total):         0h 0m 47s 311ms
   Simulation Time (Active):        0h 0m 6s 952ms
        Queue Processing Time:      0h 0m 6s 858ms
             Scheduling Time:       0h 0m 4s 112ms
             Computation Time:      0h 0m 0s 879ms
   System Clock:                    0.1GHz
   Runtime:                         533418 cycles
   Runtime:                         5334.18 us
   Stalls:                          0 cycles
   Executed Nodes:                  533417 cycles

   ========= Kernel Validation Stats ==========
   Kernel validation enabled:       NO
   Configured latency per check:    0 us

   --- Access Breakdown ---
   Total memory accesses (validated): 0
   Cache hits (0 latency):          0
   Validation requests (full lat):  0
     of which DMA-ctrl writes:      0
   Coalesced waits (partial lat):   0
   Validations denied:              0

   --- Latency Breakdown ---
   Validation request latency:      0 us
   Coalesced wait latency:          0 us
   TOTAL SECURITY OVERHEAD:         0 us
   Avg latency per validation:      0 us
   Avg latency per coalesced wait:  0 us
   Avg overhead per blocked access: 0 us

   --- Cache Statistics ---
   Processes with cached pages:     0
   Unique pages validated (total):  0
   Cache hit rate:                  0%

   ========= IOMMU Stats =====================
   IOMMU enabled:                   YES
   IOMMU SimObject:                 system.lenet5_clstr.iommu

   --- Access Breakdown ---
   Total IOMMU checks:              278657
   IOTLB hits:                      278649
   IOTLB misses (page walks):       8
   IOTLB hit rate:                  99.9971%

   --- Latency Breakdown ---
   TOTAL IOMMU OVERHEAD:            561.298 us
   Avg latency per access:          0.0020143 us

********************************************************************************
system.lenet5_clstr.pool0.llvm_interface
Total Area: 6693.54
Total Power Static: 119.603

Total Power Dynamic: 2263.76
   ========= Performance Analysis =============
   Setup Time:                      0h 0m 0s 0ms 859us
   Simulation Time (Total):         0h 0m 1s 117ms
   Simulation Time (Active):        0h 0m 0s 213ms
        Queue Processing Time:      0h 0m 0s 208ms
             Scheduling Time:       0h 0m 0s 119ms
             Computation Time:      0h 0m 0s 32ms
   System Clock:                    0.1GHz
   Runtime:                         15794 cycles
   Runtime:                         157.94 us
   Stalls:                          0 cycles
   Executed Nodes:                  15793 cycles

   ========= Kernel Validation Stats ==========
   Kernel validation enabled:       NO
   Configured latency per check:    0 us

   --- Access Breakdown ---
   Total memory accesses (validated): 0
   Cache hits (0 latency):          0
   Validation requests (full lat):  0
     of which DMA-ctrl writes:      0
   Coalesced waits (partial lat):   0
   Validations denied:              0

   --- Latency Breakdown ---
   Validation request latency:      0 us
   Coalesced wait latency:          0 us
   TOTAL SECURITY OVERHEAD:         0 us
   Avg latency per validation:      0 us
   Avg latency per coalesced wait:  0 us
   Avg overhead per blocked access: 0 us

   --- Cache Statistics ---
   Processes with cached pages:     0
   Unique pages validated (total):  0
   Cache hit rate:                  0%

   ========= IOMMU Stats =====================
   IOMMU enabled:                   YES
   IOMMU SimObject:                 system.lenet5_clstr.iommu

   --- Access Breakdown ---
   Total IOMMU checks:              290890
   IOTLB hits:                      290867
   IOTLB misses (page walks):       23
   IOTLB hit rate:                  99.9921%

   --- Latency Breakdown ---
   TOTAL IOMMU OVERHEAD:            593.234 us
   Avg latency per access:          0.00203938 us

********************************************************************************
system.lenet5_clstr.conv1.llvm_interface
Total Area: 6784.2
Total Power Static: 15677.5

Total Power Dynamic: 376721
   ========= Performance Analysis =============
   Setup Time:                      0h 0m 0s 0ms 990us
   Simulation Time (Total):         0h 1m 34s 754ms
   Simulation Time (Active):        0h 0m 8s 803ms
        Queue Processing Time:      0h 0m 8s 691ms
             Scheduling Time:       0h 0m 5s 394ms
             Computation Time:      0h 0m 1s 151ms
   System Clock:                    0.1GHz
   Runtime:                         861267 cycles
   Runtime:                         8612.67 us
   Stalls:                          0 cycles
   Executed Nodes:                  861266 cycles

   ========= Kernel Validation Stats ==========
   Kernel validation enabled:       NO
   Configured latency per check:    0 us

   --- Access Breakdown ---
   Total memory accesses (validated): 0
   Cache hits (0 latency):          0
   Validation requests (full lat):  0
     of which DMA-ctrl writes:      0
   Coalesced waits (partial lat):   0
   Validations denied:              0

   --- Latency Breakdown ---
   Validation request latency:      0 us
   Coalesced wait latency:          0 us
   TOTAL SECURITY OVERHEAD:         0 us
   Avg latency per validation:      0 us
   Avg latency per coalesced wait:  0 us
   Avg overhead per blocked access: 0 us

   --- Cache Statistics ---
   Processes with cached pages:     0
   Unique pages validated (total):  0
   Cache hit rate:                  0%

   ========= IOMMU Stats =====================
   IOMMU enabled:                   YES
   IOMMU SimObject:                 system.lenet5_clstr.iommu

   --- Access Breakdown ---
   Total IOMMU checks:              836765
   IOTLB hits:                      836737
   IOTLB misses (page walks):       28
   IOTLB hit rate:                  99.9967%

   --- Latency Breakdown ---
   TOTAL IOMMU OVERHEAD:            1687.47 us
   Avg latency per access:          0.00201666 us

********************************************************************************
system.lenet5_clstr.pool1.llvm_interface
Total Area: 6693.54
Total Power Static: 40.6797

Total Power Dynamic: 769.272
   ========= Performance Analysis =============
   Setup Time:                      0h 0m 0s 0ms 965us
   Simulation Time (Total):         0h 0m 0s 190ms
   Simulation Time (Active):        0h 0m 0s 38ms
        Queue Processing Time:      0h 0m 0s 37ms
             Scheduling Time:       0h 0m 0s 21ms
             Computation Time:      0h 0m 0s 4ms
   System Clock:                    0.1GHz
   Runtime:                         5330 cycles
   Runtime:                         53.3 us
   Stalls:                          0 cycles
   Executed Nodes:                  5329 cycles

   ========= Kernel Validation Stats ==========
   Kernel validation enabled:       NO
   Configured latency per check:    0 us

   --- Access Breakdown ---
   Total memory accesses (validated): 0
   Cache hits (0 latency):          0
   Validation requests (full lat):  0
     of which DMA-ctrl writes:      0
   Coalesced waits (partial lat):   0
   Validations denied:              0

   --- Latency Breakdown ---
   Validation request latency:      0 us
   Coalesced wait latency:          0 us
   TOTAL SECURITY OVERHEAD:         0 us
   Avg latency per validation:      0 us
   Avg latency per coalesced wait:  0 us
   Avg overhead per blocked access: 0 us

   --- Cache Statistics ---
   Processes with cached pages:     0
   Unique pages validated (total):  0
   Cache hit rate:                  0%

   ========= IOMMU Stats =====================
   IOMMU enabled:                   YES
   IOMMU SimObject:                 system.lenet5_clstr.iommu

   --- Access Breakdown ---
   Total IOMMU checks:              840966
   IOTLB hits:                      840936
   IOTLB misses (page walks):       30
   IOTLB hit rate:                  99.9964%

   --- Latency Breakdown ---
   TOTAL IOMMU OVERHEAD:            1696.87 us
   Avg latency per access:          0.00201777 us

********************************************************************************
system.lenet5_clstr.fc0.llvm_interface
Total Area: 6066.43
Total Power Static: 2891.65

Total Power Dynamic: 75108.6
   ========= Performance Analysis =============
   Setup Time:                      0h 0m 0s 0ms 892us
   Simulation Time (Total):         0h 0m 10s 510ms
   Simulation Time (Active):        0h 0m 1s 238ms
        Queue Processing Time:      0h 0m 1s 221ms
             Scheduling Time:       0h 0m 0s 766ms
             Computation Time:      0h 0m 0s 158ms
   System Clock:                    0.1GHz
   Runtime:                         153961 cycles
   Runtime:                         1539.61 us
   Stalls:                          0 cycles
   Executed Nodes:                  153960 cycles

   ========= Kernel Validation Stats ==========
   Kernel validation enabled:       NO
   Configured latency per check:    0 us

   --- Access Breakdown ---
   Total memory accesses (validated): 0
   Cache hits (0 latency):          0
   Validation requests (full lat):  0
     of which DMA-ctrl writes:      0
   Coalesced waits (partial lat):   0
   Validations denied:              0

   --- Latency Breakdown ---
   Validation request latency:      0 us
   Coalesced wait latency:          0 us
   TOTAL SECURITY OVERHEAD:         0 us
   Avg latency per validation:      0 us
   Avg latency per coalesced wait:  0 us
   Avg overhead per blocked access: 0 us

   --- Cache Statistics ---
   Processes with cached pages:     0
   Unique pages validated (total):  0
   Cache hit rate:                  0%

   ========= IOMMU Stats =====================
   IOMMU enabled:                   YES
   IOMMU SimObject:                 system.lenet5_clstr.iommu

   --- Access Breakdown ---
   Total IOMMU checks:              948396
   IOTLB hits:                      948318
   IOTLB misses (page walks):       78
   IOTLB hit rate:                  99.9918%

   --- Latency Breakdown ---
   TOTAL IOMMU OVERHEAD:            1935.64 us
   Avg latency per access:          0.00204096 us

********************************************************************************
system.lenet5_clstr.fc1.llvm_interface
Total Area: 5707.55
Total Power Static: 605.723

Total Power Dynamic: 15765.7
   ========= Performance Analysis =============
   Setup Time:                      0h 0m 0s 0ms 689us
   Simulation Time (Total):         0h 0m 1s 202ms
   Simulation Time (Active):        0h 0m 0s 213ms
        Queue Processing Time:      0h 0m 0s 210ms
             Scheduling Time:       0h 0m 0s 126ms
             Computation Time:      0h 0m 0s 28ms
   System Clock:                    0.1GHz
   Runtime:                         30993 cycles
   Runtime:                         309.93 us
   Stalls:                          0 cycles
   Executed Nodes:                  30992 cycles

   ========= Kernel Validation Stats ==========
   Kernel validation enabled:       NO
   Configured latency per check:    0 us

   --- Access Breakdown ---
   Total memory accesses (validated): 0
   Cache hits (0 latency):          0
   Validation requests (full lat):  0
     of which DMA-ctrl writes:      0
   Coalesced waits (partial lat):   0
   Validations denied:              0

   --- Latency Breakdown ---
   Validation request latency:      0 us
   Coalesced wait latency:          0 us
   TOTAL SECURITY OVERHEAD:         0 us
   Avg latency per validation:      0 us
   Avg latency per coalesced wait:  0 us
   Avg overhead per blocked access: 0 us

   --- Cache Statistics ---
   Processes with cached pages:     0
   Unique pages validated (total):  0
   Cache hit rate:                  0%

   ========= IOMMU Stats =====================
   IOMMU enabled:                   YES
   IOMMU SimObject:                 system.lenet5_clstr.iommu

   --- Access Breakdown ---
   Total IOMMU checks:              970970
   IOTLB hits:                      970882
   IOTLB misses (page walks):       88
   IOTLB hit rate:                  99.9909%

   --- Latency Breakdown ---
   TOTAL IOMMU OVERHEAD:            1985.76 us
   Avg latency per access:          0.00204513 us

********************************************************************************
system.lenet5_clstr.top.llvm_interface
Total Area: 1007.4
Total Power Static: 70.5179

Total Power Dynamic: 346.537
   ========= Performance Analysis =============
   Setup Time:                      0h 0m 0s 15ms 85us
   Simulation Time (Total):         0h 2m 35s 967ms
   Simulation Time (Active):        0h 0m 1s 754ms
        Queue Processing Time:      0h 0m 1s 556ms
             Scheduling Time:       0h 0m 0s 743ms
             Computation Time:      0h 0m 0s 77ms
   System Clock:                    0.1GHz
   Runtime:                         1619888 cycles
   Runtime:                         16198.9 us
   Stalls:                          0 cycles
   Executed Nodes:                  1619887 cycles

   ========= Kernel Validation Stats ==========
   Kernel validation enabled:       NO
   Configured latency per check:    0 us

   --- Access Breakdown ---
   Total memory accesses (validated): 0
   Cache hits (0 latency):          0
   Validation requests (full lat):  0
     of which DMA-ctrl writes:      0
   Coalesced waits (partial lat):   0
   Validations denied:              0

   --- Latency Breakdown ---
   Validation request latency:      0 us
   Coalesced wait latency:          0 us
   TOTAL SECURITY OVERHEAD:         0 us
   Avg latency per validation:      0 us
   Avg latency per coalesced wait:  0 us
   Avg overhead per blocked access: 0 us

   --- Cache Statistics ---
   Processes with cached pages:     0
   Unique pages validated (total):  0
   Cache hit rate:                  0%

   ========= IOMMU Stats =====================
   IOMMU enabled:                   YES
   IOMMU SimObject:                 system.lenet5_clstr.iommu

   --- Access Breakdown ---
   Total IOMMU checks:              971022
   IOTLB hits:                      970934
   IOTLB misses (page walks):       88
   IOTLB hit rate:                  99.9909%

   --- Latency Breakdown ---
   TOTAL IOMMU OVERHEAD:            1985.87 us
   Avg latency per access:          0.00204513 us

Exiting @ tick 16277417000 because m5_exit instruction encountered
