build/ARM/base/statistics.hh:277: warn: One of the stats is a legacy stat. Legacy stat is a stat that does not belong to any statistics::Group. Legacy stat is deprecated.
Global frequency set at 1000000000000 ticks per second
build/ARM/mem/mem_interface.cc:793: warn: DRAM device capacity (16384 Mbytes) does not match the address range assigned (4096 Mbytes)
build/ARM/sim/kernel_workload.cc:46: info: kernel located at: /gem5-SALAM/benchmarks/sys_validation/bfs/sw/main.elf
build/ARM/arch/arm/system.cc:95: warn: Highest ARM exception-level set to AArch64 but the workload is for AArch32. Assuming you wanted these to match.
build/ARM/base/vnc/vncserver.cc:163: warn: Sockets disabled, not accepting vnc client connections
build/ARM/dev/serial/terminal.cc:170: warn: Sockets disabled, not accepting terminal connections
build/ARM/mem/coherent_xbar.cc:140: warn: CoherentXBar system.bfs_clstr.coherency_bus has no snooping ports attached!
build/ARM/base/remote_gdb.cc:377: warn: Sockets disabled, not accepting gdb connections
build/ARM/dev/arm/energy_ctrl.cc:252: warn: Existing EnergyCtrl, but no enabled DVFSHandler found.
gem5 Simulator System.  http://gem5.org
gem5 is copyrighted software; use the --copyright option for details.

gem5 version 21.1.0.1
gem5 compiled May  4 2026 18:12:38
gem5 started May  4 2026 18:13:24
gem5 executing on 3b7fb6fd27b8, pid 2580442
command line: /gem5-SALAM/build/ARM/gem5.opt --listener-mode=off --outdir=/gem5-SALAM/BM_ARM_OUT/run_all/bfs/aia-kd /gem5-SALAM/configs/SALAM/fs_bfs.py --mem-size=4GB --mem-type=DDR4_2400_8x8 --machine-type=VExpress_GEM5_V1 --dtb-file=none --bare-metal --cpu-type=DerivO3CPU --caches --l2cache --kernel=/gem5-SALAM/benchmarks/sys_validation/bfs/sw/main.elf --disk-image=/gem5-SALAM/benchmarks/common/fake.iso --accpath=/gem5-SALAM/benchmarks/sys_validation/bfs --accbench=bfs --enable-kernel-validation --kernel-validation-latency 8367000

[HWAccConfig] Kernel validation ENABLED: latency=8367000, int=172, pid=17
[HWAccConfig] Kernel validation ENABLED: latency=8367000, int=172, pid=17
**** REAL SIMULATION ****
warn: iobus.slave is deprecated. `slave` is now called `cpu_side_ports`
warn: bridge.master is deprecated. `master` is now called `mem_side_port`
warn: membus.master is deprecated. `master` is now called `mem_side_ports`
warn: bridge.slave is deprecated. `slave` is now called `cpu_side_port`
warn: membus.slave is deprecated. `slave` is now called `cpu_side_ports`
warn: tol2bus.master is deprecated. `master` is now called `mem_side_ports`
warn: membus.slave is deprecated. `slave` is now called `cpu_side_ports`
warn: tol2bus.slave is deprecated. `slave` is now called `cpu_side_ports`
warn: tol2bus.slave is deprecated. `slave` is now called `cpu_side_ports`
warn: tol2bus.slave is deprecated. `slave` is now called `cpu_side_ports`
warn: tol2bus.slave is deprecated. `slave` is now called `cpu_side_ports`
warn: membus.slave is deprecated. `slave` is now called `cpu_side_ports`
warn: coherency_bus.master is deprecated. `master` is now called `mem_side_ports`
warn: No dot file generated. Please install pydot to generate the dot file and pdf.
build/ARM/sim/simulate.cc:107: info: Entering event queue @ 0.  Starting simulation...
********************************************************************************
system.bfs_clstr.bfs.llvm_interface
Total Area: 2287.43
Total Power Static: 48.4273

Total Power Dynamic: 542.081
   ========= Performance Analysis =============
   Setup Time:                      0h 0m 0s 9ms 8us
   Simulation Time (Total):         0h 0m 1s 361ms
   Simulation Time (Active):        0h 0m 0s 293ms
        Queue Processing Time:      0h 0m 0s 283ms
             Scheduling Time:       0h 0m 0s 161ms
             Computation Time:      0h 0m 0s 16ms
   System Clock:                    0.1GHz
   Runtime:                         18949 cycles
   Runtime:                         189.49 us
   Stalls:                          0 cycles
   Executed Nodes:                  18948 cycles

   ========= Kernel Validation Stats ==========
   Kernel validation enabled:       YES
   Configured latency per check:    8.367 us

   --- Access Breakdown ---
   Total memory accesses (validated): 9920
   Cache hits (0 latency):          9914
   Validation requests (full lat):  4
     of which DMA-ctrl writes:      0
   Coalesced waits (partial lat):   2
   Validations denied:              0

   --- Latency Breakdown ---
   Validation request latency:      33.468 us
   Coalesced wait latency:          16.734 us
   TOTAL SECURITY OVERHEAD:         50.202 us
   Avg latency per validation:      8.367 us
   Avg latency per coalesced wait:  8.367 us
   Avg overhead per blocked access: 8.367 us

   --- Cache Statistics ---
   Processes with cached pages:     1
   Unique pages validated (total):  5
   Cache hit rate:                  99.9395%

********************************************************************************
system.bfs_clstr.top.llvm_interface
Total Area: 251.85
Total Power Static: 0.82996

Total Power Dynamic: 4.07857
   ========= Performance Analysis =============
   Setup Time:                      0h 0m 0s 1ms 448us
   Simulation Time (Total):         0h 0m 2s 921ms
   Simulation Time (Active):        0h 0m 0s 29ms
        Queue Processing Time:      0h 0m 0s 21ms
             Scheduling Time:       0h 0m 0s 8ms
             Computation Time:      0h 0m 0s 3ms
   System Clock:                    0.1GHz
   Runtime:                         53515 cycles
   Runtime:                         535.15 us
   Stalls:                          0 cycles
   Executed Nodes:                  53514 cycles

   ========= Kernel Validation Stats ==========
   Kernel validation enabled:       YES
   Configured latency per check:    8.367 us

   --- Access Breakdown ---
   Total memory accesses (validated): 1376
   Cache hits (0 latency):          1359
   Validation requests (full lat):  17
     of which DMA-ctrl writes:      16
   Coalesced waits (partial lat):   0
   Validations denied:              0

   --- Latency Breakdown ---
   Validation request latency:      343.047 us
   Coalesced wait latency:          0 us
   TOTAL SECURITY OVERHEAD:         343.047 us
   Avg latency per validation:      20.1792 us
   Avg latency per coalesced wait:  0 us
   Avg overhead per blocked access: 20.1792 us

   --- Cache Statistics ---
   Processes with cached pages:     1
   Unique pages validated (total):  5
   Cache hit rate:                  98.7645%

Exiting @ tick 1041573000 because m5_exit instruction encountered
