build/ARM/base/statistics.hh:277: warn: One of the stats is a legacy stat. Legacy stat is a stat that does not belong to any statistics::Group. Legacy stat is deprecated.
Global frequency set at 1000000000000 ticks per second
build/ARM/mem/mem_interface.cc:793: warn: DRAM device capacity (16384 Mbytes) does not match the address range assigned (4096 Mbytes)
build/ARM/sim/kernel_workload.cc:46: info: kernel located at: /gem5-SALAM/benchmarks/sys_validation/stencil2d/sw/main.elf
build/ARM/arch/arm/system.cc:95: warn: Highest ARM exception-level set to AArch64 but the workload is for AArch32. Assuming you wanted these to match.
build/ARM/base/vnc/vncserver.cc:163: warn: Sockets disabled, not accepting vnc client connections
build/ARM/dev/serial/terminal.cc:170: warn: Sockets disabled, not accepting terminal connections
build/ARM/base/remote_gdb.cc:377: warn: Sockets disabled, not accepting gdb connections
build/ARM/mem/coherent_xbar.cc:140: warn: CoherentXBar system.stencil2d_clstr.coherency_bus has no snooping ports attached!
build/ARM/dev/arm/energy_ctrl.cc:252: warn: Existing EnergyCtrl, but no enabled DVFSHandler found.
gem5 Simulator System.  http://gem5.org
gem5 is copyrighted software; use the --copyright option for details.

gem5 version 21.1.0.1
gem5 compiled May  4 2026 18:12:38
gem5 started May  4 2026 18:13:24
gem5 executing on 3b7fb6fd27b8, pid 2580383
command line: /gem5-SALAM/build/ARM/gem5.opt --listener-mode=off --outdir=/gem5-SALAM/BM_ARM_OUT/run_all/stencil2d/aia-kd /gem5-SALAM/configs/SALAM/fs_stencil2d.py --mem-size=4GB --mem-type=DDR4_2400_8x8 --machine-type=VExpress_GEM5_V1 --dtb-file=none --bare-metal --cpu-type=DerivO3CPU --caches --l2cache --kernel=/gem5-SALAM/benchmarks/sys_validation/stencil2d/sw/main.elf --disk-image=/gem5-SALAM/benchmarks/common/fake.iso --accpath=/gem5-SALAM/benchmarks/sys_validation/stencil2d --accbench=stencil2d --enable-kernel-validation --kernel-validation-latency 8367000

[HWAccConfig] Kernel validation ENABLED: latency=8367000, int=172, pid=17
[HWAccConfig] Kernel validation ENABLED: latency=8367000, int=172, pid=17
**** REAL SIMULATION ****
warn: iobus.slave is deprecated. `slave` is now called `cpu_side_ports`
warn: bridge.master is deprecated. `master` is now called `mem_side_port`
warn: membus.master is deprecated. `master` is now called `mem_side_ports`
warn: bridge.slave is deprecated. `slave` is now called `cpu_side_port`
warn: membus.slave is deprecated. `slave` is now called `cpu_side_ports`
warn: tol2bus.master is deprecated. `master` is now called `mem_side_ports`
warn: membus.slave is deprecated. `slave` is now called `cpu_side_ports`
warn: tol2bus.slave is deprecated. `slave` is now called `cpu_side_ports`
warn: tol2bus.slave is deprecated. `slave` is now called `cpu_side_ports`
warn: tol2bus.slave is deprecated. `slave` is now called `cpu_side_ports`
warn: tol2bus.slave is deprecated. `slave` is now called `cpu_side_ports`
warn: membus.slave is deprecated. `slave` is now called `cpu_side_ports`
warn: coherency_bus.master is deprecated. `master` is now called `mem_side_ports`
warn: No dot file generated. Please install pydot to generate the dot file and pdf.
build/ARM/sim/simulate.cc:107: info: Entering event queue @ 0.  Starting simulation...
********************************************************************************
system.stencil2d_clstr.stencil2d.llvm_interface
Total Area: 43998.2
Total Power Static: 7898.43

Total Power Dynamic: 145638
   ========= Performance Analysis =============
   Setup Time:                      0h 0m 0s 1ms 491us
   Simulation Time (Total):         0h 0m 6s 700ms
   Simulation Time (Active):        0h 0m 2s 262ms
        Queue Processing Time:      0h 0m 2s 238ms
             Scheduling Time:       0h 0m 1s 107ms
             Computation Time:      0h 0m 0s 228ms
   System Clock:                    0.1GHz
   Runtime:                         122924 cycles
   Runtime:                         1229.24 us
   Stalls:                          0 cycles
   Executed Nodes:                  122923 cycles

   ========= Kernel Validation Stats ==========
   Kernel validation enabled:       YES
   Configured latency per check:    8.367 us

   --- Access Breakdown ---
   Total memory accesses (validated): 148428
   Cache hits (0 latency):          148412
   Validation requests (full lat):  16
     of which DMA-ctrl writes:      0
   Coalesced waits (partial lat):   0
   Validations denied:              0

   --- Latency Breakdown ---
   Validation request latency:      133.872 us
   Coalesced wait latency:          0 us
   TOTAL SECURITY OVERHEAD:         133.872 us
   Avg latency per validation:      8.367 us
   Avg latency per coalesced wait:  0 us
   Avg overhead per blocked access: 8.367 us

   --- Cache Statistics ---
   Processes with cached pages:     1
   Unique pages validated (total):  17
   Cache hit rate:                  99.9892%

********************************************************************************
system.stencil2d_clstr.top.llvm_interface
Total Area: 201.48
Total Power Static: 5.36907

Total Power Dynamic: 26.3845
   ========= Performance Analysis =============
   Setup Time:                      0h 0m 0s 1ms 241us
   Simulation Time (Total):         0h 0m 7s 351ms
   Simulation Time (Active):        0h 0m 0s 132ms
        Queue Processing Time:      0h 0m 0s 100ms
             Scheduling Time:       0h 0m 0s 44ms
             Computation Time:      0h 0m 0s 6ms
   System Clock:                    0.1GHz
   Runtime:                         149071 cycles
   Runtime:                         1490.71 us
   Stalls:                          0 cycles
   Executed Nodes:                  149070 cycles

   ========= Kernel Validation Stats ==========
   Kernel validation enabled:       YES
   Configured latency per check:    8.367 us

   --- Access Breakdown ---
   Total memory accesses (validated): 8798
   Cache hits (0 latency):          8785
   Validation requests (full lat):  13
     of which DMA-ctrl writes:      12
   Coalesced waits (partial lat):   0
   Validations denied:              0

   --- Latency Breakdown ---
   Validation request latency:      259.377 us
   Coalesced wait latency:          0 us
   TOTAL SECURITY OVERHEAD:         259.377 us
   Avg latency per validation:      19.9521 us
   Avg latency per coalesced wait:  0 us
   Avg overhead per blocked access: 19.9521 us

   --- Cache Statistics ---
   Processes with cached pages:     1
   Unique pages validated (total):  17
   Cache hit rate:                  99.8522%

Exiting @ tick 14393876000 because m5_exit instruction encountered
