build/ARM/base/statistics.hh:277: warn: One of the stats is a legacy stat. Legacy stat is a stat that does not belong to any statistics::Group. Legacy stat is deprecated.
Global frequency set at 1000000000000 ticks per second
build/ARM/mem/mem_interface.cc:793: warn: DRAM device capacity (16384 Mbytes) does not match the address range assigned (4096 Mbytes)
build/ARM/sim/kernel_workload.cc:46: info: kernel located at: /gem5-SALAM/benchmarks/lenet/design_c/sw/main.elf
build/ARM/arch/arm/system.cc:95: warn: Highest ARM exception-level set to AArch64 but the workload is for AArch32. Assuming you wanted these to match.
build/ARM/base/vnc/vncserver.cc:163: warn: Sockets disabled, not accepting vnc client connections
build/ARM/dev/serial/terminal.cc:170: warn: Sockets disabled, not accepting terminal connections
build/ARM/base/remote_gdb.cc:377: warn: Sockets disabled, not accepting gdb connections
build/ARM/mem/coherent_xbar.cc:140: warn: CoherentXBar system.lenet5_clstr.coherency_bus has no snooping ports attached!
build/ARM/dev/arm/energy_ctrl.cc:252: warn: Existing EnergyCtrl, but no enabled DVFSHandler found.
gem5 Simulator System.  http://gem5.org
gem5 is copyrighted software; use the --copyright option for details.

gem5 version 21.1.0.1
gem5 compiled May  4 2026 18:12:38
gem5 started May  4 2026 18:13:29
gem5 executing on 3b7fb6fd27b8, pid 2580891
command line: /gem5-SALAM/build/ARM/gem5.opt --listener-mode=off --outdir=/gem5-SALAM/BM_ARM_OUT/run_all/lenet_c/aia-kd /gem5-SALAM/configs/SALAM/fs_lenet_c.py --mem-size=4GB --mem-type=DDR4_2400_8x8 --machine-type=VExpress_GEM5_V1 --dtb-file=none --bare-metal --cpu-type=DerivO3CPU --caches --l2cache --kernel=/gem5-SALAM/benchmarks/lenet/design_c/sw/main.elf --disk-image=/gem5-SALAM/benchmarks/common/fake.iso --accpath=/gem5-SALAM/benchmarks/lenet/design_c --accbench=lenet_c --enable-kernel-validation --kernel-validation-latency 8367000

[HWAccConfig] Kernel validation ENABLED: latency=8367000, int=172, pid=17
[HWAccConfig] Kernel validation ENABLED: latency=8367000, int=172, pid=17
[HWAccConfig] Kernel validation ENABLED: latency=8367000, int=172, pid=17
[HWAccConfig] Kernel validation ENABLED: latency=8367000, int=172, pid=17
[HWAccConfig] Kernel validation ENABLED: latency=8367000, int=172, pid=17
[HWAccConfig] Kernel validation ENABLED: latency=8367000, int=172, pid=17
[HWAccConfig] Kernel validation ENABLED: latency=8367000, int=172, pid=17
[HWAccConfig] Kernel validation ENABLED: latency=8367000, int=172, pid=17
[HWAccConfig] Kernel validation ENABLED: latency=8367000, int=172, pid=17
[HWAccConfig] Kernel validation ENABLED: latency=8367000, int=172, pid=17
[HWAccConfig] Kernel validation ENABLED: latency=8367000, int=172, pid=17
[HWAccConfig] Kernel validation ENABLED: latency=8367000, int=172, pid=17
[HWAccConfig] Kernel validation ENABLED: latency=8367000, int=172, pid=17
**** REAL SIMULATION ****
warn: iobus.slave is deprecated. `slave` is now called `cpu_side_ports`
warn: bridge.master is deprecated. `master` is now called `mem_side_port`
warn: membus.master is deprecated. `master` is now called `mem_side_ports`
warn: bridge.slave is deprecated. `slave` is now called `cpu_side_port`
warn: membus.slave is deprecated. `slave` is now called `cpu_side_ports`
warn: tol2bus.master is deprecated. `master` is now called `mem_side_ports`
warn: membus.slave is deprecated. `slave` is now called `cpu_side_ports`
warn: tol2bus.slave is deprecated. `slave` is now called `cpu_side_ports`
warn: tol2bus.slave is deprecated. `slave` is now called `cpu_side_ports`
warn: tol2bus.slave is deprecated. `slave` is now called `cpu_side_ports`
warn: tol2bus.slave is deprecated. `slave` is now called `cpu_side_ports`
warn: membus.slave is deprecated. `slave` is now called `cpu_side_ports`
warn: coherency_bus.master is deprecated. `master` is now called `mem_side_ports`
warn: No dot file generated. Please install pydot to generate the dot file and pdf.
build/ARM/sim/simulate.cc:107: info: Entering event queue @ 0.  Starting simulation...
********************************************************************************
system.lenet5_clstr.data_mover_0.llvm_interface
Total Area: 2560.05
Total Power Static: 1249

Total Power Dynamic: 13797
   ========= Performance Analysis =============
   Setup Time:                      0h 0m 0s 1ms 461us
   Simulation Time (Total):         0h 2m 51s 728ms
   Simulation Time (Active):        0h 0m 3s 772ms
        Queue Processing Time:      0h 0m 3s 574ms
             Scheduling Time:       0h 0m 2s 30ms
             Computation Time:      0h 0m 0s 454ms
   System Clock:                    0.1GHz
   Runtime:                         1050853 cycles
   Runtime:                         10508.5 us
   Stalls:                          0 cycles
   Executed Nodes:                  1050852 cycles

   ========= Kernel Validation Stats ==========
   Kernel validation enabled:       YES
   Configured latency per check:    8.367 us

   --- Access Breakdown ---
   Total memory accesses (validated): 237248
   Cache hits (0 latency):          237248
   Validation requests (full lat):  0
     of which DMA-ctrl writes:      0
   Coalesced waits (partial lat):   0
   Validations denied:              0

   --- Latency Breakdown ---
   Validation request latency:      0 us
   Coalesced wait latency:          0 us
   TOTAL SECURITY OVERHEAD:         0 us
   Avg latency per validation:      0 us
   Avg latency per coalesced wait:  0 us
   Avg overhead per blocked access: 0 us

   --- Cache Statistics ---
   Processes with cached pages:     1
   Unique pages validated (total):  8
   Cache hit rate:                  100%

********************************************************************************
system.lenet5_clstr.conv0.llvm_interface
Total Area: 6054.47
Total Power Static: 7131.27

Total Power Dynamic: 184286
   ========= Performance Analysis =============
   Setup Time:                      0h 0m 0s 0ms 781us
   Simulation Time (Total):         0h 2m 51s 727ms
   Simulation Time (Active):        0h 0m 5s 178ms
        Queue Processing Time:      0h 0m 5s 35ms
             Scheduling Time:       0h 0m 3s 119ms
             Computation Time:      0h 0m 0s 603ms
   System Clock:                    0.1GHz
   Runtime:                         1050844 cycles
   Runtime:                         10508.4 us
   Stalls:                          0 cycles
   Executed Nodes:                  1050843 cycles

   ========= Kernel Validation Stats ==========
   Kernel validation enabled:       YES
   Configured latency per check:    8.367 us

   --- Access Breakdown ---
   Total memory accesses (validated): 239904
   Cache hits (0 latency):          239904
   Validation requests (full lat):  0
     of which DMA-ctrl writes:      0
   Coalesced waits (partial lat):   0
   Validations denied:              0

   --- Latency Breakdown ---
   Validation request latency:      0 us
   Coalesced wait latency:          0 us
   TOTAL SECURITY OVERHEAD:         0 us
   Avg latency per validation:      0 us
   Avg latency per coalesced wait:  0 us
   Avg overhead per blocked access: 0 us

   --- Cache Statistics ---
   Processes with cached pages:     1
   Unique pages validated (total):  8
   Cache hit rate:                  100%

********************************************************************************
system.lenet5_clstr.pool_mover_0.llvm_interface
Total Area: 780.105
Total Power Static: 38.3364

Total Power Dynamic: 304.907
   ========= Performance Analysis =============
   Setup Time:                      0h 0m 0s 0ms 507us
   Simulation Time (Total):         0h 2m 51s 726ms
   Simulation Time (Active):        0h 0m 0s 378ms
        Queue Processing Time:      0h 0m 0s 254ms
             Scheduling Time:       0h 0m 0s 106ms
             Computation Time:      0h 0m 0s 12ms
   System Clock:                    0.1GHz
   Runtime:                         1050834 cycles
   Runtime:                         10508.3 us
   Stalls:                          0 cycles
   Executed Nodes:                  1050833 cycles

   ========= Kernel Validation Stats ==========
   Kernel validation enabled:       YES
   Configured latency per check:    8.367 us

   --- Access Breakdown ---
   Total memory accesses (validated): 9408
   Cache hits (0 latency):          9408
   Validation requests (full lat):  0
     of which DMA-ctrl writes:      0
   Coalesced waits (partial lat):   0
   Validations denied:              0

   --- Latency Breakdown ---
   Validation request latency:      0 us
   Coalesced wait latency:          0 us
   TOTAL SECURITY OVERHEAD:         0 us
   Avg latency per validation:      0 us
   Avg latency per coalesced wait:  0 us
   Avg overhead per blocked access: 0 us

   --- Cache Statistics ---
   Processes with cached pages:     1
   Unique pages validated (total):  8
   Cache hit rate:                  100%

********************************************************************************
system.lenet5_clstr.pool0.llvm_interface
Total Area: 6221.95
Total Power Static: 104.183

Total Power Dynamic: 2173.03
   ========= Performance Analysis =============
   Setup Time:                      0h 0m 0s 0ms 816us
   Simulation Time (Total):         0h 2m 56s 919ms
   Simulation Time (Active):        0h 0m 0s 455ms
        Queue Processing Time:      0h 0m 0s 305ms
             Scheduling Time:       0h 0m 0s 107ms
             Computation Time:      0h 0m 0s 22ms
   System Clock:                    0.1GHz
   Runtime:                         1123957 cycles
   Runtime:                         11239.6 us
   Stalls:                          0 cycles
   Executed Nodes:                  1123956 cycles

   ========= Kernel Validation Stats ==========
   Kernel validation enabled:       YES
   Configured latency per check:    8.367 us

   --- Access Breakdown ---
   Total memory accesses (validated): 5880
   Cache hits (0 latency):          5880
   Validation requests (full lat):  0
     of which DMA-ctrl writes:      0
   Coalesced waits (partial lat):   0
   Validations denied:              0

   --- Latency Breakdown ---
   Validation request latency:      0 us
   Coalesced wait latency:          0 us
   TOTAL SECURITY OVERHEAD:         0 us
   Avg latency per validation:      0 us
   Avg latency per coalesced wait:  0 us
   Avg overhead per blocked access: 0 us

   --- Cache Statistics ---
   Processes with cached pages:     1
   Unique pages validated (total):  8
   Cache hit rate:                  100%

********************************************************************************
system.lenet5_clstr.data_mover_1.llvm_interface
Total Area: 3098.38
Total Power Static: 2424.96

Total Power Dynamic: 27394.9
   ========= Performance Analysis =============
   Setup Time:                      0h 0m 0s 4ms 664us
   Simulation Time (Total):         0h 3m 4s 320ms
   Simulation Time (Active):        0h 0m 5s 332ms
        Queue Processing Time:      0h 0m 5s 180ms
             Scheduling Time:       0h 0m 3s 58ms
             Computation Time:      0h 0m 0s 657ms
   System Clock:                    0.1GHz
   Runtime:                         1228290 cycles
   Runtime:                         12282.9 us
   Stalls:                          0 cycles
   Executed Nodes:                  1228289 cycles

   ========= Kernel Validation Stats ==========
   Kernel validation enabled:       YES
   Configured latency per check:    8.367 us

   --- Access Breakdown ---
   Total memory accesses (validated): 482352
   Cache hits (0 latency):          482351
   Validation requests (full lat):  1
     of which DMA-ctrl writes:      0
   Coalesced waits (partial lat):   0
   Validations denied:              0

   --- Latency Breakdown ---
   Validation request latency:      8.367 us
   Coalesced wait latency:          0 us
   TOTAL SECURITY OVERHEAD:         8.367 us
   Avg latency per validation:      8.367 us
   Avg latency per coalesced wait:  0 us
   Avg overhead per blocked access: 8.367 us

   --- Cache Statistics ---
   Processes with cached pages:     1
   Unique pages validated (total):  8
   Cache hit rate:                  99.9998%

********************************************************************************
system.lenet5_clstr.pool_mover_1.llvm_interface
Total Area: 780.105
Total Power Static: 12.6423

Total Power Dynamic: 101.338
   ========= Performance Analysis =============
   Setup Time:                      0h 0m 0s 0ms 573us
   Simulation Time (Total):         0h 3m 4s 199ms
   Simulation Time (Active):        0h 0m 0s 272ms
        Queue Processing Time:      0h 0m 0s 141ms
             Scheduling Time:       0h 0m 0s 18ms
             Computation Time:      0h 0m 0s 2ms
   System Clock:                    0.1GHz
   Runtime:                         1227435 cycles
   Runtime:                         12274.4 us
   Stalls:                          0 cycles
   Executed Nodes:                  1227434 cycles

   ========= Kernel Validation Stats ==========
   Kernel validation enabled:       YES
   Configured latency per check:    8.367 us

   --- Access Breakdown ---
   Total memory accesses (validated): 3200
   Cache hits (0 latency):          3199
   Validation requests (full lat):  0
     of which DMA-ctrl writes:      0
   Coalesced waits (partial lat):   1
   Validations denied:              0

   --- Latency Breakdown ---
   Validation request latency:      0 us
   Coalesced wait latency:          7.703 us
   TOTAL SECURITY OVERHEAD:         7.703 us
   Avg latency per validation:      0 us
   Avg latency per coalesced wait:  7.703 us
   Avg overhead per blocked access: 7.703 us

   --- Cache Statistics ---
   Processes with cached pages:     1
   Unique pages validated (total):  8
   Cache hit rate:                  99.9688%

********************************************************************************
system.lenet5_clstr.conv1.llvm_interface
Total Area: 6233.91
Total Power Static: 14530.9

Total Power Dynamic: 375959
   ========= Performance Analysis =============
   Setup Time:                      0h 0m 0s 3ms 993us
   Simulation Time (Total):         0h 3m 4s 316ms
   Simulation Time (Active):        0h 0m 7s 492ms
        Queue Processing Time:      0h 0m 7s 337ms
             Scheduling Time:       0h 0m 4s 462ms
             Computation Time:      0h 0m 0s 918ms
   System Clock:                    0.1GHz
   Runtime:                         1228282 cycles
   Runtime:                         12282.8 us
   Stalls:                          0 cycles
   Executed Nodes:                  1228281 cycles

   ========= Kernel Validation Stats ==========
   Kernel validation enabled:       YES
   Configured latency per check:    8.367 us

   --- Access Breakdown ---
   Total memory accesses (validated): 481600
   Cache hits (0 latency):          481597
   Validation requests (full lat):  1
     of which DMA-ctrl writes:      0
   Coalesced waits (partial lat):   2
   Validations denied:              0

   --- Latency Breakdown ---
   Validation request latency:      8.367 us
   Coalesced wait latency:          23.979 us
   TOTAL SECURITY OVERHEAD:         32.346 us
   Avg latency per validation:      8.367 us
   Avg latency per coalesced wait:  11.9895 us
   Avg overhead per blocked access: 10.782 us

   --- Cache Statistics ---
   Processes with cached pages:     1
   Unique pages validated (total):  8
   Cache hit rate:                  99.9994%

********************************************************************************
system.lenet5_clstr.pool1.llvm_interface
Total Area: 6221.95
Total Power Static: 35.4349

Total Power Dynamic: 738.536
   ========= Performance Analysis =============
   Setup Time:                      0h 0m 0s 3ms 254us
   Simulation Time (Total):         0h 3m 3s 950ms
   Simulation Time (Active):        0h 0m 0s 276ms
        Queue Processing Time:      0h 0m 0s 145ms
             Scheduling Time:       0h 0m 0s 27ms
             Computation Time:      0h 0m 0s 5ms
   System Clock:                    0.1GHz
   Runtime:                         1225753 cycles
   Runtime:                         12257.5 us
   Stalls:                          0 cycles
   Executed Nodes:                  1225752 cycles

   ========= Kernel Validation Stats ==========
   Kernel validation enabled:       YES
   Configured latency per check:    8.367 us

   --- Access Breakdown ---
   Total memory accesses (validated): 2000
   Cache hits (0 latency):          2000
   Validation requests (full lat):  0
     of which DMA-ctrl writes:      0
   Coalesced waits (partial lat):   0
   Validations denied:              0

   --- Latency Breakdown ---
   Validation request latency:      0 us
   Coalesced wait latency:          0 us
   TOTAL SECURITY OVERHEAD:         0 us
   Avg latency per validation:      0 us
   Avg latency per coalesced wait:  0 us
   Avg overhead per blocked access: 0 us

   --- Cache Statistics ---
   Processes with cached pages:     1
   Unique pages validated (total):  8
   Cache hit rate:                  100%

********************************************************************************
system.lenet5_clstr.data_mover_2.llvm_interface
Total Area: 1830.32
Total Power Static: 467.516

Total Power Dynamic: 5377.4
   ========= Performance Analysis =============
   Setup Time:                      0h 0m 0s 4ms 135us
   Simulation Time (Total):         0h 3m 15s 613ms
   Simulation Time (Active):        0h 0m 0s 756ms
        Queue Processing Time:      0h 0m 0s 615ms
             Scheduling Time:       0h 0m 0s 304ms
             Computation Time:      0h 0m 0s 66ms
   System Clock:                    0.1GHz
   Runtime:                         1459924 cycles
   Runtime:                         14599.2 us
   Stalls:                          0 cycles
   Executed Nodes:                  1459923 cycles

   ========= Kernel Validation Stats ==========
   Kernel validation enabled:       YES
   Configured latency per check:    8.367 us

   --- Access Breakdown ---
   Total memory accesses (validated): 96800
   Cache hits (0 latency):          96800
   Validation requests (full lat):  0
     of which DMA-ctrl writes:      0
   Coalesced waits (partial lat):   0
   Validations denied:              0

   --- Latency Breakdown ---
   Validation request latency:      0 us
   Coalesced wait latency:          0 us
   TOTAL SECURITY OVERHEAD:         0 us
   Avg latency per validation:      0 us
   Avg latency per coalesced wait:  0 us
   Avg overhead per blocked access: 0 us

   --- Cache Statistics ---
   Processes with cached pages:     1
   Unique pages validated (total):  54
   Cache hit rate:                  100%

********************************************************************************
system.lenet5_clstr.conv2.llvm_interface
Total Area: 5875.03
Total Power Static: 2891.36

Total Power Dynamic: 75102.9
   ========= Performance Analysis =============
   Setup Time:                      0h 0m 0s 0ms 884us
   Simulation Time (Total):         0h 3m 15s 221ms
   Simulation Time (Active):        0h 0m 1s 29ms
        Queue Processing Time:      0h 0m 0s 867ms
             Scheduling Time:       0h 0m 0s 469ms
             Computation Time:      0h 0m 0s 94ms
   System Clock:                    0.1GHz
   Runtime:                         1457406 cycles
   Runtime:                         14574.1 us
   Stalls:                          0 cycles
   Executed Nodes:                  1457405 cycles

   ========= Kernel Validation Stats ==========
   Kernel validation enabled:       YES
   Configured latency per check:    8.367 us

   --- Access Breakdown ---
   Total memory accesses (validated): 96120
   Cache hits (0 latency):          96074
   Validation requests (full lat):  46
     of which DMA-ctrl writes:      0
   Coalesced waits (partial lat):   0
   Validations denied:              0

   --- Latency Breakdown ---
   Validation request latency:      384.882 us
   Coalesced wait latency:          0 us
   TOTAL SECURITY OVERHEAD:         384.882 us
   Avg latency per validation:      8.367 us
   Avg latency per coalesced wait:  0 us
   Avg overhead per blocked access: 8.367 us

   --- Cache Statistics ---
   Processes with cached pages:     1
   Unique pages validated (total):  54
   Cache hit rate:                  99.9521%

********************************************************************************
system.lenet5_clstr.data_mover_3.llvm_interface
Total Area: 1112.55
Total Power Static: 96.7562

Total Power Dynamic: 1121.45
   ========= Performance Analysis =============
   Setup Time:                      0h 0m 0s 0ms 802us
   Simulation Time (Total):         0h 3m 15s 934ms
   Simulation Time (Active):        0h 0m 0s 326ms
        Queue Processing Time:      0h 0m 0s 183ms
             Scheduling Time:       0h 0m 0s 44ms
             Computation Time:      0h 0m 0s 11ms
   System Clock:                    0.1GHz
   Runtime:                         1503152 cycles
   Runtime:                         15031.5 us
   Stalls:                          0 cycles
   Executed Nodes:                  1503151 cycles

   ========= Kernel Validation Stats ==========
   Kernel validation enabled:       YES
   Configured latency per check:    8.367 us

   --- Access Breakdown ---
   Total memory accesses (validated): 20400
   Cache hits (0 latency):          20400
   Validation requests (full lat):  0
     of which DMA-ctrl writes:      0
   Coalesced waits (partial lat):   0
   Validations denied:              0

   --- Latency Breakdown ---
   Validation request latency:      0 us
   Coalesced wait latency:          0 us
   TOTAL SECURITY OVERHEAD:         0 us
   Avg latency per validation:      0 us
   Avg latency per coalesced wait:  0 us
   Avg overhead per blocked access: 0 us

   --- Cache Statistics ---
   Processes with cached pages:     1
   Unique pages validated (total):  63
   Cache hit rate:                  100%

********************************************************************************
system.lenet5_clstr.fc0.llvm_interface
Total Area: 5516.14
Total Power Static: 605.722

Total Power Dynamic: 15761.6
   ========= Performance Analysis =============
   Setup Time:                      0h 0m 0s 3ms 790us
   Simulation Time (Total):         0h 3m 14s 978ms
   Simulation Time (Active):        0h 0m 0s 393ms
        Queue Processing Time:      0h 0m 0s 254ms
             Scheduling Time:       0h 0m 0s 76ms
             Computation Time:      0h 0m 0s 16ms
   System Clock:                    0.1GHz
   Runtime:                         1499796 cycles
   Runtime:                         14998 us
   Stalls:                          0 cycles
   Executed Nodes:                  1499795 cycles

   ========= Kernel Validation Stats ==========
   Kernel validation enabled:       YES
   Configured latency per check:    8.367 us

   --- Access Breakdown ---
   Total memory accesses (validated): 20244
   Cache hits (0 latency):          20234
   Validation requests (full lat):  10
     of which DMA-ctrl writes:      0
   Coalesced waits (partial lat):   0
   Validations denied:              0

   --- Latency Breakdown ---
   Validation request latency:      83.67 us
   Coalesced wait latency:          0 us
   TOTAL SECURITY OVERHEAD:         83.67 us
   Avg latency per validation:      8.367 us
   Avg latency per coalesced wait:  0 us
   Avg overhead per blocked access: 8.367 us

   --- Cache Statistics ---
   Processes with cached pages:     1
   Unique pages validated (total):  63
   Cache hit rate:                  99.9506%

********************************************************************************
system.lenet5_clstr.top.llvm_interface
Total Area: 201.48
Total Power Static: 229.327

Total Power Dynamic: 1126.95
   ========= Performance Analysis =============
   Setup Time:                      0h 0m 0s 9ms 621us
   Simulation Time (Total):         0h 3m 23s 636ms
   Simulation Time (Active):        0h 0m 3s 29ms
        Queue Processing Time:      0h 0m 2s 827ms
             Scheduling Time:       0h 0m 1s 346ms
             Computation Time:      0h 0m 0s 156ms
   System Clock:                    0.1GHz
   Runtime:                         1622003 cycles
   Runtime:                         16220 us
   Stalls:                          0 cycles
   Executed Nodes:                  1622002 cycles

   ========= Kernel Validation Stats ==========
   Kernel validation enabled:       YES
   Configured latency per check:    8.367 us

   --- Access Breakdown ---
   Total memory accesses (validated): 375264
   Cache hits (0 latency):          375235
   Validation requests (full lat):  26
     of which DMA-ctrl writes:      21
   Coalesced waits (partial lat):   3
   Validations denied:              0

   --- Latency Breakdown ---
   Validation request latency:      1020.77 us
   Coalesced wait latency:          75.303 us
   TOTAL SECURITY OVERHEAD:         1096.08 us
   Avg latency per validation:      39.2605 us
   Avg latency per coalesced wait:  25.101 us
   Avg overhead per blocked access: 37.7958 us

   --- Cache Statistics ---
   Processes with cached pages:     1
   Unique pages validated (total):  63
   Cache hit rate:                  99.9923%

Exiting @ tick 16269853000 because m5_exit instruction encountered
