build/ARM/base/statistics.hh:277: warn: One of the stats is a legacy stat. Legacy stat is a stat that does not belong to any statistics::Group. Legacy stat is deprecated.
Global frequency set at 1000000000000 ticks per second
build/ARM/mem/mem_interface.cc:793: warn: DRAM device capacity (16384 Mbytes) does not match the address range assigned (4096 Mbytes)
build/ARM/sim/kernel_workload.cc:46: info: kernel located at: /gem5-SALAM/benchmarks/sys_validation/md_knn/sw/main.elf
build/ARM/arch/arm/system.cc:95: warn: Highest ARM exception-level set to AArch64 but the workload is for AArch32. Assuming you wanted these to match.
build/ARM/base/vnc/vncserver.cc:163: warn: Sockets disabled, not accepting vnc client connections
build/ARM/dev/serial/terminal.cc:170: warn: Sockets disabled, not accepting terminal connections
build/ARM/base/remote_gdb.cc:377: warn: Sockets disabled, not accepting gdb connections
build/ARM/mem/coherent_xbar.cc:140: warn: CoherentXBar system.mdknn_clstr.coherency_bus has no snooping ports attached!
build/ARM/dev/arm/energy_ctrl.cc:252: warn: Existing EnergyCtrl, but no enabled DVFSHandler found.
gem5 Simulator System.  http://gem5.org
gem5 is copyrighted software; use the --copyright option for details.

gem5 version 21.1.0.1
gem5 compiled May  4 2026 18:12:38
gem5 started May  4 2026 18:13:25
gem5 executing on 3b7fb6fd27b8, pid 2580602
command line: /gem5-SALAM/build/ARM/gem5.opt --listener-mode=off --outdir=/gem5-SALAM/BM_ARM_OUT/run_all/md_knn/aia-kd /gem5-SALAM/configs/SALAM/fs_md_knn.py --mem-size=4GB --mem-type=DDR4_2400_8x8 --machine-type=VExpress_GEM5_V1 --dtb-file=none --bare-metal --cpu-type=DerivO3CPU --caches --l2cache --kernel=/gem5-SALAM/benchmarks/sys_validation/md_knn/sw/main.elf --disk-image=/gem5-SALAM/benchmarks/common/fake.iso --accpath=/gem5-SALAM/benchmarks/sys_validation/md_knn --accbench=md_knn --enable-kernel-validation --kernel-validation-latency 8367000

[HWAccConfig] Kernel validation ENABLED: latency=8367000, int=172, pid=17
[HWAccConfig] Kernel validation ENABLED: latency=8367000, int=172, pid=17
**** REAL SIMULATION ****
warn: iobus.slave is deprecated. `slave` is now called `cpu_side_ports`
warn: bridge.master is deprecated. `master` is now called `mem_side_port`
warn: membus.master is deprecated. `master` is now called `mem_side_ports`
warn: bridge.slave is deprecated. `slave` is now called `cpu_side_port`
warn: membus.slave is deprecated. `slave` is now called `cpu_side_ports`
warn: tol2bus.master is deprecated. `master` is now called `mem_side_ports`
warn: membus.slave is deprecated. `slave` is now called `cpu_side_ports`
warn: tol2bus.slave is deprecated. `slave` is now called `cpu_side_ports`
warn: tol2bus.slave is deprecated. `slave` is now called `cpu_side_ports`
warn: tol2bus.slave is deprecated. `slave` is now called `cpu_side_ports`
warn: tol2bus.slave is deprecated. `slave` is now called `cpu_side_ports`
warn: membus.slave is deprecated. `slave` is now called `cpu_side_ports`
warn: coherency_bus.master is deprecated. `master` is now called `mem_side_ports`
warn: No dot file generated. Please install pydot to generate the dot file and pdf.
build/ARM/sim/simulate.cc:107: info: Entering event queue @ 0.  Starting simulation...
********************************************************************************
system.mdknn_clstr.md_knn.llvm_interface
Total Area: 2502.76
Total Power Static: 74.7734

Total Power Dynamic: 982.59
   ========= Performance Analysis =============
   Setup Time:                      0h 0m 0s 4ms 259us
   Simulation Time (Total):         0h 0m 24s 639ms
   Simulation Time (Active):        0h 0m 19s 896ms
        Queue Processing Time:      0h 0m 19s 875ms
             Scheduling Time:       0h 0m 11s 535ms
             Computation Time:      0h 0m 0s 164ms
   System Clock:                    0.1GHz
   Runtime:                         71402 cycles
   Runtime:                         714.02 us
   Stalls:                          0 cycles
   Executed Nodes:                  71401 cycles

   ========= Kernel Validation Stats ==========
   Kernel validation enabled:       YES
   Configured latency per check:    8.367 us

   --- Access Breakdown ---
   Total memory accesses (validated): 17920
   Cache hits (0 latency):          17912
   Validation requests (full lat):  7
     of which DMA-ctrl writes:      0
   Coalesced waits (partial lat):   1
   Validations denied:              0

   --- Latency Breakdown ---
   Validation request latency:      66.936 us
   Coalesced wait latency:          16.734 us
   TOTAL SECURITY OVERHEAD:         83.67 us
   Avg latency per validation:      9.56229 us
   Avg latency per coalesced wait:  16.734 us
   Avg overhead per blocked access: 10.4587 us

   --- Cache Statistics ---
   Processes with cached pages:     1
   Unique pages validated (total):  8
   Cache hit rate:                  99.9554%

********************************************************************************
system.mdknn_clstr.top.llvm_interface
Total Area: 402.96
Total Power Static: 3.12182

Total Power Dynamic: 15.3412
   ========= Performance Analysis =============
   Setup Time:                      0h 0m 0s 5ms 262us
   Simulation Time (Total):         0h 0m 30s 171ms
   Simulation Time (Active):        0h 0m 0s 221ms
        Queue Processing Time:      0h 0m 0s 173ms
             Scheduling Time:       0h 0m 0s 68ms
             Computation Time:      0h 0m 0s 10ms
   System Clock:                    0.1GHz
   Runtime:                         153896 cycles
   Runtime:                         1538.96 us
   Stalls:                          0 cycles
   Executed Nodes:                  153895 cycles

   ========= Kernel Validation Stats ==========
   Kernel validation enabled:       YES
   Configured latency per check:    8.367 us

   --- Access Breakdown ---
   Total memory accesses (validated): 5144
   Cache hits (0 latency):          5108
   Validation requests (full lat):  36
     of which DMA-ctrl writes:      35
   Coalesced waits (partial lat):   0
   Validations denied:              0

   --- Latency Breakdown ---
   Validation request latency:      819.966 us
   Coalesced wait latency:          0 us
   TOTAL SECURITY OVERHEAD:         819.966 us
   Avg latency per validation:      22.7768 us
   Avg latency per coalesced wait:  0 us
   Avg overhead per blocked access: 22.7768 us

   --- Cache Statistics ---
   Processes with cached pages:     1
   Unique pages validated (total):  8
   Cache hit rate:                  99.3002%

Exiting @ tick 5309447000 because m5_exit instruction encountered
