build/ARM/base/statistics.hh:277: warn: One of the stats is a legacy stat. Legacy stat is a stat that does not belong to any statistics::Group. Legacy stat is deprecated.
Global frequency set at 1000000000000 ticks per second
build/ARM/mem/mem_interface.cc:793: warn: DRAM device capacity (16384 Mbytes) does not match the address range assigned (4096 Mbytes)
build/ARM/sim/kernel_workload.cc:46: info: kernel located at: /gem5-SALAM/benchmarks/lenet/design_c/sw/main.elf
build/ARM/arch/arm/system.cc:95: warn: Highest ARM exception-level set to AArch64 but the workload is for AArch32. Assuming you wanted these to match.
build/ARM/base/vnc/vncserver.cc:163: warn: Sockets disabled, not accepting vnc client connections
build/ARM/dev/serial/terminal.cc:170: warn: Sockets disabled, not accepting terminal connections
build/ARM/base/remote_gdb.cc:377: warn: Sockets disabled, not accepting gdb connections
build/ARM/mem/coherent_xbar.cc:140: warn: CoherentXBar system.lenet5_clstr.coherency_bus has no snooping ports attached!
build/ARM/dev/arm/energy_ctrl.cc:252: warn: Existing EnergyCtrl, but no enabled DVFSHandler found.
gem5 Simulator System.  http://gem5.org
gem5 is copyrighted software; use the --copyright option for details.

gem5 version 21.1.0.1
gem5 compiled May  2 2026 19:55:51
gem5 started May  3 2026 00:10:55
gem5 executing on 3b7fb6fd27b8, pid 1113894
command line: /gem5-SALAM/build/ARM/gem5.opt --listener-mode=off --outdir=/gem5-SALAM/BM_ARM_OUT/run_all/lenet_c/iommu_e2048_m500ns /gem5-SALAM/configs/SALAM/fs_lenet_c.py --mem-size=4GB --mem-type=DDR4_2400_8x8 --machine-type=VExpress_GEM5_V1 --dtb-file=none --bare-metal --cpu-type=DerivO3CPU --caches --l2cache --kernel=/gem5-SALAM/benchmarks/lenet/design_c/sw/main.elf --disk-image=/gem5-SALAM/benchmarks/common/fake.iso --accpath=/gem5-SALAM/benchmarks/lenet/design_c --accbench=lenet_c --enable-iommu --iotlb-entries 2048 --iotlb-hit-latency 2000 --iotlb-miss-latency 500000

[HWAccConfig] IOMMU ENABLED: entries=2048, hit_lat=2000, miss_lat=500000
[HWAccConfig] IOMMU ENABLED: entries=2048, hit_lat=2000, miss_lat=500000
[HWAccConfig] IOMMU ENABLED: entries=2048, hit_lat=2000, miss_lat=500000
[HWAccConfig] IOMMU ENABLED: entries=2048, hit_lat=2000, miss_lat=500000
[HWAccConfig] IOMMU ENABLED: entries=2048, hit_lat=2000, miss_lat=500000
[HWAccConfig] IOMMU ENABLED: entries=2048, hit_lat=2000, miss_lat=500000
[HWAccConfig] IOMMU ENABLED: entries=2048, hit_lat=2000, miss_lat=500000
[HWAccConfig] IOMMU ENABLED: entries=2048, hit_lat=2000, miss_lat=500000
[HWAccConfig] IOMMU ENABLED: entries=2048, hit_lat=2000, miss_lat=500000
[HWAccConfig] IOMMU ENABLED: entries=2048, hit_lat=2000, miss_lat=500000
[HWAccConfig] IOMMU ENABLED: entries=2048, hit_lat=2000, miss_lat=500000
[HWAccConfig] IOMMU ENABLED: entries=2048, hit_lat=2000, miss_lat=500000
[HWAccConfig] IOMMU ENABLED: entries=2048, hit_lat=2000, miss_lat=500000
**** REAL SIMULATION ****
warn: iobus.slave is deprecated. `slave` is now called `cpu_side_ports`
warn: bridge.master is deprecated. `master` is now called `mem_side_port`
warn: membus.master is deprecated. `master` is now called `mem_side_ports`
warn: bridge.slave is deprecated. `slave` is now called `cpu_side_port`
warn: membus.slave is deprecated. `slave` is now called `cpu_side_ports`
warn: tol2bus.master is deprecated. `master` is now called `mem_side_ports`
warn: membus.slave is deprecated. `slave` is now called `cpu_side_ports`
warn: tol2bus.slave is deprecated. `slave` is now called `cpu_side_ports`
warn: tol2bus.slave is deprecated. `slave` is now called `cpu_side_ports`
warn: tol2bus.slave is deprecated. `slave` is now called `cpu_side_ports`
warn: tol2bus.slave is deprecated. `slave` is now called `cpu_side_ports`
warn: membus.slave is deprecated. `slave` is now called `cpu_side_ports`
warn: coherency_bus.master is deprecated. `master` is now called `mem_side_ports`
warn: No dot file generated. Please install pydot to generate the dot file and pdf.
build/ARM/sim/simulate.cc:107: info: Entering event queue @ 0.  Starting simulation...
********************************************************************************
system.lenet5_clstr.data_mover_0.llvm_interface
Total Area: 2560.05
Total Power Static: 1249

Total Power Dynamic: 13797
   ========= Performance Analysis =============
   Setup Time:                      0h 0m 0s 1ms 245us
   Simulation Time (Total):         0h 2m 53s 41ms
   Simulation Time (Active):        0h 0m 3s 545ms
        Queue Processing Time:      0h 0m 3s 358ms
             Scheduling Time:       0h 0m 1s 901ms
             Computation Time:      0h 0m 0s 438ms
   System Clock:                    0.1GHz
   Runtime:                         1044688 cycles
   Runtime:                         10446.9 us
   Stalls:                          0 cycles
   Executed Nodes:                  1044687 cycles

   ========= Kernel Validation Stats ==========
   Kernel validation enabled:       NO
   Configured latency per check:    0 us

   --- Access Breakdown ---
   Total memory accesses (validated): 0
   Cache hits (0 latency):          0
   Validation requests (full lat):  0
   Coalesced waits (partial lat):   0
   Validations denied:              0

   --- Latency Breakdown ---
   Validation request latency:      0 us
   Coalesced wait latency:          0 us
   TOTAL SECURITY OVERHEAD:         0 us
   Avg latency per validation:      0 us
   Avg latency per coalesced wait:  0 us
   Avg overhead per blocked access: 0 us

   --- Cache Statistics ---
   Processes with cached pages:     0
   Unique pages validated (total):  0
   Cache hit rate:                  0%

   ========= IOMMU Stats =====================
   IOMMU enabled:                   YES
   IOMMU SimObject:                 system.lenet5_clstr.iommu

   --- Access Breakdown ---
   Total IOMMU checks:              1561115
   IOTLB hits:                      1561108
   IOTLB misses (page walks):       7
   IOTLB hit rate:                  99.9996%

   --- Latency Breakdown ---
   TOTAL IOMMU OVERHEAD:            3125.72 us
   Avg latency per access:          0.00200223 us

********************************************************************************
system.lenet5_clstr.conv0.llvm_interface
Total Area: 6054.47
Total Power Static: 7131.27

Total Power Dynamic: 184286
   ========= Performance Analysis =============
   Setup Time:                      0h 0m 0s 6ms 772us
   Simulation Time (Total):         0h 2m 53s 34ms
   Simulation Time (Active):        0h 0m 5s 27ms
        Queue Processing Time:      0h 0m 4s 878ms
             Scheduling Time:       0h 0m 3s 76ms
             Computation Time:      0h 0m 0s 556ms
   System Clock:                    0.1GHz
   Runtime:                         1044680 cycles
   Runtime:                         10446.8 us
   Stalls:                          0 cycles
   Executed Nodes:                  1044679 cycles

   ========= Kernel Validation Stats ==========
   Kernel validation enabled:       NO
   Configured latency per check:    0 us

   --- Access Breakdown ---
   Total memory accesses (validated): 0
   Cache hits (0 latency):          0
   Validation requests (full lat):  0
   Coalesced waits (partial lat):   0
   Validations denied:              0

   --- Latency Breakdown ---
   Validation request latency:      0 us
   Coalesced wait latency:          0 us
   TOTAL SECURITY OVERHEAD:         0 us
   Avg latency per validation:      0 us
   Avg latency per coalesced wait:  0 us
   Avg overhead per blocked access: 0 us

   --- Cache Statistics ---
   Processes with cached pages:     0
   Unique pages validated (total):  0
   Cache hit rate:                  0%

   ========= IOMMU Stats =====================
   IOMMU enabled:                   YES
   IOMMU SimObject:                 system.lenet5_clstr.iommu

   --- Access Breakdown ---
   Total IOMMU checks:              1561117
   IOTLB hits:                      1561110
   IOTLB misses (page walks):       7
   IOTLB hit rate:                  99.9996%

   --- Latency Breakdown ---
   TOTAL IOMMU OVERHEAD:            3125.72 us
   Avg latency per access:          0.00200223 us

********************************************************************************
system.lenet5_clstr.pool_mover_0.llvm_interface
Total Area: 780.105
Total Power Static: 38.3364

Total Power Dynamic: 304.907
   ========= Performance Analysis =============
   Setup Time:                      0h 0m 0s 0ms 588us
   Simulation Time (Total):         0h 2m 53s 33ms
   Simulation Time (Active):        0h 0m 0s 316ms
        Queue Processing Time:      0h 0m 0s 202ms
             Scheduling Time:       0h 0m 0s 63ms
             Computation Time:      0h 0m 0s 27ms
   System Clock:                    0.1GHz
   Runtime:                         1044670 cycles
   Runtime:                         10446.7 us
   Stalls:                          0 cycles
   Executed Nodes:                  1044669 cycles

   ========= Kernel Validation Stats ==========
   Kernel validation enabled:       NO
   Configured latency per check:    0 us

   --- Access Breakdown ---
   Total memory accesses (validated): 0
   Cache hits (0 latency):          0
   Validation requests (full lat):  0
   Coalesced waits (partial lat):   0
   Validations denied:              0

   --- Latency Breakdown ---
   Validation request latency:      0 us
   Coalesced wait latency:          0 us
   TOTAL SECURITY OVERHEAD:         0 us
   Avg latency per validation:      0 us
   Avg latency per coalesced wait:  0 us
   Avg overhead per blocked access: 0 us

   --- Cache Statistics ---
   Processes with cached pages:     0
   Unique pages validated (total):  0
   Cache hit rate:                  0%

   ========= IOMMU Stats =====================
   IOMMU enabled:                   YES
   IOMMU SimObject:                 system.lenet5_clstr.iommu

   --- Access Breakdown ---
   Total IOMMU checks:              1561118
   IOTLB hits:                      1561111
   IOTLB misses (page walks):       7
   IOTLB hit rate:                  99.9996%

   --- Latency Breakdown ---
   TOTAL IOMMU OVERHEAD:            3125.72 us
   Avg latency per access:          0.00200223 us

********************************************************************************
system.lenet5_clstr.pool0.llvm_interface
Total Area: 6221.95
Total Power Static: 104.183

Total Power Dynamic: 2173.03
   ========= Performance Analysis =============
   Setup Time:                      0h 0m 0s 6ms 767us
   Simulation Time (Total):         0h 3m 1s 905ms
   Simulation Time (Active):        0h 0m 0s 445ms
        Queue Processing Time:      0h 0m 0s 300ms
             Scheduling Time:       0h 0m 0s 103ms
             Computation Time:      0h 0m 0s 27ms
   System Clock:                    0.1GHz
   Runtime:                         1117307 cycles
   Runtime:                         11173.1 us
   Stalls:                          0 cycles
   Executed Nodes:                  1117306 cycles

   ========= Kernel Validation Stats ==========
   Kernel validation enabled:       NO
   Configured latency per check:    0 us

   --- Access Breakdown ---
   Total memory accesses (validated): 0
   Cache hits (0 latency):          0
   Validation requests (full lat):  0
   Coalesced waits (partial lat):   0
   Validations denied:              0

   --- Latency Breakdown ---
   Validation request latency:      0 us
   Coalesced wait latency:          0 us
   TOTAL SECURITY OVERHEAD:         0 us
   Avg latency per validation:      0 us
   Avg latency per coalesced wait:  0 us
   Avg overhead per blocked access: 0 us

   --- Cache Statistics ---
   Processes with cached pages:     0
   Unique pages validated (total):  0
   Cache hit rate:                  0%

   ========= IOMMU Stats =====================
   IOMMU enabled:                   YES
   IOMMU SimObject:                 system.lenet5_clstr.iommu

   --- Access Breakdown ---
   Total IOMMU checks:              1646053
   IOTLB hits:                      1646046
   IOTLB misses (page walks):       7
   IOTLB hit rate:                  99.9996%

   --- Latency Breakdown ---
   TOTAL IOMMU OVERHEAD:            3295.59 us
   Avg latency per access:          0.00200212 us

********************************************************************************
system.lenet5_clstr.data_mover_1.llvm_interface
Total Area: 3098.38
Total Power Static: 2424.96

Total Power Dynamic: 27394.9
   ========= Performance Analysis =============
   Setup Time:                      0h 0m 0s 1ms 543us
   Simulation Time (Total):         0h 3m 14s 632ms
   Simulation Time (Active):        0h 0m 5s 887ms
        Queue Processing Time:      0h 0m 5s 726ms
             Scheduling Time:       0h 0m 3s 418ms
             Computation Time:      0h 0m 0s 753ms
   System Clock:                    0.1GHz
   Runtime:                         1221640 cycles
   Runtime:                         12216.4 us
   Stalls:                          0 cycles
   Executed Nodes:                  1221639 cycles

   ========= Kernel Validation Stats ==========
   Kernel validation enabled:       NO
   Configured latency per check:    0 us

   --- Access Breakdown ---
   Total memory accesses (validated): 0
   Cache hits (0 latency):          0
   Validation requests (full lat):  0
   Coalesced waits (partial lat):   0
   Validations denied:              0

   --- Latency Breakdown ---
   Validation request latency:      0 us
   Coalesced wait latency:          0 us
   TOTAL SECURITY OVERHEAD:         0 us
   Avg latency per validation:      0 us
   Avg latency per coalesced wait:  0 us
   Avg overhead per blocked access: 0 us

   --- Cache Statistics ---
   Processes with cached pages:     0
   Unique pages validated (total):  0
   Cache hit rate:                  0%

   ========= IOMMU Stats =====================
   IOMMU enabled:                   YES
   IOMMU SimObject:                 system.lenet5_clstr.iommu

   --- Access Breakdown ---
   Total IOMMU checks:              1769173
   IOTLB hits:                      1769166
   IOTLB misses (page walks):       7
   IOTLB hit rate:                  99.9996%

   --- Latency Breakdown ---
   TOTAL IOMMU OVERHEAD:            3541.83 us
   Avg latency per access:          0.00200197 us

********************************************************************************
system.lenet5_clstr.conv1.llvm_interface
Total Area: 6233.91
Total Power Static: 14530.9

Total Power Dynamic: 375959
   ========= Performance Analysis =============
   Setup Time:                      0h 0m 0s 0ms 973us
   Simulation Time (Total):         0h 3m 14s 624ms
   Simulation Time (Active):        0h 0m 8s 110ms
        Queue Processing Time:      0h 0m 7s 966ms
             Scheduling Time:       0h 0m 4s 831ms
             Computation Time:      0h 0m 1s 31ms
   System Clock:                    0.1GHz
   Runtime:                         1221632 cycles
   Runtime:                         12216.3 us
   Stalls:                          0 cycles
   Executed Nodes:                  1221631 cycles

   ========= Kernel Validation Stats ==========
   Kernel validation enabled:       NO
   Configured latency per check:    0 us

   --- Access Breakdown ---
   Total memory accesses (validated): 0
   Cache hits (0 latency):          0
   Validation requests (full lat):  0
   Coalesced waits (partial lat):   0
   Validations denied:              0

   --- Latency Breakdown ---
   Validation request latency:      0 us
   Coalesced wait latency:          0 us
   TOTAL SECURITY OVERHEAD:         0 us
   Avg latency per validation:      0 us
   Avg latency per coalesced wait:  0 us
   Avg overhead per blocked access: 0 us

   --- Cache Statistics ---
   Processes with cached pages:     0
   Unique pages validated (total):  0
   Cache hit rate:                  0%

   ========= IOMMU Stats =====================
   IOMMU enabled:                   YES
   IOMMU SimObject:                 system.lenet5_clstr.iommu

   --- Access Breakdown ---
   Total IOMMU checks:              1769174
   IOTLB hits:                      1769167
   IOTLB misses (page walks):       7
   IOTLB hit rate:                  99.9996%

   --- Latency Breakdown ---
   TOTAL IOMMU OVERHEAD:            3541.83 us
   Avg latency per access:          0.00200197 us

********************************************************************************
system.lenet5_clstr.pool_mover_1.llvm_interface
Total Area: 780.105
Total Power Static: 12.6423

Total Power Dynamic: 101.338
   ========= Performance Analysis =============
   Setup Time:                      0h 0m 0s 0ms 660us
   Simulation Time (Total):         0h 3m 14s 615ms
   Simulation Time (Active):        0h 0m 0s 246ms
        Queue Processing Time:      0h 0m 0s 122ms
             Scheduling Time:       0h 0m 0s 19ms
             Computation Time:      0h 0m 0s 3ms
   System Clock:                    0.1GHz
   Runtime:                         1221582 cycles
   Runtime:                         12215.8 us
   Stalls:                          0 cycles
   Executed Nodes:                  1221581 cycles

   ========= Kernel Validation Stats ==========
   Kernel validation enabled:       NO
   Configured latency per check:    0 us

   --- Access Breakdown ---
   Total memory accesses (validated): 0
   Cache hits (0 latency):          0
   Validation requests (full lat):  0
   Coalesced waits (partial lat):   0
   Validations denied:              0

   --- Latency Breakdown ---
   Validation request latency:      0 us
   Coalesced wait latency:          0 us
   TOTAL SECURITY OVERHEAD:         0 us
   Avg latency per validation:      0 us
   Avg latency per coalesced wait:  0 us
   Avg overhead per blocked access: 0 us

   --- Cache Statistics ---
   Processes with cached pages:     0
   Unique pages validated (total):  0
   Cache hit rate:                  0%

   ========= IOMMU Stats =====================
   IOMMU enabled:                   YES
   IOMMU SimObject:                 system.lenet5_clstr.iommu

   --- Access Breakdown ---
   Total IOMMU checks:              1769175
   IOTLB hits:                      1769168
   IOTLB misses (page walks):       7
   IOTLB hit rate:                  99.9996%

   --- Latency Breakdown ---
   TOTAL IOMMU OVERHEAD:            3541.84 us
   Avg latency per access:          0.00200197 us

********************************************************************************
system.lenet5_clstr.pool1.llvm_interface
Total Area: 6221.95
Total Power Static: 35.4349

Total Power Dynamic: 738.536
   ========= Performance Analysis =============
   Setup Time:                      0h 0m 0s 0ms 840us
   Simulation Time (Total):         0h 3m 14s 598ms
   Simulation Time (Active):        0h 0m 0s 268ms
        Queue Processing Time:      0h 0m 0s 152ms
             Scheduling Time:       0h 0m 0s 30ms
             Computation Time:      0h 0m 0s 6ms
   System Clock:                    0.1GHz
   Runtime:                         1221523 cycles
   Runtime:                         12215.2 us
   Stalls:                          0 cycles
   Executed Nodes:                  1221522 cycles

   ========= Kernel Validation Stats ==========
   Kernel validation enabled:       NO
   Configured latency per check:    0 us

   --- Access Breakdown ---
   Total memory accesses (validated): 0
   Cache hits (0 latency):          0
   Validation requests (full lat):  0
   Coalesced waits (partial lat):   0
   Validations denied:              0

   --- Latency Breakdown ---
   Validation request latency:      0 us
   Coalesced wait latency:          0 us
   TOTAL SECURITY OVERHEAD:         0 us
   Avg latency per validation:      0 us
   Avg latency per coalesced wait:  0 us
   Avg overhead per blocked access: 0 us

   --- Cache Statistics ---
   Processes with cached pages:     0
   Unique pages validated (total):  0
   Cache hit rate:                  0%

   ========= IOMMU Stats =====================
   IOMMU enabled:                   YES
   IOMMU SimObject:                 system.lenet5_clstr.iommu

   --- Access Breakdown ---
   Total IOMMU checks:              1769177
   IOTLB hits:                      1769170
   IOTLB misses (page walks):       7
   IOTLB hit rate:                  99.9996%

   --- Latency Breakdown ---
   TOTAL IOMMU OVERHEAD:            3541.84 us
   Avg latency per access:          0.00200197 us

********************************************************************************
system.lenet5_clstr.data_mover_2.llvm_interface
Total Area: 1830.32
Total Power Static: 467.516

Total Power Dynamic: 5377.4
   ========= Performance Analysis =============
   Setup Time:                      0h 0m 0s 7ms 0us
   Simulation Time (Total):         0h 3m 31s 925ms
   Simulation Time (Active):        0h 0m 1s 102ms
        Queue Processing Time:      0h 0m 0s 958ms
             Scheduling Time:       0h 0m 0s 508ms
             Computation Time:      0h 0m 0s 116ms
   System Clock:                    0.1GHz
   Runtime:                         1423158 cycles
   Runtime:                         14231.6 us
   Stalls:                          0 cycles
   Executed Nodes:                  1423157 cycles

   ========= Kernel Validation Stats ==========
   Kernel validation enabled:       NO
   Configured latency per check:    0 us

   --- Access Breakdown ---
   Total memory accesses (validated): 0
   Cache hits (0 latency):          0
   Validation requests (full lat):  0
   Coalesced waits (partial lat):   0
   Validations denied:              0

   --- Latency Breakdown ---
   Validation request latency:      0 us
   Coalesced wait latency:          0 us
   TOTAL SECURITY OVERHEAD:         0 us
   Avg latency per validation:      0 us
   Avg latency per coalesced wait:  0 us
   Avg overhead per blocked access: 0 us

   --- Cache Statistics ---
   Processes with cached pages:     0
   Unique pages validated (total):  0
   Cache hit rate:                  0%

   ========= IOMMU Stats =====================
   IOMMU enabled:                   YES
   IOMMU SimObject:                 system.lenet5_clstr.iommu

   --- Access Breakdown ---
   Total IOMMU checks:              2011393
   IOTLB hits:                      2011340
   IOTLB misses (page walks):       53
   IOTLB hit rate:                  99.9974%

   --- Latency Breakdown ---
   TOTAL IOMMU OVERHEAD:            4049.18 us
   Avg latency per access:          0.00201312 us

********************************************************************************
system.lenet5_clstr.conv2.llvm_interface
Total Area: 5875.03
Total Power Static: 2891.36

Total Power Dynamic: 75102.9
   ========= Performance Analysis =============
   Setup Time:                      0h 0m 0s 0ms 852us
   Simulation Time (Total):         0h 3m 31s 915ms
   Simulation Time (Active):        0h 0m 1s 470ms
        Queue Processing Time:      0h 0m 1s 325ms
             Scheduling Time:       0h 0m 0s 756ms
             Computation Time:      0h 0m 0s 160ms
   System Clock:                    0.1GHz
   Runtime:                         1423100 cycles
   Runtime:                         14231 us
   Stalls:                          0 cycles
   Executed Nodes:                  1423099 cycles

   ========= Kernel Validation Stats ==========
   Kernel validation enabled:       NO
   Configured latency per check:    0 us

   --- Access Breakdown ---
   Total memory accesses (validated): 0
   Cache hits (0 latency):          0
   Validation requests (full lat):  0
   Coalesced waits (partial lat):   0
   Validations denied:              0

   --- Latency Breakdown ---
   Validation request latency:      0 us
   Coalesced wait latency:          0 us
   TOTAL SECURITY OVERHEAD:         0 us
   Avg latency per validation:      0 us
   Avg latency per coalesced wait:  0 us
   Avg overhead per blocked access: 0 us

   --- Cache Statistics ---
   Processes with cached pages:     0
   Unique pages validated (total):  0
   Cache hit rate:                  0%

   ========= IOMMU Stats =====================
   IOMMU enabled:                   YES
   IOMMU SimObject:                 system.lenet5_clstr.iommu

   --- Access Breakdown ---
   Total IOMMU checks:              2011397
   IOTLB hits:                      2011344
   IOTLB misses (page walks):       53
   IOTLB hit rate:                  99.9974%

   --- Latency Breakdown ---
   TOTAL IOMMU OVERHEAD:            4049.19 us
   Avg latency per access:          0.00201312 us

********************************************************************************
system.lenet5_clstr.data_mover_3.llvm_interface
Total Area: 1112.55
Total Power Static: 96.7562

Total Power Dynamic: 1121.45
   ========= Performance Analysis =============
   Setup Time:                      0h 0m 0s 0ms 699us
   Simulation Time (Total):         0h 3m 32s 998ms
   Simulation Time (Active):        0h 0m 0s 348ms
        Queue Processing Time:      0h 0m 0s 203ms
             Scheduling Time:       0h 0m 0s 44ms
             Computation Time:      0h 0m 0s 11ms
   System Clock:                    0.1GHz
   Runtime:                         1463925 cycles
   Runtime:                         14639.2 us
   Stalls:                          0 cycles
   Executed Nodes:                  1463924 cycles

   ========= Kernel Validation Stats ==========
   Kernel validation enabled:       NO
   Configured latency per check:    0 us

   --- Access Breakdown ---
   Total memory accesses (validated): 0
   Cache hits (0 latency):          0
   Validation requests (full lat):  0
   Coalesced waits (partial lat):   0
   Validations denied:              0

   --- Latency Breakdown ---
   Validation request latency:      0 us
   Coalesced wait latency:          0 us
   TOTAL SECURITY OVERHEAD:         0 us
   Avg latency per validation:      0 us
   Avg latency per coalesced wait:  0 us
   Avg overhead per blocked access: 0 us

   --- Cache Statistics ---
   Processes with cached pages:     0
   Unique pages validated (total):  0
   Cache hit rate:                  0%

   ========= IOMMU Stats =====================
   IOMMU enabled:                   YES
   IOMMU SimObject:                 system.lenet5_clstr.iommu

   --- Access Breakdown ---
   Total IOMMU checks:              2061888
   IOTLB hits:                      2061825
   IOTLB misses (page walks):       63
   IOTLB hit rate:                  99.9969%

   --- Latency Breakdown ---
   TOTAL IOMMU OVERHEAD:            4155.15 us
   Avg latency per access:          0.00201522 us

********************************************************************************
system.lenet5_clstr.fc0.llvm_interface
Total Area: 5516.14
Total Power Static: 605.722

Total Power Dynamic: 15761.6
   ========= Performance Analysis =============
   Setup Time:                      0h 0m 0s 0ms 716us
   Simulation Time (Total):         0h 3m 32s 973ms
   Simulation Time (Active):        0h 0m 0s 369ms
        Queue Processing Time:      0h 0m 0s 223ms
             Scheduling Time:       0h 0m 0s 71ms
             Computation Time:      0h 0m 0s 15ms
   System Clock:                    0.1GHz
   Runtime:                         1463866 cycles
   Runtime:                         14638.7 us
   Stalls:                          0 cycles
   Executed Nodes:                  1463865 cycles

   ========= Kernel Validation Stats ==========
   Kernel validation enabled:       NO
   Configured latency per check:    0 us

   --- Access Breakdown ---
   Total memory accesses (validated): 0
   Cache hits (0 latency):          0
   Validation requests (full lat):  0
   Coalesced waits (partial lat):   0
   Validations denied:              0

   --- Latency Breakdown ---
   Validation request latency:      0 us
   Coalesced wait latency:          0 us
   TOTAL SECURITY OVERHEAD:         0 us
   Avg latency per validation:      0 us
   Avg latency per coalesced wait:  0 us
   Avg overhead per blocked access: 0 us

   --- Cache Statistics ---
   Processes with cached pages:     0
   Unique pages validated (total):  0
   Cache hit rate:                  0%

   ========= IOMMU Stats =====================
   IOMMU enabled:                   YES
   IOMMU SimObject:                 system.lenet5_clstr.iommu

   --- Access Breakdown ---
   Total IOMMU checks:              2061890
   IOTLB hits:                      2061827
   IOTLB misses (page walks):       63
   IOTLB hit rate:                  99.9969%

   --- Latency Breakdown ---
   TOTAL IOMMU OVERHEAD:            4155.15 us
   Avg latency per access:          0.00201522 us

********************************************************************************
system.lenet5_clstr.top.llvm_interface
Total Area: 201.48
Total Power Static: 224.115

Total Power Dynamic: 1101.34
   ========= Performance Analysis =============
   Setup Time:                      0h 0m 0s 6ms 684us
   Simulation Time (Total):         0h 3m 34s 573ms
   Simulation Time (Active):        0h 0m 3s 499ms
        Queue Processing Time:      0h 0m 3s 273ms
             Scheduling Time:       0h 0m 1s 586ms
             Computation Time:      0h 0m 0s 194ms
   System Clock:                    0.1GHz
   Runtime:                         1484437 cycles
   Runtime:                         14844.4 us
   Stalls:                          0 cycles
   Executed Nodes:                  1484436 cycles

   ========= Kernel Validation Stats ==========
   Kernel validation enabled:       NO
   Configured latency per check:    0 us

   --- Access Breakdown ---
   Total memory accesses (validated): 0
   Cache hits (0 latency):          0
   Validation requests (full lat):  0
   Coalesced waits (partial lat):   0
   Validations denied:              0

   --- Latency Breakdown ---
   Validation request latency:      0 us
   Coalesced wait latency:          0 us
   TOTAL SECURITY OVERHEAD:         0 us
   Avg latency per validation:      0 us
   Avg latency per coalesced wait:  0 us
   Avg overhead per blocked access: 0 us

   --- Cache Statistics ---
   Processes with cached pages:     0
   Unique pages validated (total):  0
   Cache hit rate:                  0%

   ========= IOMMU Stats =====================
   IOMMU enabled:                   YES
   IOMMU SimObject:                 system.lenet5_clstr.iommu

   --- Access Breakdown ---
   Total IOMMU checks:              2061891
   IOTLB hits:                      2061828
   IOTLB misses (page walks):       63
   IOTLB hit rate:                  99.9969%

   --- Latency Breakdown ---
   TOTAL IOMMU OVERHEAD:            4155.16 us
   Avg latency per access:          0.00201522 us

Exiting @ tick 14893895000 because m5_exit instruction encountered
