build/ARM/base/statistics.hh:277: warn: One of the stats is a legacy stat. Legacy stat is a stat that does not belong to any statistics::Group. Legacy stat is deprecated.
Global frequency set at 1000000000000 ticks per second
build/ARM/mem/mem_interface.cc:793: warn: DRAM device capacity (16384 Mbytes) does not match the address range assigned (4096 Mbytes)
build/ARM/sim/kernel_workload.cc:46: info: kernel located at: /gem5-SALAM/benchmarks/sys_validation/stencil3d/sw/main.elf
build/ARM/arch/arm/system.cc:95: warn: Highest ARM exception-level set to AArch64 but the workload is for AArch32. Assuming you wanted these to match.
build/ARM/base/vnc/vncserver.cc:163: warn: Sockets disabled, not accepting vnc client connections
build/ARM/dev/serial/terminal.cc:170: warn: Sockets disabled, not accepting terminal connections
build/ARM/base/remote_gdb.cc:377: warn: Sockets disabled, not accepting gdb connections
build/ARM/mem/coherent_xbar.cc:140: warn: CoherentXBar system.stencil3d_clstr.coherency_bus has no snooping ports attached!
build/ARM/dev/arm/energy_ctrl.cc:252: warn: Existing EnergyCtrl, but no enabled DVFSHandler found.
gem5 Simulator System.  http://gem5.org
gem5 is copyrighted software; use the --copyright option for details.

gem5 version 21.1.0.1
gem5 compiled May  4 2026 18:12:38
gem5 started May  4 2026 18:13:25
gem5 executing on 3b7fb6fd27b8, pid 2580698
command line: /gem5-SALAM/build/ARM/gem5.opt --listener-mode=off --outdir=/gem5-SALAM/BM_ARM_OUT/run_all/stencil3d/aia-kd /gem5-SALAM/configs/SALAM/fs_stencil3d.py --mem-size=4GB --mem-type=DDR4_2400_8x8 --machine-type=VExpress_GEM5_V1 --dtb-file=none --bare-metal --cpu-type=DerivO3CPU --caches --l2cache --kernel=/gem5-SALAM/benchmarks/sys_validation/stencil3d/sw/main.elf --disk-image=/gem5-SALAM/benchmarks/common/fake.iso --accpath=/gem5-SALAM/benchmarks/sys_validation/stencil3d --accbench=stencil3d --enable-kernel-validation --kernel-validation-latency 8367000

[HWAccConfig] Kernel validation ENABLED: latency=8367000, int=172, pid=17
[HWAccConfig] Kernel validation ENABLED: latency=8367000, int=172, pid=17
**** REAL SIMULATION ****
warn: iobus.slave is deprecated. `slave` is now called `cpu_side_ports`
warn: bridge.master is deprecated. `master` is now called `mem_side_port`
warn: membus.master is deprecated. `master` is now called `mem_side_ports`
warn: bridge.slave is deprecated. `slave` is now called `cpu_side_port`
warn: membus.slave is deprecated. `slave` is now called `cpu_side_ports`
warn: tol2bus.master is deprecated. `master` is now called `mem_side_ports`
warn: membus.slave is deprecated. `slave` is now called `cpu_side_ports`
warn: tol2bus.slave is deprecated. `slave` is now called `cpu_side_ports`
warn: tol2bus.slave is deprecated. `slave` is now called `cpu_side_ports`
warn: tol2bus.slave is deprecated. `slave` is now called `cpu_side_ports`
warn: tol2bus.slave is deprecated. `slave` is now called `cpu_side_ports`
warn: membus.slave is deprecated. `slave` is now called `cpu_side_ports`
warn: coherency_bus.master is deprecated. `master` is now called `mem_side_ports`
warn: No dot file generated. Please install pydot to generate the dot file and pdf.
build/ARM/sim/simulate.cc:107: info: Entering event queue @ 0.  Starting simulation...
********************************************************************************
system.stencil3d_clstr.stencil3d.llvm_interface
Total Area: 189683
Total Power Static: 1924.05

Total Power Dynamic: 43712.4
   ========= Performance Analysis =============
   Setup Time:                      0h 0m 0s 23ms 874us
   Simulation Time (Total):         0h 0m 9s 835ms
   Simulation Time (Active):        0h 0m 5s 52ms
        Queue Processing Time:      0h 0m 5s 42ms
             Scheduling Time:       0h 0m 2s 445ms
             Computation Time:      0h 0m 0s 476ms
   System Clock:                    0.1GHz
   Runtime:                         73965 cycles
   Runtime:                         739.65 us
   Stalls:                          0 cycles
   Executed Nodes:                  73964 cycles

   ========= Kernel Validation Stats ==========
   Kernel validation enabled:       YES
   Configured latency per check:    8.367 us

   --- Access Breakdown ---
   Total memory accesses (validated): 133568
   Cache hits (0 latency):          133504
   Validation requests (full lat):  32
     of which DMA-ctrl writes:      0
   Coalesced waits (partial lat):   32
   Validations denied:              0

   --- Latency Breakdown ---
   Validation request latency:      276.111 us
   Coalesced wait latency:          276.111 us
   TOTAL SECURITY OVERHEAD:         552.222 us
   Avg latency per validation:      8.62847 us
   Avg latency per coalesced wait:  8.62847 us
   Avg overhead per blocked access: 8.62847 us

   --- Cache Statistics ---
   Processes with cached pages:     1
   Unique pages validated (total):  33
   Cache hit rate:                  99.9521%

********************************************************************************
system.stencil3d_clstr.top.llvm_interface
Total Area: 201.48
Total Power Static: 3.59058

Total Power Dynamic: 17.6448
   ========= Performance Analysis =============
   Setup Time:                      0h 0m 0s 4ms 170us
   Simulation Time (Total):         0h 0m 11s 182ms
   Simulation Time (Active):        0h 0m 0s 97ms
        Queue Processing Time:      0h 0m 0s 84ms
             Scheduling Time:       0h 0m 0s 36ms
             Computation Time:      0h 0m 0s 4ms
   System Clock:                    0.1GHz
   Runtime:                         108331 cycles
   Runtime:                         1083.31 us
   Stalls:                          0 cycles
   Executed Nodes:                  108330 cycles

   ========= Kernel Validation Stats ==========
   Kernel validation enabled:       YES
   Configured latency per check:    8.367 us

   --- Access Breakdown ---
   Total memory accesses (validated): 5888
   Cache hits (0 latency):          5875
   Validation requests (full lat):  13
     of which DMA-ctrl writes:      12
   Coalesced waits (partial lat):   0
   Validations denied:              0

   --- Latency Breakdown ---
   Validation request latency:      259.377 us
   Coalesced wait latency:          0 us
   TOTAL SECURITY OVERHEAD:         259.377 us
   Avg latency per validation:      19.9521 us
   Avg latency per coalesced wait:  0 us
   Avg overhead per blocked access: 19.9521 us

   --- Cache Statistics ---
   Processes with cached pages:     1
   Unique pages validated (total):  33
   Cache hit rate:                  99.7792%

Exiting @ tick 14341259000 because m5_exit instruction encountered
