build/ARM/base/statistics.hh:277: warn: One of the stats is a legacy stat. Legacy stat is a stat that does not belong to any statistics::Group. Legacy stat is deprecated.
Global frequency set at 1000000000000 ticks per second
build/ARM/mem/mem_interface.cc:793: warn: DRAM device capacity (16384 Mbytes) does not match the address range assigned (4096 Mbytes)
build/ARM/sim/kernel_workload.cc:46: info: kernel located at: /gem5-SALAM/benchmarks/lenet/design_b/sw/main.elf
build/ARM/arch/arm/system.cc:95: warn: Highest ARM exception-level set to AArch64 but the workload is for AArch32. Assuming you wanted these to match.
build/ARM/base/vnc/vncserver.cc:163: warn: Sockets disabled, not accepting vnc client connections
build/ARM/dev/serial/terminal.cc:170: warn: Sockets disabled, not accepting terminal connections
build/ARM/base/remote_gdb.cc:377: warn: Sockets disabled, not accepting gdb connections
build/ARM/mem/coherent_xbar.cc:140: warn: CoherentXBar system.lenet5_clstr.coherency_bus has no snooping ports attached!
build/ARM/dev/arm/energy_ctrl.cc:252: warn: Existing EnergyCtrl, but no enabled DVFSHandler found.
gem5 Simulator System.  http://gem5.org
gem5 is copyrighted software; use the --copyright option for details.

gem5 version 21.1.0.1
gem5 compiled May  6 2026 03:05:39
gem5 started May  6 2026 03:06:29
gem5 executing on 3b7fb6fd27b8, pid 3651031
command line: /gem5-SALAM/build/ARM/gem5.opt --listener-mode=off --outdir=/gem5-SALAM/BM_ARM_OUT/run_all/lenet_b/iommu_e64_m1000ns /gem5-SALAM/configs/SALAM/fs_lenet_b.py --mem-size=4GB --mem-type=DDR4_2400_8x8 --machine-type=VExpress_GEM5_V1 --dtb-file=none --bare-metal --cpu-type=DerivO3CPU --caches --l2cache --kernel=/gem5-SALAM/benchmarks/lenet/design_b/sw/main.elf --disk-image=/gem5-SALAM/benchmarks/common/fake.iso --accpath=/gem5-SALAM/benchmarks/lenet/design_b --accbench=lenet_b --enable-iommu --iotlb-entries 64 --iotlb-hit-latency 2000 --iotlb-miss-latency 1000000

[HWAccConfig] IOMMU ENABLED: entries=64, hit_lat=2000, miss_lat=1000000
[HWAccConfig] IOMMU ENABLED: entries=64, hit_lat=2000, miss_lat=1000000
[HWAccConfig] IOMMU ENABLED: entries=64, hit_lat=2000, miss_lat=1000000
[HWAccConfig] IOMMU ENABLED: entries=64, hit_lat=2000, miss_lat=1000000
[HWAccConfig] IOMMU ENABLED: entries=64, hit_lat=2000, miss_lat=1000000
[HWAccConfig] IOMMU ENABLED: entries=64, hit_lat=2000, miss_lat=1000000
[HWAccConfig] IOMMU ENABLED: entries=64, hit_lat=2000, miss_lat=1000000
[HWAccConfig] IOMMU ENABLED: entries=64, hit_lat=2000, miss_lat=1000000
[HWAccConfig] IOMMU ENABLED: entries=64, hit_lat=2000, miss_lat=1000000
[HWAccConfig] IOMMU ENABLED: entries=64, hit_lat=2000, miss_lat=1000000
[HWAccConfig] IOMMU ENABLED: entries=64, hit_lat=2000, miss_lat=1000000
[HWAccConfig] IOMMU ENABLED: entries=64, hit_lat=2000, miss_lat=1000000
**** REAL SIMULATION ****
warn: iobus.slave is deprecated. `slave` is now called `cpu_side_ports`
warn: bridge.master is deprecated. `master` is now called `mem_side_port`
warn: membus.master is deprecated. `master` is now called `mem_side_ports`
warn: bridge.slave is deprecated. `slave` is now called `cpu_side_port`
warn: membus.slave is deprecated. `slave` is now called `cpu_side_ports`
warn: tol2bus.master is deprecated. `master` is now called `mem_side_ports`
warn: membus.slave is deprecated. `slave` is now called `cpu_side_ports`
warn: tol2bus.slave is deprecated. `slave` is now called `cpu_side_ports`
warn: tol2bus.slave is deprecated. `slave` is now called `cpu_side_ports`
warn: tol2bus.slave is deprecated. `slave` is now called `cpu_side_ports`
warn: tol2bus.slave is deprecated. `slave` is now called `cpu_side_ports`
warn: membus.slave is deprecated. `slave` is now called `cpu_side_ports`
warn: coherency_bus.master is deprecated. `master` is now called `mem_side_ports`
warn: No dot file generated. Please install pydot to generate the dot file and pdf.
build/ARM/sim/simulate.cc:107: info: Entering event queue @ 0.  Starting simulation...
********************************************************************************
system.lenet5_clstr.conv0.llvm_interface
Total Area: 6604.76
Total Power Static: 7702.37

Total Power Dynamic: 186527
   ========= Performance Analysis =============
   Setup Time:                      0h 0m 0s 7ms 69us
   Simulation Time (Total):         0h 3m 58s 956ms
   Simulation Time (Active):        0h 0m 6s 325ms
        Queue Processing Time:      0h 0m 6s 229ms
             Scheduling Time:       0h 0m 3s 630ms
             Computation Time:      0h 0m 0s 702ms
   System Clock:                    0.1GHz
   Runtime:                         536582 cycles
   Runtime:                         5365.82 us
   Stalls:                          0 cycles
   Executed Nodes:                  536581 cycles

   ========= Kernel Validation Stats ==========
   Kernel validation enabled:       NO
   Configured latency per check:    0 us

   --- Access Breakdown ---
   Total memory accesses (validated): 0
   Cache hits (0 latency):          0
   Validation requests (full lat):  0
     of which DMA-ctrl writes:      0
   Coalesced waits (partial lat):   0
   Validations denied:              0

   --- Latency Breakdown ---
   Validation request latency:      0 us
   Coalesced wait latency:          0 us
   TOTAL SECURITY OVERHEAD:         0 us
   Avg latency per validation:      0 us
   Avg latency per coalesced wait:  0 us
   Avg overhead per blocked access: 0 us

   --- Cache Statistics ---
   Processes with cached pages:     0
   Unique pages validated (total):  0
   Cache hit rate:                  0%

   ========= IOMMU Stats =====================
   IOMMU enabled:                   YES
   IOMMU SimObject:                 system.lenet5_clstr.iommu

   --- Access Breakdown ---
   Total IOMMU checks:              499027
   IOTLB hits:                      498983
   IOTLB misses (page walks):       44
   IOTLB hit rate:                  99.9912%

   --- Latency Breakdown ---
   TOTAL IOMMU OVERHEAD:            1041.97 us
   Avg latency per access:          0.002088 us

********************************************************************************
system.lenet5_clstr.data_mover_0.llvm_interface
Total Area: 921.141
Total Power Static: 46.5935

Total Power Dynamic: 530.888
   ========= Performance Analysis =============
   Setup Time:                      0h 0m 0s 0ms 695us
   Simulation Time (Total):         0h 3m 58s 937ms
   Simulation Time (Active):        0h 0m 0s 291ms
        Queue Processing Time:      0h 0m 0s 227ms
             Scheduling Time:       0h 0m 0s 88ms
             Computation Time:      0h 0m 0s 15ms
   System Clock:                    0.1GHz
   Runtime:                         536482 cycles
   Runtime:                         5364.82 us
   Stalls:                          0 cycles
   Executed Nodes:                  536481 cycles

   ========= Kernel Validation Stats ==========
   Kernel validation enabled:       NO
   Configured latency per check:    0 us

   --- Access Breakdown ---
   Total memory accesses (validated): 0
   Cache hits (0 latency):          0
   Validation requests (full lat):  0
     of which DMA-ctrl writes:      0
   Coalesced waits (partial lat):   0
   Validations denied:              0

   --- Latency Breakdown ---
   Validation request latency:      0 us
   Coalesced wait latency:          0 us
   TOTAL SECURITY OVERHEAD:         0 us
   Avg latency per validation:      0 us
   Avg latency per coalesced wait:  0 us
   Avg overhead per blocked access: 0 us

   --- Cache Statistics ---
   Processes with cached pages:     0
   Unique pages validated (total):  0
   Cache hit rate:                  0%

   ========= IOMMU Stats =====================
   IOMMU enabled:                   YES
   IOMMU SimObject:                 system.lenet5_clstr.iommu

   --- Access Breakdown ---
   Total IOMMU checks:              499028
   IOTLB hits:                      498984
   IOTLB misses (page walks):       44
   IOTLB hit rate:                  99.9912%

   --- Latency Breakdown ---
   TOTAL IOMMU OVERHEAD:            1041.97 us
   Avg latency per access:          0.002088 us

********************************************************************************
system.lenet5_clstr.pool0.llvm_interface
Total Area: 6693.54
Total Power Static: 119.603

Total Power Dynamic: 2263.76
   ========= Performance Analysis =============
   Setup Time:                      0h 0m 0s 7ms 29us
   Simulation Time (Total):         0h 3m 58s 912ms
   Simulation Time (Active):        0h 0m 0s 324ms
        Queue Processing Time:      0h 0m 0s 270ms
             Scheduling Time:       0h 0m 0s 114ms
             Computation Time:      0h 0m 0s 19ms
   System Clock:                    0.1GHz
   Runtime:                         536373 cycles
   Runtime:                         5363.73 us
   Stalls:                          0 cycles
   Executed Nodes:                  536372 cycles

   ========= Kernel Validation Stats ==========
   Kernel validation enabled:       NO
   Configured latency per check:    0 us

   --- Access Breakdown ---
   Total memory accesses (validated): 0
   Cache hits (0 latency):          0
   Validation requests (full lat):  0
     of which DMA-ctrl writes:      0
   Coalesced waits (partial lat):   0
   Validations denied:              0

   --- Latency Breakdown ---
   Validation request latency:      0 us
   Coalesced wait latency:          0 us
   TOTAL SECURITY OVERHEAD:         0 us
   Avg latency per validation:      0 us
   Avg latency per coalesced wait:  0 us
   Avg overhead per blocked access: 0 us

   --- Cache Statistics ---
   Processes with cached pages:     0
   Unique pages validated (total):  0
   Cache hit rate:                  0%

   ========= IOMMU Stats =====================
   IOMMU enabled:                   YES
   IOMMU SimObject:                 system.lenet5_clstr.iommu

   --- Access Breakdown ---
   Total IOMMU checks:              499031
   IOTLB hits:                      498987
   IOTLB misses (page walks):       44
   IOTLB hit rate:                  99.9912%

   --- Latency Breakdown ---
   TOTAL IOMMU OVERHEAD:            1041.97 us
   Avg latency per access:          0.00208799 us

********************************************************************************
system.lenet5_clstr.data_mover_1.llvm_interface
Total Area: 921.141
Total Power Static: 11.6632

Total Power Dynamic: 132.822
   ========= Performance Analysis =============
   Setup Time:                      0h 0m 0s 0ms 649us
   Simulation Time (Total):         0h 3m 58s 911ms
   Simulation Time (Active):        0h 0m 0s 162ms
        Queue Processing Time:      0h 0m 0s 108ms
             Scheduling Time:       0h 0m 0s 19ms
             Computation Time:      0h 0m 0s 3ms
   System Clock:                    0.1GHz
   Runtime:                         536368 cycles
   Runtime:                         5363.68 us
   Stalls:                          0 cycles
   Executed Nodes:                  536367 cycles

   ========= Kernel Validation Stats ==========
   Kernel validation enabled:       NO
   Configured latency per check:    0 us

   --- Access Breakdown ---
   Total memory accesses (validated): 0
   Cache hits (0 latency):          0
   Validation requests (full lat):  0
     of which DMA-ctrl writes:      0
   Coalesced waits (partial lat):   0
   Validations denied:              0

   --- Latency Breakdown ---
   Validation request latency:      0 us
   Coalesced wait latency:          0 us
   TOTAL SECURITY OVERHEAD:         0 us
   Avg latency per validation:      0 us
   Avg latency per coalesced wait:  0 us
   Avg overhead per blocked access: 0 us

   --- Cache Statistics ---
   Processes with cached pages:     0
   Unique pages validated (total):  0
   Cache hit rate:                  0%

   ========= IOMMU Stats =====================
   IOMMU enabled:                   YES
   IOMMU SimObject:                 system.lenet5_clstr.iommu

   --- Access Breakdown ---
   Total IOMMU checks:              499036
   IOTLB hits:                      498992
   IOTLB misses (page walks):       44
   IOTLB hit rate:                  99.9912%

   --- Latency Breakdown ---
   TOTAL IOMMU OVERHEAD:            1041.98 us
   Avg latency per access:          0.00208799 us

********************************************************************************
system.lenet5_clstr.data_mover_2.llvm_interface
Total Area: 921.141
Total Power Static: 15.4509

Total Power Dynamic: 178.201
   ========= Performance Analysis =============
   Setup Time:                      0h 0m 0s 0ms 742us
   Simulation Time (Total):         0h 5m 13s 730ms
   Simulation Time (Active):        0h 0m 0s 217ms
        Queue Processing Time:      0h 0m 0s 123ms
             Scheduling Time:       0h 0m 0s 19ms
             Computation Time:      0h 0m 0s 3ms
   System Clock:                    0.1GHz
   Runtime:                         1044829 cycles
   Runtime:                         10448.3 us
   Stalls:                          0 cycles
   Executed Nodes:                  1044828 cycles

   ========= Kernel Validation Stats ==========
   Kernel validation enabled:       NO
   Configured latency per check:    0 us

   --- Access Breakdown ---
   Total memory accesses (validated): 0
   Cache hits (0 latency):          0
   Validation requests (full lat):  0
     of which DMA-ctrl writes:      0
   Coalesced waits (partial lat):   0
   Validations denied:              0

   --- Latency Breakdown ---
   Validation request latency:      0 us
   Coalesced wait latency:          0 us
   TOTAL SECURITY OVERHEAD:         0 us
   Avg latency per validation:      0 us
   Avg latency per coalesced wait:  0 us
   Avg overhead per blocked access: 0 us

   --- Cache Statistics ---
   Processes with cached pages:     0
   Unique pages validated (total):  0
   Cache hit rate:                  0%

   ========= IOMMU Stats =====================
   IOMMU enabled:                   YES
   IOMMU SimObject:                 system.lenet5_clstr.iommu

   --- Access Breakdown ---
   Total IOMMU checks:              822171
   IOTLB hits:                      822099
   IOTLB misses (page walks):       72
   IOTLB hit rate:                  99.9912%

   --- Latency Breakdown ---
   TOTAL IOMMU OVERHEAD:            1716.2 us
   Avg latency per access:          0.0020874 us

********************************************************************************
system.lenet5_clstr.conv1.llvm_interface
Total Area: 6784.2
Total Power Static: 15677.5

Total Power Dynamic: 376721
   ========= Performance Analysis =============
   Setup Time:                      0h 0m 0s 7ms 229us
   Simulation Time (Total):         0h 5m 13s 777ms
   Simulation Time (Active):        0h 0m 6s 317ms
        Queue Processing Time:      0h 0m 6s 209ms
             Scheduling Time:       0h 0m 3s 689ms
             Computation Time:      0h 0m 0s 752ms
   System Clock:                    0.1GHz
   Runtime:                         1044930 cycles
   Runtime:                         10449.3 us
   Stalls:                          0 cycles
   Executed Nodes:                  1044929 cycles

   ========= Kernel Validation Stats ==========
   Kernel validation enabled:       NO
   Configured latency per check:    0 us

   --- Access Breakdown ---
   Total memory accesses (validated): 0
   Cache hits (0 latency):          0
   Validation requests (full lat):  0
     of which DMA-ctrl writes:      0
   Coalesced waits (partial lat):   0
   Validations denied:              0

   --- Latency Breakdown ---
   Validation request latency:      0 us
   Coalesced wait latency:          0 us
   TOTAL SECURITY OVERHEAD:         0 us
   Avg latency per validation:      0 us
   Avg latency per coalesced wait:  0 us
   Avg overhead per blocked access: 0 us

   --- Cache Statistics ---
   Processes with cached pages:     0
   Unique pages validated (total):  0
   Cache hit rate:                  0%

   ========= IOMMU Stats =====================
   IOMMU enabled:                   YES
   IOMMU SimObject:                 system.lenet5_clstr.iommu

   --- Access Breakdown ---
   Total IOMMU checks:              822171
   IOTLB hits:                      822099
   IOTLB misses (page walks):       72
   IOTLB hit rate:                  99.9912%

   --- Latency Breakdown ---
   TOTAL IOMMU OVERHEAD:            1716.2 us
   Avg latency per access:          0.0020874 us

********************************************************************************
system.lenet5_clstr.pool1.llvm_interface
Total Area: 6693.54
Total Power Static: 40.6797

Total Power Dynamic: 769.272
   ========= Performance Analysis =============
   Setup Time:                      0h 0m 0s 0ms 937us
   Simulation Time (Total):         0h 5m 13s 596ms
   Simulation Time (Active):        0h 0m 0s 238ms
        Queue Processing Time:      0h 0m 0s 139ms
             Scheduling Time:       0h 0m 0s 23ms
             Computation Time:      0h 0m 0s 4ms
   System Clock:                    0.1GHz
   Runtime:                         1044719 cycles
   Runtime:                         10447.2 us
   Stalls:                          0 cycles
   Executed Nodes:                  1044718 cycles

   ========= Kernel Validation Stats ==========
   Kernel validation enabled:       NO
   Configured latency per check:    0 us

   --- Access Breakdown ---
   Total memory accesses (validated): 0
   Cache hits (0 latency):          0
   Validation requests (full lat):  0
     of which DMA-ctrl writes:      0
   Coalesced waits (partial lat):   0
   Validations denied:              0

   --- Latency Breakdown ---
   Validation request latency:      0 us
   Coalesced wait latency:          0 us
   TOTAL SECURITY OVERHEAD:         0 us
   Avg latency per validation:      0 us
   Avg latency per coalesced wait:  0 us
   Avg overhead per blocked access: 0 us

   --- Cache Statistics ---
   Processes with cached pages:     0
   Unique pages validated (total):  0
   Cache hit rate:                  0%

   ========= IOMMU Stats =====================
   IOMMU enabled:                   YES
   IOMMU SimObject:                 system.lenet5_clstr.iommu

   --- Access Breakdown ---
   Total IOMMU checks:              822171
   IOTLB hits:                      822099
   IOTLB misses (page walks):       72
   IOTLB hit rate:                  99.9912%

   --- Latency Breakdown ---
   TOTAL IOMMU OVERHEAD:            1716.2 us
   Avg latency per access:          0.0020874 us

********************************************************************************
system.lenet5_clstr.data_mover_3.llvm_interface
Total Area: 921.141
Total Power Static: 3.86689

Total Power Dynamic: 44.586
   ========= Performance Analysis =============
   Setup Time:                      0h 0m 0s 0ms 757us
   Simulation Time (Total):         0h 5m 13s 579ms
   Simulation Time (Active):        0h 0m 0s 189ms
        Queue Processing Time:      0h 0m 0s 98ms
             Scheduling Time:       0h 0m 0s 4ms
             Computation Time:      0h 0m 0s 0ms
   System Clock:                    0.1GHz
   Runtime:                         1044714 cycles
   Runtime:                         10447.1 us
   Stalls:                          0 cycles
   Executed Nodes:                  1044713 cycles

   ========= Kernel Validation Stats ==========
   Kernel validation enabled:       NO
   Configured latency per check:    0 us

   --- Access Breakdown ---
   Total memory accesses (validated): 0
   Cache hits (0 latency):          0
   Validation requests (full lat):  0
     of which DMA-ctrl writes:      0
   Coalesced waits (partial lat):   0
   Validations denied:              0

   --- Latency Breakdown ---
   Validation request latency:      0 us
   Coalesced wait latency:          0 us
   TOTAL SECURITY OVERHEAD:         0 us
   Avg latency per validation:      0 us
   Avg latency per coalesced wait:  0 us
   Avg overhead per blocked access: 0 us

   --- Cache Statistics ---
   Processes with cached pages:     0
   Unique pages validated (total):  0
   Cache hit rate:                  0%

   ========= IOMMU Stats =====================
   IOMMU enabled:                   YES
   IOMMU SimObject:                 system.lenet5_clstr.iommu

   --- Access Breakdown ---
   Total IOMMU checks:              822173
   IOTLB hits:                      822101
   IOTLB misses (page walks):       72
   IOTLB hit rate:                  99.9912%

   --- Latency Breakdown ---
   TOTAL IOMMU OVERHEAD:            1716.2 us
   Avg latency per access:          0.0020874 us

********************************************************************************
system.lenet5_clstr.conv2.llvm_interface
Total Area: 6066.43
Total Power Static: 2891.65

Total Power Dynamic: 75108.6
   ========= Performance Analysis =============
   Setup Time:                      0h 0m 0s 7ms 24us
   Simulation Time (Total):         0h 5m 21s 515ms
   Simulation Time (Active):        0h 0m 0s 914ms
        Queue Processing Time:      0h 0m 0s 805ms
             Scheduling Time:       0h 0m 0s 437ms
             Computation Time:      0h 0m 0s 87ms
   System Clock:                    0.1GHz
   Runtime:                         1195883 cycles
   Runtime:                         11958.8 us
   Stalls:                          0 cycles
   Executed Nodes:                  1195882 cycles

   ========= Kernel Validation Stats ==========
   Kernel validation enabled:       NO
   Configured latency per check:    0 us

   --- Access Breakdown ---
   Total memory accesses (validated): 0
   Cache hits (0 latency):          0
   Validation requests (full lat):  0
     of which DMA-ctrl writes:      0
   Coalesced waits (partial lat):   0
   Validations denied:              0

   --- Latency Breakdown ---
   Validation request latency:      0 us
   Coalesced wait latency:          0 us
   TOTAL SECURITY OVERHEAD:         0 us
   Avg latency per validation:      0 us
   Avg latency per coalesced wait:  0 us
   Avg overhead per blocked access: 0 us

   --- Cache Statistics ---
   Processes with cached pages:     0
   Unique pages validated (total):  0
   Cache hit rate:                  0%

   ========= IOMMU Stats =====================
   IOMMU enabled:                   YES
   IOMMU SimObject:                 system.lenet5_clstr.iommu

   --- Access Breakdown ---
   Total IOMMU checks:              928710
   IOTLB hits:                      928628
   IOTLB misses (page walks):       82
   IOTLB hit rate:                  99.9912%

   --- Latency Breakdown ---
   TOTAL IOMMU OVERHEAD:            1939.26 us
   Avg latency per access:          0.00208812 us

********************************************************************************
system.lenet5_clstr.data_mover_4.llvm_interface
Total Area: 562.255
Total Power Static: 1.13697

Total Power Dynamic: 13.2473
   ========= Performance Analysis =============
   Setup Time:                      0h 0m 0s 0ms 569us
   Simulation Time (Total):         0h 5m 21s 361ms
   Simulation Time (Active):        0h 0m 0s 210ms
        Queue Processing Time:      0h 0m 0s 110ms
             Scheduling Time:       0h 0m 0s 0ms
             Computation Time:      0h 0m 0s 0ms
   System Clock:                    0.1GHz
   Runtime:                         1195784 cycles
   Runtime:                         11957.8 us
   Stalls:                          0 cycles
   Executed Nodes:                  1195783 cycles

   ========= Kernel Validation Stats ==========
   Kernel validation enabled:       NO
   Configured latency per check:    0 us

   --- Access Breakdown ---
   Total memory accesses (validated): 0
   Cache hits (0 latency):          0
   Validation requests (full lat):  0
     of which DMA-ctrl writes:      0
   Coalesced waits (partial lat):   0
   Validations denied:              0

   --- Latency Breakdown ---
   Validation request latency:      0 us
   Coalesced wait latency:          0 us
   TOTAL SECURITY OVERHEAD:         0 us
   Avg latency per validation:      0 us
   Avg latency per coalesced wait:  0 us
   Avg overhead per blocked access: 0 us

   --- Cache Statistics ---
   Processes with cached pages:     0
   Unique pages validated (total):  0
   Cache hit rate:                  0%

   ========= IOMMU Stats =====================
   IOMMU enabled:                   YES
   IOMMU SimObject:                 system.lenet5_clstr.iommu

   --- Access Breakdown ---
   Total IOMMU checks:              928713
   IOTLB hits:                      928631
   IOTLB misses (page walks):       82
   IOTLB hit rate:                  99.9912%

   --- Latency Breakdown ---
   TOTAL IOMMU OVERHEAD:            1939.26 us
   Avg latency per access:          0.00208812 us

********************************************************************************
system.lenet5_clstr.fc0.llvm_interface
Total Area: 5707.55
Total Power Static: 605.723

Total Power Dynamic: 15765.7
   ========= Performance Analysis =============
   Setup Time:                      0h 0m 0s 6ms 809us
   Simulation Time (Total):         0h 5m 21s 900ms
   Simulation Time (Active):        0h 0m 0s 335ms
        Queue Processing Time:      0h 0m 0s 222ms
             Scheduling Time:       0h 0m 0s 65ms
             Computation Time:      0h 0m 0s 14ms
   System Clock:                    0.1GHz
   Runtime:                         1225807 cycles
   Runtime:                         12258.1 us
   Stalls:                          0 cycles
   Executed Nodes:                  1225806 cycles

   ========= Kernel Validation Stats ==========
   Kernel validation enabled:       NO
   Configured latency per check:    0 us

   --- Access Breakdown ---
   Total memory accesses (validated): 0
   Cache hits (0 latency):          0
   Validation requests (full lat):  0
     of which DMA-ctrl writes:      0
   Coalesced waits (partial lat):   0
   Validations denied:              0

   --- Latency Breakdown ---
   Validation request latency:      0 us
   Coalesced wait latency:          0 us
   TOTAL SECURITY OVERHEAD:         0 us
   Avg latency per validation:      0 us
   Avg latency per coalesced wait:  0 us
   Avg overhead per blocked access: 0 us

   --- Cache Statistics ---
   Processes with cached pages:     0
   Unique pages validated (total):  0
   Cache hit rate:                  0%

   ========= IOMMU Stats =====================
   IOMMU enabled:                   YES
   IOMMU SimObject:                 system.lenet5_clstr.iommu

   --- Access Breakdown ---
   Total IOMMU checks:              950869
   IOTLB hits:                      950787
   IOTLB misses (page walks):       82
   IOTLB hit rate:                  99.9914%

   --- Latency Breakdown ---
   TOTAL IOMMU OVERHEAD:            1983.57 us
   Avg latency per access:          0.00208606 us

********************************************************************************
system.lenet5_clstr.top.llvm_interface
Total Area: 251.85
Total Power Static: 53.3649

Total Power Dynamic: 262.245
   ========= Performance Analysis =============
   Setup Time:                      0h 0m 0s 7ms 807us
   Simulation Time (Total):         0h 5m 23s 156ms
   Simulation Time (Active):        0h 0m 1s 71ms
        Queue Processing Time:      0h 0m 0s 954ms
             Scheduling Time:       0h 0m 0s 387ms
             Computation Time:      0h 0m 0s 58ms
   System Clock:                    0.1GHz
   Runtime:                         1230754 cycles
   Runtime:                         12307.5 us
   Stalls:                          0 cycles
   Executed Nodes:                  1230753 cycles

   ========= Kernel Validation Stats ==========
   Kernel validation enabled:       NO
   Configured latency per check:    0 us

   --- Access Breakdown ---
   Total memory accesses (validated): 0
   Cache hits (0 latency):          0
   Validation requests (full lat):  0
     of which DMA-ctrl writes:      0
   Coalesced waits (partial lat):   0
   Validations denied:              0

   --- Latency Breakdown ---
   Validation request latency:      0 us
   Coalesced wait latency:          0 us
   TOTAL SECURITY OVERHEAD:         0 us
   Avg latency per validation:      0 us
   Avg latency per coalesced wait:  0 us
   Avg overhead per blocked access: 0 us

   --- Cache Statistics ---
   Processes with cached pages:     0
   Unique pages validated (total):  0
   Cache hit rate:                  0%

   ========= IOMMU Stats =====================
   IOMMU enabled:                   YES
   IOMMU SimObject:                 system.lenet5_clstr.iommu

   --- Access Breakdown ---
   Total IOMMU checks:              950921
   IOTLB hits:                      950837
   IOTLB misses (page walks):       84
   IOTLB hit rate:                  99.9912%

   --- Latency Breakdown ---
   TOTAL IOMMU OVERHEAD:            1985.67 us
   Avg latency per access:          0.00208816 us

Exiting @ tick 12384604000 because m5_exit instruction encountered
