build/ARM/base/statistics.hh:277: warn: One of the stats is a legacy stat. Legacy stat is a stat that does not belong to any statistics::Group. Legacy stat is deprecated.
Global frequency set at 1000000000000 ticks per second
build/ARM/mem/mem_interface.cc:793: warn: DRAM device capacity (16384 Mbytes) does not match the address range assigned (4096 Mbytes)
build/ARM/sim/kernel_workload.cc:46: info: kernel located at: /gem5-SALAM/benchmarks/lenet/design_b/sw/main.elf
build/ARM/arch/arm/system.cc:95: warn: Highest ARM exception-level set to AArch64 but the workload is for AArch32. Assuming you wanted these to match.
build/ARM/base/vnc/vncserver.cc:163: warn: Sockets disabled, not accepting vnc client connections
build/ARM/dev/serial/terminal.cc:170: warn: Sockets disabled, not accepting terminal connections
build/ARM/base/remote_gdb.cc:377: warn: Sockets disabled, not accepting gdb connections
build/ARM/mem/coherent_xbar.cc:140: warn: CoherentXBar system.lenet5_clstr.coherency_bus has no snooping ports attached!
build/ARM/dev/arm/energy_ctrl.cc:252: warn: Existing EnergyCtrl, but no enabled DVFSHandler found.
gem5 Simulator System.  http://gem5.org
gem5 is copyrighted software; use the --copyright option for details.

gem5 version 21.1.0.1
gem5 compiled May  2 2026 19:55:51
gem5 started May  3 2026 00:10:53
gem5 executing on 3b7fb6fd27b8, pid 1113814
command line: /gem5-SALAM/build/ARM/gem5.opt --listener-mode=off --outdir=/gem5-SALAM/BM_ARM_OUT/run_all/lenet_b/iommu_e8_m100ns /gem5-SALAM/configs/SALAM/fs_lenet_b.py --mem-size=4GB --mem-type=DDR4_2400_8x8 --machine-type=VExpress_GEM5_V1 --dtb-file=none --bare-metal --cpu-type=DerivO3CPU --caches --l2cache --kernel=/gem5-SALAM/benchmarks/lenet/design_b/sw/main.elf --disk-image=/gem5-SALAM/benchmarks/common/fake.iso --accpath=/gem5-SALAM/benchmarks/lenet/design_b --accbench=lenet_b --enable-iommu --iotlb-entries 8 --iotlb-hit-latency 2000 --iotlb-miss-latency 100000

[HWAccConfig] IOMMU ENABLED: entries=8, hit_lat=2000, miss_lat=100000
[HWAccConfig] IOMMU ENABLED: entries=8, hit_lat=2000, miss_lat=100000
[HWAccConfig] IOMMU ENABLED: entries=8, hit_lat=2000, miss_lat=100000
[HWAccConfig] IOMMU ENABLED: entries=8, hit_lat=2000, miss_lat=100000
[HWAccConfig] IOMMU ENABLED: entries=8, hit_lat=2000, miss_lat=100000
[HWAccConfig] IOMMU ENABLED: entries=8, hit_lat=2000, miss_lat=100000
[HWAccConfig] IOMMU ENABLED: entries=8, hit_lat=2000, miss_lat=100000
[HWAccConfig] IOMMU ENABLED: entries=8, hit_lat=2000, miss_lat=100000
[HWAccConfig] IOMMU ENABLED: entries=8, hit_lat=2000, miss_lat=100000
[HWAccConfig] IOMMU ENABLED: entries=8, hit_lat=2000, miss_lat=100000
[HWAccConfig] IOMMU ENABLED: entries=8, hit_lat=2000, miss_lat=100000
[HWAccConfig] IOMMU ENABLED: entries=8, hit_lat=2000, miss_lat=100000
**** REAL SIMULATION ****
warn: iobus.slave is deprecated. `slave` is now called `cpu_side_ports`
warn: bridge.master is deprecated. `master` is now called `mem_side_port`
warn: membus.master is deprecated. `master` is now called `mem_side_ports`
warn: bridge.slave is deprecated. `slave` is now called `cpu_side_port`
warn: membus.slave is deprecated. `slave` is now called `cpu_side_ports`
warn: tol2bus.master is deprecated. `master` is now called `mem_side_ports`
warn: membus.slave is deprecated. `slave` is now called `cpu_side_ports`
warn: tol2bus.slave is deprecated. `slave` is now called `cpu_side_ports`
warn: tol2bus.slave is deprecated. `slave` is now called `cpu_side_ports`
warn: tol2bus.slave is deprecated. `slave` is now called `cpu_side_ports`
warn: tol2bus.slave is deprecated. `slave` is now called `cpu_side_ports`
warn: membus.slave is deprecated. `slave` is now called `cpu_side_ports`
warn: coherency_bus.master is deprecated. `master` is now called `mem_side_ports`
warn: No dot file generated. Please install pydot to generate the dot file and pdf.
build/ARM/sim/simulate.cc:107: info: Entering event queue @ 0.  Starting simulation...
********************************************************************************
system.lenet5_clstr.conv0.llvm_interface
Total Area: 6604.76
Total Power Static: 7702.37

Total Power Dynamic: 186527
   ========= Performance Analysis =============
   Setup Time:                      0h 0m 0s 0ms 817us
   Simulation Time (Total):         0h 4m 25s 270ms
   Simulation Time (Active):        0h 0m 7s 230ms
        Queue Processing Time:      0h 0m 7s 121ms
             Scheduling Time:       0h 0m 4s 135ms
             Computation Time:      0h 0m 0s 786ms
   System Clock:                    0.1GHz
   Runtime:                         580755 cycles
   Runtime:                         5807.55 us
   Stalls:                          0 cycles
   Executed Nodes:                  580754 cycles

   ========= Kernel Validation Stats ==========
   Kernel validation enabled:       NO
   Configured latency per check:    0 us

   --- Access Breakdown ---
   Total memory accesses (validated): 0
   Cache hits (0 latency):          0
   Validation requests (full lat):  0
   Coalesced waits (partial lat):   0
   Validations denied:              0

   --- Latency Breakdown ---
   Validation request latency:      0 us
   Coalesced wait latency:          0 us
   TOTAL SECURITY OVERHEAD:         0 us
   Avg latency per validation:      0 us
   Avg latency per coalesced wait:  0 us
   Avg overhead per blocked access: 0 us

   --- Cache Statistics ---
   Processes with cached pages:     0
   Unique pages validated (total):  0
   Cache hit rate:                  0%

   ========= IOMMU Stats =====================
   IOMMU enabled:                   YES
   IOMMU SimObject:                 system.lenet5_clstr.iommu

   --- Access Breakdown ---
   Total IOMMU checks:              491781
   IOTLB hits:                      484834
   IOTLB misses (page walks):       6947
   IOTLB hit rate:                  98.5874%

   --- Latency Breakdown ---
   TOTAL IOMMU OVERHEAD:            1664.37 us
   Avg latency per access:          0.00338437 us

********************************************************************************
system.lenet5_clstr.data_mover_0.llvm_interface
Total Area: 921.141
Total Power Static: 46.5935

Total Power Dynamic: 530.888
   ========= Performance Analysis =============
   Setup Time:                      0h 0m 0s 0ms 582us
   Simulation Time (Total):         0h 4m 25s 266ms
   Simulation Time (Active):        0h 0m 0s 344ms
        Queue Processing Time:      0h 0m 0s 270ms
             Scheduling Time:       0h 0m 0s 107ms
             Computation Time:      0h 0m 0s 16ms
   System Clock:                    0.1GHz
   Runtime:                         580744 cycles
   Runtime:                         5807.44 us
   Stalls:                          0 cycles
   Executed Nodes:                  580743 cycles

   ========= Kernel Validation Stats ==========
   Kernel validation enabled:       NO
   Configured latency per check:    0 us

   --- Access Breakdown ---
   Total memory accesses (validated): 0
   Cache hits (0 latency):          0
   Validation requests (full lat):  0
   Coalesced waits (partial lat):   0
   Validations denied:              0

   --- Latency Breakdown ---
   Validation request latency:      0 us
   Coalesced wait latency:          0 us
   TOTAL SECURITY OVERHEAD:         0 us
   Avg latency per validation:      0 us
   Avg latency per coalesced wait:  0 us
   Avg overhead per blocked access: 0 us

   --- Cache Statistics ---
   Processes with cached pages:     0
   Unique pages validated (total):  0
   Cache hit rate:                  0%

   ========= IOMMU Stats =====================
   IOMMU enabled:                   YES
   IOMMU SimObject:                 system.lenet5_clstr.iommu

   --- Access Breakdown ---
   Total IOMMU checks:              491781
   IOTLB hits:                      484834
   IOTLB misses (page walks):       6947
   IOTLB hit rate:                  98.5874%

   --- Latency Breakdown ---
   TOTAL IOMMU OVERHEAD:            1664.37 us
   Avg latency per access:          0.00338437 us

********************************************************************************
system.lenet5_clstr.pool0.llvm_interface
Total Area: 6693.54
Total Power Static: 119.603

Total Power Dynamic: 2263.76
   ========= Performance Analysis =============
   Setup Time:                      0h 0m 0s 3ms 870us
   Simulation Time (Total):         0h 4m 25s 261ms
   Simulation Time (Active):        0h 0m 0s 362ms
        Queue Processing Time:      0h 0m 0s 300ms
             Scheduling Time:       0h 0m 0s 128ms
             Computation Time:      0h 0m 0s 21ms
   System Clock:                    0.1GHz
   Runtime:                         580725 cycles
   Runtime:                         5807.25 us
   Stalls:                          0 cycles
   Executed Nodes:                  580724 cycles

   ========= Kernel Validation Stats ==========
   Kernel validation enabled:       NO
   Configured latency per check:    0 us

   --- Access Breakdown ---
   Total memory accesses (validated): 0
   Cache hits (0 latency):          0
   Validation requests (full lat):  0
   Coalesced waits (partial lat):   0
   Validations denied:              0

   --- Latency Breakdown ---
   Validation request latency:      0 us
   Coalesced wait latency:          0 us
   TOTAL SECURITY OVERHEAD:         0 us
   Avg latency per validation:      0 us
   Avg latency per coalesced wait:  0 us
   Avg overhead per blocked access: 0 us

   --- Cache Statistics ---
   Processes with cached pages:     0
   Unique pages validated (total):  0
   Cache hit rate:                  0%

   ========= IOMMU Stats =====================
   IOMMU enabled:                   YES
   IOMMU SimObject:                 system.lenet5_clstr.iommu

   --- Access Breakdown ---
   Total IOMMU checks:              491784
   IOTLB hits:                      484837
   IOTLB misses (page walks):       6947
   IOTLB hit rate:                  98.5874%

   --- Latency Breakdown ---
   TOTAL IOMMU OVERHEAD:            1664.37 us
   Avg latency per access:          0.00338436 us

********************************************************************************
system.lenet5_clstr.data_mover_1.llvm_interface
Total Area: 921.141
Total Power Static: 11.6632

Total Power Dynamic: 132.822
   ========= Performance Analysis =============
   Setup Time:                      0h 0m 0s 0ms 553us
   Simulation Time (Total):         0h 4m 25s 261ms
   Simulation Time (Active):        0h 0m 0s 194ms
        Queue Processing Time:      0h 0m 0s 127ms
             Scheduling Time:       0h 0m 0s 25ms
             Computation Time:      0h 0m 0s 3ms
   System Clock:                    0.1GHz
   Runtime:                         580718 cycles
   Runtime:                         5807.18 us
   Stalls:                          0 cycles
   Executed Nodes:                  580717 cycles

   ========= Kernel Validation Stats ==========
   Kernel validation enabled:       NO
   Configured latency per check:    0 us

   --- Access Breakdown ---
   Total memory accesses (validated): 0
   Cache hits (0 latency):          0
   Validation requests (full lat):  0
   Coalesced waits (partial lat):   0
   Validations denied:              0

   --- Latency Breakdown ---
   Validation request latency:      0 us
   Coalesced wait latency:          0 us
   TOTAL SECURITY OVERHEAD:         0 us
   Avg latency per validation:      0 us
   Avg latency per coalesced wait:  0 us
   Avg overhead per blocked access: 0 us

   --- Cache Statistics ---
   Processes with cached pages:     0
   Unique pages validated (total):  0
   Cache hit rate:                  0%

   ========= IOMMU Stats =====================
   IOMMU enabled:                   YES
   IOMMU SimObject:                 system.lenet5_clstr.iommu

   --- Access Breakdown ---
   Total IOMMU checks:              491786
   IOTLB hits:                      484839
   IOTLB misses (page walks):       6947
   IOTLB hit rate:                  98.5874%

   --- Latency Breakdown ---
   TOTAL IOMMU OVERHEAD:            1664.38 us
   Avg latency per access:          0.00338435 us

********************************************************************************
system.lenet5_clstr.data_mover_2.llvm_interface
Total Area: 921.141
Total Power Static: 15.4509

Total Power Dynamic: 178.201
   ========= Performance Analysis =============
   Setup Time:                      0h 0m 0s 6ms 722us
   Simulation Time (Total):         0h 5m 55s 638ms
   Simulation Time (Active):        0h 0m 0s 246ms
        Queue Processing Time:      0h 0m 0s 146ms
             Scheduling Time:       0h 0m 0s 25ms
             Computation Time:      0h 0m 0s 3ms
   System Clock:                    0.1GHz
   Runtime:                         1112877 cycles
   Runtime:                         11128.8 us
   Stalls:                          0 cycles
   Executed Nodes:                  1112876 cycles

   ========= Kernel Validation Stats ==========
   Kernel validation enabled:       NO
   Configured latency per check:    0 us

   --- Access Breakdown ---
   Total memory accesses (validated): 0
   Cache hits (0 latency):          0
   Validation requests (full lat):  0
   Coalesced waits (partial lat):   0
   Validations denied:              0

   --- Latency Breakdown ---
   Validation request latency:      0 us
   Coalesced wait latency:          0 us
   TOTAL SECURITY OVERHEAD:         0 us
   Avg latency per validation:      0 us
   Avg latency per coalesced wait:  0 us
   Avg overhead per blocked access: 0 us

   --- Cache Statistics ---
   Processes with cached pages:     0
   Unique pages validated (total):  0
   Cache hit rate:                  0%

   ========= IOMMU Stats =====================
   IOMMU enabled:                   YES
   IOMMU SimObject:                 system.lenet5_clstr.iommu

   --- Access Breakdown ---
   Total IOMMU checks:              823747
   IOTLB hits:                      815324
   IOTLB misses (page walks):       8423
   IOTLB hit rate:                  98.9775%

   --- Latency Breakdown ---
   TOTAL IOMMU OVERHEAD:            2472.95 us
   Avg latency per access:          0.00300207 us

********************************************************************************
system.lenet5_clstr.conv1.llvm_interface
Total Area: 6784.2
Total Power Static: 15677.5

Total Power Dynamic: 376721
   ========= Performance Analysis =============
   Setup Time:                      0h 0m 0s 8ms 153us
   Simulation Time (Total):         0h 5m 55s 647ms
   Simulation Time (Active):        0h 0m 7s 415ms
        Queue Processing Time:      0h 0m 7s 288ms
             Scheduling Time:       0h 0m 4s 363ms
             Computation Time:      0h 0m 0s 833ms
   System Clock:                    0.1GHz
   Runtime:                         1112888 cycles
   Runtime:                         11128.9 us
   Stalls:                          0 cycles
   Executed Nodes:                  1112887 cycles

   ========= Kernel Validation Stats ==========
   Kernel validation enabled:       NO
   Configured latency per check:    0 us

   --- Access Breakdown ---
   Total memory accesses (validated): 0
   Cache hits (0 latency):          0
   Validation requests (full lat):  0
   Coalesced waits (partial lat):   0
   Validations denied:              0

   --- Latency Breakdown ---
   Validation request latency:      0 us
   Coalesced wait latency:          0 us
   TOTAL SECURITY OVERHEAD:         0 us
   Avg latency per validation:      0 us
   Avg latency per coalesced wait:  0 us
   Avg overhead per blocked access: 0 us

   --- Cache Statistics ---
   Processes with cached pages:     0
   Unique pages validated (total):  0
   Cache hit rate:                  0%

   ========= IOMMU Stats =====================
   IOMMU enabled:                   YES
   IOMMU SimObject:                 system.lenet5_clstr.iommu

   --- Access Breakdown ---
   Total IOMMU checks:              823747
   IOTLB hits:                      815324
   IOTLB misses (page walks):       8423
   IOTLB hit rate:                  98.9775%

   --- Latency Breakdown ---
   TOTAL IOMMU OVERHEAD:            2472.95 us
   Avg latency per access:          0.00300207 us

********************************************************************************
system.lenet5_clstr.pool1.llvm_interface
Total Area: 6693.54
Total Power Static: 40.6797

Total Power Dynamic: 769.272
   ========= Performance Analysis =============
   Setup Time:                      0h 0m 0s 7ms 26us
   Simulation Time (Total):         0h 5m 55s 611ms
   Simulation Time (Active):        0h 0m 0s 275ms
        Queue Processing Time:      0h 0m 0s 168ms
             Scheduling Time:       0h 0m 0s 28ms
             Computation Time:      0h 0m 0s 5ms
   System Clock:                    0.1GHz
   Runtime:                         1112858 cycles
   Runtime:                         11128.6 us
   Stalls:                          0 cycles
   Executed Nodes:                  1112857 cycles

   ========= Kernel Validation Stats ==========
   Kernel validation enabled:       NO
   Configured latency per check:    0 us

   --- Access Breakdown ---
   Total memory accesses (validated): 0
   Cache hits (0 latency):          0
   Validation requests (full lat):  0
   Coalesced waits (partial lat):   0
   Validations denied:              0

   --- Latency Breakdown ---
   Validation request latency:      0 us
   Coalesced wait latency:          0 us
   TOTAL SECURITY OVERHEAD:         0 us
   Avg latency per validation:      0 us
   Avg latency per coalesced wait:  0 us
   Avg overhead per blocked access: 0 us

   --- Cache Statistics ---
   Processes with cached pages:     0
   Unique pages validated (total):  0
   Cache hit rate:                  0%

   ========= IOMMU Stats =====================
   IOMMU enabled:                   YES
   IOMMU SimObject:                 system.lenet5_clstr.iommu

   --- Access Breakdown ---
   Total IOMMU checks:              823749
   IOTLB hits:                      815325
   IOTLB misses (page walks):       8424
   IOTLB hit rate:                  98.9774%

   --- Latency Breakdown ---
   TOTAL IOMMU OVERHEAD:            2473.05 us
   Avg latency per access:          0.00300219 us

********************************************************************************
system.lenet5_clstr.data_mover_3.llvm_interface
Total Area: 921.141
Total Power Static: 3.86689

Total Power Dynamic: 44.586
   ========= Performance Analysis =============
   Setup Time:                      0h 0m 0s 3ms 725us
   Simulation Time (Total):         0h 5m 55s 596ms
   Simulation Time (Active):        0h 0m 0s 215ms
        Queue Processing Time:      0h 0m 0s 120ms
             Scheduling Time:       0h 0m 0s 5ms
             Computation Time:      0h 0m 0s 0ms
   System Clock:                    0.1GHz
   Runtime:                         1112861 cycles
   Runtime:                         11128.6 us
   Stalls:                          0 cycles
   Executed Nodes:                  1112860 cycles

   ========= Kernel Validation Stats ==========
   Kernel validation enabled:       NO
   Configured latency per check:    0 us

   --- Access Breakdown ---
   Total memory accesses (validated): 0
   Cache hits (0 latency):          0
   Validation requests (full lat):  0
   Coalesced waits (partial lat):   0
   Validations denied:              0

   --- Latency Breakdown ---
   Validation request latency:      0 us
   Coalesced wait latency:          0 us
   TOTAL SECURITY OVERHEAD:         0 us
   Avg latency per validation:      0 us
   Avg latency per coalesced wait:  0 us
   Avg overhead per blocked access: 0 us

   --- Cache Statistics ---
   Processes with cached pages:     0
   Unique pages validated (total):  0
   Cache hit rate:                  0%

   ========= IOMMU Stats =====================
   IOMMU enabled:                   YES
   IOMMU SimObject:                 system.lenet5_clstr.iommu

   --- Access Breakdown ---
   Total IOMMU checks:              823750
   IOTLB hits:                      815326
   IOTLB misses (page walks):       8424
   IOTLB hit rate:                  98.9774%

   --- Latency Breakdown ---
   TOTAL IOMMU OVERHEAD:            2473.05 us
   Avg latency per access:          0.00300219 us

********************************************************************************
system.lenet5_clstr.conv2.llvm_interface
Total Area: 6066.43
Total Power Static: 2891.65

Total Power Dynamic: 75108.6
   ========= Performance Analysis =============
   Setup Time:                      0h 0m 0s 3ms 928us
   Simulation Time (Total):         0h 6m 5s 551ms
   Simulation Time (Active):        0h 0m 0s 947ms
        Queue Processing Time:      0h 0m 0s 828ms
             Scheduling Time:       0h 0m 0s 437ms
             Computation Time:      0h 0m 0s 87ms
   System Clock:                    0.1GHz
   Runtime:                         1321259 cycles
   Runtime:                         13212.6 us
   Stalls:                          0 cycles
   Executed Nodes:                  1321258 cycles

   ========= Kernel Validation Stats ==========
   Kernel validation enabled:       NO
   Configured latency per check:    0 us

   --- Access Breakdown ---
   Total memory accesses (validated): 0
   Cache hits (0 latency):          0
   Validation requests (full lat):  0
   Coalesced waits (partial lat):   0
   Validations denied:              0

   --- Latency Breakdown ---
   Validation request latency:      0 us
   Coalesced wait latency:          0 us
   TOTAL SECURITY OVERHEAD:         0 us
   Avg latency per validation:      0 us
   Avg latency per coalesced wait:  0 us
   Avg overhead per blocked access: 0 us

   --- Cache Statistics ---
   Processes with cached pages:     0
   Unique pages validated (total):  0
   Cache hit rate:                  0%

   ========= IOMMU Stats =====================
   IOMMU enabled:                   YES
   IOMMU SimObject:                 system.lenet5_clstr.iommu

   --- Access Breakdown ---
   Total IOMMU checks:              932712
   IOTLB hits:                      918465
   IOTLB misses (page walks):       14247
   IOTLB hit rate:                  98.4725%

   --- Latency Breakdown ---
   TOTAL IOMMU OVERHEAD:            3261.63 us
   Avg latency per access:          0.00349693 us

********************************************************************************
system.lenet5_clstr.data_mover_4.llvm_interface
Total Area: 562.255
Total Power Static: 1.13697

Total Power Dynamic: 13.2473
   ========= Performance Analysis =============
   Setup Time:                      0h 0m 0s 0ms 559us
   Simulation Time (Total):         0h 6m 5s 539ms
   Simulation Time (Active):        0h 0m 0s 241ms
        Queue Processing Time:      0h 0m 0s 132ms
             Scheduling Time:       0h 0m 0s 0ms
             Computation Time:      0h 0m 0s 0ms
   System Clock:                    0.1GHz
   Runtime:                         1321250 cycles
   Runtime:                         13212.5 us
   Stalls:                          0 cycles
   Executed Nodes:                  1321249 cycles

   ========= Kernel Validation Stats ==========
   Kernel validation enabled:       NO
   Configured latency per check:    0 us

   --- Access Breakdown ---
   Total memory accesses (validated): 0
   Cache hits (0 latency):          0
   Validation requests (full lat):  0
   Coalesced waits (partial lat):   0
   Validations denied:              0

   --- Latency Breakdown ---
   Validation request latency:      0 us
   Coalesced wait latency:          0 us
   TOTAL SECURITY OVERHEAD:         0 us
   Avg latency per validation:      0 us
   Avg latency per coalesced wait:  0 us
   Avg overhead per blocked access: 0 us

   --- Cache Statistics ---
   Processes with cached pages:     0
   Unique pages validated (total):  0
   Cache hit rate:                  0%

   ========= IOMMU Stats =====================
   IOMMU enabled:                   YES
   IOMMU SimObject:                 system.lenet5_clstr.iommu

   --- Access Breakdown ---
   Total IOMMU checks:              932714
   IOTLB hits:                      918467
   IOTLB misses (page walks):       14247
   IOTLB hit rate:                  98.4725%

   --- Latency Breakdown ---
   TOTAL IOMMU OVERHEAD:            3261.63 us
   Avg latency per access:          0.00349693 us

********************************************************************************
system.lenet5_clstr.fc0.llvm_interface
Total Area: 5707.55
Total Power Static: 605.723

Total Power Dynamic: 15765.7
   ========= Performance Analysis =============
   Setup Time:                      0h 0m 0s 3ms 777us
   Simulation Time (Total):         0h 6m 6s 346ms
   Simulation Time (Active):        0h 0m 0s 364ms
        Queue Processing Time:      0h 0m 0s 238ms
             Scheduling Time:       0h 0m 0s 66ms
             Computation Time:      0h 0m 0s 14ms
   System Clock:                    0.1GHz
   Runtime:                         1359672 cycles
   Runtime:                         13596.7 us
   Stalls:                          0 cycles
   Executed Nodes:                  1359671 cycles

   ========= Kernel Validation Stats ==========
   Kernel validation enabled:       NO
   Configured latency per check:    0 us

   --- Access Breakdown ---
   Total memory accesses (validated): 0
   Cache hits (0 latency):          0
   Validation requests (full lat):  0
   Coalesced waits (partial lat):   0
   Validations denied:              0

   --- Latency Breakdown ---
   Validation request latency:      0 us
   Coalesced wait latency:          0 us
   TOTAL SECURITY OVERHEAD:         0 us
   Avg latency per validation:      0 us
   Avg latency per coalesced wait:  0 us
   Avg overhead per blocked access: 0 us

   --- Cache Statistics ---
   Processes with cached pages:     0
   Unique pages validated (total):  0
   Cache hit rate:                  0%

   ========= IOMMU Stats =====================
   IOMMU enabled:                   YES
   IOMMU SimObject:                 system.lenet5_clstr.iommu

   --- Access Breakdown ---
   Total IOMMU checks:              955209
   IOTLB hits:                      940131
   IOTLB misses (page walks):       15078
   IOTLB hit rate:                  98.4215%

   --- Latency Breakdown ---
   TOTAL IOMMU OVERHEAD:            3388.06 us
   Avg latency per access:          0.00354693 us

********************************************************************************
system.lenet5_clstr.top.llvm_interface
Total Area: 251.85
Total Power Static: 57.1095

Total Power Dynamic: 280.646
   ========= Performance Analysis =============
   Setup Time:                      0h 0m 0s 4ms 459us
   Simulation Time (Total):         0h 6m 6s 796ms
   Simulation Time (Active):        0h 0m 1s 326ms
        Queue Processing Time:      0h 0m 1s 172ms
             Scheduling Time:       0h 0m 0s 487ms
             Computation Time:      0h 0m 0s 62ms
   System Clock:                    0.1GHz
   Runtime:                         1363100 cycles
   Runtime:                         13631 us
   Stalls:                          0 cycles
   Executed Nodes:                  1363099 cycles

   ========= Kernel Validation Stats ==========
   Kernel validation enabled:       NO
   Configured latency per check:    0 us

   --- Access Breakdown ---
   Total memory accesses (validated): 0
   Cache hits (0 latency):          0
   Validation requests (full lat):  0
   Coalesced waits (partial lat):   0
   Validations denied:              0

   --- Latency Breakdown ---
   Validation request latency:      0 us
   Coalesced wait latency:          0 us
   TOTAL SECURITY OVERHEAD:         0 us
   Avg latency per validation:      0 us
   Avg latency per coalesced wait:  0 us
   Avg overhead per blocked access: 0 us

   --- Cache Statistics ---
   Processes with cached pages:     0
   Unique pages validated (total):  0
   Cache hit rate:                  0%

   ========= IOMMU Stats =====================
   IOMMU enabled:                   YES
   IOMMU SimObject:                 system.lenet5_clstr.iommu

   --- Access Breakdown ---
   Total IOMMU checks:              955219
   IOTLB hits:                      940140
   IOTLB misses (page walks):       15079
   IOTLB hit rate:                  98.4214%

   --- Latency Breakdown ---
   TOTAL IOMMU OVERHEAD:            3388.18 us
   Avg latency per access:          0.00354702 us

Exiting @ tick 13708075000 because m5_exit instruction encountered
