build/ARM/base/statistics.hh:277: warn: One of the stats is a legacy stat. Legacy stat is a stat that does not belong to any statistics::Group. Legacy stat is deprecated.
Global frequency set at 1000000000000 ticks per second
build/ARM/mem/mem_interface.cc:793: warn: DRAM device capacity (16384 Mbytes) does not match the address range assigned (4096 Mbytes)
build/ARM/sim/kernel_workload.cc:46: info: kernel located at: /gem5-SALAM/benchmarks/sys_validation/stencil2d/sw/main.elf
build/ARM/arch/arm/system.cc:95: warn: Highest ARM exception-level set to AArch64 but the workload is for AArch32. Assuming you wanted these to match.
build/ARM/base/vnc/vncserver.cc:163: warn: Sockets disabled, not accepting vnc client connections
build/ARM/dev/serial/terminal.cc:170: warn: Sockets disabled, not accepting terminal connections
build/ARM/base/remote_gdb.cc:377: warn: Sockets disabled, not accepting gdb connections
build/ARM/mem/coherent_xbar.cc:140: warn: CoherentXBar system.stencil2d_clstr.coherency_bus has no snooping ports attached!
build/ARM/dev/arm/energy_ctrl.cc:252: warn: Existing EnergyCtrl, but no enabled DVFSHandler found.
gem5 Simulator System.  http://gem5.org
gem5 is copyrighted software; use the --copyright option for details.

gem5 version 21.1.0.1
gem5 compiled May  2 2026 19:55:51
gem5 started May  3 2026 00:10:51
gem5 executing on 3b7fb6fd27b8, pid 1113667
command line: /gem5-SALAM/build/ARM/gem5.opt --listener-mode=off --outdir=/gem5-SALAM/BM_ARM_OUT/run_all/stencil2d/iommu_e64_m500ns /gem5-SALAM/configs/SALAM/fs_stencil2d.py --mem-size=4GB --mem-type=DDR4_2400_8x8 --machine-type=VExpress_GEM5_V1 --dtb-file=none --bare-metal --cpu-type=DerivO3CPU --caches --l2cache --kernel=/gem5-SALAM/benchmarks/sys_validation/stencil2d/sw/main.elf --disk-image=/gem5-SALAM/benchmarks/common/fake.iso --accpath=/gem5-SALAM/benchmarks/sys_validation/stencil2d --accbench=stencil2d --enable-iommu --iotlb-entries 64 --iotlb-hit-latency 2000 --iotlb-miss-latency 500000

[HWAccConfig] IOMMU ENABLED: entries=64, hit_lat=2000, miss_lat=500000
[HWAccConfig] IOMMU ENABLED: entries=64, hit_lat=2000, miss_lat=500000
**** REAL SIMULATION ****
warn: iobus.slave is deprecated. `slave` is now called `cpu_side_ports`
warn: bridge.master is deprecated. `master` is now called `mem_side_port`
warn: membus.master is deprecated. `master` is now called `mem_side_ports`
warn: bridge.slave is deprecated. `slave` is now called `cpu_side_port`
warn: membus.slave is deprecated. `slave` is now called `cpu_side_ports`
warn: tol2bus.master is deprecated. `master` is now called `mem_side_ports`
warn: membus.slave is deprecated. `slave` is now called `cpu_side_ports`
warn: tol2bus.slave is deprecated. `slave` is now called `cpu_side_ports`
warn: tol2bus.slave is deprecated. `slave` is now called `cpu_side_ports`
warn: tol2bus.slave is deprecated. `slave` is now called `cpu_side_ports`
warn: tol2bus.slave is deprecated. `slave` is now called `cpu_side_ports`
warn: membus.slave is deprecated. `slave` is now called `cpu_side_ports`
warn: coherency_bus.master is deprecated. `master` is now called `mem_side_ports`
warn: No dot file generated. Please install pydot to generate the dot file and pdf.
build/ARM/sim/simulate.cc:107: info: Entering event queue @ 0.  Starting simulation...
********************************************************************************
system.stencil2d_clstr.stencil2d.llvm_interface
Total Area: 43998.2
Total Power Static: 7898.43

Total Power Dynamic: 145638
   ========= Performance Analysis =============
   Setup Time:                      0h 0m 0s 1ms 580us
   Simulation Time (Total):         0h 0m 6s 317ms
   Simulation Time (Active):        0h 0m 2s 437ms
        Queue Processing Time:      0h 0m 2s 415ms
             Scheduling Time:       0h 0m 1s 287ms
             Computation Time:      0h 0m 0s 247ms
   System Clock:                    0.1GHz
   Runtime:                         98577 cycles
   Runtime:                         985.77 us
   Stalls:                          0 cycles
   Executed Nodes:                  98576 cycles

   ========= Kernel Validation Stats ==========
   Kernel validation enabled:       NO
   Configured latency per check:    0 us

   --- Access Breakdown ---
   Total memory accesses (validated): 0
   Cache hits (0 latency):          0
   Validation requests (full lat):  0
   Coalesced waits (partial lat):   0
   Validations denied:              0

   --- Latency Breakdown ---
   Validation request latency:      0 us
   Coalesced wait latency:          0 us
   TOTAL SECURITY OVERHEAD:         0 us
   Avg latency per validation:      0 us
   Avg latency per coalesced wait:  0 us
   Avg overhead per blocked access: 0 us

   --- Cache Statistics ---
   Processes with cached pages:     0
   Unique pages validated (total):  0
   Cache hit rate:                  0%

   ========= IOMMU Stats =====================
   IOMMU enabled:                   YES
   IOMMU SimObject:                 system.stencil2d_clstr.iommu

   --- Access Breakdown ---
   Total IOMMU checks:              155666
   IOTLB hits:                      155649
   IOTLB misses (page walks):       17
   IOTLB hit rate:                  99.9891%

   --- Latency Breakdown ---
   TOTAL IOMMU OVERHEAD:            319.798 us
   Avg latency per access:          0.00205439 us

********************************************************************************
system.stencil2d_clstr.top.llvm_interface
Total Area: 201.48
Total Power Static: 4.54278

Total Power Dynamic: 22.324
   ========= Performance Analysis =============
   Setup Time:                      0h 0m 0s 1ms 123us
   Simulation Time (Total):         0h 0m 6s 536ms
   Simulation Time (Active):        0h 0m 0s 115ms
        Queue Processing Time:      0h 0m 0s 95ms
             Scheduling Time:       0h 0m 0s 46ms
             Computation Time:      0h 0m 0s 3ms
   System Clock:                    0.1GHz
   Runtime:                         104969 cycles
   Runtime:                         1049.69 us
   Stalls:                          0 cycles
   Executed Nodes:                  104968 cycles

   ========= Kernel Validation Stats ==========
   Kernel validation enabled:       NO
   Configured latency per check:    0 us

   --- Access Breakdown ---
   Total memory accesses (validated): 0
   Cache hits (0 latency):          0
   Validation requests (full lat):  0
   Coalesced waits (partial lat):   0
   Validations denied:              0

   --- Latency Breakdown ---
   Validation request latency:      0 us
   Coalesced wait latency:          0 us
   TOTAL SECURITY OVERHEAD:         0 us
   Avg latency per validation:      0 us
   Avg latency per coalesced wait:  0 us
   Avg overhead per blocked access: 0 us

   --- Cache Statistics ---
   Processes with cached pages:     0
   Unique pages validated (total):  0
   Cache hit rate:                  0%

   ========= IOMMU Stats =====================
   IOMMU enabled:                   YES
   IOMMU SimObject:                 system.stencil2d_clstr.iommu

   --- Access Breakdown ---
   Total IOMMU checks:              155874
   IOTLB hits:                      155857
   IOTLB misses (page walks):       17
   IOTLB hit rate:                  99.9891%

   --- Latency Breakdown ---
   TOTAL IOMMU OVERHEAD:            320.214 us
   Avg latency per access:          0.00205431 us

Exiting @ tick 13950593000 because m5_exit instruction encountered
