build/ARM/base/statistics.hh:277: warn: One of the stats is a legacy stat. Legacy stat is a stat that does not belong to any statistics::Group. Legacy stat is deprecated.
Global frequency set at 1000000000000 ticks per second
build/ARM/mem/mem_interface.cc:793: warn: DRAM device capacity (16384 Mbytes) does not match the address range assigned (4096 Mbytes)
build/ARM/sim/kernel_workload.cc:46: info: kernel located at: /gem5-SALAM/benchmarks/lenet/design_b/sw/main.elf
build/ARM/arch/arm/system.cc:95: warn: Highest ARM exception-level set to AArch64 but the workload is for AArch32. Assuming you wanted these to match.
build/ARM/base/vnc/vncserver.cc:163: warn: Sockets disabled, not accepting vnc client connections
build/ARM/dev/serial/terminal.cc:170: warn: Sockets disabled, not accepting terminal connections
build/ARM/base/remote_gdb.cc:377: warn: Sockets disabled, not accepting gdb connections
build/ARM/mem/coherent_xbar.cc:140: warn: CoherentXBar system.lenet5_clstr.coherency_bus has no snooping ports attached!
build/ARM/dev/arm/energy_ctrl.cc:252: warn: Existing EnergyCtrl, but no enabled DVFSHandler found.
gem5 Simulator System.  http://gem5.org
gem5 is copyrighted software; use the --copyright option for details.

gem5 version 21.1.0.1
gem5 compiled May  2 2026 19:55:51
gem5 started May  3 2026 00:10:54
gem5 executing on 3b7fb6fd27b8, pid 1113858
command line: /gem5-SALAM/build/ARM/gem5.opt --listener-mode=off --outdir=/gem5-SALAM/BM_ARM_OUT/run_all/lenet_b/iommu_e32_m100ns /gem5-SALAM/configs/SALAM/fs_lenet_b.py --mem-size=4GB --mem-type=DDR4_2400_8x8 --machine-type=VExpress_GEM5_V1 --dtb-file=none --bare-metal --cpu-type=DerivO3CPU --caches --l2cache --kernel=/gem5-SALAM/benchmarks/lenet/design_b/sw/main.elf --disk-image=/gem5-SALAM/benchmarks/common/fake.iso --accpath=/gem5-SALAM/benchmarks/lenet/design_b --accbench=lenet_b --enable-iommu --iotlb-entries 32 --iotlb-hit-latency 2000 --iotlb-miss-latency 100000

[HWAccConfig] IOMMU ENABLED: entries=32, hit_lat=2000, miss_lat=100000
[HWAccConfig] IOMMU ENABLED: entries=32, hit_lat=2000, miss_lat=100000
[HWAccConfig] IOMMU ENABLED: entries=32, hit_lat=2000, miss_lat=100000
[HWAccConfig] IOMMU ENABLED: entries=32, hit_lat=2000, miss_lat=100000
[HWAccConfig] IOMMU ENABLED: entries=32, hit_lat=2000, miss_lat=100000
[HWAccConfig] IOMMU ENABLED: entries=32, hit_lat=2000, miss_lat=100000
[HWAccConfig] IOMMU ENABLED: entries=32, hit_lat=2000, miss_lat=100000
[HWAccConfig] IOMMU ENABLED: entries=32, hit_lat=2000, miss_lat=100000
[HWAccConfig] IOMMU ENABLED: entries=32, hit_lat=2000, miss_lat=100000
[HWAccConfig] IOMMU ENABLED: entries=32, hit_lat=2000, miss_lat=100000
[HWAccConfig] IOMMU ENABLED: entries=32, hit_lat=2000, miss_lat=100000
[HWAccConfig] IOMMU ENABLED: entries=32, hit_lat=2000, miss_lat=100000
**** REAL SIMULATION ****
warn: iobus.slave is deprecated. `slave` is now called `cpu_side_ports`
warn: bridge.master is deprecated. `master` is now called `mem_side_port`
warn: membus.master is deprecated. `master` is now called `mem_side_ports`
warn: bridge.slave is deprecated. `slave` is now called `cpu_side_port`
warn: membus.slave is deprecated. `slave` is now called `cpu_side_ports`
warn: tol2bus.master is deprecated. `master` is now called `mem_side_ports`
warn: membus.slave is deprecated. `slave` is now called `cpu_side_ports`
warn: tol2bus.slave is deprecated. `slave` is now called `cpu_side_ports`
warn: tol2bus.slave is deprecated. `slave` is now called `cpu_side_ports`
warn: tol2bus.slave is deprecated. `slave` is now called `cpu_side_ports`
warn: tol2bus.slave is deprecated. `slave` is now called `cpu_side_ports`
warn: membus.slave is deprecated. `slave` is now called `cpu_side_ports`
warn: coherency_bus.master is deprecated. `master` is now called `mem_side_ports`
warn: No dot file generated. Please install pydot to generate the dot file and pdf.
build/ARM/sim/simulate.cc:107: info: Entering event queue @ 0.  Starting simulation...
********************************************************************************
system.lenet5_clstr.conv0.llvm_interface
Total Area: 6604.76
Total Power Static: 7702.37

Total Power Dynamic: 186527
   ========= Performance Analysis =============
   Setup Time:                      0h 0m 0s 0ms 951us
   Simulation Time (Total):         0h 4m 1s 891ms
   Simulation Time (Active):        0h 0m 6s 581ms
        Queue Processing Time:      0h 0m 6s 491ms
             Scheduling Time:       0h 0m 3s 806ms
             Computation Time:      0h 0m 0s 734ms
   System Clock:                    0.1GHz
   Runtime:                         533203 cycles
   Runtime:                         5332.03 us
   Stalls:                          0 cycles
   Executed Nodes:                  533202 cycles

   ========= Kernel Validation Stats ==========
   Kernel validation enabled:       NO
   Configured latency per check:    0 us

   --- Access Breakdown ---
   Total memory accesses (validated): 0
   Cache hits (0 latency):          0
   Validation requests (full lat):  0
   Coalesced waits (partial lat):   0
   Validations denied:              0

   --- Latency Breakdown ---
   Validation request latency:      0 us
   Coalesced wait latency:          0 us
   TOTAL SECURITY OVERHEAD:         0 us
   Avg latency per validation:      0 us
   Avg latency per coalesced wait:  0 us
   Avg overhead per blocked access: 0 us

   --- Cache Statistics ---
   Processes with cached pages:     0
   Unique pages validated (total):  0
   Cache hit rate:                  0%

   ========= IOMMU Stats =====================
   IOMMU enabled:                   YES
   IOMMU SimObject:                 system.lenet5_clstr.iommu

   --- Access Breakdown ---
   Total IOMMU checks:              497286
   IOTLB hits:                      497247
   IOTLB misses (page walks):       39
   IOTLB hit rate:                  99.9922%

   --- Latency Breakdown ---
   TOTAL IOMMU OVERHEAD:            998.394 us
   Avg latency per access:          0.00200769 us

********************************************************************************
system.lenet5_clstr.data_mover_0.llvm_interface
Total Area: 921.141
Total Power Static: 46.5935

Total Power Dynamic: 530.888
   ========= Performance Analysis =============
   Setup Time:                      0h 0m 0s 0ms 554us
   Simulation Time (Total):         0h 4m 1s 891ms
   Simulation Time (Active):        0h 0m 0s 287ms
        Queue Processing Time:      0h 0m 0s 227ms
             Scheduling Time:       0h 0m 0s 94ms
             Computation Time:      0h 0m 0s 17ms
   System Clock:                    0.1GHz
   Runtime:                         533194 cycles
   Runtime:                         5331.94 us
   Stalls:                          0 cycles
   Executed Nodes:                  533193 cycles

   ========= Kernel Validation Stats ==========
   Kernel validation enabled:       NO
   Configured latency per check:    0 us

   --- Access Breakdown ---
   Total memory accesses (validated): 0
   Cache hits (0 latency):          0
   Validation requests (full lat):  0
   Coalesced waits (partial lat):   0
   Validations denied:              0

   --- Latency Breakdown ---
   Validation request latency:      0 us
   Coalesced wait latency:          0 us
   TOTAL SECURITY OVERHEAD:         0 us
   Avg latency per validation:      0 us
   Avg latency per coalesced wait:  0 us
   Avg overhead per blocked access: 0 us

   --- Cache Statistics ---
   Processes with cached pages:     0
   Unique pages validated (total):  0
   Cache hit rate:                  0%

   ========= IOMMU Stats =====================
   IOMMU enabled:                   YES
   IOMMU SimObject:                 system.lenet5_clstr.iommu

   --- Access Breakdown ---
   Total IOMMU checks:              497287
   IOTLB hits:                      497248
   IOTLB misses (page walks):       39
   IOTLB hit rate:                  99.9922%

   --- Latency Breakdown ---
   TOTAL IOMMU OVERHEAD:            998.396 us
   Avg latency per access:          0.00200769 us

********************************************************************************
system.lenet5_clstr.pool0.llvm_interface
Total Area: 6693.54
Total Power Static: 119.603

Total Power Dynamic: 2263.76
   ========= Performance Analysis =============
   Setup Time:                      0h 0m 0s 0ms 929us
   Simulation Time (Total):         0h 4m 1s 882ms
   Simulation Time (Active):        0h 0m 0s 327ms
        Queue Processing Time:      0h 0m 0s 273ms
             Scheduling Time:       0h 0m 0s 125ms
             Computation Time:      0h 0m 0s 21ms
   System Clock:                    0.1GHz
   Runtime:                         533175 cycles
   Runtime:                         5331.75 us
   Stalls:                          0 cycles
   Executed Nodes:                  533174 cycles

   ========= Kernel Validation Stats ==========
   Kernel validation enabled:       NO
   Configured latency per check:    0 us

   --- Access Breakdown ---
   Total memory accesses (validated): 0
   Cache hits (0 latency):          0
   Validation requests (full lat):  0
   Coalesced waits (partial lat):   0
   Validations denied:              0

   --- Latency Breakdown ---
   Validation request latency:      0 us
   Coalesced wait latency:          0 us
   TOTAL SECURITY OVERHEAD:         0 us
   Avg latency per validation:      0 us
   Avg latency per coalesced wait:  0 us
   Avg overhead per blocked access: 0 us

   --- Cache Statistics ---
   Processes with cached pages:     0
   Unique pages validated (total):  0
   Cache hit rate:                  0%

   ========= IOMMU Stats =====================
   IOMMU enabled:                   YES
   IOMMU SimObject:                 system.lenet5_clstr.iommu

   --- Access Breakdown ---
   Total IOMMU checks:              497291
   IOTLB hits:                      497252
   IOTLB misses (page walks):       39
   IOTLB hit rate:                  99.9922%

   --- Latency Breakdown ---
   TOTAL IOMMU OVERHEAD:            998.404 us
   Avg latency per access:          0.00200769 us

********************************************************************************
system.lenet5_clstr.data_mover_1.llvm_interface
Total Area: 921.141
Total Power Static: 11.6632

Total Power Dynamic: 132.822
   ========= Performance Analysis =============
   Setup Time:                      0h 0m 0s 0ms 651us
   Simulation Time (Total):         0h 4m 1s 879ms
   Simulation Time (Active):        0h 0m 0s 164ms
        Queue Processing Time:      0h 0m 0s 103ms
             Scheduling Time:       0h 0m 0s 27ms
             Computation Time:      0h 0m 0s 3ms
   System Clock:                    0.1GHz
   Runtime:                         533169 cycles
   Runtime:                         5331.69 us
   Stalls:                          0 cycles
   Executed Nodes:                  533168 cycles

   ========= Kernel Validation Stats ==========
   Kernel validation enabled:       NO
   Configured latency per check:    0 us

   --- Access Breakdown ---
   Total memory accesses (validated): 0
   Cache hits (0 latency):          0
   Validation requests (full lat):  0
   Coalesced waits (partial lat):   0
   Validations denied:              0

   --- Latency Breakdown ---
   Validation request latency:      0 us
   Coalesced wait latency:          0 us
   TOTAL SECURITY OVERHEAD:         0 us
   Avg latency per validation:      0 us
   Avg latency per coalesced wait:  0 us
   Avg overhead per blocked access: 0 us

   --- Cache Statistics ---
   Processes with cached pages:     0
   Unique pages validated (total):  0
   Cache hit rate:                  0%

   ========= IOMMU Stats =====================
   IOMMU enabled:                   YES
   IOMMU SimObject:                 system.lenet5_clstr.iommu

   --- Access Breakdown ---
   Total IOMMU checks:              497294
   IOTLB hits:                      497255
   IOTLB misses (page walks):       39
   IOTLB hit rate:                  99.9922%

   --- Latency Breakdown ---
   TOTAL IOMMU OVERHEAD:            998.41 us
   Avg latency per access:          0.00200769 us

********************************************************************************
system.lenet5_clstr.conv1.llvm_interface
Total Area: 6784.2
Total Power Static: 15677.5

Total Power Dynamic: 376721
   ========= Performance Analysis =============
   Setup Time:                      0h 0m 0s 1ms 33us
   Simulation Time (Total):         0h 5m 38s 861ms
   Simulation Time (Active):        0h 0m 8s 74ms
        Queue Processing Time:      0h 0m 7s 953ms
             Scheduling Time:       0h 0m 4s 726ms
             Computation Time:      0h 0m 0s 980ms
   System Clock:                    0.1GHz
   Runtime:                         1039192 cycles
   Runtime:                         10391.9 us
   Stalls:                          0 cycles
   Executed Nodes:                  1039191 cycles

   ========= Kernel Validation Stats ==========
   Kernel validation enabled:       NO
   Configured latency per check:    0 us

   --- Access Breakdown ---
   Total memory accesses (validated): 0
   Cache hits (0 latency):          0
   Validation requests (full lat):  0
   Coalesced waits (partial lat):   0
   Validations denied:              0

   --- Latency Breakdown ---
   Validation request latency:      0 us
   Coalesced wait latency:          0 us
   TOTAL SECURITY OVERHEAD:         0 us
   Avg latency per validation:      0 us
   Avg latency per coalesced wait:  0 us
   Avg overhead per blocked access: 0 us

   --- Cache Statistics ---
   Processes with cached pages:     0
   Unique pages validated (total):  0
   Cache hit rate:                  0%

   ========= IOMMU Stats =====================
   IOMMU enabled:                   YES
   IOMMU SimObject:                 system.lenet5_clstr.iommu

   --- Access Breakdown ---
   Total IOMMU checks:              820380
   IOTLB hits:                      820312
   IOTLB misses (page walks):       68
   IOTLB hit rate:                  99.9917%

   --- Latency Breakdown ---
   TOTAL IOMMU OVERHEAD:            1647.42 us
   Avg latency per access:          0.00200812 us

********************************************************************************
system.lenet5_clstr.data_mover_2.llvm_interface
Total Area: 921.141
Total Power Static: 15.4509

Total Power Dynamic: 178.201
   ========= Performance Analysis =============
   Setup Time:                      0h 0m 0s 0ms 670us
   Simulation Time (Total):         0h 5m 38s 855ms
   Simulation Time (Active):        0h 0m 0s 231ms
        Queue Processing Time:      0h 0m 0s 130ms
             Scheduling Time:       0h 0m 0s 24ms
             Computation Time:      0h 0m 0s 4ms
   System Clock:                    0.1GHz
   Runtime:                         1039182 cycles
   Runtime:                         10391.8 us
   Stalls:                          0 cycles
   Executed Nodes:                  1039181 cycles

   ========= Kernel Validation Stats ==========
   Kernel validation enabled:       NO
   Configured latency per check:    0 us

   --- Access Breakdown ---
   Total memory accesses (validated): 0
   Cache hits (0 latency):          0
   Validation requests (full lat):  0
   Coalesced waits (partial lat):   0
   Validations denied:              0

   --- Latency Breakdown ---
   Validation request latency:      0 us
   Coalesced wait latency:          0 us
   TOTAL SECURITY OVERHEAD:         0 us
   Avg latency per validation:      0 us
   Avg latency per coalesced wait:  0 us
   Avg overhead per blocked access: 0 us

   --- Cache Statistics ---
   Processes with cached pages:     0
   Unique pages validated (total):  0
   Cache hit rate:                  0%

   ========= IOMMU Stats =====================
   IOMMU enabled:                   YES
   IOMMU SimObject:                 system.lenet5_clstr.iommu

   --- Access Breakdown ---
   Total IOMMU checks:              820381
   IOTLB hits:                      820313
   IOTLB misses (page walks):       68
   IOTLB hit rate:                  99.9917%

   --- Latency Breakdown ---
   TOTAL IOMMU OVERHEAD:            1647.43 us
   Avg latency per access:          0.00200812 us

********************************************************************************
system.lenet5_clstr.pool1.llvm_interface
Total Area: 6693.54
Total Power Static: 40.6797

Total Power Dynamic: 769.272
   ========= Performance Analysis =============
   Setup Time:                      0h 0m 0s 0ms 911us
   Simulation Time (Total):         0h 5m 38s 837ms
   Simulation Time (Active):        0h 0m 0s 278ms
        Queue Processing Time:      0h 0m 0s 166ms
             Scheduling Time:       0h 0m 0s 30ms
             Computation Time:      0h 0m 0s 6ms
   System Clock:                    0.1GHz
   Runtime:                         1039163 cycles
   Runtime:                         10391.6 us
   Stalls:                          0 cycles
   Executed Nodes:                  1039162 cycles

   ========= Kernel Validation Stats ==========
   Kernel validation enabled:       NO
   Configured latency per check:    0 us

   --- Access Breakdown ---
   Total memory accesses (validated): 0
   Cache hits (0 latency):          0
   Validation requests (full lat):  0
   Coalesced waits (partial lat):   0
   Validations denied:              0

   --- Latency Breakdown ---
   Validation request latency:      0 us
   Coalesced wait latency:          0 us
   TOTAL SECURITY OVERHEAD:         0 us
   Avg latency per validation:      0 us
   Avg latency per coalesced wait:  0 us
   Avg overhead per blocked access: 0 us

   --- Cache Statistics ---
   Processes with cached pages:     0
   Unique pages validated (total):  0
   Cache hit rate:                  0%

   ========= IOMMU Stats =====================
   IOMMU enabled:                   YES
   IOMMU SimObject:                 system.lenet5_clstr.iommu

   --- Access Breakdown ---
   Total IOMMU checks:              820382
   IOTLB hits:                      820314
   IOTLB misses (page walks):       68
   IOTLB hit rate:                  99.9917%

   --- Latency Breakdown ---
   TOTAL IOMMU OVERHEAD:            1647.43 us
   Avg latency per access:          0.00200812 us

********************************************************************************
system.lenet5_clstr.data_mover_3.llvm_interface
Total Area: 921.141
Total Power Static: 3.86689

Total Power Dynamic: 44.586
   ========= Performance Analysis =============
   Setup Time:                      0h 0m 0s 0ms 658us
   Simulation Time (Total):         0h 5m 38s 826ms
   Simulation Time (Active):        0h 0m 0s 177ms
        Queue Processing Time:      0h 0m 0s 90ms
             Scheduling Time:       0h 0m 0s 5ms
             Computation Time:      0h 0m 0s 1ms
   System Clock:                    0.1GHz
   Runtime:                         1039158 cycles
   Runtime:                         10391.6 us
   Stalls:                          0 cycles
   Executed Nodes:                  1039157 cycles

   ========= Kernel Validation Stats ==========
   Kernel validation enabled:       NO
   Configured latency per check:    0 us

   --- Access Breakdown ---
   Total memory accesses (validated): 0
   Cache hits (0 latency):          0
   Validation requests (full lat):  0
   Coalesced waits (partial lat):   0
   Validations denied:              0

   --- Latency Breakdown ---
   Validation request latency:      0 us
   Coalesced wait latency:          0 us
   TOTAL SECURITY OVERHEAD:         0 us
   Avg latency per validation:      0 us
   Avg latency per coalesced wait:  0 us
   Avg overhead per blocked access: 0 us

   --- Cache Statistics ---
   Processes with cached pages:     0
   Unique pages validated (total):  0
   Cache hit rate:                  0%

   ========= IOMMU Stats =====================
   IOMMU enabled:                   YES
   IOMMU SimObject:                 system.lenet5_clstr.iommu

   --- Access Breakdown ---
   Total IOMMU checks:              820384
   IOTLB hits:                      820316
   IOTLB misses (page walks):       68
   IOTLB hit rate:                  99.9917%

   --- Latency Breakdown ---
   TOTAL IOMMU OVERHEAD:            1647.43 us
   Avg latency per access:          0.00200812 us

********************************************************************************
system.lenet5_clstr.conv2.llvm_interface
Total Area: 6066.43
Total Power Static: 2891.65

Total Power Dynamic: 75108.6
   ========= Performance Analysis =============
   Setup Time:                      0h 0m 0s 0ms 859us
   Simulation Time (Total):         0h 5m 48s 418ms
   Simulation Time (Active):        0h 0m 0s 920ms
        Queue Processing Time:      0h 0m 0s 805ms
             Scheduling Time:       0h 0m 0s 441ms
             Computation Time:      0h 0m 0s 86ms
   System Clock:                    0.1GHz
   Runtime:                         1244987 cycles
   Runtime:                         12449.9 us
   Stalls:                          0 cycles
   Executed Nodes:                  1244986 cycles

   ========= Kernel Validation Stats ==========
   Kernel validation enabled:       NO
   Configured latency per check:    0 us

   --- Access Breakdown ---
   Total memory accesses (validated): 0
   Cache hits (0 latency):          0
   Validation requests (full lat):  0
   Coalesced waits (partial lat):   0
   Validations denied:              0

   --- Latency Breakdown ---
   Validation request latency:      0 us
   Coalesced wait latency:          0 us
   TOTAL SECURITY OVERHEAD:         0 us
   Avg latency per validation:      0 us
   Avg latency per coalesced wait:  0 us
   Avg overhead per blocked access: 0 us

   --- Cache Statistics ---
   Processes with cached pages:     0
   Unique pages validated (total):  0
   Cache hit rate:                  0%

   ========= IOMMU Stats =====================
   IOMMU enabled:                   YES
   IOMMU SimObject:                 system.lenet5_clstr.iommu

   --- Access Breakdown ---
   Total IOMMU checks:              929202
   IOTLB hits:                      923548
   IOTLB misses (page walks):       5654
   IOTLB hit rate:                  99.3915%

   --- Latency Breakdown ---
   TOTAL IOMMU OVERHEAD:            2412.5 us
   Avg latency per access:          0.00259631 us

********************************************************************************
system.lenet5_clstr.data_mover_4.llvm_interface
Total Area: 562.255
Total Power Static: 1.13697

Total Power Dynamic: 13.2473
   ========= Performance Analysis =============
   Setup Time:                      0h 0m 0s 0ms 567us
   Simulation Time (Total):         0h 5m 48s 406ms
   Simulation Time (Active):        0h 0m 0s 224ms
        Queue Processing Time:      0h 0m 0s 110ms
             Scheduling Time:       0h 0m 0s 0ms
             Computation Time:      0h 0m 0s 0ms
   System Clock:                    0.1GHz
   Runtime:                         1244978 cycles
   Runtime:                         12449.8 us
   Stalls:                          0 cycles
   Executed Nodes:                  1244977 cycles

   ========= Kernel Validation Stats ==========
   Kernel validation enabled:       NO
   Configured latency per check:    0 us

   --- Access Breakdown ---
   Total memory accesses (validated): 0
   Cache hits (0 latency):          0
   Validation requests (full lat):  0
   Coalesced waits (partial lat):   0
   Validations denied:              0

   --- Latency Breakdown ---
   Validation request latency:      0 us
   Coalesced wait latency:          0 us
   TOTAL SECURITY OVERHEAD:         0 us
   Avg latency per validation:      0 us
   Avg latency per coalesced wait:  0 us
   Avg overhead per blocked access: 0 us

   --- Cache Statistics ---
   Processes with cached pages:     0
   Unique pages validated (total):  0
   Cache hit rate:                  0%

   ========= IOMMU Stats =====================
   IOMMU enabled:                   YES
   IOMMU SimObject:                 system.lenet5_clstr.iommu

   --- Access Breakdown ---
   Total IOMMU checks:              929204
   IOTLB hits:                      923550
   IOTLB misses (page walks):       5654
   IOTLB hit rate:                  99.3915%

   --- Latency Breakdown ---
   TOTAL IOMMU OVERHEAD:            2412.5 us
   Avg latency per access:          0.00259631 us

********************************************************************************
system.lenet5_clstr.fc0.llvm_interface
Total Area: 5707.55
Total Power Static: 605.723

Total Power Dynamic: 15765.7
   ========= Performance Analysis =============
   Setup Time:                      0h 0m 0s 0ms 704us
   Simulation Time (Total):         0h 5m 49s 79ms
   Simulation Time (Active):        0h 0m 0s 355ms
        Queue Processing Time:      0h 0m 0s 226ms
             Scheduling Time:       0h 0m 0s 65ms
             Computation Time:      0h 0m 0s 14ms
   System Clock:                    0.1GHz
   Runtime:                         1275190 cycles
   Runtime:                         12751.9 us
   Stalls:                          0 cycles
   Executed Nodes:                  1275189 cycles

   ========= Kernel Validation Stats ==========
   Kernel validation enabled:       NO
   Configured latency per check:    0 us

   --- Access Breakdown ---
   Total memory accesses (validated): 0
   Cache hits (0 latency):          0
   Validation requests (full lat):  0
   Coalesced waits (partial lat):   0
   Validations denied:              0

   --- Latency Breakdown ---
   Validation request latency:      0 us
   Coalesced wait latency:          0 us
   TOTAL SECURITY OVERHEAD:         0 us
   Avg latency per validation:      0 us
   Avg latency per coalesced wait:  0 us
   Avg overhead per blocked access: 0 us

   --- Cache Statistics ---
   Processes with cached pages:     0
   Unique pages validated (total):  0
   Cache hit rate:                  0%

   ========= IOMMU Stats =====================
   IOMMU enabled:                   YES
   IOMMU SimObject:                 system.lenet5_clstr.iommu

   --- Access Breakdown ---
   Total IOMMU checks:              951365
   IOTLB hits:                      945701
   IOTLB misses (page walks):       5664
   IOTLB hit rate:                  99.4046%

   --- Latency Breakdown ---
   TOTAL IOMMU OVERHEAD:            2457.8 us
   Avg latency per access:          0.00258345 us

********************************************************************************
system.lenet5_clstr.top.llvm_interface
Total Area: 251.85
Total Power Static: 54.7602

Total Power Dynamic: 269.101
   ========= Performance Analysis =============
   Setup Time:                      0h 0m 0s 1ms 455us
   Simulation Time (Total):         0h 5m 49s 590ms
   Simulation Time (Active):        0h 0m 1s 244ms
        Queue Processing Time:      0h 0m 1s 94ms
             Scheduling Time:       0h 0m 0s 468ms
             Computation Time:      0h 0m 0s 65ms
   System Clock:                    0.1GHz
   Runtime:                         1278625 cycles
   Runtime:                         12786.2 us
   Stalls:                          0 cycles
   Executed Nodes:                  1278624 cycles

   ========= Kernel Validation Stats ==========
   Kernel validation enabled:       NO
   Configured latency per check:    0 us

   --- Access Breakdown ---
   Total memory accesses (validated): 0
   Cache hits (0 latency):          0
   Validation requests (full lat):  0
   Coalesced waits (partial lat):   0
   Validations denied:              0

   --- Latency Breakdown ---
   Validation request latency:      0 us
   Coalesced wait latency:          0 us
   TOTAL SECURITY OVERHEAD:         0 us
   Avg latency per validation:      0 us
   Avg latency per coalesced wait:  0 us
   Avg overhead per blocked access: 0 us

   --- Cache Statistics ---
   Processes with cached pages:     0
   Unique pages validated (total):  0
   Cache hit rate:                  0%

   ========= IOMMU Stats =====================
   IOMMU enabled:                   YES
   IOMMU SimObject:                 system.lenet5_clstr.iommu

   --- Access Breakdown ---
   Total IOMMU checks:              951375
   IOTLB hits:                      945710
   IOTLB misses (page walks):       5665
   IOTLB hit rate:                  99.4045%

   --- Latency Breakdown ---
   TOTAL IOMMU OVERHEAD:            2457.92 us
   Avg latency per access:          0.00258354 us

Exiting @ tick 12863604000 because m5_exit instruction encountered
