build/ARM/base/statistics.hh:277: warn: One of the stats is a legacy stat. Legacy stat is a stat that does not belong to any statistics::Group. Legacy stat is deprecated.
Global frequency set at 1000000000000 ticks per second
build/ARM/mem/mem_interface.cc:793: warn: DRAM device capacity (16384 Mbytes) does not match the address range assigned (4096 Mbytes)
build/ARM/sim/kernel_workload.cc:46: info: kernel located at: /gem5-SALAM/benchmarks/lenet/design_a/sw/main.elf
build/ARM/arch/arm/system.cc:95: warn: Highest ARM exception-level set to AArch64 but the workload is for AArch32. Assuming you wanted these to match.
build/ARM/base/vnc/vncserver.cc:163: warn: Sockets disabled, not accepting vnc client connections
build/ARM/dev/serial/terminal.cc:170: warn: Sockets disabled, not accepting terminal connections
build/ARM/base/remote_gdb.cc:377: warn: Sockets disabled, not accepting gdb connections
build/ARM/mem/coherent_xbar.cc:140: warn: CoherentXBar system.lenet5_clstr.coherency_bus has no snooping ports attached!
build/ARM/dev/arm/energy_ctrl.cc:252: warn: Existing EnergyCtrl, but no enabled DVFSHandler found.
gem5 Simulator System.  http://gem5.org
gem5 is copyrighted software; use the --copyright option for details.

gem5 version 21.1.0.1
gem5 compiled May  4 2026 18:12:38
gem5 started May  4 2026 18:13:26
gem5 executing on 3b7fb6fd27b8, pid 2580764
command line: /gem5-SALAM/build/ARM/gem5.opt --listener-mode=off --outdir=/gem5-SALAM/BM_ARM_OUT/run_all/lenet_a/plain /gem5-SALAM/configs/SALAM/fs_lenet_a.py --mem-size=4GB --mem-type=DDR4_2400_8x8 --machine-type=VExpress_GEM5_V1 --dtb-file=none --bare-metal --cpu-type=DerivO3CPU --caches --l2cache --kernel=/gem5-SALAM/benchmarks/lenet/design_a/sw/main.elf --disk-image=/gem5-SALAM/benchmarks/common/fake.iso --accpath=/gem5-SALAM/benchmarks/lenet/design_a --accbench=lenet_a

**** REAL SIMULATION ****
warn: iobus.slave is deprecated. `slave` is now called `cpu_side_ports`
warn: bridge.master is deprecated. `master` is now called `mem_side_port`
warn: membus.master is deprecated. `master` is now called `mem_side_ports`
warn: bridge.slave is deprecated. `slave` is now called `cpu_side_port`
warn: membus.slave is deprecated. `slave` is now called `cpu_side_ports`
warn: tol2bus.master is deprecated. `master` is now called `mem_side_ports`
warn: membus.slave is deprecated. `slave` is now called `cpu_side_ports`
warn: tol2bus.slave is deprecated. `slave` is now called `cpu_side_ports`
warn: tol2bus.slave is deprecated. `slave` is now called `cpu_side_ports`
warn: tol2bus.slave is deprecated. `slave` is now called `cpu_side_ports`
warn: tol2bus.slave is deprecated. `slave` is now called `cpu_side_ports`
warn: membus.slave is deprecated. `slave` is now called `cpu_side_ports`
warn: coherency_bus.master is deprecated. `master` is now called `mem_side_ports`
warn: No dot file generated. Please install pydot to generate the dot file and pdf.
build/ARM/sim/simulate.cc:107: info: Entering event queue @ 0.  Starting simulation...
********************************************************************************
system.lenet5_clstr.conv0.llvm_interface
Total Area: 6604.76
Total Power Static: 7702.37

Total Power Dynamic: 186527
   ========= Performance Analysis =============
   Setup Time:                      0h 0m 0s 0ms 973us
   Simulation Time (Total):         0h 0m 43s 148ms
   Simulation Time (Active):        0h 0m 6s 360ms
        Queue Processing Time:      0h 0m 6s 256ms
             Scheduling Time:       0h 0m 3s 753ms
             Computation Time:      0h 0m 0s 779ms
   System Clock:                    0.1GHz
   Runtime:                         533176 cycles
   Runtime:                         5331.76 us
   Stalls:                          0 cycles
   Executed Nodes:                  533175 cycles

   ========= Kernel Validation Stats ==========
   Kernel validation enabled:       NO
   Configured latency per check:    0 us

   --- Access Breakdown ---
   Total memory accesses (validated): 0
   Cache hits (0 latency):          0
   Validation requests (full lat):  0
     of which DMA-ctrl writes:      0
   Coalesced waits (partial lat):   0
   Validations denied:              0

   --- Latency Breakdown ---
   Validation request latency:      0 us
   Coalesced wait latency:          0 us
   TOTAL SECURITY OVERHEAD:         0 us
   Avg latency per validation:      0 us
   Avg latency per coalesced wait:  0 us
   Avg overhead per blocked access: 0 us

   --- Cache Statistics ---
   Processes with cached pages:     0
   Unique pages validated (total):  0
   Cache hit rate:                  0%

********************************************************************************
system.lenet5_clstr.pool0.llvm_interface
Total Area: 6693.54
Total Power Static: 119.603

Total Power Dynamic: 2263.76
   ========= Performance Analysis =============
   Setup Time:                      0h 0m 0s 0ms 817us
   Simulation Time (Total):         0h 0m 0s 761ms
   Simulation Time (Active):        0h 0m 0s 131ms
        Queue Processing Time:      0h 0m 0s 129ms
             Scheduling Time:       0h 0m 0s 72ms
             Computation Time:      0h 0m 0s 16ms
   System Clock:                    0.1GHz
   Runtime:                         15500 cycles
   Runtime:                         155 us
   Stalls:                          0 cycles
   Executed Nodes:                  15499 cycles

   ========= Kernel Validation Stats ==========
   Kernel validation enabled:       NO
   Configured latency per check:    0 us

   --- Access Breakdown ---
   Total memory accesses (validated): 0
   Cache hits (0 latency):          0
   Validation requests (full lat):  0
     of which DMA-ctrl writes:      0
   Coalesced waits (partial lat):   0
   Validations denied:              0

   --- Latency Breakdown ---
   Validation request latency:      0 us
   Coalesced wait latency:          0 us
   TOTAL SECURITY OVERHEAD:         0 us
   Avg latency per validation:      0 us
   Avg latency per coalesced wait:  0 us
   Avg overhead per blocked access: 0 us

   --- Cache Statistics ---
   Processes with cached pages:     0
   Unique pages validated (total):  0
   Cache hit rate:                  0%

********************************************************************************
system.lenet5_clstr.conv1.llvm_interface
Total Area: 6784.2
Total Power Static: 15677.5

Total Power Dynamic: 376721
   ========= Performance Analysis =============
   Setup Time:                      0h 0m 0s 0ms 997us
   Simulation Time (Total):         0h 1m 38s 569ms
   Simulation Time (Active):        0h 0m 9s 150ms
        Queue Processing Time:      0h 0m 9s 23ms
             Scheduling Time:       0h 0m 5s 612ms
             Computation Time:      0h 0m 1s 177ms
   System Clock:                    0.1GHz
   Runtime:                         861020 cycles
   Runtime:                         8610.2 us
   Stalls:                          0 cycles
   Executed Nodes:                  861019 cycles

   ========= Kernel Validation Stats ==========
   Kernel validation enabled:       NO
   Configured latency per check:    0 us

   --- Access Breakdown ---
   Total memory accesses (validated): 0
   Cache hits (0 latency):          0
   Validation requests (full lat):  0
     of which DMA-ctrl writes:      0
   Coalesced waits (partial lat):   0
   Validations denied:              0

   --- Latency Breakdown ---
   Validation request latency:      0 us
   Coalesced wait latency:          0 us
   TOTAL SECURITY OVERHEAD:         0 us
   Avg latency per validation:      0 us
   Avg latency per coalesced wait:  0 us
   Avg overhead per blocked access: 0 us

   --- Cache Statistics ---
   Processes with cached pages:     0
   Unique pages validated (total):  0
   Cache hit rate:                  0%

********************************************************************************
system.lenet5_clstr.pool1.llvm_interface
Total Area: 6693.54
Total Power Static: 40.6797

Total Power Dynamic: 769.272
   ========= Performance Analysis =============
   Setup Time:                      0h 0m 0s 0ms 997us
   Simulation Time (Total):         0h 0m 0s 213ms
   Simulation Time (Active):        0h 0m 0s 42ms
        Queue Processing Time:      0h 0m 0s 42ms
             Scheduling Time:       0h 0m 0s 24ms
             Computation Time:      0h 0m 0s 5ms
   System Clock:                    0.1GHz
   Runtime:                         5232 cycles
   Runtime:                         52.32 us
   Stalls:                          0 cycles
   Executed Nodes:                  5231 cycles

   ========= Kernel Validation Stats ==========
   Kernel validation enabled:       NO
   Configured latency per check:    0 us

   --- Access Breakdown ---
   Total memory accesses (validated): 0
   Cache hits (0 latency):          0
   Validation requests (full lat):  0
     of which DMA-ctrl writes:      0
   Coalesced waits (partial lat):   0
   Validations denied:              0

   --- Latency Breakdown ---
   Validation request latency:      0 us
   Coalesced wait latency:          0 us
   TOTAL SECURITY OVERHEAD:         0 us
   Avg latency per validation:      0 us
   Avg latency per coalesced wait:  0 us
   Avg overhead per blocked access: 0 us

   --- Cache Statistics ---
   Processes with cached pages:     0
   Unique pages validated (total):  0
   Cache hit rate:                  0%

********************************************************************************
system.lenet5_clstr.fc0.llvm_interface
Total Area: 6066.43
Total Power Static: 2891.65

Total Power Dynamic: 75108.6
   ========= Performance Analysis =============
   Setup Time:                      0h 0m 0s 0ms 888us
   Simulation Time (Total):         0h 0m 11s 371ms
   Simulation Time (Active):        0h 0m 1s 437ms
        Queue Processing Time:      0h 0m 1s 418ms
             Scheduling Time:       0h 0m 0s 887ms
             Computation Time:      0h 0m 0s 188ms
   System Clock:                    0.1GHz
   Runtime:                         151561 cycles
   Runtime:                         1515.61 us
   Stalls:                          0 cycles
   Executed Nodes:                  151560 cycles

   ========= Kernel Validation Stats ==========
   Kernel validation enabled:       NO
   Configured latency per check:    0 us

   --- Access Breakdown ---
   Total memory accesses (validated): 0
   Cache hits (0 latency):          0
   Validation requests (full lat):  0
     of which DMA-ctrl writes:      0
   Coalesced waits (partial lat):   0
   Validations denied:              0

   --- Latency Breakdown ---
   Validation request latency:      0 us
   Coalesced wait latency:          0 us
   TOTAL SECURITY OVERHEAD:         0 us
   Avg latency per validation:      0 us
   Avg latency per coalesced wait:  0 us
   Avg overhead per blocked access: 0 us

   --- Cache Statistics ---
   Processes with cached pages:     0
   Unique pages validated (total):  0
   Cache hit rate:                  0%

********************************************************************************
system.lenet5_clstr.fc1.llvm_interface
Total Area: 5707.55
Total Power Static: 605.723

Total Power Dynamic: 15765.7
   ========= Performance Analysis =============
   Setup Time:                      0h 0m 0s 0ms 720us
   Simulation Time (Total):         0h 0m 1s 294ms
   Simulation Time (Active):        0h 0m 0s 233ms
        Queue Processing Time:      0h 0m 0s 229ms
             Scheduling Time:       0h 0m 0s 138ms
             Computation Time:      0h 0m 0s 31ms
   System Clock:                    0.1GHz
   Runtime:                         30493 cycles
   Runtime:                         304.93 us
   Stalls:                          0 cycles
   Executed Nodes:                  30492 cycles

   ========= Kernel Validation Stats ==========
   Kernel validation enabled:       NO
   Configured latency per check:    0 us

   --- Access Breakdown ---
   Total memory accesses (validated): 0
   Cache hits (0 latency):          0
   Validation requests (full lat):  0
     of which DMA-ctrl writes:      0
   Coalesced waits (partial lat):   0
   Validations denied:              0

   --- Latency Breakdown ---
   Validation request latency:      0 us
   Coalesced wait latency:          0 us
   TOTAL SECURITY OVERHEAD:         0 us
   Avg latency per validation:      0 us
   Avg latency per coalesced wait:  0 us
   Avg overhead per blocked access: 0 us

   --- Cache Statistics ---
   Processes with cached pages:     0
   Unique pages validated (total):  0
   Cache hit rate:                  0%

********************************************************************************
system.lenet5_clstr.top.llvm_interface
Total Area: 1007.4
Total Power Static: 70.4977

Total Power Dynamic: 346.438
   ========= Performance Analysis =============
   Setup Time:                      0h 0m 0s 11ms 184us
   Simulation Time (Total):         0h 2m 36s 157ms
   Simulation Time (Active):        0h 0m 1s 643ms
        Queue Processing Time:      0h 0m 1s 456ms
             Scheduling Time:       0h 0m 0s 654ms
             Computation Time:      0h 0m 0s 83ms
   System Clock:                    0.1GHz
   Runtime:                         1615583 cycles
   Runtime:                         16155.8 us
   Stalls:                          0 cycles
   Executed Nodes:                  1615582 cycles

   ========= Kernel Validation Stats ==========
   Kernel validation enabled:       NO
   Configured latency per check:    0 us

   --- Access Breakdown ---
   Total memory accesses (validated): 0
   Cache hits (0 latency):          0
   Validation requests (full lat):  0
     of which DMA-ctrl writes:      0
   Coalesced waits (partial lat):   0
   Validations denied:              0

   --- Latency Breakdown ---
   Validation request latency:      0 us
   Coalesced wait latency:          0 us
   TOTAL SECURITY OVERHEAD:         0 us
   Avg latency per validation:      0 us
   Avg latency per coalesced wait:  0 us
   Avg overhead per blocked access: 0 us

   --- Cache Statistics ---
   Processes with cached pages:     0
   Unique pages validated (total):  0
   Cache hit rate:                  0%

Exiting @ tick 16234427000 because m5_exit instruction encountered
