build/ARM/base/statistics.hh:277: warn: One of the stats is a legacy stat. Legacy stat is a stat that does not belong to any statistics::Group. Legacy stat is deprecated.
Global frequency set at 1000000000000 ticks per second
build/ARM/mem/mem_interface.cc:793: warn: DRAM device capacity (16384 Mbytes) does not match the address range assigned (4096 Mbytes)
build/ARM/sim/kernel_workload.cc:46: info: kernel located at: /gem5-SALAM/benchmarks/lenet/design_b/sw/main.elf
build/ARM/arch/arm/system.cc:95: warn: Highest ARM exception-level set to AArch64 but the workload is for AArch32. Assuming you wanted these to match.
build/ARM/base/vnc/vncserver.cc:163: warn: Sockets disabled, not accepting vnc client connections
build/ARM/dev/serial/terminal.cc:170: warn: Sockets disabled, not accepting terminal connections
build/ARM/base/remote_gdb.cc:377: warn: Sockets disabled, not accepting gdb connections
build/ARM/mem/coherent_xbar.cc:140: warn: CoherentXBar system.lenet5_clstr.coherency_bus has no snooping ports attached!
build/ARM/dev/arm/energy_ctrl.cc:252: warn: Existing EnergyCtrl, but no enabled DVFSHandler found.
gem5 Simulator System.  http://gem5.org
gem5 is copyrighted software; use the --copyright option for details.

gem5 version 21.1.0.1
gem5 compiled May  2 2026 19:55:51
gem5 started May  3 2026 00:10:53
gem5 executing on 3b7fb6fd27b8, pid 1113820
command line: /gem5-SALAM/build/ARM/gem5.opt --listener-mode=off --outdir=/gem5-SALAM/BM_ARM_OUT/run_all/lenet_b/iommu_e8_m500ns /gem5-SALAM/configs/SALAM/fs_lenet_b.py --mem-size=4GB --mem-type=DDR4_2400_8x8 --machine-type=VExpress_GEM5_V1 --dtb-file=none --bare-metal --cpu-type=DerivO3CPU --caches --l2cache --kernel=/gem5-SALAM/benchmarks/lenet/design_b/sw/main.elf --disk-image=/gem5-SALAM/benchmarks/common/fake.iso --accpath=/gem5-SALAM/benchmarks/lenet/design_b --accbench=lenet_b --enable-iommu --iotlb-entries 8 --iotlb-hit-latency 2000 --iotlb-miss-latency 500000

[HWAccConfig] IOMMU ENABLED: entries=8, hit_lat=2000, miss_lat=500000
[HWAccConfig] IOMMU ENABLED: entries=8, hit_lat=2000, miss_lat=500000
[HWAccConfig] IOMMU ENABLED: entries=8, hit_lat=2000, miss_lat=500000
[HWAccConfig] IOMMU ENABLED: entries=8, hit_lat=2000, miss_lat=500000
[HWAccConfig] IOMMU ENABLED: entries=8, hit_lat=2000, miss_lat=500000
[HWAccConfig] IOMMU ENABLED: entries=8, hit_lat=2000, miss_lat=500000
[HWAccConfig] IOMMU ENABLED: entries=8, hit_lat=2000, miss_lat=500000
[HWAccConfig] IOMMU ENABLED: entries=8, hit_lat=2000, miss_lat=500000
[HWAccConfig] IOMMU ENABLED: entries=8, hit_lat=2000, miss_lat=500000
[HWAccConfig] IOMMU ENABLED: entries=8, hit_lat=2000, miss_lat=500000
[HWAccConfig] IOMMU ENABLED: entries=8, hit_lat=2000, miss_lat=500000
[HWAccConfig] IOMMU ENABLED: entries=8, hit_lat=2000, miss_lat=500000
**** REAL SIMULATION ****
warn: iobus.slave is deprecated. `slave` is now called `cpu_side_ports`
warn: bridge.master is deprecated. `master` is now called `mem_side_port`
warn: membus.master is deprecated. `master` is now called `mem_side_ports`
warn: bridge.slave is deprecated. `slave` is now called `cpu_side_port`
warn: membus.slave is deprecated. `slave` is now called `cpu_side_ports`
warn: tol2bus.master is deprecated. `master` is now called `mem_side_ports`
warn: membus.slave is deprecated. `slave` is now called `cpu_side_ports`
warn: tol2bus.slave is deprecated. `slave` is now called `cpu_side_ports`
warn: tol2bus.slave is deprecated. `slave` is now called `cpu_side_ports`
warn: tol2bus.slave is deprecated. `slave` is now called `cpu_side_ports`
warn: tol2bus.slave is deprecated. `slave` is now called `cpu_side_ports`
warn: membus.slave is deprecated. `slave` is now called `cpu_side_ports`
warn: coherency_bus.master is deprecated. `master` is now called `mem_side_ports`
warn: No dot file generated. Please install pydot to generate the dot file and pdf.
build/ARM/sim/simulate.cc:107: info: Entering event queue @ 0.  Starting simulation...
********************************************************************************
system.lenet5_clstr.data_mover_0.llvm_interface
Total Area: 921.141
Total Power Static: 46.5935

Total Power Dynamic: 530.888
   ========= Performance Analysis =============
   Setup Time:                      0h 0m 0s 0ms 676us
   Simulation Time (Total):         0h 4m 34s 769ms
   Simulation Time (Active):        0h 0m 0s 327ms
        Queue Processing Time:      0h 0m 0s 239ms
             Scheduling Time:       0h 0m 0s 88ms
             Computation Time:      0h 0m 0s 18ms
   System Clock:                    0.1GHz
   Runtime:                         858621 cycles
   Runtime:                         8586.21 us
   Stalls:                          0 cycles
   Executed Nodes:                  858620 cycles

   ========= Kernel Validation Stats ==========
   Kernel validation enabled:       NO
   Configured latency per check:    0 us

   --- Access Breakdown ---
   Total memory accesses (validated): 0
   Cache hits (0 latency):          0
   Validation requests (full lat):  0
   Coalesced waits (partial lat):   0
   Validations denied:              0

   --- Latency Breakdown ---
   Validation request latency:      0 us
   Coalesced wait latency:          0 us
   TOTAL SECURITY OVERHEAD:         0 us
   Avg latency per validation:      0 us
   Avg latency per coalesced wait:  0 us
   Avg overhead per blocked access: 0 us

   --- Cache Statistics ---
   Processes with cached pages:     0
   Unique pages validated (total):  0
   Cache hit rate:                  0%

   ========= IOMMU Stats =====================
   IOMMU enabled:                   YES
   IOMMU SimObject:                 system.lenet5_clstr.iommu

   --- Access Breakdown ---
   Total IOMMU checks:              492438
   IOTLB hits:                      485490
   IOTLB misses (page walks):       6948
   IOTLB hit rate:                  98.5891%

   --- Latency Breakdown ---
   TOTAL IOMMU OVERHEAD:            4444.98 us
   Avg latency per access:          0.00902648 us

********************************************************************************
system.lenet5_clstr.conv0.llvm_interface
Total Area: 6604.76
Total Power Static: 7702.37

Total Power Dynamic: 186527
   ========= Performance Analysis =============
   Setup Time:                      0h 0m 0s 0ms 938us
   Simulation Time (Total):         0h 4m 34s 778ms
   Simulation Time (Active):        0h 0m 5s 957ms
        Queue Processing Time:      0h 0m 5s 850ms
             Scheduling Time:       0h 0m 3s 366ms
             Computation Time:      0h 0m 0s 660ms
   System Clock:                    0.1GHz
   Runtime:                         858672 cycles
   Runtime:                         8586.72 us
   Stalls:                          0 cycles
   Executed Nodes:                  858671 cycles

   ========= Kernel Validation Stats ==========
   Kernel validation enabled:       NO
   Configured latency per check:    0 us

   --- Access Breakdown ---
   Total memory accesses (validated): 0
   Cache hits (0 latency):          0
   Validation requests (full lat):  0
   Coalesced waits (partial lat):   0
   Validations denied:              0

   --- Latency Breakdown ---
   Validation request latency:      0 us
   Coalesced wait latency:          0 us
   TOTAL SECURITY OVERHEAD:         0 us
   Avg latency per validation:      0 us
   Avg latency per coalesced wait:  0 us
   Avg overhead per blocked access: 0 us

   --- Cache Statistics ---
   Processes with cached pages:     0
   Unique pages validated (total):  0
   Cache hit rate:                  0%

   ========= IOMMU Stats =====================
   IOMMU enabled:                   YES
   IOMMU SimObject:                 system.lenet5_clstr.iommu

   --- Access Breakdown ---
   Total IOMMU checks:              492438
   IOTLB hits:                      485490
   IOTLB misses (page walks):       6948
   IOTLB hit rate:                  98.5891%

   --- Latency Breakdown ---
   TOTAL IOMMU OVERHEAD:            4444.98 us
   Avg latency per access:          0.00902648 us

********************************************************************************
system.lenet5_clstr.pool0.llvm_interface
Total Area: 6693.54
Total Power Static: 119.603

Total Power Dynamic: 2263.76
   ========= Performance Analysis =============
   Setup Time:                      0h 0m 0s 6ms 985us
   Simulation Time (Total):         0h 4m 34s 752ms
   Simulation Time (Active):        0h 0m 0s 330ms
        Queue Processing Time:      0h 0m 0s 251ms
             Scheduling Time:       0h 0m 0s 104ms
             Computation Time:      0h 0m 0s 20ms
   System Clock:                    0.1GHz
   Runtime:                         858561 cycles
   Runtime:                         8585.61 us
   Stalls:                          0 cycles
   Executed Nodes:                  858560 cycles

   ========= Kernel Validation Stats ==========
   Kernel validation enabled:       NO
   Configured latency per check:    0 us

   --- Access Breakdown ---
   Total memory accesses (validated): 0
   Cache hits (0 latency):          0
   Validation requests (full lat):  0
   Coalesced waits (partial lat):   0
   Validations denied:              0

   --- Latency Breakdown ---
   Validation request latency:      0 us
   Coalesced wait latency:          0 us
   TOTAL SECURITY OVERHEAD:         0 us
   Avg latency per validation:      0 us
   Avg latency per coalesced wait:  0 us
   Avg overhead per blocked access: 0 us

   --- Cache Statistics ---
   Processes with cached pages:     0
   Unique pages validated (total):  0
   Cache hit rate:                  0%

   ========= IOMMU Stats =====================
   IOMMU enabled:                   YES
   IOMMU SimObject:                 system.lenet5_clstr.iommu

   --- Access Breakdown ---
   Total IOMMU checks:              492438
   IOTLB hits:                      485490
   IOTLB misses (page walks):       6948
   IOTLB hit rate:                  98.5891%

   --- Latency Breakdown ---
   TOTAL IOMMU OVERHEAD:            4444.98 us
   Avg latency per access:          0.00902648 us

********************************************************************************
system.lenet5_clstr.data_mover_1.llvm_interface
Total Area: 921.141
Total Power Static: 11.6632

Total Power Dynamic: 132.822
   ========= Performance Analysis =============
   Setup Time:                      0h 0m 0s 0ms 589us
   Simulation Time (Total):         0h 4m 34s 751ms
   Simulation Time (Active):        0h 0m 0s 207ms
        Queue Processing Time:      0h 0m 0s 113ms
             Scheduling Time:       0h 0m 0s 18ms
             Computation Time:      0h 0m 0s 3ms
   System Clock:                    0.1GHz
   Runtime:                         858554 cycles
   Runtime:                         8585.54 us
   Stalls:                          0 cycles
   Executed Nodes:                  858553 cycles

   ========= Kernel Validation Stats ==========
   Kernel validation enabled:       NO
   Configured latency per check:    0 us

   --- Access Breakdown ---
   Total memory accesses (validated): 0
   Cache hits (0 latency):          0
   Validation requests (full lat):  0
   Coalesced waits (partial lat):   0
   Validations denied:              0

   --- Latency Breakdown ---
   Validation request latency:      0 us
   Coalesced wait latency:          0 us
   TOTAL SECURITY OVERHEAD:         0 us
   Avg latency per validation:      0 us
   Avg latency per coalesced wait:  0 us
   Avg overhead per blocked access: 0 us

   --- Cache Statistics ---
   Processes with cached pages:     0
   Unique pages validated (total):  0
   Cache hit rate:                  0%

   ========= IOMMU Stats =====================
   IOMMU enabled:                   YES
   IOMMU SimObject:                 system.lenet5_clstr.iommu

   --- Access Breakdown ---
   Total IOMMU checks:              492440
   IOTLB hits:                      485492
   IOTLB misses (page walks):       6948
   IOTLB hit rate:                  98.5891%

   --- Latency Breakdown ---
   TOTAL IOMMU OVERHEAD:            4444.98 us
   Avg latency per access:          0.00902645 us

********************************************************************************
system.lenet5_clstr.data_mover_2.llvm_interface
Total Area: 921.141
Total Power Static: 15.4509

Total Power Dynamic: 178.201
   ========= Performance Analysis =============
   Setup Time:                      0h 0m 0s 6ms 754us
   Simulation Time (Total):         0h 5m 49s 241ms
   Simulation Time (Active):        0h 0m 0s 237ms
        Queue Processing Time:      0h 0m 0s 129ms
             Scheduling Time:       0h 0m 0s 19ms
             Computation Time:      0h 0m 0s 3ms
   System Clock:                    0.1GHz
   Runtime:                         1449607 cycles
   Runtime:                         14496.1 us
   Stalls:                          0 cycles
   Executed Nodes:                  1449606 cycles

   ========= Kernel Validation Stats ==========
   Kernel validation enabled:       NO
   Configured latency per check:    0 us

   --- Access Breakdown ---
   Total memory accesses (validated): 0
   Cache hits (0 latency):          0
   Validation requests (full lat):  0
   Coalesced waits (partial lat):   0
   Validations denied:              0

   --- Latency Breakdown ---
   Validation request latency:      0 us
   Coalesced wait latency:          0 us
   TOTAL SECURITY OVERHEAD:         0 us
   Avg latency per validation:      0 us
   Avg latency per coalesced wait:  0 us
   Avg overhead per blocked access: 0 us

   --- Cache Statistics ---
   Processes with cached pages:     0
   Unique pages validated (total):  0
   Cache hit rate:                  0%

   ========= IOMMU Stats =====================
   IOMMU enabled:                   YES
   IOMMU SimObject:                 system.lenet5_clstr.iommu

   --- Access Breakdown ---
   Total IOMMU checks:              824530
   IOTLB hits:                      816106
   IOTLB misses (page walks):       8424
   IOTLB hit rate:                  98.9783%

   --- Latency Breakdown ---
   TOTAL IOMMU OVERHEAD:            5844.21 us
   Avg latency per access:          0.00708793 us

********************************************************************************
system.lenet5_clstr.conv1.llvm_interface
Total Area: 6784.2
Total Power Static: 15677.5

Total Power Dynamic: 376721
   ========= Performance Analysis =============
   Setup Time:                      0h 0m 0s 7ms 144us
   Simulation Time (Total):         0h 5m 49s 267ms
   Simulation Time (Active):        0h 0m 5s 557ms
        Queue Processing Time:      0h 0m 5s 437ms
             Scheduling Time:       0h 0m 3s 184ms
             Computation Time:      0h 0m 0s 654ms
   System Clock:                    0.1GHz
   Runtime:                         1449658 cycles
   Runtime:                         14496.6 us
   Stalls:                          0 cycles
   Executed Nodes:                  1449657 cycles

   ========= Kernel Validation Stats ==========
   Kernel validation enabled:       NO
   Configured latency per check:    0 us

   --- Access Breakdown ---
   Total memory accesses (validated): 0
   Cache hits (0 latency):          0
   Validation requests (full lat):  0
   Coalesced waits (partial lat):   0
   Validations denied:              0

   --- Latency Breakdown ---
   Validation request latency:      0 us
   Coalesced wait latency:          0 us
   TOTAL SECURITY OVERHEAD:         0 us
   Avg latency per validation:      0 us
   Avg latency per coalesced wait:  0 us
   Avg overhead per blocked access: 0 us

   --- Cache Statistics ---
   Processes with cached pages:     0
   Unique pages validated (total):  0
   Cache hit rate:                  0%

   ========= IOMMU Stats =====================
   IOMMU enabled:                   YES
   IOMMU SimObject:                 system.lenet5_clstr.iommu

   --- Access Breakdown ---
   Total IOMMU checks:              824530
   IOTLB hits:                      816106
   IOTLB misses (page walks):       8424
   IOTLB hit rate:                  98.9783%

   --- Latency Breakdown ---
   TOTAL IOMMU OVERHEAD:            5844.21 us
   Avg latency per access:          0.00708793 us

********************************************************************************
system.lenet5_clstr.pool1.llvm_interface
Total Area: 6693.54
Total Power Static: 40.6797

Total Power Dynamic: 769.272
   ========= Performance Analysis =============
   Setup Time:                      0h 0m 0s 0ms 885us
   Simulation Time (Total):         0h 5m 49s 176ms
   Simulation Time (Active):        0h 0m 0s 273ms
        Queue Processing Time:      0h 0m 0s 152ms
             Scheduling Time:       0h 0m 0s 22ms
             Computation Time:      0h 0m 0s 4ms
   System Clock:                    0.1GHz
   Runtime:                         1449548 cycles
   Runtime:                         14495.5 us
   Stalls:                          0 cycles
   Executed Nodes:                  1449547 cycles

   ========= Kernel Validation Stats ==========
   Kernel validation enabled:       NO
   Configured latency per check:    0 us

   --- Access Breakdown ---
   Total memory accesses (validated): 0
   Cache hits (0 latency):          0
   Validation requests (full lat):  0
   Coalesced waits (partial lat):   0
   Validations denied:              0

   --- Latency Breakdown ---
   Validation request latency:      0 us
   Coalesced wait latency:          0 us
   TOTAL SECURITY OVERHEAD:         0 us
   Avg latency per validation:      0 us
   Avg latency per coalesced wait:  0 us
   Avg overhead per blocked access: 0 us

   --- Cache Statistics ---
   Processes with cached pages:     0
   Unique pages validated (total):  0
   Cache hit rate:                  0%

   ========= IOMMU Stats =====================
   IOMMU enabled:                   YES
   IOMMU SimObject:                 system.lenet5_clstr.iommu

   --- Access Breakdown ---
   Total IOMMU checks:              824532
   IOTLB hits:                      816107
   IOTLB misses (page walks):       8425
   IOTLB hit rate:                  98.9782%

   --- Latency Breakdown ---
   TOTAL IOMMU OVERHEAD:            5844.71 us
   Avg latency per access:          0.00708852 us

********************************************************************************
system.lenet5_clstr.data_mover_3.llvm_interface
Total Area: 921.141
Total Power Static: 3.86689

Total Power Dynamic: 44.586
   ========= Performance Analysis =============
   Setup Time:                      0h 0m 0s 0ms 660us
   Simulation Time (Total):         0h 5m 49s 160ms
   Simulation Time (Active):        0h 0m 0s 220ms
        Queue Processing Time:      0h 0m 0s 111ms
             Scheduling Time:       0h 0m 0s 4ms
             Computation Time:      0h 0m 0s 0ms
   System Clock:                    0.1GHz
   Runtime:                         1449591 cycles
   Runtime:                         14495.9 us
   Stalls:                          0 cycles
   Executed Nodes:                  1449590 cycles

   ========= Kernel Validation Stats ==========
   Kernel validation enabled:       NO
   Configured latency per check:    0 us

   --- Access Breakdown ---
   Total memory accesses (validated): 0
   Cache hits (0 latency):          0
   Validation requests (full lat):  0
   Coalesced waits (partial lat):   0
   Validations denied:              0

   --- Latency Breakdown ---
   Validation request latency:      0 us
   Coalesced wait latency:          0 us
   TOTAL SECURITY OVERHEAD:         0 us
   Avg latency per validation:      0 us
   Avg latency per coalesced wait:  0 us
   Avg overhead per blocked access: 0 us

   --- Cache Statistics ---
   Processes with cached pages:     0
   Unique pages validated (total):  0
   Cache hit rate:                  0%

   ========= IOMMU Stats =====================
   IOMMU enabled:                   YES
   IOMMU SimObject:                 system.lenet5_clstr.iommu

   --- Access Breakdown ---
   Total IOMMU checks:              824533
   IOTLB hits:                      816108
   IOTLB misses (page walks):       8425
   IOTLB hit rate:                  98.9782%

   --- Latency Breakdown ---
   TOTAL IOMMU OVERHEAD:            5844.72 us
   Avg latency per access:          0.00708852 us

********************************************************************************
system.lenet5_clstr.conv2.llvm_interface
Total Area: 6066.43
Total Power Static: 2891.65

Total Power Dynamic: 75108.6
   ========= Performance Analysis =============
   Setup Time:                      0h 0m 0s 0ms 897us
   Simulation Time (Total):         0h 6m 5s 478ms
   Simulation Time (Active):        0h 0m 0s 969ms
        Queue Processing Time:      0h 0m 0s 824ms
             Scheduling Time:       0h 0m 0s 437ms
             Computation Time:      0h 0m 0s 89ms
   System Clock:                    0.1GHz
   Runtime:                         1890869 cycles
   Runtime:                         18908.7 us
   Stalls:                          0 cycles
   Executed Nodes:                  1890868 cycles

   ========= Kernel Validation Stats ==========
   Kernel validation enabled:       NO
   Configured latency per check:    0 us

   --- Access Breakdown ---
   Total memory accesses (validated): 0
   Cache hits (0 latency):          0
   Validation requests (full lat):  0
   Coalesced waits (partial lat):   0
   Validations denied:              0

   --- Latency Breakdown ---
   Validation request latency:      0 us
   Coalesced wait latency:          0 us
   TOTAL SECURITY OVERHEAD:         0 us
   Avg latency per validation:      0 us
   Avg latency per coalesced wait:  0 us
   Avg overhead per blocked access: 0 us

   --- Cache Statistics ---
   Processes with cached pages:     0
   Unique pages validated (total):  0
   Cache hit rate:                  0%

   ========= IOMMU Stats =====================
   IOMMU enabled:                   YES
   IOMMU SimObject:                 system.lenet5_clstr.iommu

   --- Access Breakdown ---
   Total IOMMU checks:              933612
   IOTLB hits:                      919364
   IOTLB misses (page walks):       14248
   IOTLB hit rate:                  98.4739%

   --- Latency Breakdown ---
   TOTAL IOMMU OVERHEAD:            8962.73 us
   Avg latency per access:          0.00960006 us

********************************************************************************
system.lenet5_clstr.data_mover_4.llvm_interface
Total Area: 562.255
Total Power Static: 1.13697

Total Power Dynamic: 13.2473
   ========= Performance Analysis =============
   Setup Time:                      0h 0m 0s 0ms 486us
   Simulation Time (Total):         0h 6m 5s 397ms
   Simulation Time (Active):        0h 0m 0s 273ms
        Queue Processing Time:      0h 0m 0s 128ms
             Scheduling Time:       0h 0m 0s 0ms
             Computation Time:      0h 0m 0s 0ms
   System Clock:                    0.1GHz
   Runtime:                         1890820 cycles
   Runtime:                         18908.2 us
   Stalls:                          0 cycles
   Executed Nodes:                  1890819 cycles

   ========= Kernel Validation Stats ==========
   Kernel validation enabled:       NO
   Configured latency per check:    0 us

   --- Access Breakdown ---
   Total memory accesses (validated): 0
   Cache hits (0 latency):          0
   Validation requests (full lat):  0
   Coalesced waits (partial lat):   0
   Validations denied:              0

   --- Latency Breakdown ---
   Validation request latency:      0 us
   Coalesced wait latency:          0 us
   TOTAL SECURITY OVERHEAD:         0 us
   Avg latency per validation:      0 us
   Avg latency per coalesced wait:  0 us
   Avg overhead per blocked access: 0 us

   --- Cache Statistics ---
   Processes with cached pages:     0
   Unique pages validated (total):  0
   Cache hit rate:                  0%

   ========= IOMMU Stats =====================
   IOMMU enabled:                   YES
   IOMMU SimObject:                 system.lenet5_clstr.iommu

   --- Access Breakdown ---
   Total IOMMU checks:              933614
   IOTLB hits:                      919366
   IOTLB misses (page walks):       14248
   IOTLB hit rate:                  98.4739%

   --- Latency Breakdown ---
   TOTAL IOMMU OVERHEAD:            8962.73 us
   Avg latency per access:          0.00960004 us

********************************************************************************
system.lenet5_clstr.fc0.llvm_interface
Total Area: 5707.55
Total Power Static: 605.723

Total Power Dynamic: 15765.7
   ========= Performance Analysis =============
   Setup Time:                      0h 0m 0s 6ms 807us
   Simulation Time (Total):         0h 6m 6s 627ms
   Simulation Time (Active):        0h 0m 0s 394ms
        Queue Processing Time:      0h 0m 0s 246ms
             Scheduling Time:       0h 0m 0s 65ms
             Computation Time:      0h 0m 0s 14ms
   System Clock:                    0.1GHz
   Runtime:                         1962442 cycles
   Runtime:                         19624.4 us
   Stalls:                          0 cycles
   Executed Nodes:                  1962441 cycles

   ========= Kernel Validation Stats ==========
   Kernel validation enabled:       NO
   Configured latency per check:    0 us

   --- Access Breakdown ---
   Total memory accesses (validated): 0
   Cache hits (0 latency):          0
   Validation requests (full lat):  0
   Coalesced waits (partial lat):   0
   Validations denied:              0

   --- Latency Breakdown ---
   Validation request latency:      0 us
   Coalesced wait latency:          0 us
   TOTAL SECURITY OVERHEAD:         0 us
   Avg latency per validation:      0 us
   Avg latency per coalesced wait:  0 us
   Avg overhead per blocked access: 0 us

   --- Cache Statistics ---
   Processes with cached pages:     0
   Unique pages validated (total):  0
   Cache hit rate:                  0%

   ========= IOMMU Stats =====================
   IOMMU enabled:                   YES
   IOMMU SimObject:                 system.lenet5_clstr.iommu

   --- Access Breakdown ---
   Total IOMMU checks:              956109
   IOTLB hits:                      941030
   IOTLB misses (page walks):       15079
   IOTLB hit rate:                  98.4229%

   --- Latency Breakdown ---
   TOTAL IOMMU OVERHEAD:            9421.56 us
   Avg latency per access:          0.00985406 us

********************************************************************************
system.lenet5_clstr.top.llvm_interface
Total Area: 251.85
Total Power Static: 57.6596

Total Power Dynamic: 283.349
   ========= Performance Analysis =============
   Setup Time:                      0h 0m 0s 4ms 690us
   Simulation Time (Total):         0h 6m 7s 417ms
   Simulation Time (Active):        0h 0m 1s 122ms
        Queue Processing Time:      0h 0m 0s 949ms
             Scheduling Time:       0h 0m 0s 379ms
             Computation Time:      0h 0m 0s 46ms
   System Clock:                    0.1GHz
   Runtime:                         1966270 cycles
   Runtime:                         19662.7 us
   Stalls:                          0 cycles
   Executed Nodes:                  1966269 cycles

   ========= Kernel Validation Stats ==========
   Kernel validation enabled:       NO
   Configured latency per check:    0 us

   --- Access Breakdown ---
   Total memory accesses (validated): 0
   Cache hits (0 latency):          0
   Validation requests (full lat):  0
   Coalesced waits (partial lat):   0
   Validations denied:              0

   --- Latency Breakdown ---
   Validation request latency:      0 us
   Coalesced wait latency:          0 us
   TOTAL SECURITY OVERHEAD:         0 us
   Avg latency per validation:      0 us
   Avg latency per coalesced wait:  0 us
   Avg overhead per blocked access: 0 us

   --- Cache Statistics ---
   Processes with cached pages:     0
   Unique pages validated (total):  0
   Cache hit rate:                  0%

   ========= IOMMU Stats =====================
   IOMMU enabled:                   YES
   IOMMU SimObject:                 system.lenet5_clstr.iommu

   --- Access Breakdown ---
   Total IOMMU checks:              956119
   IOTLB hits:                      941039
   IOTLB misses (page walks):       15080
   IOTLB hit rate:                  98.4228%

   --- Latency Breakdown ---
   TOTAL IOMMU OVERHEAD:            9422.08 us
   Avg latency per access:          0.0098545 us

Exiting @ tick 19740309000 because m5_exit instruction encountered
