build/ARM/base/statistics.hh:277: warn: One of the stats is a legacy stat. Legacy stat is a stat that does not belong to any statistics::Group. Legacy stat is deprecated.
Global frequency set at 1000000000000 ticks per second
build/ARM/mem/mem_interface.cc:793: warn: DRAM device capacity (16384 Mbytes) does not match the address range assigned (4096 Mbytes)
build/ARM/sim/kernel_workload.cc:46: info: kernel located at: /gem5-SALAM/benchmarks/lenet/design_c/sw/main.elf
build/ARM/arch/arm/system.cc:95: warn: Highest ARM exception-level set to AArch64 but the workload is for AArch32. Assuming you wanted these to match.
build/ARM/base/vnc/vncserver.cc:163: warn: Sockets disabled, not accepting vnc client connections
build/ARM/dev/serial/terminal.cc:170: warn: Sockets disabled, not accepting terminal connections
build/ARM/base/remote_gdb.cc:377: warn: Sockets disabled, not accepting gdb connections
build/ARM/mem/coherent_xbar.cc:140: warn: CoherentXBar system.lenet5_clstr.coherency_bus has no snooping ports attached!
build/ARM/dev/arm/energy_ctrl.cc:252: warn: Existing EnergyCtrl, but no enabled DVFSHandler found.
gem5 Simulator System.  http://gem5.org
gem5 is copyrighted software; use the --copyright option for details.

gem5 version 21.1.0.1
gem5 compiled May  4 2026 18:12:38
gem5 started May  4 2026 18:13:30
gem5 executing on 3b7fb6fd27b8, pid 2580978
command line: /gem5-SALAM/build/ARM/gem5.opt --listener-mode=off --outdir=/gem5-SALAM/BM_ARM_OUT/run_all/lenet_c/iommu_e64_m500ns /gem5-SALAM/configs/SALAM/fs_lenet_c.py --mem-size=4GB --mem-type=DDR4_2400_8x8 --machine-type=VExpress_GEM5_V1 --dtb-file=none --bare-metal --cpu-type=DerivO3CPU --caches --l2cache --kernel=/gem5-SALAM/benchmarks/lenet/design_c/sw/main.elf --disk-image=/gem5-SALAM/benchmarks/common/fake.iso --accpath=/gem5-SALAM/benchmarks/lenet/design_c --accbench=lenet_c --enable-iommu --iotlb-entries 64 --iotlb-hit-latency 2000 --iotlb-miss-latency 500000

[HWAccConfig] IOMMU ENABLED: entries=64, hit_lat=2000, miss_lat=500000
[HWAccConfig] IOMMU ENABLED: entries=64, hit_lat=2000, miss_lat=500000
[HWAccConfig] IOMMU ENABLED: entries=64, hit_lat=2000, miss_lat=500000
[HWAccConfig] IOMMU ENABLED: entries=64, hit_lat=2000, miss_lat=500000
[HWAccConfig] IOMMU ENABLED: entries=64, hit_lat=2000, miss_lat=500000
[HWAccConfig] IOMMU ENABLED: entries=64, hit_lat=2000, miss_lat=500000
[HWAccConfig] IOMMU ENABLED: entries=64, hit_lat=2000, miss_lat=500000
[HWAccConfig] IOMMU ENABLED: entries=64, hit_lat=2000, miss_lat=500000
[HWAccConfig] IOMMU ENABLED: entries=64, hit_lat=2000, miss_lat=500000
[HWAccConfig] IOMMU ENABLED: entries=64, hit_lat=2000, miss_lat=500000
[HWAccConfig] IOMMU ENABLED: entries=64, hit_lat=2000, miss_lat=500000
[HWAccConfig] IOMMU ENABLED: entries=64, hit_lat=2000, miss_lat=500000
[HWAccConfig] IOMMU ENABLED: entries=64, hit_lat=2000, miss_lat=500000
**** REAL SIMULATION ****
warn: iobus.slave is deprecated. `slave` is now called `cpu_side_ports`
warn: bridge.master is deprecated. `master` is now called `mem_side_port`
warn: membus.master is deprecated. `master` is now called `mem_side_ports`
warn: bridge.slave is deprecated. `slave` is now called `cpu_side_port`
warn: membus.slave is deprecated. `slave` is now called `cpu_side_ports`
warn: tol2bus.master is deprecated. `master` is now called `mem_side_ports`
warn: membus.slave is deprecated. `slave` is now called `cpu_side_ports`
warn: tol2bus.slave is deprecated. `slave` is now called `cpu_side_ports`
warn: tol2bus.slave is deprecated. `slave` is now called `cpu_side_ports`
warn: tol2bus.slave is deprecated. `slave` is now called `cpu_side_ports`
warn: tol2bus.slave is deprecated. `slave` is now called `cpu_side_ports`
warn: membus.slave is deprecated. `slave` is now called `cpu_side_ports`
warn: coherency_bus.master is deprecated. `master` is now called `mem_side_ports`
warn: No dot file generated. Please install pydot to generate the dot file and pdf.
build/ARM/sim/simulate.cc:107: info: Entering event queue @ 0.  Starting simulation...
********************************************************************************
system.lenet5_clstr.data_mover_0.llvm_interface
Total Area: 2560.05
Total Power Static: 1249

Total Power Dynamic: 13797
   ========= Performance Analysis =============
   Setup Time:                      0h 0m 0s 4ms 415us
   Simulation Time (Total):         0h 3m 7s 176ms
   Simulation Time (Active):        0h 0m 4s 133ms
        Queue Processing Time:      0h 0m 3s 919ms
             Scheduling Time:       0h 0m 2s 265ms
             Computation Time:      0h 0m 0s 517ms
   System Clock:                    0.1GHz
   Runtime:                         1044688 cycles
   Runtime:                         10446.9 us
   Stalls:                          0 cycles
   Executed Nodes:                  1044687 cycles

   ========= Kernel Validation Stats ==========
   Kernel validation enabled:       NO
   Configured latency per check:    0 us

   --- Access Breakdown ---
   Total memory accesses (validated): 0
   Cache hits (0 latency):          0
   Validation requests (full lat):  0
     of which DMA-ctrl writes:      0
   Coalesced waits (partial lat):   0
   Validations denied:              0

   --- Latency Breakdown ---
   Validation request latency:      0 us
   Coalesced wait latency:          0 us
   TOTAL SECURITY OVERHEAD:         0 us
   Avg latency per validation:      0 us
   Avg latency per coalesced wait:  0 us
   Avg overhead per blocked access: 0 us

   --- Cache Statistics ---
   Processes with cached pages:     0
   Unique pages validated (total):  0
   Cache hit rate:                  0%

   ========= IOMMU Stats =====================
   IOMMU enabled:                   YES
   IOMMU SimObject:                 system.lenet5_clstr.iommu

   --- Access Breakdown ---
   Total IOMMU checks:              1564369
   IOTLB hits:                      1564314
   IOTLB misses (page walks):       55
   IOTLB hit rate:                  99.9965%

   --- Latency Breakdown ---
   TOTAL IOMMU OVERHEAD:            3156.13 us
   Avg latency per access:          0.00201751 us

********************************************************************************
system.lenet5_clstr.conv0.llvm_interface
Total Area: 6054.47
Total Power Static: 7131.27

Total Power Dynamic: 184286
   ========= Performance Analysis =============
   Setup Time:                      0h 0m 0s 0ms 841us
   Simulation Time (Total):         0h 3m 7s 175ms
   Simulation Time (Active):        0h 0m 5s 572ms
        Queue Processing Time:      0h 0m 5s 440ms
             Scheduling Time:       0h 0m 3s 321ms
             Computation Time:      0h 0m 0s 626ms
   System Clock:                    0.1GHz
   Runtime:                         1044680 cycles
   Runtime:                         10446.8 us
   Stalls:                          0 cycles
   Executed Nodes:                  1044679 cycles

   ========= Kernel Validation Stats ==========
   Kernel validation enabled:       NO
   Configured latency per check:    0 us

   --- Access Breakdown ---
   Total memory accesses (validated): 0
   Cache hits (0 latency):          0
   Validation requests (full lat):  0
     of which DMA-ctrl writes:      0
   Coalesced waits (partial lat):   0
   Validations denied:              0

   --- Latency Breakdown ---
   Validation request latency:      0 us
   Coalesced wait latency:          0 us
   TOTAL SECURITY OVERHEAD:         0 us
   Avg latency per validation:      0 us
   Avg latency per coalesced wait:  0 us
   Avg overhead per blocked access: 0 us

   --- Cache Statistics ---
   Processes with cached pages:     0
   Unique pages validated (total):  0
   Cache hit rate:                  0%

   ========= IOMMU Stats =====================
   IOMMU enabled:                   YES
   IOMMU SimObject:                 system.lenet5_clstr.iommu

   --- Access Breakdown ---
   Total IOMMU checks:              1564371
   IOTLB hits:                      1564316
   IOTLB misses (page walks):       55
   IOTLB hit rate:                  99.9965%

   --- Latency Breakdown ---
   TOTAL IOMMU OVERHEAD:            3156.13 us
   Avg latency per access:          0.00201751 us

********************************************************************************
system.lenet5_clstr.pool_mover_0.llvm_interface
Total Area: 780.105
Total Power Static: 38.3364

Total Power Dynamic: 304.907
   ========= Performance Analysis =============
   Setup Time:                      0h 0m 0s 3ms 667us
   Simulation Time (Total):         0h 3m 7s 171ms
   Simulation Time (Active):        0h 0m 0s 379ms
        Queue Processing Time:      0h 0m 0s 252ms
             Scheduling Time:       0h 0m 0s 77ms
             Computation Time:      0h 0m 0s 21ms
   System Clock:                    0.1GHz
   Runtime:                         1044670 cycles
   Runtime:                         10446.7 us
   Stalls:                          0 cycles
   Executed Nodes:                  1044669 cycles

   ========= Kernel Validation Stats ==========
   Kernel validation enabled:       NO
   Configured latency per check:    0 us

   --- Access Breakdown ---
   Total memory accesses (validated): 0
   Cache hits (0 latency):          0
   Validation requests (full lat):  0
     of which DMA-ctrl writes:      0
   Coalesced waits (partial lat):   0
   Validations denied:              0

   --- Latency Breakdown ---
   Validation request latency:      0 us
   Coalesced wait latency:          0 us
   TOTAL SECURITY OVERHEAD:         0 us
   Avg latency per validation:      0 us
   Avg latency per coalesced wait:  0 us
   Avg overhead per blocked access: 0 us

   --- Cache Statistics ---
   Processes with cached pages:     0
   Unique pages validated (total):  0
   Cache hit rate:                  0%

   ========= IOMMU Stats =====================
   IOMMU enabled:                   YES
   IOMMU SimObject:                 system.lenet5_clstr.iommu

   --- Access Breakdown ---
   Total IOMMU checks:              1564372
   IOTLB hits:                      1564317
   IOTLB misses (page walks):       55
   IOTLB hit rate:                  99.9965%

   --- Latency Breakdown ---
   TOTAL IOMMU OVERHEAD:            3156.13 us
   Avg latency per access:          0.00201751 us

********************************************************************************
system.lenet5_clstr.pool0.llvm_interface
Total Area: 6221.95
Total Power Static: 104.183

Total Power Dynamic: 2173.03
   ========= Performance Analysis =============
   Setup Time:                      0h 0m 0s 0ms 768us
   Simulation Time (Total):         0h 3m 16s 269ms
   Simulation Time (Active):        0h 0m 0s 490ms
        Queue Processing Time:      0h 0m 0s 320ms
             Scheduling Time:       0h 0m 0s 114ms
             Computation Time:      0h 0m 0s 21ms
   System Clock:                    0.1GHz
   Runtime:                         1117307 cycles
   Runtime:                         11173.1 us
   Stalls:                          0 cycles
   Executed Nodes:                  1117306 cycles

   ========= Kernel Validation Stats ==========
   Kernel validation enabled:       NO
   Configured latency per check:    0 us

   --- Access Breakdown ---
   Total memory accesses (validated): 0
   Cache hits (0 latency):          0
   Validation requests (full lat):  0
     of which DMA-ctrl writes:      0
   Coalesced waits (partial lat):   0
   Validations denied:              0

   --- Latency Breakdown ---
   Validation request latency:      0 us
   Coalesced wait latency:          0 us
   TOTAL SECURITY OVERHEAD:         0 us
   Avg latency per validation:      0 us
   Avg latency per coalesced wait:  0 us
   Avg overhead per blocked access: 0 us

   --- Cache Statistics ---
   Processes with cached pages:     0
   Unique pages validated (total):  0
   Cache hit rate:                  0%

   ========= IOMMU Stats =====================
   IOMMU enabled:                   YES
   IOMMU SimObject:                 system.lenet5_clstr.iommu

   --- Access Breakdown ---
   Total IOMMU checks:              1649307
   IOTLB hits:                      1649252
   IOTLB misses (page walks):       55
   IOTLB hit rate:                  99.9967%

   --- Latency Breakdown ---
   TOTAL IOMMU OVERHEAD:            3326 us
   Avg latency per access:          0.00201661 us

********************************************************************************
system.lenet5_clstr.data_mover_1.llvm_interface
Total Area: 3098.38
Total Power Static: 2424.96

Total Power Dynamic: 27394.9
   ========= Performance Analysis =============
   Setup Time:                      0h 0m 0s 1ms 641us
   Simulation Time (Total):         0h 3m 29s 74ms
   Simulation Time (Active):        0h 0m 5s 804ms
        Queue Processing Time:      0h 0m 5s 628ms
             Scheduling Time:       0h 0m 3s 307ms
             Computation Time:      0h 0m 0s 738ms
   System Clock:                    0.1GHz
   Runtime:                         1221640 cycles
   Runtime:                         12216.4 us
   Stalls:                          0 cycles
   Executed Nodes:                  1221639 cycles

   ========= Kernel Validation Stats ==========
   Kernel validation enabled:       NO
   Configured latency per check:    0 us

   --- Access Breakdown ---
   Total memory accesses (validated): 0
   Cache hits (0 latency):          0
   Validation requests (full lat):  0
     of which DMA-ctrl writes:      0
   Coalesced waits (partial lat):   0
   Validations denied:              0

   --- Latency Breakdown ---
   Validation request latency:      0 us
   Coalesced wait latency:          0 us
   TOTAL SECURITY OVERHEAD:         0 us
   Avg latency per validation:      0 us
   Avg latency per coalesced wait:  0 us
   Avg overhead per blocked access: 0 us

   --- Cache Statistics ---
   Processes with cached pages:     0
   Unique pages validated (total):  0
   Cache hit rate:                  0%

   ========= IOMMU Stats =====================
   IOMMU enabled:                   YES
   IOMMU SimObject:                 system.lenet5_clstr.iommu

   --- Access Breakdown ---
   Total IOMMU checks:              1772427
   IOTLB hits:                      1772372
   IOTLB misses (page walks):       55
   IOTLB hit rate:                  99.9969%

   --- Latency Breakdown ---
   TOTAL IOMMU OVERHEAD:            3572.24 us
   Avg latency per access:          0.00201545 us

********************************************************************************
system.lenet5_clstr.conv1.llvm_interface
Total Area: 6233.91
Total Power Static: 14530.9

Total Power Dynamic: 375959
   ========= Performance Analysis =============
   Setup Time:                      0h 0m 0s 3ms 976us
   Simulation Time (Total):         0h 3m 29s 69ms
   Simulation Time (Active):        0h 0m 8s 112ms
        Queue Processing Time:      0h 0m 7s 946ms
             Scheduling Time:       0h 0m 4s 779ms
             Computation Time:      0h 0m 1s 7ms
   System Clock:                    0.1GHz
   Runtime:                         1221632 cycles
   Runtime:                         12216.3 us
   Stalls:                          0 cycles
   Executed Nodes:                  1221631 cycles

   ========= Kernel Validation Stats ==========
   Kernel validation enabled:       NO
   Configured latency per check:    0 us

   --- Access Breakdown ---
   Total memory accesses (validated): 0
   Cache hits (0 latency):          0
   Validation requests (full lat):  0
     of which DMA-ctrl writes:      0
   Coalesced waits (partial lat):   0
   Validations denied:              0

   --- Latency Breakdown ---
   Validation request latency:      0 us
   Coalesced wait latency:          0 us
   TOTAL SECURITY OVERHEAD:         0 us
   Avg latency per validation:      0 us
   Avg latency per coalesced wait:  0 us
   Avg overhead per blocked access: 0 us

   --- Cache Statistics ---
   Processes with cached pages:     0
   Unique pages validated (total):  0
   Cache hit rate:                  0%

   ========= IOMMU Stats =====================
   IOMMU enabled:                   YES
   IOMMU SimObject:                 system.lenet5_clstr.iommu

   --- Access Breakdown ---
   Total IOMMU checks:              1772428
   IOTLB hits:                      1772373
   IOTLB misses (page walks):       55
   IOTLB hit rate:                  99.9969%

   --- Latency Breakdown ---
   TOTAL IOMMU OVERHEAD:            3572.25 us
   Avg latency per access:          0.00201545 us

********************************************************************************
system.lenet5_clstr.pool_mover_1.llvm_interface
Total Area: 780.105
Total Power Static: 12.6423

Total Power Dynamic: 101.338
   ========= Performance Analysis =============
   Setup Time:                      0h 0m 0s 0ms 713us
   Simulation Time (Total):         0h 3m 29s 62ms
   Simulation Time (Active):        0h 0m 0s 270ms
        Queue Processing Time:      0h 0m 0s 133ms
             Scheduling Time:       0h 0m 0s 19ms
             Computation Time:      0h 0m 0s 3ms
   System Clock:                    0.1GHz
   Runtime:                         1221582 cycles
   Runtime:                         12215.8 us
   Stalls:                          0 cycles
   Executed Nodes:                  1221581 cycles

   ========= Kernel Validation Stats ==========
   Kernel validation enabled:       NO
   Configured latency per check:    0 us

   --- Access Breakdown ---
   Total memory accesses (validated): 0
   Cache hits (0 latency):          0
   Validation requests (full lat):  0
     of which DMA-ctrl writes:      0
   Coalesced waits (partial lat):   0
   Validations denied:              0

   --- Latency Breakdown ---
   Validation request latency:      0 us
   Coalesced wait latency:          0 us
   TOTAL SECURITY OVERHEAD:         0 us
   Avg latency per validation:      0 us
   Avg latency per coalesced wait:  0 us
   Avg overhead per blocked access: 0 us

   --- Cache Statistics ---
   Processes with cached pages:     0
   Unique pages validated (total):  0
   Cache hit rate:                  0%

   ========= IOMMU Stats =====================
   IOMMU enabled:                   YES
   IOMMU SimObject:                 system.lenet5_clstr.iommu

   --- Access Breakdown ---
   Total IOMMU checks:              1772429
   IOTLB hits:                      1772374
   IOTLB misses (page walks):       55
   IOTLB hit rate:                  99.9969%

   --- Latency Breakdown ---
   TOTAL IOMMU OVERHEAD:            3572.25 us
   Avg latency per access:          0.00201545 us

********************************************************************************
system.lenet5_clstr.pool1.llvm_interface
Total Area: 6221.95
Total Power Static: 35.4349

Total Power Dynamic: 738.536
   ========= Performance Analysis =============
   Setup Time:                      0h 0m 0s 0ms 640us
   Simulation Time (Total):         0h 3m 29s 52ms
   Simulation Time (Active):        0h 0m 0s 323ms
        Queue Processing Time:      0h 0m 0s 175ms
             Scheduling Time:       0h 0m 0s 30ms
             Computation Time:      0h 0m 0s 6ms
   System Clock:                    0.1GHz
   Runtime:                         1221523 cycles
   Runtime:                         12215.2 us
   Stalls:                          0 cycles
   Executed Nodes:                  1221522 cycles

   ========= Kernel Validation Stats ==========
   Kernel validation enabled:       NO
   Configured latency per check:    0 us

   --- Access Breakdown ---
   Total memory accesses (validated): 0
   Cache hits (0 latency):          0
   Validation requests (full lat):  0
     of which DMA-ctrl writes:      0
   Coalesced waits (partial lat):   0
   Validations denied:              0

   --- Latency Breakdown ---
   Validation request latency:      0 us
   Coalesced wait latency:          0 us
   TOTAL SECURITY OVERHEAD:         0 us
   Avg latency per validation:      0 us
   Avg latency per coalesced wait:  0 us
   Avg overhead per blocked access: 0 us

   --- Cache Statistics ---
   Processes with cached pages:     0
   Unique pages validated (total):  0
   Cache hit rate:                  0%

   ========= IOMMU Stats =====================
   IOMMU enabled:                   YES
   IOMMU SimObject:                 system.lenet5_clstr.iommu

   --- Access Breakdown ---
   Total IOMMU checks:              1772431
   IOTLB hits:                      1772376
   IOTLB misses (page walks):       55
   IOTLB hit rate:                  99.9969%

   --- Latency Breakdown ---
   TOTAL IOMMU OVERHEAD:            3572.25 us
   Avg latency per access:          0.00201545 us

********************************************************************************
system.lenet5_clstr.data_mover_2.llvm_interface
Total Area: 1830.32
Total Power Static: 467.516

Total Power Dynamic: 5377.4
   ========= Performance Analysis =============
   Setup Time:                      0h 0m 0s 0ms 871us
   Simulation Time (Total):         0h 3m 46s 173ms
   Simulation Time (Active):        0h 0m 1s 98ms
        Queue Processing Time:      0h 0m 0s 955ms
             Scheduling Time:       0h 0m 0s 504ms
             Computation Time:      0h 0m 0s 112ms
   System Clock:                    0.1GHz
   Runtime:                         1423158 cycles
   Runtime:                         14231.6 us
   Stalls:                          0 cycles
   Executed Nodes:                  1423157 cycles

   ========= Kernel Validation Stats ==========
   Kernel validation enabled:       NO
   Configured latency per check:    0 us

   --- Access Breakdown ---
   Total memory accesses (validated): 0
   Cache hits (0 latency):          0
   Validation requests (full lat):  0
     of which DMA-ctrl writes:      0
   Coalesced waits (partial lat):   0
   Validations denied:              0

   --- Latency Breakdown ---
   Validation request latency:      0 us
   Coalesced wait latency:          0 us
   TOTAL SECURITY OVERHEAD:         0 us
   Avg latency per validation:      0 us
   Avg latency per coalesced wait:  0 us
   Avg overhead per blocked access: 0 us

   --- Cache Statistics ---
   Processes with cached pages:     0
   Unique pages validated (total):  0
   Cache hit rate:                  0%

   ========= IOMMU Stats =====================
   IOMMU enabled:                   YES
   IOMMU SimObject:                 system.lenet5_clstr.iommu

   --- Access Breakdown ---
   Total IOMMU checks:              2014647
   IOTLB hits:                      2014546
   IOTLB misses (page walks):       101
   IOTLB hit rate:                  99.995%

   --- Latency Breakdown ---
   TOTAL IOMMU OVERHEAD:            4079.59 us
   Avg latency per access:          0.00202497 us

********************************************************************************
system.lenet5_clstr.conv2.llvm_interface
Total Area: 5875.03
Total Power Static: 2891.36

Total Power Dynamic: 75102.9
   ========= Performance Analysis =============
   Setup Time:                      0h 0m 0s 0ms 922us
   Simulation Time (Total):         0h 3m 46s 162ms
   Simulation Time (Active):        0h 0m 1s 491ms
        Queue Processing Time:      0h 0m 1s 333ms
             Scheduling Time:       0h 0m 0s 762ms
             Computation Time:      0h 0m 0s 163ms
   System Clock:                    0.1GHz
   Runtime:                         1423100 cycles
   Runtime:                         14231 us
   Stalls:                          0 cycles
   Executed Nodes:                  1423099 cycles

   ========= Kernel Validation Stats ==========
   Kernel validation enabled:       NO
   Configured latency per check:    0 us

   --- Access Breakdown ---
   Total memory accesses (validated): 0
   Cache hits (0 latency):          0
   Validation requests (full lat):  0
     of which DMA-ctrl writes:      0
   Coalesced waits (partial lat):   0
   Validations denied:              0

   --- Latency Breakdown ---
   Validation request latency:      0 us
   Coalesced wait latency:          0 us
   TOTAL SECURITY OVERHEAD:         0 us
   Avg latency per validation:      0 us
   Avg latency per coalesced wait:  0 us
   Avg overhead per blocked access: 0 us

   --- Cache Statistics ---
   Processes with cached pages:     0
   Unique pages validated (total):  0
   Cache hit rate:                  0%

   ========= IOMMU Stats =====================
   IOMMU enabled:                   YES
   IOMMU SimObject:                 system.lenet5_clstr.iommu

   --- Access Breakdown ---
   Total IOMMU checks:              2014651
   IOTLB hits:                      2014550
   IOTLB misses (page walks):       101
   IOTLB hit rate:                  99.995%

   --- Latency Breakdown ---
   TOTAL IOMMU OVERHEAD:            4079.6 us
   Avg latency per access:          0.00202497 us

********************************************************************************
system.lenet5_clstr.data_mover_3.llvm_interface
Total Area: 1112.55
Total Power Static: 96.7562

Total Power Dynamic: 1121.45
   ========= Performance Analysis =============
   Setup Time:                      0h 0m 0s 3ms 654us
   Simulation Time (Total):         0h 3m 48s 41ms
   Simulation Time (Active):        0h 0m 0s 424ms
        Queue Processing Time:      0h 0m 0s 255ms
             Scheduling Time:       0h 0m 0s 78ms
             Computation Time:      0h 0m 0s 20ms
   System Clock:                    0.1GHz
   Runtime:                         1463974 cycles
   Runtime:                         14639.7 us
   Stalls:                          0 cycles
   Executed Nodes:                  1463973 cycles

   ========= Kernel Validation Stats ==========
   Kernel validation enabled:       NO
   Configured latency per check:    0 us

   --- Access Breakdown ---
   Total memory accesses (validated): 0
   Cache hits (0 latency):          0
   Validation requests (full lat):  0
     of which DMA-ctrl writes:      0
   Coalesced waits (partial lat):   0
   Validations denied:              0

   --- Latency Breakdown ---
   Validation request latency:      0 us
   Coalesced wait latency:          0 us
   TOTAL SECURITY OVERHEAD:         0 us
   Avg latency per validation:      0 us
   Avg latency per coalesced wait:  0 us
   Avg overhead per blocked access: 0 us

   --- Cache Statistics ---
   Processes with cached pages:     0
   Unique pages validated (total):  0
   Cache hit rate:                  0%

   ========= IOMMU Stats =====================
   IOMMU enabled:                   YES
   IOMMU SimObject:                 system.lenet5_clstr.iommu

   --- Access Breakdown ---
   Total IOMMU checks:              2065148
   IOTLB hits:                      2065036
   IOTLB misses (page walks):       112
   IOTLB hit rate:                  99.9946%

   --- Latency Breakdown ---
   TOTAL IOMMU OVERHEAD:            4186.07 us
   Avg latency per access:          0.00202701 us

********************************************************************************
system.lenet5_clstr.fc0.llvm_interface
Total Area: 5516.14
Total Power Static: 605.722

Total Power Dynamic: 15761.6
   ========= Performance Analysis =============
   Setup Time:                      0h 0m 0s 0ms 748us
   Simulation Time (Total):         0h 3m 48s 27ms
   Simulation Time (Active):        0h 0m 0s 508ms
        Queue Processing Time:      0h 0m 0s 327ms
             Scheduling Time:       0h 0m 0s 122ms
             Computation Time:      0h 0m 0s 28ms
   System Clock:                    0.1GHz
   Runtime:                         1463916 cycles
   Runtime:                         14639.2 us
   Stalls:                          0 cycles
   Executed Nodes:                  1463915 cycles

   ========= Kernel Validation Stats ==========
   Kernel validation enabled:       NO
   Configured latency per check:    0 us

   --- Access Breakdown ---
   Total memory accesses (validated): 0
   Cache hits (0 latency):          0
   Validation requests (full lat):  0
     of which DMA-ctrl writes:      0
   Coalesced waits (partial lat):   0
   Validations denied:              0

   --- Latency Breakdown ---
   Validation request latency:      0 us
   Coalesced wait latency:          0 us
   TOTAL SECURITY OVERHEAD:         0 us
   Avg latency per validation:      0 us
   Avg latency per coalesced wait:  0 us
   Avg overhead per blocked access: 0 us

   --- Cache Statistics ---
   Processes with cached pages:     0
   Unique pages validated (total):  0
   Cache hit rate:                  0%

   ========= IOMMU Stats =====================
   IOMMU enabled:                   YES
   IOMMU SimObject:                 system.lenet5_clstr.iommu

   --- Access Breakdown ---
   Total IOMMU checks:              2065149
   IOTLB hits:                      2065037
   IOTLB misses (page walks):       112
   IOTLB hit rate:                  99.9946%

   --- Latency Breakdown ---
   TOTAL IOMMU OVERHEAD:            4186.07 us
   Avg latency per access:          0.00202701 us

********************************************************************************
system.lenet5_clstr.top.llvm_interface
Total Area: 201.48
Total Power Static: 224.134

Total Power Dynamic: 1101.43
   ========= Performance Analysis =============
   Setup Time:                      0h 0m 0s 1ms 540us
   Simulation Time (Total):         0h 3m 49s 586ms
   Simulation Time (Active):        0h 0m 3s 637ms
        Queue Processing Time:      0h 0m 3s 415ms
             Scheduling Time:       0h 0m 1s 613ms
             Computation Time:      0h 0m 0s 222ms
   System Clock:                    0.1GHz
   Runtime:                         1486995 cycles
   Runtime:                         14870 us
   Stalls:                          0 cycles
   Executed Nodes:                  1486994 cycles

   ========= Kernel Validation Stats ==========
   Kernel validation enabled:       NO
   Configured latency per check:    0 us

   --- Access Breakdown ---
   Total memory accesses (validated): 0
   Cache hits (0 latency):          0
   Validation requests (full lat):  0
     of which DMA-ctrl writes:      0
   Coalesced waits (partial lat):   0
   Validations denied:              0

   --- Latency Breakdown ---
   Validation request latency:      0 us
   Coalesced wait latency:          0 us
   TOTAL SECURITY OVERHEAD:         0 us
   Avg latency per validation:      0 us
   Avg latency per coalesced wait:  0 us
   Avg overhead per blocked access: 0 us

   --- Cache Statistics ---
   Processes with cached pages:     0
   Unique pages validated (total):  0
   Cache hit rate:                  0%

   ========= IOMMU Stats =====================
   IOMMU enabled:                   YES
   IOMMU SimObject:                 system.lenet5_clstr.iommu

   --- Access Breakdown ---
   Total IOMMU checks:              2065152
   IOTLB hits:                      2065040
   IOTLB misses (page walks):       112
   IOTLB hit rate:                  99.9946%

   --- Latency Breakdown ---
   TOTAL IOMMU OVERHEAD:            4186.08 us
   Avg latency per access:          0.00202701 us

Exiting @ tick 14919881000 because m5_exit instruction encountered
