build/ARM/base/statistics.hh:277: warn: One of the stats is a legacy stat. Legacy stat is a stat that does not belong to any statistics::Group. Legacy stat is deprecated.
Global frequency set at 1000000000000 ticks per second
build/ARM/mem/mem_interface.cc:793: warn: DRAM device capacity (16384 Mbytes) does not match the address range assigned (4096 Mbytes)
build/ARM/sim/kernel_workload.cc:46: info: kernel located at: /gem5-SALAM/benchmarks/lenet/design_c/sw/main.elf
build/ARM/arch/arm/system.cc:95: warn: Highest ARM exception-level set to AArch64 but the workload is for AArch32. Assuming you wanted these to match.
build/ARM/base/vnc/vncserver.cc:163: warn: Sockets disabled, not accepting vnc client connections
build/ARM/dev/serial/terminal.cc:170: warn: Sockets disabled, not accepting terminal connections
build/ARM/base/remote_gdb.cc:377: warn: Sockets disabled, not accepting gdb connections
build/ARM/mem/coherent_xbar.cc:140: warn: CoherentXBar system.lenet5_clstr.coherency_bus has no snooping ports attached!
build/ARM/dev/arm/energy_ctrl.cc:252: warn: Existing EnergyCtrl, but no enabled DVFSHandler found.
gem5 Simulator System.  http://gem5.org
gem5 is copyrighted software; use the --copyright option for details.

gem5 version 21.1.0.1
gem5 compiled May  4 2026 18:12:38
gem5 started May  4 2026 18:13:29
gem5 executing on 3b7fb6fd27b8, pid 2580903
command line: /gem5-SALAM/build/ARM/gem5.opt --listener-mode=off --outdir=/gem5-SALAM/BM_ARM_OUT/run_all/lenet_c/iommu_e16_m100ns /gem5-SALAM/configs/SALAM/fs_lenet_c.py --mem-size=4GB --mem-type=DDR4_2400_8x8 --machine-type=VExpress_GEM5_V1 --dtb-file=none --bare-metal --cpu-type=DerivO3CPU --caches --l2cache --kernel=/gem5-SALAM/benchmarks/lenet/design_c/sw/main.elf --disk-image=/gem5-SALAM/benchmarks/common/fake.iso --accpath=/gem5-SALAM/benchmarks/lenet/design_c --accbench=lenet_c --enable-iommu --iotlb-entries 16 --iotlb-hit-latency 2000 --iotlb-miss-latency 100000

[HWAccConfig] IOMMU ENABLED: entries=16, hit_lat=2000, miss_lat=100000
[HWAccConfig] IOMMU ENABLED: entries=16, hit_lat=2000, miss_lat=100000
[HWAccConfig] IOMMU ENABLED: entries=16, hit_lat=2000, miss_lat=100000
[HWAccConfig] IOMMU ENABLED: entries=16, hit_lat=2000, miss_lat=100000
[HWAccConfig] IOMMU ENABLED: entries=16, hit_lat=2000, miss_lat=100000
[HWAccConfig] IOMMU ENABLED: entries=16, hit_lat=2000, miss_lat=100000
[HWAccConfig] IOMMU ENABLED: entries=16, hit_lat=2000, miss_lat=100000
[HWAccConfig] IOMMU ENABLED: entries=16, hit_lat=2000, miss_lat=100000
[HWAccConfig] IOMMU ENABLED: entries=16, hit_lat=2000, miss_lat=100000
[HWAccConfig] IOMMU ENABLED: entries=16, hit_lat=2000, miss_lat=100000
[HWAccConfig] IOMMU ENABLED: entries=16, hit_lat=2000, miss_lat=100000
[HWAccConfig] IOMMU ENABLED: entries=16, hit_lat=2000, miss_lat=100000
[HWAccConfig] IOMMU ENABLED: entries=16, hit_lat=2000, miss_lat=100000
**** REAL SIMULATION ****
warn: iobus.slave is deprecated. `slave` is now called `cpu_side_ports`
warn: bridge.master is deprecated. `master` is now called `mem_side_port`
warn: membus.master is deprecated. `master` is now called `mem_side_ports`
warn: bridge.slave is deprecated. `slave` is now called `cpu_side_port`
warn: membus.slave is deprecated. `slave` is now called `cpu_side_ports`
warn: tol2bus.master is deprecated. `master` is now called `mem_side_ports`
warn: membus.slave is deprecated. `slave` is now called `cpu_side_ports`
warn: tol2bus.slave is deprecated. `slave` is now called `cpu_side_ports`
warn: tol2bus.slave is deprecated. `slave` is now called `cpu_side_ports`
warn: tol2bus.slave is deprecated. `slave` is now called `cpu_side_ports`
warn: tol2bus.slave is deprecated. `slave` is now called `cpu_side_ports`
warn: membus.slave is deprecated. `slave` is now called `cpu_side_ports`
warn: coherency_bus.master is deprecated. `master` is now called `mem_side_ports`
warn: No dot file generated. Please install pydot to generate the dot file and pdf.
build/ARM/sim/simulate.cc:107: info: Entering event queue @ 0.  Starting simulation...
********************************************************************************
system.lenet5_clstr.data_mover_0.llvm_interface
Total Area: 2560.05
Total Power Static: 1249

Total Power Dynamic: 13797
   ========= Performance Analysis =============
   Setup Time:                      0h 0m 0s 4ms 368us
   Simulation Time (Total):         0h 2m 59s 570ms
   Simulation Time (Active):        0h 0m 4s 42ms
        Queue Processing Time:      0h 0m 3s 837ms
             Scheduling Time:       0h 0m 2s 168ms
             Computation Time:      0h 0m 0s 503ms
   System Clock:                    0.1GHz
   Runtime:                         1044098 cycles
   Runtime:                         10441 us
   Stalls:                          0 cycles
   Executed Nodes:                  1044097 cycles

   ========= Kernel Validation Stats ==========
   Kernel validation enabled:       NO
   Configured latency per check:    0 us

   --- Access Breakdown ---
   Total memory accesses (validated): 0
   Cache hits (0 latency):          0
   Validation requests (full lat):  0
     of which DMA-ctrl writes:      0
   Coalesced waits (partial lat):   0
   Validations denied:              0

   --- Latency Breakdown ---
   Validation request latency:      0 us
   Coalesced wait latency:          0 us
   TOTAL SECURITY OVERHEAD:         0 us
   Avg latency per validation:      0 us
   Avg latency per coalesced wait:  0 us
   Avg overhead per blocked access: 0 us

   --- Cache Statistics ---
   Processes with cached pages:     0
   Unique pages validated (total):  0
   Cache hit rate:                  0%

   ========= IOMMU Stats =====================
   IOMMU enabled:                   YES
   IOMMU SimObject:                 system.lenet5_clstr.iommu

   --- Access Breakdown ---
   Total IOMMU checks:              1564212
   IOTLB hits:                      1564156
   IOTLB misses (page walks):       56
   IOTLB hit rate:                  99.9964%

   --- Latency Breakdown ---
   TOTAL IOMMU OVERHEAD:            3133.91 us
   Avg latency per access:          0.00200351 us

********************************************************************************
system.lenet5_clstr.conv0.llvm_interface
Total Area: 6054.47
Total Power Static: 7131.27

Total Power Dynamic: 184286
   ========= Performance Analysis =============
   Setup Time:                      0h 0m 0s 0ms 851us
   Simulation Time (Total):         0h 2m 59s 565ms
   Simulation Time (Active):        0h 0m 5s 129ms
        Queue Processing Time:      0h 0m 4s 982ms
             Scheduling Time:       0h 0m 3s 103ms
             Computation Time:      0h 0m 0s 545ms
   System Clock:                    0.1GHz
   Runtime:                         1044090 cycles
   Runtime:                         10440.9 us
   Stalls:                          0 cycles
   Executed Nodes:                  1044089 cycles

   ========= Kernel Validation Stats ==========
   Kernel validation enabled:       NO
   Configured latency per check:    0 us

   --- Access Breakdown ---
   Total memory accesses (validated): 0
   Cache hits (0 latency):          0
   Validation requests (full lat):  0
     of which DMA-ctrl writes:      0
   Coalesced waits (partial lat):   0
   Validations denied:              0

   --- Latency Breakdown ---
   Validation request latency:      0 us
   Coalesced wait latency:          0 us
   TOTAL SECURITY OVERHEAD:         0 us
   Avg latency per validation:      0 us
   Avg latency per coalesced wait:  0 us
   Avg overhead per blocked access: 0 us

   --- Cache Statistics ---
   Processes with cached pages:     0
   Unique pages validated (total):  0
   Cache hit rate:                  0%

   ========= IOMMU Stats =====================
   IOMMU enabled:                   YES
   IOMMU SimObject:                 system.lenet5_clstr.iommu

   --- Access Breakdown ---
   Total IOMMU checks:              1564215
   IOTLB hits:                      1564159
   IOTLB misses (page walks):       56
   IOTLB hit rate:                  99.9964%

   --- Latency Breakdown ---
   TOTAL IOMMU OVERHEAD:            3133.92 us
   Avg latency per access:          0.00200351 us

********************************************************************************
system.lenet5_clstr.pool_mover_0.llvm_interface
Total Area: 780.105
Total Power Static: 38.3364

Total Power Dynamic: 304.907
   ========= Performance Analysis =============
   Setup Time:                      0h 0m 0s 0ms 538us
   Simulation Time (Total):         0h 2m 59s 564ms
   Simulation Time (Active):        0h 0m 0s 389ms
        Queue Processing Time:      0h 0m 0s 252ms
             Scheduling Time:       0h 0m 0s 92ms
             Computation Time:      0h 0m 0s 10ms
   System Clock:                    0.1GHz
   Runtime:                         1044080 cycles
   Runtime:                         10440.8 us
   Stalls:                          0 cycles
   Executed Nodes:                  1044079 cycles

   ========= Kernel Validation Stats ==========
   Kernel validation enabled:       NO
   Configured latency per check:    0 us

   --- Access Breakdown ---
   Total memory accesses (validated): 0
   Cache hits (0 latency):          0
   Validation requests (full lat):  0
     of which DMA-ctrl writes:      0
   Coalesced waits (partial lat):   0
   Validations denied:              0

   --- Latency Breakdown ---
   Validation request latency:      0 us
   Coalesced wait latency:          0 us
   TOTAL SECURITY OVERHEAD:         0 us
   Avg latency per validation:      0 us
   Avg latency per coalesced wait:  0 us
   Avg overhead per blocked access: 0 us

   --- Cache Statistics ---
   Processes with cached pages:     0
   Unique pages validated (total):  0
   Cache hit rate:                  0%

   ========= IOMMU Stats =====================
   IOMMU enabled:                   YES
   IOMMU SimObject:                 system.lenet5_clstr.iommu

   --- Access Breakdown ---
   Total IOMMU checks:              1564217
   IOTLB hits:                      1564161
   IOTLB misses (page walks):       56
   IOTLB hit rate:                  99.9964%

   --- Latency Breakdown ---
   TOTAL IOMMU OVERHEAD:            3133.92 us
   Avg latency per access:          0.00200351 us

********************************************************************************
system.lenet5_clstr.pool0.llvm_interface
Total Area: 6221.95
Total Power Static: 104.183

Total Power Dynamic: 2173.03
   ========= Performance Analysis =============
   Setup Time:                      0h 0m 0s 0ms 735us
   Simulation Time (Total):         0h 3m 8s 689ms
   Simulation Time (Active):        0h 0m 0s 462ms
        Queue Processing Time:      0h 0m 0s 297ms
             Scheduling Time:       0h 0m 0s 104ms
             Computation Time:      0h 0m 0s 29ms
   System Clock:                    0.1GHz
   Runtime:                         1116787 cycles
   Runtime:                         11167.9 us
   Stalls:                          0 cycles
   Executed Nodes:                  1116786 cycles

   ========= Kernel Validation Stats ==========
   Kernel validation enabled:       NO
   Configured latency per check:    0 us

   --- Access Breakdown ---
   Total memory accesses (validated): 0
   Cache hits (0 latency):          0
   Validation requests (full lat):  0
     of which DMA-ctrl writes:      0
   Coalesced waits (partial lat):   0
   Validations denied:              0

   --- Latency Breakdown ---
   Validation request latency:      0 us
   Coalesced wait latency:          0 us
   TOTAL SECURITY OVERHEAD:         0 us
   Avg latency per validation:      0 us
   Avg latency per coalesced wait:  0 us
   Avg overhead per blocked access: 0 us

   --- Cache Statistics ---
   Processes with cached pages:     0
   Unique pages validated (total):  0
   Cache hit rate:                  0%

   ========= IOMMU Stats =====================
   IOMMU enabled:                   YES
   IOMMU SimObject:                 system.lenet5_clstr.iommu

   --- Access Breakdown ---
   Total IOMMU checks:              1649230
   IOTLB hits:                      1649174
   IOTLB misses (page walks):       56
   IOTLB hit rate:                  99.9966%

   --- Latency Breakdown ---
   TOTAL IOMMU OVERHEAD:            3303.95 us
   Avg latency per access:          0.00200333 us

********************************************************************************
system.lenet5_clstr.data_mover_1.llvm_interface
Total Area: 3098.38
Total Power Static: 2424.96

Total Power Dynamic: 27394.9
   ========= Performance Analysis =============
   Setup Time:                      0h 0m 0s 4ms 608us
   Simulation Time (Total):         0h 3m 21s 727ms
   Simulation Time (Active):        0h 0m 5s 958ms
        Queue Processing Time:      0h 0m 5s 778ms
             Scheduling Time:       0h 0m 3s 381ms
             Computation Time:      0h 0m 0s 680ms
   System Clock:                    0.1GHz
   Runtime:                         1221120 cycles
   Runtime:                         12211.2 us
   Stalls:                          0 cycles
   Executed Nodes:                  1221119 cycles

   ========= Kernel Validation Stats ==========
   Kernel validation enabled:       NO
   Configured latency per check:    0 us

   --- Access Breakdown ---
   Total memory accesses (validated): 0
   Cache hits (0 latency):          0
   Validation requests (full lat):  0
     of which DMA-ctrl writes:      0
   Coalesced waits (partial lat):   0
   Validations denied:              0

   --- Latency Breakdown ---
   Validation request latency:      0 us
   Coalesced wait latency:          0 us
   TOTAL SECURITY OVERHEAD:         0 us
   Avg latency per validation:      0 us
   Avg latency per coalesced wait:  0 us
   Avg overhead per blocked access: 0 us

   --- Cache Statistics ---
   Processes with cached pages:     0
   Unique pages validated (total):  0
   Cache hit rate:                  0%

   ========= IOMMU Stats =====================
   IOMMU enabled:                   YES
   IOMMU SimObject:                 system.lenet5_clstr.iommu

   --- Access Breakdown ---
   Total IOMMU checks:              1772350
   IOTLB hits:                      1772294
   IOTLB misses (page walks):       56
   IOTLB hit rate:                  99.9968%

   --- Latency Breakdown ---
   TOTAL IOMMU OVERHEAD:            3550.19 us
   Avg latency per access:          0.0020031 us

********************************************************************************
system.lenet5_clstr.conv1.llvm_interface
Total Area: 6233.91
Total Power Static: 14530.9

Total Power Dynamic: 375959
   ========= Performance Analysis =============
   Setup Time:                      0h 0m 0s 0ms 926us
   Simulation Time (Total):         0h 3m 21s 726ms
   Simulation Time (Active):        0h 0m 8s 53ms
        Queue Processing Time:      0h 0m 7s 887ms
             Scheduling Time:       0h 0m 5s 18ms
             Computation Time:      0h 0m 0s 939ms
   System Clock:                    0.1GHz
   Runtime:                         1221112 cycles
   Runtime:                         12211.1 us
   Stalls:                          0 cycles
   Executed Nodes:                  1221111 cycles

   ========= Kernel Validation Stats ==========
   Kernel validation enabled:       NO
   Configured latency per check:    0 us

   --- Access Breakdown ---
   Total memory accesses (validated): 0
   Cache hits (0 latency):          0
   Validation requests (full lat):  0
     of which DMA-ctrl writes:      0
   Coalesced waits (partial lat):   0
   Validations denied:              0

   --- Latency Breakdown ---
   Validation request latency:      0 us
   Coalesced wait latency:          0 us
   TOTAL SECURITY OVERHEAD:         0 us
   Avg latency per validation:      0 us
   Avg latency per coalesced wait:  0 us
   Avg overhead per blocked access: 0 us

   --- Cache Statistics ---
   Processes with cached pages:     0
   Unique pages validated (total):  0
   Cache hit rate:                  0%

   ========= IOMMU Stats =====================
   IOMMU enabled:                   YES
   IOMMU SimObject:                 system.lenet5_clstr.iommu

   --- Access Breakdown ---
   Total IOMMU checks:              1772352
   IOTLB hits:                      1772296
   IOTLB misses (page walks):       56
   IOTLB hit rate:                  99.9968%

   --- Latency Breakdown ---
   TOTAL IOMMU OVERHEAD:            3550.19 us
   Avg latency per access:          0.0020031 us

********************************************************************************
system.lenet5_clstr.pool_mover_1.llvm_interface
Total Area: 780.105
Total Power Static: 12.6423

Total Power Dynamic: 101.338
   ========= Performance Analysis =============
   Setup Time:                      0h 0m 0s 0ms 643us
   Simulation Time (Total):         0h 3m 21s 722ms
   Simulation Time (Active):        0h 0m 0s 282ms
        Queue Processing Time:      0h 0m 0s 158ms
             Scheduling Time:       0h 0m 0s 21ms
             Computation Time:      0h 0m 0s 3ms
   System Clock:                    0.1GHz
   Runtime:                         1221102 cycles
   Runtime:                         12211 us
   Stalls:                          0 cycles
   Executed Nodes:                  1221101 cycles

   ========= Kernel Validation Stats ==========
   Kernel validation enabled:       NO
   Configured latency per check:    0 us

   --- Access Breakdown ---
   Total memory accesses (validated): 0
   Cache hits (0 latency):          0
   Validation requests (full lat):  0
     of which DMA-ctrl writes:      0
   Coalesced waits (partial lat):   0
   Validations denied:              0

   --- Latency Breakdown ---
   Validation request latency:      0 us
   Coalesced wait latency:          0 us
   TOTAL SECURITY OVERHEAD:         0 us
   Avg latency per validation:      0 us
   Avg latency per coalesced wait:  0 us
   Avg overhead per blocked access: 0 us

   --- Cache Statistics ---
   Processes with cached pages:     0
   Unique pages validated (total):  0
   Cache hit rate:                  0%

   ========= IOMMU Stats =====================
   IOMMU enabled:                   YES
   IOMMU SimObject:                 system.lenet5_clstr.iommu

   --- Access Breakdown ---
   Total IOMMU checks:              1772353
   IOTLB hits:                      1772297
   IOTLB misses (page walks):       56
   IOTLB hit rate:                  99.9968%

   --- Latency Breakdown ---
   TOTAL IOMMU OVERHEAD:            3550.19 us
   Avg latency per access:          0.0020031 us

********************************************************************************
system.lenet5_clstr.pool1.llvm_interface
Total Area: 6221.95
Total Power Static: 35.4349

Total Power Dynamic: 738.536
   ========= Performance Analysis =============
   Setup Time:                      0h 0m 0s 0ms 843us
   Simulation Time (Total):         0h 3m 21s 716ms
   Simulation Time (Active):        0h 0m 0s 314ms
        Queue Processing Time:      0h 0m 0s 179ms
             Scheduling Time:       0h 0m 0s 29ms
             Computation Time:      0h 0m 0s 6ms
   System Clock:                    0.1GHz
   Runtime:                         1221075 cycles
   Runtime:                         12210.8 us
   Stalls:                          0 cycles
   Executed Nodes:                  1221074 cycles

   ========= Kernel Validation Stats ==========
   Kernel validation enabled:       NO
   Configured latency per check:    0 us

   --- Access Breakdown ---
   Total memory accesses (validated): 0
   Cache hits (0 latency):          0
   Validation requests (full lat):  0
     of which DMA-ctrl writes:      0
   Coalesced waits (partial lat):   0
   Validations denied:              0

   --- Latency Breakdown ---
   Validation request latency:      0 us
   Coalesced wait latency:          0 us
   TOTAL SECURITY OVERHEAD:         0 us
   Avg latency per validation:      0 us
   Avg latency per coalesced wait:  0 us
   Avg overhead per blocked access: 0 us

   --- Cache Statistics ---
   Processes with cached pages:     0
   Unique pages validated (total):  0
   Cache hit rate:                  0%

   ========= IOMMU Stats =====================
   IOMMU enabled:                   YES
   IOMMU SimObject:                 system.lenet5_clstr.iommu

   --- Access Breakdown ---
   Total IOMMU checks:              1772353
   IOTLB hits:                      1772297
   IOTLB misses (page walks):       56
   IOTLB hit rate:                  99.9968%

   --- Latency Breakdown ---
   TOTAL IOMMU OVERHEAD:            3550.19 us
   Avg latency per access:          0.0020031 us

********************************************************************************
system.lenet5_clstr.data_mover_2.llvm_interface
Total Area: 1830.32
Total Power Static: 467.516

Total Power Dynamic: 5377.4
   ========= Performance Analysis =============
   Setup Time:                      0h 0m 0s 4ms 12us
   Simulation Time (Total):         0h 3m 40s 462ms
   Simulation Time (Active):        0h 0m 1s 124ms
        Queue Processing Time:      0h 0m 0s 967ms
             Scheduling Time:       0h 0m 0s 507ms
             Computation Time:      0h 0m 0s 112ms
   System Clock:                    0.1GHz
   Runtime:                         1463934 cycles
   Runtime:                         14639.3 us
   Stalls:                          0 cycles
   Executed Nodes:                  1463933 cycles

   ========= Kernel Validation Stats ==========
   Kernel validation enabled:       NO
   Configured latency per check:    0 us

   --- Access Breakdown ---
   Total memory accesses (validated): 0
   Cache hits (0 latency):          0
   Validation requests (full lat):  0
     of which DMA-ctrl writes:      0
   Coalesced waits (partial lat):   0
   Validations denied:              0

   --- Latency Breakdown ---
   Validation request latency:      0 us
   Coalesced wait latency:          0 us
   TOTAL SECURITY OVERHEAD:         0 us
   Avg latency per validation:      0 us
   Avg latency per coalesced wait:  0 us
   Avg overhead per blocked access: 0 us

   --- Cache Statistics ---
   Processes with cached pages:     0
   Unique pages validated (total):  0
   Cache hit rate:                  0%

   ========= IOMMU Stats =====================
   IOMMU enabled:                   YES
   IOMMU SimObject:                 system.lenet5_clstr.iommu

   --- Access Breakdown ---
   Total IOMMU checks:              2014483
   IOTLB hits:                      2008907
   IOTLB misses (page walks):       5576
   IOTLB hit rate:                  99.7232%

   --- Latency Breakdown ---
   TOTAL IOMMU OVERHEAD:            4575.41 us
   Avg latency per access:          0.00227126 us

********************************************************************************
system.lenet5_clstr.conv2.llvm_interface
Total Area: 5875.03
Total Power Static: 2891.36

Total Power Dynamic: 75102.9
   ========= Performance Analysis =============
   Setup Time:                      0h 0m 0s 0ms 728us
   Simulation Time (Total):         0h 3m 40s 460ms
   Simulation Time (Active):        0h 0m 1s 571ms
        Queue Processing Time:      0h 0m 1s 414ms
             Scheduling Time:       0h 0m 0s 798ms
             Computation Time:      0h 0m 0s 165ms
   System Clock:                    0.1GHz
   Runtime:                         1463916 cycles
   Runtime:                         14639.2 us
   Stalls:                          0 cycles
   Executed Nodes:                  1463915 cycles

   ========= Kernel Validation Stats ==========
   Kernel validation enabled:       NO
   Configured latency per check:    0 us

   --- Access Breakdown ---
   Total memory accesses (validated): 0
   Cache hits (0 latency):          0
   Validation requests (full lat):  0
     of which DMA-ctrl writes:      0
   Coalesced waits (partial lat):   0
   Validations denied:              0

   --- Latency Breakdown ---
   Validation request latency:      0 us
   Coalesced wait latency:          0 us
   TOTAL SECURITY OVERHEAD:         0 us
   Avg latency per validation:      0 us
   Avg latency per coalesced wait:  0 us
   Avg overhead per blocked access: 0 us

   --- Cache Statistics ---
   Processes with cached pages:     0
   Unique pages validated (total):  0
   Cache hit rate:                  0%

   ========= IOMMU Stats =====================
   IOMMU enabled:                   YES
   IOMMU SimObject:                 system.lenet5_clstr.iommu

   --- Access Breakdown ---
   Total IOMMU checks:              2014487
   IOTLB hits:                      2008911
   IOTLB misses (page walks):       5576
   IOTLB hit rate:                  99.7232%

   --- Latency Breakdown ---
   TOTAL IOMMU OVERHEAD:            4575.42 us
   Avg latency per access:          0.00227126 us

********************************************************************************
system.lenet5_clstr.data_mover_3.llvm_interface
Total Area: 1112.55
Total Power Static: 96.7562

Total Power Dynamic: 1121.45
   ========= Performance Analysis =============
   Setup Time:                      0h 0m 0s 0ms 668us
   Simulation Time (Total):         0h 3m 42s 365ms
   Simulation Time (Active):        0h 0m 0s 456ms
        Queue Processing Time:      0h 0m 0s 274ms
             Scheduling Time:       0h 0m 0s 79ms
             Computation Time:      0h 0m 0s 20ms
   System Clock:                    0.1GHz
   Runtime:                         1504350 cycles
   Runtime:                         15043.5 us
   Stalls:                          0 cycles
   Executed Nodes:                  1504349 cycles

   ========= Kernel Validation Stats ==========
   Kernel validation enabled:       NO
   Configured latency per check:    0 us

   --- Access Breakdown ---
   Total memory accesses (validated): 0
   Cache hits (0 latency):          0
   Validation requests (full lat):  0
     of which DMA-ctrl writes:      0
   Coalesced waits (partial lat):   0
   Validations denied:              0

   --- Latency Breakdown ---
   Validation request latency:      0 us
   Coalesced wait latency:          0 us
   TOTAL SECURITY OVERHEAD:         0 us
   Avg latency per validation:      0 us
   Avg latency per coalesced wait:  0 us
   Avg overhead per blocked access: 0 us

   --- Cache Statistics ---
   Processes with cached pages:     0
   Unique pages validated (total):  0
   Cache hit rate:                  0%

   ========= IOMMU Stats =====================
   IOMMU enabled:                   YES
   IOMMU SimObject:                 system.lenet5_clstr.iommu

   --- Access Breakdown ---
   Total IOMMU checks:              2064984
   IOTLB hits:                      2059397
   IOTLB misses (page walks):       5587
   IOTLB hit rate:                  99.7294%

   --- Latency Breakdown ---
   TOTAL IOMMU OVERHEAD:            4677.49 us
   Avg latency per access:          0.00226515 us

********************************************************************************
system.lenet5_clstr.fc0.llvm_interface
Total Area: 5516.14
Total Power Static: 605.722

Total Power Dynamic: 15761.6
   ========= Performance Analysis =============
   Setup Time:                      0h 0m 0s 0ms 680us
   Simulation Time (Total):         0h 3m 42s 359ms
   Simulation Time (Active):        0h 0m 0s 533ms
        Queue Processing Time:      0h 0m 0s 363ms
             Scheduling Time:       0h 0m 0s 128ms
             Computation Time:      0h 0m 0s 28ms
   System Clock:                    0.1GHz
   Runtime:                         1504332 cycles
   Runtime:                         15043.3 us
   Stalls:                          0 cycles
   Executed Nodes:                  1504331 cycles

   ========= Kernel Validation Stats ==========
   Kernel validation enabled:       NO
   Configured latency per check:    0 us

   --- Access Breakdown ---
   Total memory accesses (validated): 0
   Cache hits (0 latency):          0
   Validation requests (full lat):  0
     of which DMA-ctrl writes:      0
   Coalesced waits (partial lat):   0
   Validations denied:              0

   --- Latency Breakdown ---
   Validation request latency:      0 us
   Coalesced wait latency:          0 us
   TOTAL SECURITY OVERHEAD:         0 us
   Avg latency per validation:      0 us
   Avg latency per coalesced wait:  0 us
   Avg overhead per blocked access: 0 us

   --- Cache Statistics ---
   Processes with cached pages:     0
   Unique pages validated (total):  0
   Cache hit rate:                  0%

   ========= IOMMU Stats =====================
   IOMMU enabled:                   YES
   IOMMU SimObject:                 system.lenet5_clstr.iommu

   --- Access Breakdown ---
   Total IOMMU checks:              2064985
   IOTLB hits:                      2059398
   IOTLB misses (page walks):       5587
   IOTLB hit rate:                  99.7294%

   --- Latency Breakdown ---
   TOTAL IOMMU OVERHEAD:            4677.5 us
   Avg latency per access:          0.00226515 us

********************************************************************************
system.lenet5_clstr.top.llvm_interface
Total Area: 201.48
Total Power Static: 224.034

Total Power Dynamic: 1100.94
   ========= Performance Analysis =============
   Setup Time:                      0h 0m 0s 1ms 548us
   Simulation Time (Total):         0h 3m 43s 480ms
   Simulation Time (Active):        0h 0m 3s 351ms
        Queue Processing Time:      0h 0m 3s 141ms
             Scheduling Time:       0h 0m 1s 477ms
             Computation Time:      0h 0m 0s 188ms
   System Clock:                    0.1GHz
   Runtime:                         1525228 cycles
   Runtime:                         15252.3 us
   Stalls:                          0 cycles
   Executed Nodes:                  1525227 cycles

   ========= Kernel Validation Stats ==========
   Kernel validation enabled:       NO
   Configured latency per check:    0 us

   --- Access Breakdown ---
   Total memory accesses (validated): 0
   Cache hits (0 latency):          0
   Validation requests (full lat):  0
     of which DMA-ctrl writes:      0
   Coalesced waits (partial lat):   0
   Validations denied:              0

   --- Latency Breakdown ---
   Validation request latency:      0 us
   Coalesced wait latency:          0 us
   TOTAL SECURITY OVERHEAD:         0 us
   Avg latency per validation:      0 us
   Avg latency per coalesced wait:  0 us
   Avg overhead per blocked access: 0 us

   --- Cache Statistics ---
   Processes with cached pages:     0
   Unique pages validated (total):  0
   Cache hit rate:                  0%

   ========= IOMMU Stats =====================
   IOMMU enabled:                   YES
   IOMMU SimObject:                 system.lenet5_clstr.iommu

   --- Access Breakdown ---
   Total IOMMU checks:              2064988
   IOTLB hits:                      2059401
   IOTLB misses (page walks):       5587
   IOTLB hit rate:                  99.7294%

   --- Latency Breakdown ---
   TOTAL IOMMU OVERHEAD:            4677.5 us
   Avg latency per access:          0.00226515 us

Exiting @ tick 15302501000 because m5_exit instruction encountered
