build/ARM/base/statistics.hh:277: warn: One of the stats is a legacy stat. Legacy stat is a stat that does not belong to any statistics::Group. Legacy stat is deprecated.
Global frequency set at 1000000000000 ticks per second
build/ARM/mem/mem_interface.cc:793: warn: DRAM device capacity (16384 Mbytes) does not match the address range assigned (4096 Mbytes)
build/ARM/sim/kernel_workload.cc:46: info: kernel located at: /gem5-SALAM/benchmarks/sys_validation/gemm/sw/main.elf
build/ARM/arch/arm/system.cc:95: warn: Highest ARM exception-level set to AArch64 but the workload is for AArch32. Assuming you wanted these to match.
build/ARM/base/vnc/vncserver.cc:163: warn: Sockets disabled, not accepting vnc client connections
build/ARM/dev/serial/terminal.cc:170: warn: Sockets disabled, not accepting terminal connections
build/ARM/base/remote_gdb.cc:377: warn: Sockets disabled, not accepting gdb connections
build/ARM/mem/coherent_xbar.cc:140: warn: CoherentXBar system.gemm_clstr.coherency_bus has no snooping ports attached!
build/ARM/dev/arm/energy_ctrl.cc:252: warn: Existing EnergyCtrl, but no enabled DVFSHandler found.
gem5 Simulator System.  http://gem5.org
gem5 is copyrighted software; use the --copyright option for details.

gem5 version 21.1.0.1
gem5 compiled May  2 2026 19:55:51
gem5 started May  3 2026 00:10:49
gem5 executing on 3b7fb6fd27b8, pid 1112966
command line: /gem5-SALAM/build/ARM/gem5.opt --listener-mode=off --outdir=/gem5-SALAM/BM_ARM_OUT/run_all/gemm/iommu_e8_m100ns /gem5-SALAM/configs/SALAM/fs_gemm.py --mem-size=4GB --mem-type=DDR4_2400_8x8 --machine-type=VExpress_GEM5_V1 --dtb-file=none --bare-metal --cpu-type=DerivO3CPU --caches --l2cache --kernel=/gem5-SALAM/benchmarks/sys_validation/gemm/sw/main.elf --disk-image=/gem5-SALAM/benchmarks/common/fake.iso --accpath=/gem5-SALAM/benchmarks/sys_validation/gemm --accbench=gemm --enable-iommu --iotlb-entries 8 --iotlb-hit-latency 2000 --iotlb-miss-latency 100000

[HWAccConfig] IOMMU ENABLED: entries=8, hit_lat=2000, miss_lat=100000
[HWAccConfig] IOMMU ENABLED: entries=8, hit_lat=2000, miss_lat=100000
**** REAL SIMULATION ****
warn: iobus.slave is deprecated. `slave` is now called `cpu_side_ports`
warn: bridge.master is deprecated. `master` is now called `mem_side_port`
warn: membus.master is deprecated. `master` is now called `mem_side_ports`
warn: bridge.slave is deprecated. `slave` is now called `cpu_side_port`
warn: membus.slave is deprecated. `slave` is now called `cpu_side_ports`
warn: tol2bus.master is deprecated. `master` is now called `mem_side_ports`
warn: membus.slave is deprecated. `slave` is now called `cpu_side_ports`
warn: tol2bus.slave is deprecated. `slave` is now called `cpu_side_ports`
warn: tol2bus.slave is deprecated. `slave` is now called `cpu_side_ports`
warn: tol2bus.slave is deprecated. `slave` is now called `cpu_side_ports`
warn: tol2bus.slave is deprecated. `slave` is now called `cpu_side_ports`
warn: membus.slave is deprecated. `slave` is now called `cpu_side_ports`
warn: coherency_bus.master is deprecated. `master` is now called `mem_side_ports`
warn: No dot file generated. Please install pydot to generate the dot file and pdf.
build/ARM/sim/simulate.cc:107: info: Entering event queue @ 0.  Starting simulation...
********************************************************************************
system.gemm_clstr.gemm.llvm_interface
Total Area: 39679.6
Total Power Static: 2379.68

Total Power Dynamic: 30006.4
   ========= Performance Analysis =============
   Setup Time:                      0h 0m 0s 98ms 546us
   Simulation Time (Total):         0h 1m 30s 625ms
   Simulation Time (Active):        0h 0m 46s 391ms
        Queue Processing Time:      0h 0m 46s 345ms
             Scheduling Time:       0h 0m 25s 788ms
             Computation Time:      0h 0m 2s 985ms
   System Clock:                    0.1GHz
   Runtime:                         537983 cycles
   Runtime:                         5379.83 us
   Stalls:                          0 cycles
   Executed Nodes:                  537982 cycles

   ========= Kernel Validation Stats ==========
   Kernel validation enabled:       NO
   Configured latency per check:    0 us

   --- Access Breakdown ---
   Total memory accesses (validated): 0
   Cache hits (0 latency):          0
   Validation requests (full lat):  0
   Coalesced waits (partial lat):   0
   Validations denied:              0

   --- Latency Breakdown ---
   Validation request latency:      0 us
   Coalesced wait latency:          0 us
   TOTAL SECURITY OVERHEAD:         0 us
   Avg latency per validation:      0 us
   Avg latency per coalesced wait:  0 us
   Avg overhead per blocked access: 0 us

   --- Cache Statistics ---
   Processes with cached pages:     0
   Unique pages validated (total):  0
   Cache hit rate:                  0%

   ========= IOMMU Stats =====================
   IOMMU enabled:                   YES
   IOMMU SimObject:                 system.gemm_clstr.iommu

   --- Access Breakdown ---
   Total IOMMU checks:              563710
   IOTLB hits:                      524692
   IOTLB misses (page walks):       39018
   IOTLB hit rate:                  93.0784%

   --- Latency Breakdown ---
   TOTAL IOMMU OVERHEAD:            4951.18 us
   Avg latency per access:          0.00878321 us

********************************************************************************
system.gemm_clstr.top.llvm_interface
Total Area: 201.48
Total Power Static: 21.7085

Total Power Dynamic: 106.679
   ========= Performance Analysis =============
   Setup Time:                      0h 0m 0s 7ms 179us
   Simulation Time (Total):         0h 1m 31s 307ms
   Simulation Time (Active):        0h 0m 0s 741ms
        Queue Processing Time:      0h 0m 0s 652ms
             Scheduling Time:       0h 0m 0s 280ms
             Computation Time:      0h 0m 0s 32ms
   System Clock:                    0.1GHz
   Runtime:                         547591 cycles
   Runtime:                         5475.91 us
   Stalls:                          0 cycles
   Executed Nodes:                  547590 cycles

   ========= Kernel Validation Stats ==========
   Kernel validation enabled:       NO
   Configured latency per check:    0 us

   --- Access Breakdown ---
   Total memory accesses (validated): 0
   Cache hits (0 latency):          0
   Validation requests (full lat):  0
   Coalesced waits (partial lat):   0
   Validations denied:              0

   --- Latency Breakdown ---
   Validation request latency:      0 us
   Coalesced wait latency:          0 us
   TOTAL SECURITY OVERHEAD:         0 us
   Avg latency per validation:      0 us
   Avg latency per coalesced wait:  0 us
   Avg overhead per blocked access: 0 us

   --- Cache Statistics ---
   Processes with cached pages:     0
   Unique pages validated (total):  0
   Cache hit rate:                  0%

   ========= IOMMU Stats =====================
   IOMMU enabled:                   YES
   IOMMU SimObject:                 system.gemm_clstr.iommu

   --- Access Breakdown ---
   Total IOMMU checks:              563917
   IOTLB hits:                      524899
   IOTLB misses (page walks):       39018
   IOTLB hit rate:                  93.0809%

   --- Latency Breakdown ---
   TOTAL IOMMU OVERHEAD:            4951.6 us
   Avg latency per access:          0.00878072 us

Exiting @ tick 447371051000 because m5_exit instruction encountered
